/usr/local/lib/python3.10/dist-packages/torch/cuda/__init__.py:129: UserWarning: CUDA initialization: Unexpected error from cudaGetDeviceCount(). Did you run some cuda functions before calling NumCudaDevices() that might have already set an error? Error 304: OS call failed or operation not supported on this OS (Triggered internally at /pytorch/c10/cuda/CUDAFunctions.cpp:109.)
  return torch._C._cuda_getDeviceCount() > 0
================================================================================
Ablation-1 | Student-only (13D) with TCN+Attention
================================================================================
Dataset: /home/huang_kai/wind_turbine_phm/PHOENIX-main/autoencoder_benchmark/Data/processed_data/weld_seam_windows_ws5_tf75_pg0.npz
Device: cpu
Train/Val/Test: 1000 / 177 / 368
Drop features: [3, 4, 5, 6, 7]
Epoch 001 | train_loss=0.9132 | val_acc=73.45% val_f1=0.5788 | test_acc=83.70% test_f1=0.8006
Epoch 002 | train_loss=0.5473 | val_acc=93.22% val_f1=0.9163 | test_acc=88.32% test_f1=0.8585
Epoch 003 | train_loss=0.3176 | val_acc=96.61% val_f1=0.9604 | test_acc=88.86% test_f1=0.8645
Epoch 004 | train_loss=0.1853 | val_acc=99.44% val_f1=0.9943 | test_acc=88.59% test_f1=0.8539
Epoch 005 | train_loss=0.1122 | val_acc=99.44% val_f1=0.9943 | test_acc=85.87% test_f1=0.8057
Epoch 006 | train_loss=0.0922 | val_acc=100.00% val_f1=1.0000 | test_acc=86.41% test_f1=0.8171
Epoch 007 | train_loss=0.0647 | val_acc=100.00% val_f1=1.0000 | test_acc=82.61% test_f1=0.7599
Epoch 008 | train_loss=0.0492 | val_acc=100.00% val_f1=1.0000 | test_acc=76.36% test_f1=0.6651
Epoch 009 | train_loss=0.0277 | val_acc=100.00% val_f1=1.0000 | test_acc=78.53% test_f1=0.7125
Epoch 010 | train_loss=0.0337 | val_acc=100.00% val_f1=1.0000 | test_acc=76.36% test_f1=0.6863
Epoch 011 | train_loss=0.0315 | val_acc=100.00% val_f1=1.0000 | test_acc=78.53% test_f1=0.7242
Epoch 012 | train_loss=0.0139 | val_acc=100.00% val_f1=1.0000 | test_acc=81.25% test_f1=0.7617
Epoch 013 | train_loss=0.0220 | val_acc=100.00% val_f1=1.0000 | test_acc=79.08% test_f1=0.7310
Epoch 014 | train_loss=0.0194 | val_acc=99.44% val_f1=0.9944 | test_acc=79.89% test_f1=0.7343
Epoch 015 | train_loss=0.0075 | val_acc=99.44% val_f1=0.9919 | test_acc=74.46% test_f1=0.6522
Epoch 016 | train_loss=0.0397 | val_acc=100.00% val_f1=1.0000 | test_acc=76.36% test_f1=0.6893
Epoch 017 | train_loss=0.0057 | val_acc=100.00% val_f1=1.0000 | test_acc=76.09% test_f1=0.6859
Epoch 018 | train_loss=0.0088 | val_acc=100.00% val_f1=1.0000 | test_acc=76.09% test_f1=0.6848
Epoch 019 | train_loss=0.0053 | val_acc=100.00% val_f1=1.0000 | test_acc=79.08% test_f1=0.7327
Epoch 020 | train_loss=0.0080 | val_acc=100.00% val_f1=1.0000 | test_acc=79.35% test_f1=0.7385
Epoch 021 | train_loss=0.0127 | val_acc=100.00% val_f1=1.0000 | test_acc=80.71% test_f1=0.7589
Epoch 022 | train_loss=0.0176 | val_acc=100.00% val_f1=1.0000 | test_acc=72.55% test_f1=0.6207
Early stopping at epoch 22 (best=6, score=1.000000)
================================================================================
Best epoch: 6
Best score (val_macro_f1): 1.000000
Final test accuracy: 86.41%
Saved to: /home/huang_kai/wind_turbine_phm/PHOENIX-main/autoencoder_benchmark/ablation_experiments/results/ablation1_sweep/trials/trial_0001_A/ablation1_student_only_tcn_attn_weld_seam_windows_ws5_tf75_pg0_ep80_lr0.0003_bs128_seed154
/usr/local/lib/python3.10/dist-packages/torch/cuda/__init__.py:129: UserWarning: CUDA initialization: Unexpected error from cudaGetDeviceCount(). Did you run some cuda functions before calling NumCudaDevices() that might have already set an error? Error 304: OS call failed or operation not supported on this OS (Triggered internally at /pytorch/c10/cuda/CUDAFunctions.cpp:109.)
  return torch._C._cuda_getDeviceCount() > 0
================================================================================
Ablation-1 | Student-only (13D) with TCN+Attention
================================================================================
Dataset: /home/huang_kai/wind_turbine_phm/PHOENIX-main/autoencoder_benchmark/Data/processed_data/weld_seam_windows_ws5_tf75_pg0.npz
Device: cpu
Train/Val/Test: 1000 / 177 / 368
Drop features: [3, 4, 5, 6, 7]
Epoch 001 | train_loss=0.9965 | val_acc=69.49% val_f1=0.7214 | test_acc=55.71% test_f1=0.5507
Epoch 002 | train_loss=0.6408 | val_acc=89.83% val_f1=0.9028 | test_acc=80.43% test_f1=0.8002
Epoch 003 | train_loss=0.4317 | val_acc=93.22% val_f1=0.9336 | test_acc=89.67% test_f1=0.8660
Epoch 004 | train_loss=0.3235 | val_acc=98.87% val_f1=0.9888 | test_acc=87.77% test_f1=0.8446
Epoch 005 | train_loss=0.2417 | val_acc=99.44% val_f1=0.9944 | test_acc=81.25% test_f1=0.7557
Epoch 006 | train_loss=0.2188 | val_acc=99.44% val_f1=0.9944 | test_acc=81.25% test_f1=0.7492
Epoch 007 | train_loss=0.2016 | val_acc=99.44% val_f1=0.9944 | test_acc=79.62% test_f1=0.7318
Epoch 008 | train_loss=0.1900 | val_acc=100.00% val_f1=1.0000 | test_acc=79.62% test_f1=0.7247
Epoch 009 | train_loss=0.1932 | val_acc=100.00% val_f1=1.0000 | test_acc=79.08% test_f1=0.7183
Epoch 010 | train_loss=0.1869 | val_acc=100.00% val_f1=1.0000 | test_acc=79.62% test_f1=0.7244
Epoch 011 | train_loss=0.1887 | val_acc=100.00% val_f1=1.0000 | test_acc=79.62% test_f1=0.7250
Epoch 012 | train_loss=0.1855 | val_acc=100.00% val_f1=1.0000 | test_acc=76.90% test_f1=0.6845
Epoch 013 | train_loss=0.1874 | val_acc=100.00% val_f1=1.0000 | test_acc=78.53% test_f1=0.7022
Epoch 014 | train_loss=0.1891 | val_acc=100.00% val_f1=1.0000 | test_acc=78.53% test_f1=0.7231
Epoch 015 | train_loss=0.1774 | val_acc=100.00% val_f1=1.0000 | test_acc=80.71% test_f1=0.7508
Epoch 016 | train_loss=0.1754 | val_acc=100.00% val_f1=1.0000 | test_acc=77.45% test_f1=0.6994
Epoch 017 | train_loss=0.1757 | val_acc=100.00% val_f1=1.0000 | test_acc=76.36% test_f1=0.6848
Epoch 018 | train_loss=0.1934 | val_acc=100.00% val_f1=1.0000 | test_acc=80.71% test_f1=0.7659
Epoch 019 | train_loss=0.1812 | val_acc=100.00% val_f1=1.0000 | test_acc=77.72% test_f1=0.7120
Epoch 020 | train_loss=0.1827 | val_acc=100.00% val_f1=1.0000 | test_acc=75.54% test_f1=0.6823
Epoch 021 | train_loss=0.1785 | val_acc=100.00% val_f1=1.0000 | test_acc=82.61% test_f1=0.7812
Epoch 022 | train_loss=0.1726 | val_acc=100.00% val_f1=1.0000 | test_acc=82.07% test_f1=0.7749
Epoch 023 | train_loss=0.1740 | val_acc=100.00% val_f1=1.0000 | test_acc=76.63% test_f1=0.6827
Epoch 024 | train_loss=0.1729 | val_acc=100.00% val_f1=1.0000 | test_acc=76.09% test_f1=0.6815
Early stopping at epoch 24 (best=8, score=1.000000)
================================================================================
Best epoch: 8
Best score (val_macro_f1): 1.000000
Final test accuracy: 79.62%
Saved to: /home/huang_kai/wind_turbine_phm/PHOENIX-main/autoencoder_benchmark/ablation_experiments/results/ablation1_sweep/trials/trial_0002_A/ablation1_student_only_tcn_attn_weld_seam_windows_ws5_tf75_pg0_ep80_lr0.0002_bs96_seed152
/usr/local/lib/python3.10/dist-packages/torch/cuda/__init__.py:129: UserWarning: CUDA initialization: Unexpected error from cudaGetDeviceCount(). Did you run some cuda functions before calling NumCudaDevices() that might have already set an error? Error 304: OS call failed or operation not supported on this OS (Triggered internally at /pytorch/c10/cuda/CUDAFunctions.cpp:109.)
  return torch._C._cuda_getDeviceCount() > 0
================================================================================
Ablation-1 | Student-only (13D) with TCN+Attention
================================================================================
Dataset: /home/huang_kai/wind_turbine_phm/PHOENIX-main/autoencoder_benchmark/Data/processed_data/weld_seam_windows_ws5_tf75_pg0.npz
Device: cpu
Train/Val/Test: 1000 / 177 / 368
Drop features: [3, 4, 5, 6, 7]
Epoch 001 | train_loss=1.0159 | val_acc=62.71% val_f1=0.6192 | test_acc=60.33% test_f1=0.6335
Epoch 002 | train_loss=0.7210 | val_acc=79.10% val_f1=0.7521 | test_acc=81.25% test_f1=0.8339
Epoch 003 | train_loss=0.5422 | val_acc=90.40% val_f1=0.8754 | test_acc=92.39% test_f1=0.9137
Epoch 004 | train_loss=0.3824 | val_acc=96.05% val_f1=0.9555 | test_acc=89.40% test_f1=0.8758
Epoch 005 | train_loss=0.2975 | val_acc=97.18% val_f1=0.9696 | test_acc=87.23% test_f1=0.8395
Epoch 006 | train_loss=0.2563 | val_acc=98.31% val_f1=0.9834 | test_acc=85.60% test_f1=0.8085
Epoch 007 | train_loss=0.2454 | val_acc=98.31% val_f1=0.9834 | test_acc=80.43% test_f1=0.7178
Epoch 008 | train_loss=0.2031 | val_acc=97.74% val_f1=0.9779 | test_acc=82.34% test_f1=0.7407
Epoch 009 | train_loss=0.1941 | val_acc=97.74% val_f1=0.9779 | test_acc=82.61% test_f1=0.7501
Epoch 010 | train_loss=0.1919 | val_acc=99.44% val_f1=0.9944 | test_acc=77.45% test_f1=0.6879
Epoch 011 | train_loss=0.1876 | val_acc=99.44% val_f1=0.9944 | test_acc=76.09% test_f1=0.6744
Epoch 012 | train_loss=0.2012 | val_acc=99.44% val_f1=0.9944 | test_acc=78.80% test_f1=0.7169
Epoch 013 | train_loss=0.1847 | val_acc=99.44% val_f1=0.9944 | test_acc=76.09% test_f1=0.6703
Epoch 014 | train_loss=0.2020 | val_acc=99.44% val_f1=0.9944 | test_acc=75.82% test_f1=0.6446
Epoch 015 | train_loss=0.1880 | val_acc=99.44% val_f1=0.9944 | test_acc=74.18% test_f1=0.6355
Epoch 016 | train_loss=0.1835 | val_acc=100.00% val_f1=1.0000 | test_acc=74.18% test_f1=0.6565
Epoch 017 | train_loss=0.1954 | val_acc=100.00% val_f1=1.0000 | test_acc=75.27% test_f1=0.6730
Epoch 018 | train_loss=0.1855 | val_acc=99.44% val_f1=0.9944 | test_acc=75.00% test_f1=0.6682
Epoch 019 | train_loss=0.1854 | val_acc=99.44% val_f1=0.9944 | test_acc=76.36% test_f1=0.6809
Epoch 020 | train_loss=0.1870 | val_acc=99.44% val_f1=0.9944 | test_acc=75.54% test_f1=0.6559
Epoch 021 | train_loss=0.1834 | val_acc=98.87% val_f1=0.9888 | test_acc=82.07% test_f1=0.7579
Epoch 022 | train_loss=0.1817 | val_acc=98.87% val_f1=0.9888 | test_acc=82.88% test_f1=0.7809
Epoch 023 | train_loss=0.1846 | val_acc=100.00% val_f1=1.0000 | test_acc=78.26% test_f1=0.7191
Epoch 024 | train_loss=0.1804 | val_acc=100.00% val_f1=1.0000 | test_acc=76.90% test_f1=0.7049
Epoch 025 | train_loss=0.1829 | val_acc=100.00% val_f1=1.0000 | test_acc=74.18% test_f1=0.6641
Epoch 026 | train_loss=0.1859 | val_acc=100.00% val_f1=1.0000 | test_acc=75.82% test_f1=0.6891
Epoch 027 | train_loss=0.1824 | val_acc=100.00% val_f1=1.0000 | test_acc=73.64% test_f1=0.6525
Epoch 028 | train_loss=0.1818 | val_acc=100.00% val_f1=1.0000 | test_acc=73.91% test_f1=0.6516
Epoch 029 | train_loss=0.1879 | val_acc=100.00% val_f1=1.0000 | test_acc=74.46% test_f1=0.6437
Epoch 030 | train_loss=0.1827 | val_acc=100.00% val_f1=1.0000 | test_acc=73.64% test_f1=0.6366
Epoch 031 | train_loss=0.1793 | val_acc=100.00% val_f1=1.0000 | test_acc=75.00% test_f1=0.6682
Epoch 032 | train_loss=0.1814 | val_acc=99.44% val_f1=0.9944 | test_acc=79.89% test_f1=0.7423
Early stopping at epoch 32 (best=16, score=1.000000)
================================================================================
Best epoch: 16
Best score (val_macro_f1): 1.000000
Final test accuracy: 74.18%
Saved to: /home/huang_kai/wind_turbine_phm/PHOENIX-main/autoencoder_benchmark/ablation_experiments/results/ablation1_sweep/trials/trial_0003_A/ablation1_student_only_tcn_attn_weld_seam_windows_ws5_tf75_pg0_ep80_lr0.00025_bs128_seed136
/usr/local/lib/python3.10/dist-packages/torch/cuda/__init__.py:129: UserWarning: CUDA initialization: Unexpected error from cudaGetDeviceCount(). Did you run some cuda functions before calling NumCudaDevices() that might have already set an error? Error 304: OS call failed or operation not supported on this OS (Triggered internally at /pytorch/c10/cuda/CUDAFunctions.cpp:109.)
  return torch._C._cuda_getDeviceCount() > 0
================================================================================
Ablation-1 | Student-only (13D) with TCN+Attention
================================================================================
Dataset: /home/huang_kai/wind_turbine_phm/PHOENIX-main/autoencoder_benchmark/Data/processed_data/weld_seam_windows_ws5_tf75_pg0.npz
Device: cpu
Train/Val/Test: 1000 / 177 / 368
Drop features: [3, 4, 5, 6, 7]
Epoch 001 | train_loss=0.9586 | val_acc=71.75% val_f1=0.6964 | test_acc=97.55% test_f1=0.9668
Epoch 002 | train_loss=0.6672 | val_acc=93.22% val_f1=0.9260 | test_acc=95.92% test_f1=0.9486
Epoch 003 | train_loss=0.4740 | val_acc=95.48% val_f1=0.9484 | test_acc=93.21% test_f1=0.9179
Epoch 004 | train_loss=0.3584 | val_acc=97.18% val_f1=0.9675 | test_acc=87.23% test_f1=0.8379
Epoch 005 | train_loss=0.2837 | val_acc=98.87% val_f1=0.9864 | test_acc=80.43% test_f1=0.7459
Epoch 006 | train_loss=0.2643 | val_acc=98.87% val_f1=0.9864 | test_acc=80.43% test_f1=0.7417
Epoch 007 | train_loss=0.2627 | val_acc=99.44% val_f1=0.9944 | test_acc=73.37% test_f1=0.6380
Epoch 008 | train_loss=0.2432 | val_acc=99.44% val_f1=0.9944 | test_acc=75.00% test_f1=0.6566
Epoch 009 | train_loss=0.2261 | val_acc=99.44% val_f1=0.9944 | test_acc=74.18% test_f1=0.6379
Epoch 010 | train_loss=0.2340 | val_acc=99.44% val_f1=0.9944 | test_acc=78.53% test_f1=0.7153
Epoch 011 | train_loss=0.2210 | val_acc=100.00% val_f1=1.0000 | test_acc=72.28% test_f1=0.6229
Epoch 012 | train_loss=0.2302 | val_acc=100.00% val_f1=1.0000 | test_acc=68.75% test_f1=0.5625
Epoch 013 | train_loss=0.2160 | val_acc=100.00% val_f1=1.0000 | test_acc=78.26% test_f1=0.7139
Epoch 014 | train_loss=0.2234 | val_acc=100.00% val_f1=1.0000 | test_acc=79.35% test_f1=0.7305
Epoch 015 | train_loss=0.2156 | val_acc=100.00% val_f1=1.0000 | test_acc=72.01% test_f1=0.6160
Epoch 016 | train_loss=0.2088 | val_acc=100.00% val_f1=1.0000 | test_acc=75.00% test_f1=0.6580
Epoch 017 | train_loss=0.2092 | val_acc=100.00% val_f1=1.0000 | test_acc=73.91% test_f1=0.6484
Epoch 018 | train_loss=0.2128 | val_acc=100.00% val_f1=1.0000 | test_acc=73.37% test_f1=0.6407
Epoch 019 | train_loss=0.2131 | val_acc=100.00% val_f1=1.0000 | test_acc=72.28% test_f1=0.6223
Epoch 020 | train_loss=0.2219 | val_acc=100.00% val_f1=1.0000 | test_acc=74.73% test_f1=0.6602
Epoch 021 | train_loss=0.2094 | val_acc=100.00% val_f1=1.0000 | test_acc=69.29% test_f1=0.5704
Epoch 022 | train_loss=0.2079 | val_acc=100.00% val_f1=1.0000 | test_acc=72.01% test_f1=0.6192
Epoch 023 | train_loss=0.2181 | val_acc=100.00% val_f1=1.0000 | test_acc=72.01% test_f1=0.6150
Epoch 024 | train_loss=0.2044 | val_acc=100.00% val_f1=1.0000 | test_acc=71.74% test_f1=0.6150
Epoch 025 | train_loss=0.2052 | val_acc=100.00% val_f1=1.0000 | test_acc=70.11% test_f1=0.5873
Epoch 026 | train_loss=0.2067 | val_acc=100.00% val_f1=1.0000 | test_acc=73.64% test_f1=0.6448
Epoch 027 | train_loss=0.2083 | val_acc=100.00% val_f1=1.0000 | test_acc=70.65% test_f1=0.5896
Early stopping at epoch 27 (best=11, score=1.000000)
================================================================================
Best epoch: 11
Best score (val_macro_f1): 1.000000
Final test accuracy: 72.28%
Saved to: /home/huang_kai/wind_turbine_phm/PHOENIX-main/autoencoder_benchmark/ablation_experiments/results/ablation1_sweep/trials/trial_0004_A/ablation1_student_only_tcn_attn_weld_seam_windows_ws5_tf75_pg0_ep80_lr0.00015_bs96_seed156
/usr/local/lib/python3.10/dist-packages/torch/cuda/__init__.py:129: UserWarning: CUDA initialization: Unexpected error from cudaGetDeviceCount(). Did you run some cuda functions before calling NumCudaDevices() that might have already set an error? Error 304: OS call failed or operation not supported on this OS (Triggered internally at /pytorch/c10/cuda/CUDAFunctions.cpp:109.)
  return torch._C._cuda_getDeviceCount() > 0
================================================================================
Ablation-1 | Student-only (13D) with TCN+Attention
================================================================================
Dataset: /home/huang_kai/wind_turbine_phm/PHOENIX-main/autoencoder_benchmark/Data/processed_data/weld_seam_windows_ws5_tf75_pg0.npz
Device: cpu
Train/Val/Test: 1000 / 177 / 368
Drop features: [3, 4, 5, 6, 7]
Epoch 001 | train_loss=0.8378 | val_acc=89.27% val_f1=0.8937 | test_acc=93.48% test_f1=0.9244
Epoch 002 | train_loss=0.3476 | val_acc=98.31% val_f1=0.9826 | test_acc=89.67% test_f1=0.8639
Epoch 003 | train_loss=0.1447 | val_acc=100.00% val_f1=1.0000 | test_acc=81.79% test_f1=0.7586
Epoch 004 | train_loss=0.1334 | val_acc=100.00% val_f1=1.0000 | test_acc=81.79% test_f1=0.7620
Epoch 005 | train_loss=0.0616 | val_acc=100.00% val_f1=1.0000 | test_acc=77.72% test_f1=0.7043
Epoch 006 | train_loss=0.0372 | val_acc=100.00% val_f1=1.0000 | test_acc=73.10% test_f1=0.6074
Epoch 007 | train_loss=0.0238 | val_acc=100.00% val_f1=1.0000 | test_acc=75.54% test_f1=0.6702
Epoch 008 | train_loss=0.0167 | val_acc=100.00% val_f1=1.0000 | test_acc=75.82% test_f1=0.6915
Epoch 009 | train_loss=0.0099 | val_acc=100.00% val_f1=1.0000 | test_acc=77.72% test_f1=0.7195
Epoch 010 | train_loss=0.0184 | val_acc=100.00% val_f1=1.0000 | test_acc=75.82% test_f1=0.6719
Epoch 011 | train_loss=0.0115 | val_acc=100.00% val_f1=1.0000 | test_acc=79.35% test_f1=0.7396
Epoch 012 | train_loss=0.0061 | val_acc=100.00% val_f1=1.0000 | test_acc=76.09% test_f1=0.6986
Epoch 013 | train_loss=0.0039 | val_acc=100.00% val_f1=1.0000 | test_acc=73.64% test_f1=0.6609
Epoch 014 | train_loss=0.0056 | val_acc=100.00% val_f1=1.0000 | test_acc=71.20% test_f1=0.6225
Epoch 015 | train_loss=0.0590 | val_acc=100.00% val_f1=1.0000 | test_acc=81.52% test_f1=0.7769
Epoch 016 | train_loss=0.0146 | val_acc=100.00% val_f1=1.0000 | test_acc=76.90% test_f1=0.7104
Epoch 017 | train_loss=0.0210 | val_acc=100.00% val_f1=1.0000 | test_acc=75.82% test_f1=0.6912
Epoch 018 | train_loss=0.0059 | val_acc=100.00% val_f1=1.0000 | test_acc=75.27% test_f1=0.6855
Epoch 019 | train_loss=0.0187 | val_acc=100.00% val_f1=1.0000 | test_acc=72.83% test_f1=0.6410
Early stopping at epoch 19 (best=3, score=1.000000)
================================================================================
Best epoch: 3
Best score (val_macro_f1): 1.000000
Final test accuracy: 81.79%
Saved to: /home/huang_kai/wind_turbine_phm/PHOENIX-main/autoencoder_benchmark/ablation_experiments/results/ablation1_sweep/trials/trial_0005_A/ablation1_student_only_tcn_attn_weld_seam_windows_ws5_tf75_pg0_ep80_lr0.00025_bs64_seed105
/usr/local/lib/python3.10/dist-packages/torch/cuda/__init__.py:129: UserWarning: CUDA initialization: Unexpected error from cudaGetDeviceCount(). Did you run some cuda functions before calling NumCudaDevices() that might have already set an error? Error 304: OS call failed or operation not supported on this OS (Triggered internally at /pytorch/c10/cuda/CUDAFunctions.cpp:109.)
  return torch._C._cuda_getDeviceCount() > 0
================================================================================
Ablation-1 | Student-only (13D) with TCN+Attention
================================================================================
Dataset: /home/huang_kai/wind_turbine_phm/PHOENIX-main/autoencoder_benchmark/Data/processed_data/weld_seam_windows_ws5_tf75_pg0.npz
Device: cpu
Train/Val/Test: 1000 / 177 / 368
Drop features: [3, 4, 5, 6, 7]
Epoch 001 | train_loss=1.0498 | val_acc=78.53% val_f1=0.7551 | test_acc=79.08% test_f1=0.7595
Epoch 002 | train_loss=0.8102 | val_acc=83.62% val_f1=0.8417 | test_acc=77.45% test_f1=0.7550
Epoch 003 | train_loss=0.6305 | val_acc=90.96% val_f1=0.9136 | test_acc=79.08% test_f1=0.7781
Epoch 004 | train_loss=0.4838 | val_acc=93.79% val_f1=0.9404 | test_acc=77.72% test_f1=0.7425
Epoch 005 | train_loss=0.3794 | val_acc=97.18% val_f1=0.9726 | test_acc=80.16% test_f1=0.7575
Epoch 006 | train_loss=0.3143 | val_acc=98.31% val_f1=0.9834 | test_acc=82.07% test_f1=0.7668
Epoch 007 | train_loss=0.2729 | val_acc=98.87% val_f1=0.9888 | test_acc=81.79% test_f1=0.7586
Epoch 008 | train_loss=0.2398 | val_acc=98.87% val_f1=0.9888 | test_acc=82.34% test_f1=0.7651
Epoch 009 | train_loss=0.2319 | val_acc=99.44% val_f1=0.9944 | test_acc=81.25% test_f1=0.7529
Epoch 010 | train_loss=0.2184 | val_acc=99.44% val_f1=0.9944 | test_acc=79.62% test_f1=0.7271
Epoch 011 | train_loss=0.2268 | val_acc=99.44% val_f1=0.9944 | test_acc=82.07% test_f1=0.7660
Epoch 012 | train_loss=0.2152 | val_acc=100.00% val_f1=1.0000 | test_acc=79.08% test_f1=0.7259
Epoch 013 | train_loss=0.2128 | val_acc=100.00% val_f1=1.0000 | test_acc=76.63% test_f1=0.6894
Epoch 014 | train_loss=0.2108 | val_acc=100.00% val_f1=1.0000 | test_acc=76.90% test_f1=0.6925
Epoch 015 | train_loss=0.2080 | val_acc=100.00% val_f1=1.0000 | test_acc=77.72% test_f1=0.7027
Epoch 016 | train_loss=0.2123 | val_acc=100.00% val_f1=1.0000 | test_acc=77.45% test_f1=0.6960
Epoch 017 | train_loss=0.2097 | val_acc=100.00% val_f1=1.0000 | test_acc=76.36% test_f1=0.6783
Epoch 018 | train_loss=0.2080 | val_acc=100.00% val_f1=1.0000 | test_acc=77.99% test_f1=0.7080
Epoch 019 | train_loss=0.2084 | val_acc=100.00% val_f1=1.0000 | test_acc=78.26% test_f1=0.7131
Epoch 020 | train_loss=0.2065 | val_acc=100.00% val_f1=1.0000 | test_acc=76.63% test_f1=0.6854
Epoch 021 | train_loss=0.2056 | val_acc=100.00% val_f1=1.0000 | test_acc=75.54% test_f1=0.6664
Epoch 022 | train_loss=0.2091 | val_acc=100.00% val_f1=1.0000 | test_acc=77.17% test_f1=0.6980
Epoch 023 | train_loss=0.2046 | val_acc=100.00% val_f1=1.0000 | test_acc=79.08% test_f1=0.7271
Epoch 024 | train_loss=0.2129 | val_acc=100.00% val_f1=1.0000 | test_acc=76.90% test_f1=0.6942
Epoch 025 | train_loss=0.2071 | val_acc=100.00% val_f1=1.0000 | test_acc=77.99% test_f1=0.7109
Epoch 026 | train_loss=0.2032 | val_acc=100.00% val_f1=1.0000 | test_acc=77.72% test_f1=0.7065
Epoch 027 | train_loss=0.2084 | val_acc=100.00% val_f1=1.0000 | test_acc=75.54% test_f1=0.6744
Epoch 028 | train_loss=0.2029 | val_acc=100.00% val_f1=1.0000 | test_acc=75.00% test_f1=0.6653
Early stopping at epoch 28 (best=12, score=1.000000)
================================================================================
Best epoch: 12
Best score (val_macro_f1): 1.000000
Final test accuracy: 79.08%
Saved to: /home/huang_kai/wind_turbine_phm/PHOENIX-main/autoencoder_benchmark/ablation_experiments/results/ablation1_sweep/trials/trial_0006_A/ablation1_student_only_tcn_attn_weld_seam_windows_ws5_tf75_pg0_ep80_lr0.00015_bs128_seed108
/usr/local/lib/python3.10/dist-packages/torch/cuda/__init__.py:129: UserWarning: CUDA initialization: Unexpected error from cudaGetDeviceCount(). Did you run some cuda functions before calling NumCudaDevices() that might have already set an error? Error 304: OS call failed or operation not supported on this OS (Triggered internally at /pytorch/c10/cuda/CUDAFunctions.cpp:109.)
  return torch._C._cuda_getDeviceCount() > 0
================================================================================
Ablation-1 | Student-only (13D) with TCN+Attention
================================================================================
Dataset: /home/huang_kai/wind_turbine_phm/PHOENIX-main/autoencoder_benchmark/Data/processed_data/weld_seam_windows_ws5_tf75_pg0.npz
Device: cpu
Train/Val/Test: 1000 / 177 / 368
Drop features: [3, 4, 5, 6, 7]
Epoch 001 | train_loss=1.0055 | val_acc=38.42% val_f1=0.4115 | test_acc=54.08% test_f1=0.5896
Epoch 002 | train_loss=0.8369 | val_acc=61.58% val_f1=0.6526 | test_acc=72.83% test_f1=0.7554
Epoch 003 | train_loss=0.6987 | val_acc=84.18% val_f1=0.8549 | test_acc=92.39% test_f1=0.9191
Epoch 004 | train_loss=0.5588 | val_acc=89.27% val_f1=0.9007 | test_acc=96.74% test_f1=0.9578
Epoch 005 | train_loss=0.4146 | val_acc=93.22% val_f1=0.9365 | test_acc=92.93% test_f1=0.9120
Epoch 006 | train_loss=0.3312 | val_acc=96.05% val_f1=0.9620 | test_acc=89.67% test_f1=0.8680
Epoch 007 | train_loss=0.2413 | val_acc=96.05% val_f1=0.9620 | test_acc=88.32% test_f1=0.8460
Epoch 008 | train_loss=0.1935 | val_acc=97.74% val_f1=0.9779 | test_acc=87.77% test_f1=0.8444
Epoch 009 | train_loss=0.1430 | val_acc=99.44% val_f1=0.9944 | test_acc=85.33% test_f1=0.8076
Epoch 010 | train_loss=0.1144 | val_acc=99.44% val_f1=0.9944 | test_acc=85.05% test_f1=0.8033
Epoch 011 | train_loss=0.0961 | val_acc=99.44% val_f1=0.9944 | test_acc=85.33% test_f1=0.8064
Epoch 012 | train_loss=0.0870 | val_acc=99.44% val_f1=0.9944 | test_acc=83.42% test_f1=0.7817
Epoch 013 | train_loss=0.0580 | val_acc=100.00% val_f1=1.0000 | test_acc=82.61% test_f1=0.7707
Epoch 014 | train_loss=0.0677 | val_acc=100.00% val_f1=1.0000 | test_acc=82.34% test_f1=0.7694
Epoch 015 | train_loss=0.0740 | val_acc=100.00% val_f1=1.0000 | test_acc=82.61% test_f1=0.7745
Epoch 016 | train_loss=0.0527 | val_acc=100.00% val_f1=1.0000 | test_acc=83.15% test_f1=0.7817
Epoch 017 | train_loss=0.0436 | val_acc=100.00% val_f1=1.0000 | test_acc=80.98% test_f1=0.7526
Epoch 018 | train_loss=0.0315 | val_acc=100.00% val_f1=1.0000 | test_acc=82.88% test_f1=0.7835
Epoch 019 | train_loss=0.0368 | val_acc=100.00% val_f1=1.0000 | test_acc=82.88% test_f1=0.7835
Epoch 020 | train_loss=0.0392 | val_acc=100.00% val_f1=1.0000 | test_acc=81.52% test_f1=0.7662
Epoch 021 | train_loss=0.0302 | val_acc=100.00% val_f1=1.0000 | test_acc=79.35% test_f1=0.7310
Epoch 022 | train_loss=0.0208 | val_acc=100.00% val_f1=1.0000 | test_acc=79.89% test_f1=0.7431
Epoch 023 | train_loss=0.0189 | val_acc=100.00% val_f1=1.0000 | test_acc=81.79% test_f1=0.7683
Epoch 024 | train_loss=0.0218 | val_acc=100.00% val_f1=1.0000 | test_acc=81.52% test_f1=0.7662
Epoch 025 | train_loss=0.0161 | val_acc=100.00% val_f1=1.0000 | test_acc=79.89% test_f1=0.7387
Epoch 026 | train_loss=0.0214 | val_acc=100.00% val_f1=1.0000 | test_acc=79.89% test_f1=0.7425
Epoch 027 | train_loss=0.0227 | val_acc=100.00% val_f1=1.0000 | test_acc=78.53% test_f1=0.7248
Epoch 028 | train_loss=0.0129 | val_acc=100.00% val_f1=1.0000 | test_acc=79.89% test_f1=0.7384
Epoch 029 | train_loss=0.0328 | val_acc=100.00% val_f1=1.0000 | test_acc=78.80% test_f1=0.7230
Early stopping at epoch 29 (best=13, score=1.000000)
================================================================================
Best epoch: 13
Best score (val_macro_f1): 1.000000
Final test accuracy: 82.61%
Saved to: /home/huang_kai/wind_turbine_phm/PHOENIX-main/autoencoder_benchmark/ablation_experiments/results/ablation1_sweep/trials/trial_0007_A/ablation1_student_only_tcn_attn_weld_seam_windows_ws5_tf75_pg0_ep80_lr0.0001_bs96_seed113
/usr/local/lib/python3.10/dist-packages/torch/cuda/__init__.py:129: UserWarning: CUDA initialization: Unexpected error from cudaGetDeviceCount(). Did you run some cuda functions before calling NumCudaDevices() that might have already set an error? Error 304: OS call failed or operation not supported on this OS (Triggered internally at /pytorch/c10/cuda/CUDAFunctions.cpp:109.)
  return torch._C._cuda_getDeviceCount() > 0
================================================================================
Ablation-1 | Student-only (13D) with TCN+Attention
================================================================================
Dataset: /home/huang_kai/wind_turbine_phm/PHOENIX-main/autoencoder_benchmark/Data/processed_data/weld_seam_windows_ws5_tf75_pg0.npz
Device: cpu
Train/Val/Test: 1000 / 177 / 368
Drop features: [3, 4, 5, 6, 7]
Epoch 001 | train_loss=1.0593 | val_acc=66.67% val_f1=0.5405 | test_acc=67.12% test_f1=0.4656
Epoch 002 | train_loss=0.8502 | val_acc=88.70% val_f1=0.8617 | test_acc=67.93% test_f1=0.5249
Epoch 003 | train_loss=0.6736 | val_acc=95.48% val_f1=0.9512 | test_acc=78.53% test_f1=0.7179
Epoch 004 | train_loss=0.5254 | val_acc=96.05% val_f1=0.9578 | test_acc=86.14% test_f1=0.8277
Epoch 005 | train_loss=0.3930 | val_acc=96.61% val_f1=0.9632 | test_acc=88.04% test_f1=0.8508
Epoch 006 | train_loss=0.2913 | val_acc=96.61% val_f1=0.9632 | test_acc=84.51% test_f1=0.7969
Epoch 007 | train_loss=0.2270 | val_acc=98.31% val_f1=0.9807 | test_acc=85.87% test_f1=0.8114
Epoch 008 | train_loss=0.1661 | val_acc=98.87% val_f1=0.9864 | test_acc=82.61% test_f1=0.7628
Epoch 009 | train_loss=0.1353 | val_acc=99.44% val_f1=0.9944 | test_acc=80.43% test_f1=0.7312
Epoch 010 | train_loss=0.1355 | val_acc=99.44% val_f1=0.9919 | test_acc=74.73% test_f1=0.6465
Epoch 011 | train_loss=0.0882 | val_acc=100.00% val_f1=1.0000 | test_acc=77.45% test_f1=0.6868
Epoch 012 | train_loss=0.0778 | val_acc=100.00% val_f1=1.0000 | test_acc=76.09% test_f1=0.6626
Epoch 013 | train_loss=0.0609 | val_acc=100.00% val_f1=1.0000 | test_acc=78.53% test_f1=0.7046
Epoch 014 | train_loss=0.0570 | val_acc=100.00% val_f1=1.0000 | test_acc=77.17% test_f1=0.6882
Epoch 015 | train_loss=0.0445 | val_acc=100.00% val_f1=1.0000 | test_acc=77.45% test_f1=0.7021
Epoch 016 | train_loss=0.0502 | val_acc=100.00% val_f1=1.0000 | test_acc=78.53% test_f1=0.7149
Epoch 017 | train_loss=0.0315 | val_acc=100.00% val_f1=1.0000 | test_acc=76.36% test_f1=0.6859
Epoch 018 | train_loss=0.0292 | val_acc=100.00% val_f1=1.0000 | test_acc=74.46% test_f1=0.6466
Epoch 019 | train_loss=0.0373 | val_acc=100.00% val_f1=1.0000 | test_acc=77.45% test_f1=0.6949
Epoch 020 | train_loss=0.0314 | val_acc=100.00% val_f1=1.0000 | test_acc=81.52% test_f1=0.7579
Epoch 021 | train_loss=0.0238 | val_acc=100.00% val_f1=1.0000 | test_acc=73.64% test_f1=0.6320
Epoch 022 | train_loss=0.0210 | val_acc=100.00% val_f1=1.0000 | test_acc=73.10% test_f1=0.6292
Epoch 023 | train_loss=0.0187 | val_acc=100.00% val_f1=1.0000 | test_acc=76.09% test_f1=0.6737
Epoch 024 | train_loss=0.0272 | val_acc=100.00% val_f1=1.0000 | test_acc=72.83% test_f1=0.6250
Epoch 025 | train_loss=0.0169 | val_acc=100.00% val_f1=1.0000 | test_acc=72.55% test_f1=0.6113
Epoch 026 | train_loss=0.0189 | val_acc=100.00% val_f1=1.0000 | test_acc=75.27% test_f1=0.6568
Epoch 027 | train_loss=0.0175 | val_acc=100.00% val_f1=1.0000 | test_acc=78.80% test_f1=0.7146
Early stopping at epoch 27 (best=11, score=1.000000)
================================================================================
Best epoch: 11
Best score (val_macro_f1): 1.000000
Final test accuracy: 77.45%
Saved to: /home/huang_kai/wind_turbine_phm/PHOENIX-main/autoencoder_benchmark/ablation_experiments/results/ablation1_sweep/trials/trial_0008_A/ablation1_student_only_tcn_attn_weld_seam_windows_ws5_tf75_pg0_ep80_lr0.0001_bs96_seed133
/usr/local/lib/python3.10/dist-packages/torch/cuda/__init__.py:129: UserWarning: CUDA initialization: Unexpected error from cudaGetDeviceCount(). Did you run some cuda functions before calling NumCudaDevices() that might have already set an error? Error 304: OS call failed or operation not supported on this OS (Triggered internally at /pytorch/c10/cuda/CUDAFunctions.cpp:109.)
  return torch._C._cuda_getDeviceCount() > 0
================================================================================
Ablation-1 | Student-only (13D) with TCN+Attention
================================================================================
Dataset: /home/huang_kai/wind_turbine_phm/PHOENIX-main/autoencoder_benchmark/Data/processed_data/weld_seam_windows_ws5_tf75_pg0.npz
Device: cpu
Train/Val/Test: 1000 / 177 / 368
Drop features: [3, 4, 5, 6, 7]
Epoch 001 | train_loss=0.8923 | val_acc=83.62% val_f1=0.8258 | test_acc=71.74% test_f1=0.7243
Epoch 002 | train_loss=0.5006 | val_acc=95.48% val_f1=0.9467 | test_acc=78.80% test_f1=0.7880
Epoch 003 | train_loss=0.3286 | val_acc=98.31% val_f1=0.9784 | test_acc=85.87% test_f1=0.8361
Epoch 004 | train_loss=0.2411 | val_acc=98.31% val_f1=0.9784 | test_acc=86.96% test_f1=0.8336
Epoch 005 | train_loss=0.2307 | val_acc=97.74% val_f1=0.9729 | test_acc=88.59% test_f1=0.8617
Epoch 006 | train_loss=0.2151 | val_acc=98.87% val_f1=0.9839 | test_acc=83.42% test_f1=0.7765
Epoch 007 | train_loss=0.2001 | val_acc=98.87% val_f1=0.9839 | test_acc=81.52% test_f1=0.7290
Epoch 008 | train_loss=0.1927 | val_acc=99.44% val_f1=0.9944 | test_acc=82.34% test_f1=0.7482
Epoch 009 | train_loss=0.1884 | val_acc=100.00% val_f1=1.0000 | test_acc=78.26% test_f1=0.7069
Epoch 010 | train_loss=0.1947 | val_acc=100.00% val_f1=1.0000 | test_acc=81.52% test_f1=0.7784
Epoch 011 | train_loss=0.1971 | val_acc=98.87% val_f1=0.9839 | test_acc=75.27% test_f1=0.7016
Epoch 012 | train_loss=0.2097 | val_acc=100.00% val_f1=1.0000 | test_acc=75.82% test_f1=0.7001
Epoch 013 | train_loss=0.1854 | val_acc=100.00% val_f1=1.0000 | test_acc=68.75% test_f1=0.5857
Epoch 014 | train_loss=0.1870 | val_acc=100.00% val_f1=1.0000 | test_acc=76.90% test_f1=0.7150
Epoch 015 | train_loss=0.1879 | val_acc=100.00% val_f1=1.0000 | test_acc=78.80% test_f1=0.7562
Epoch 016 | train_loss=0.1813 | val_acc=99.44% val_f1=0.9919 | test_acc=78.26% test_f1=0.7420
Epoch 017 | train_loss=0.1808 | val_acc=99.44% val_f1=0.9919 | test_acc=74.18% test_f1=0.6806
Epoch 018 | train_loss=0.1844 | val_acc=99.44% val_f1=0.9919 | test_acc=72.55% test_f1=0.6635
Epoch 019 | train_loss=0.1857 | val_acc=100.00% val_f1=1.0000 | test_acc=74.73% test_f1=0.7155
Epoch 020 | train_loss=0.1857 | val_acc=100.00% val_f1=1.0000 | test_acc=71.74% test_f1=0.6656
Epoch 021 | train_loss=0.1840 | val_acc=100.00% val_f1=1.0000 | test_acc=67.39% test_f1=0.5773
Epoch 022 | train_loss=0.1893 | val_acc=100.00% val_f1=1.0000 | test_acc=71.47% test_f1=0.6736
Epoch 023 | train_loss=0.1765 | val_acc=100.00% val_f1=1.0000 | test_acc=74.73% test_f1=0.7105
Epoch 024 | train_loss=0.1784 | val_acc=100.00% val_f1=1.0000 | test_acc=73.91% test_f1=0.6920
Epoch 025 | train_loss=0.1824 | val_acc=100.00% val_f1=1.0000 | test_acc=77.45% test_f1=0.7551
Early stopping at epoch 25 (best=9, score=1.000000)
================================================================================
Best epoch: 9
Best score (val_macro_f1): 1.000000
Final test accuracy: 78.26%
Saved to: /home/huang_kai/wind_turbine_phm/PHOENIX-main/autoencoder_benchmark/ablation_experiments/results/ablation1_sweep/trials/trial_0009_A/ablation1_student_only_tcn_attn_weld_seam_windows_ws5_tf75_pg0_ep80_lr0.0003_bs96_seed107
/usr/local/lib/python3.10/dist-packages/torch/cuda/__init__.py:129: UserWarning: CUDA initialization: Unexpected error from cudaGetDeviceCount(). Did you run some cuda functions before calling NumCudaDevices() that might have already set an error? Error 304: OS call failed or operation not supported on this OS (Triggered internally at /pytorch/c10/cuda/CUDAFunctions.cpp:109.)
  return torch._C._cuda_getDeviceCount() > 0
================================================================================
Ablation-1 | Student-only (13D) with TCN+Attention
================================================================================
Dataset: /home/huang_kai/wind_turbine_phm/PHOENIX-main/autoencoder_benchmark/Data/processed_data/weld_seam_windows_ws5_tf75_pg0.npz
Device: cpu
Train/Val/Test: 1000 / 177 / 368
Drop features: [3, 4, 5, 6, 7]
Epoch 001 | train_loss=1.0190 | val_acc=55.37% val_f1=0.4232 | test_acc=52.72% test_f1=0.4247
Epoch 002 | train_loss=0.8151 | val_acc=76.84% val_f1=0.7380 | test_acc=83.15% test_f1=0.8371
Epoch 003 | train_loss=0.6117 | val_acc=85.88% val_f1=0.8559 | test_acc=88.04% test_f1=0.8828
Epoch 004 | train_loss=0.4733 | val_acc=88.70% val_f1=0.8952 | test_acc=91.03% test_f1=0.9079
Epoch 005 | train_loss=0.3588 | val_acc=91.53% val_f1=0.9209 | test_acc=90.76% test_f1=0.8912
Epoch 006 | train_loss=0.2615 | val_acc=90.40% val_f1=0.9111 | test_acc=91.30% test_f1=0.9020
Epoch 007 | train_loss=0.1927 | val_acc=92.66% val_f1=0.9308 | test_acc=89.40% test_f1=0.8592
Epoch 008 | train_loss=0.1647 | val_acc=93.22% val_f1=0.9359 | test_acc=89.40% test_f1=0.8587
Epoch 009 | train_loss=0.1265 | val_acc=97.18% val_f1=0.9723 | test_acc=87.77% test_f1=0.8365
Epoch 010 | train_loss=0.1036 | val_acc=100.00% val_f1=1.0000 | test_acc=87.77% test_f1=0.8404
Epoch 011 | train_loss=0.0860 | val_acc=99.44% val_f1=0.9944 | test_acc=87.23% test_f1=0.8293
Epoch 012 | train_loss=0.0702 | val_acc=99.44% val_f1=0.9944 | test_acc=82.34% test_f1=0.7474
Epoch 013 | train_loss=0.0842 | val_acc=100.00% val_f1=1.0000 | test_acc=86.96% test_f1=0.8290
Epoch 014 | train_loss=0.0454 | val_acc=100.00% val_f1=1.0000 | test_acc=85.60% test_f1=0.8085
Epoch 015 | train_loss=0.0442 | val_acc=100.00% val_f1=1.0000 | test_acc=83.15% test_f1=0.7686
Epoch 016 | train_loss=0.0337 | val_acc=100.00% val_f1=1.0000 | test_acc=84.51% test_f1=0.7995
Epoch 017 | train_loss=0.0295 | val_acc=100.00% val_f1=1.0000 | test_acc=84.51% test_f1=0.7995
Epoch 018 | train_loss=0.0277 | val_acc=100.00% val_f1=1.0000 | test_acc=81.79% test_f1=0.7482
Epoch 019 | train_loss=0.0273 | val_acc=100.00% val_f1=1.0000 | test_acc=81.25% test_f1=0.7382
Epoch 020 | train_loss=0.0324 | val_acc=100.00% val_f1=1.0000 | test_acc=82.07% test_f1=0.7445
Epoch 021 | train_loss=0.0586 | val_acc=100.00% val_f1=1.0000 | test_acc=82.61% test_f1=0.7589
Epoch 022 | train_loss=0.0230 | val_acc=100.00% val_f1=1.0000 | test_acc=77.17% test_f1=0.6578
Epoch 023 | train_loss=0.0293 | val_acc=100.00% val_f1=1.0000 | test_acc=78.26% test_f1=0.6946
Epoch 024 | train_loss=0.0337 | val_acc=100.00% val_f1=1.0000 | test_acc=85.33% test_f1=0.8040
Epoch 025 | train_loss=0.0143 | val_acc=100.00% val_f1=1.0000 | test_acc=81.52% test_f1=0.7410
Epoch 026 | train_loss=0.0224 | val_acc=100.00% val_f1=1.0000 | test_acc=79.08% test_f1=0.6995
Early stopping at epoch 26 (best=10, score=1.000000)
================================================================================
Best epoch: 10
Best score (val_macro_f1): 1.000000
Final test accuracy: 87.77%
Saved to: /home/huang_kai/wind_turbine_phm/PHOENIX-main/autoencoder_benchmark/ablation_experiments/results/ablation1_sweep/trials/trial_0010_A/ablation1_student_only_tcn_attn_weld_seam_windows_ws5_tf75_pg0_ep80_lr0.0001_bs96_seed146
/usr/local/lib/python3.10/dist-packages/torch/cuda/__init__.py:129: UserWarning: CUDA initialization: Unexpected error from cudaGetDeviceCount(). Did you run some cuda functions before calling NumCudaDevices() that might have already set an error? Error 304: OS call failed or operation not supported on this OS (Triggered internally at /pytorch/c10/cuda/CUDAFunctions.cpp:109.)
  return torch._C._cuda_getDeviceCount() > 0
================================================================================
Ablation-1 | Student-only (13D) with TCN+Attention
================================================================================
Dataset: /home/huang_kai/wind_turbine_phm/PHOENIX-main/autoencoder_benchmark/Data/processed_data/weld_seam_windows_ws5_tf75_pg0.npz
Device: cpu
Train/Val/Test: 1000 / 177 / 368
Drop features: [3, 4, 5, 6, 7]
Epoch 001 | train_loss=1.0474 | val_acc=72.32% val_f1=0.7235 | test_acc=62.23% test_f1=0.5862
Epoch 002 | train_loss=0.8185 | val_acc=92.09% val_f1=0.9063 | test_acc=87.23% test_f1=0.8489
Epoch 003 | train_loss=0.6551 | val_acc=96.05% val_f1=0.9521 | test_acc=83.70% test_f1=0.8013
Epoch 004 | train_loss=0.5334 | val_acc=97.18% val_f1=0.9688 | test_acc=86.41% test_f1=0.8357
Epoch 005 | train_loss=0.4047 | val_acc=97.74% val_f1=0.9747 | test_acc=88.32% test_f1=0.8574
Epoch 006 | train_loss=0.3541 | val_acc=99.44% val_f1=0.9944 | test_acc=85.60% test_f1=0.8046
Epoch 007 | train_loss=0.2856 | val_acc=100.00% val_f1=1.0000 | test_acc=80.71% test_f1=0.7479
Epoch 008 | train_loss=0.2582 | val_acc=100.00% val_f1=1.0000 | test_acc=78.26% test_f1=0.7138
Epoch 009 | train_loss=0.2679 | val_acc=100.00% val_f1=1.0000 | test_acc=75.27% test_f1=0.6640
Epoch 010 | train_loss=0.2562 | val_acc=100.00% val_f1=1.0000 | test_acc=77.45% test_f1=0.7120
Epoch 011 | train_loss=0.2348 | val_acc=100.00% val_f1=1.0000 | test_acc=72.28% test_f1=0.6396
Epoch 012 | train_loss=0.2335 | val_acc=100.00% val_f1=1.0000 | test_acc=72.83% test_f1=0.6461
Epoch 013 | train_loss=0.2331 | val_acc=100.00% val_f1=1.0000 | test_acc=68.21% test_f1=0.5720
Epoch 014 | train_loss=0.2173 | val_acc=100.00% val_f1=1.0000 | test_acc=68.75% test_f1=0.5752
Epoch 015 | train_loss=0.2265 | val_acc=100.00% val_f1=1.0000 | test_acc=69.84% test_f1=0.6294
Epoch 016 | train_loss=0.2214 | val_acc=100.00% val_f1=1.0000 | test_acc=72.28% test_f1=0.6613
Epoch 017 | train_loss=0.2158 | val_acc=100.00% val_f1=1.0000 | test_acc=68.21% test_f1=0.6014
Epoch 018 | train_loss=0.2244 | val_acc=100.00% val_f1=1.0000 | test_acc=69.84% test_f1=0.6310
Epoch 019 | train_loss=0.2164 | val_acc=100.00% val_f1=1.0000 | test_acc=69.29% test_f1=0.6179
Epoch 020 | train_loss=0.2291 | val_acc=100.00% val_f1=1.0000 | test_acc=69.84% test_f1=0.6220
Epoch 021 | train_loss=0.2174 | val_acc=100.00% val_f1=1.0000 | test_acc=68.21% test_f1=0.5947
Epoch 022 | train_loss=0.2165 | val_acc=100.00% val_f1=1.0000 | test_acc=72.01% test_f1=0.6621
Epoch 023 | train_loss=0.2099 | val_acc=100.00% val_f1=1.0000 | test_acc=66.58% test_f1=0.5691
Early stopping at epoch 23 (best=7, score=1.000000)
================================================================================
Best epoch: 7
Best score (val_macro_f1): 1.000000
Final test accuracy: 80.71%
Saved to: /home/huang_kai/wind_turbine_phm/PHOENIX-main/autoencoder_benchmark/ablation_experiments/results/ablation1_sweep/trials/trial_0011_A/ablation1_student_only_tcn_attn_weld_seam_windows_ws5_tf75_pg0_ep80_lr0.0001_bs64_seed106
/usr/local/lib/python3.10/dist-packages/torch/cuda/__init__.py:129: UserWarning: CUDA initialization: Unexpected error from cudaGetDeviceCount(). Did you run some cuda functions before calling NumCudaDevices() that might have already set an error? Error 304: OS call failed or operation not supported on this OS (Triggered internally at /pytorch/c10/cuda/CUDAFunctions.cpp:109.)
  return torch._C._cuda_getDeviceCount() > 0
================================================================================
Ablation-1 | Student-only (13D) with TCN+Attention
================================================================================
Dataset: /home/huang_kai/wind_turbine_phm/PHOENIX-main/autoencoder_benchmark/Data/processed_data/weld_seam_windows_ws5_tf75_pg0.npz
Device: cpu
Train/Val/Test: 1000 / 177 / 368
Drop features: [3, 4, 5, 6, 7]
Epoch 001 | train_loss=1.0009 | val_acc=40.11% val_f1=0.4335 | test_acc=33.70% test_f1=0.3068
Epoch 002 | train_loss=0.7346 | val_acc=63.84% val_f1=0.6808 | test_acc=45.92% test_f1=0.4596
Epoch 003 | train_loss=0.5633 | val_acc=84.75% val_f1=0.8608 | test_acc=73.37% test_f1=0.7133
Epoch 004 | train_loss=0.4279 | val_acc=88.70% val_f1=0.8939 | test_acc=82.61% test_f1=0.7984
Epoch 005 | train_loss=0.3751 | val_acc=92.09% val_f1=0.9265 | test_acc=86.14% test_f1=0.8304
Epoch 006 | train_loss=0.3306 | val_acc=95.48% val_f1=0.9568 | test_acc=86.96% test_f1=0.8288
Epoch 007 | train_loss=0.2683 | val_acc=94.92% val_f1=0.9494 | test_acc=82.34% test_f1=0.7511
Epoch 008 | train_loss=0.2569 | val_acc=98.87% val_f1=0.9888 | test_acc=82.07% test_f1=0.7517
Epoch 009 | train_loss=0.2112 | val_acc=98.31% val_f1=0.9834 | test_acc=83.97% test_f1=0.7746
Epoch 010 | train_loss=0.2210 | val_acc=99.44% val_f1=0.9944 | test_acc=82.88% test_f1=0.7643
Epoch 011 | train_loss=0.2227 | val_acc=100.00% val_f1=1.0000 | test_acc=80.16% test_f1=0.7311
Epoch 012 | train_loss=0.2164 | val_acc=100.00% val_f1=1.0000 | test_acc=81.52% test_f1=0.7455
Epoch 013 | train_loss=0.2000 | val_acc=100.00% val_f1=1.0000 | test_acc=81.79% test_f1=0.7548
Epoch 014 | train_loss=0.1936 | val_acc=100.00% val_f1=1.0000 | test_acc=80.16% test_f1=0.7311
Epoch 015 | train_loss=0.1925 | val_acc=100.00% val_f1=1.0000 | test_acc=77.99% test_f1=0.6937
Epoch 016 | train_loss=0.1829 | val_acc=100.00% val_f1=1.0000 | test_acc=78.53% test_f1=0.7037
Epoch 017 | train_loss=0.1910 | val_acc=100.00% val_f1=1.0000 | test_acc=79.35% test_f1=0.7225
Epoch 018 | train_loss=0.1903 | val_acc=100.00% val_f1=1.0000 | test_acc=76.90% test_f1=0.6750
Epoch 019 | train_loss=0.1982 | val_acc=100.00% val_f1=1.0000 | test_acc=78.26% test_f1=0.6987
Epoch 020 | train_loss=0.1839 | val_acc=100.00% val_f1=1.0000 | test_acc=73.91% test_f1=0.6184
Epoch 021 | train_loss=0.1866 | val_acc=100.00% val_f1=1.0000 | test_acc=75.27% test_f1=0.6470
Epoch 022 | train_loss=0.1897 | val_acc=100.00% val_f1=1.0000 | test_acc=73.91% test_f1=0.6156
Epoch 023 | train_loss=0.1841 | val_acc=100.00% val_f1=1.0000 | test_acc=80.16% test_f1=0.7362
Epoch 024 | train_loss=0.1771 | val_acc=100.00% val_f1=1.0000 | test_acc=77.17% test_f1=0.6913
Epoch 025 | train_loss=0.1810 | val_acc=100.00% val_f1=1.0000 | test_acc=77.72% test_f1=0.6995
Epoch 026 | train_loss=0.1773 | val_acc=100.00% val_f1=1.0000 | test_acc=78.80% test_f1=0.7160
Epoch 027 | train_loss=0.1809 | val_acc=100.00% val_f1=1.0000 | test_acc=78.53% test_f1=0.7170
Early stopping at epoch 27 (best=11, score=1.000000)
================================================================================
Best epoch: 11
Best score (val_macro_f1): 1.000000
Final test accuracy: 80.16%
Saved to: /home/huang_kai/wind_turbine_phm/PHOENIX-main/autoencoder_benchmark/ablation_experiments/results/ablation1_sweep/trials/trial_0012_A/ablation1_student_only_tcn_attn_weld_seam_windows_ws5_tf75_pg0_ep80_lr0.0001_bs96_seed114
/usr/local/lib/python3.10/dist-packages/torch/cuda/__init__.py:129: UserWarning: CUDA initialization: Unexpected error from cudaGetDeviceCount(). Did you run some cuda functions before calling NumCudaDevices() that might have already set an error? Error 304: OS call failed or operation not supported on this OS (Triggered internally at /pytorch/c10/cuda/CUDAFunctions.cpp:109.)
  return torch._C._cuda_getDeviceCount() > 0
================================================================================
Ablation-1 | Student-only (13D) with TCN+Attention
================================================================================
Dataset: /home/huang_kai/wind_turbine_phm/PHOENIX-main/autoencoder_benchmark/Data/processed_data/weld_seam_windows_ws5_tf75_pg0.npz
Device: cpu
Train/Val/Test: 1000 / 177 / 368
Drop features: [3, 4, 5, 6, 7]
Epoch 001 | train_loss=1.0628 | val_acc=85.31% val_f1=0.8141 | test_acc=84.51% test_f1=0.8065
Epoch 002 | train_loss=0.8442 | val_acc=93.79% val_f1=0.9257 | test_acc=84.78% test_f1=0.8092
Epoch 003 | train_loss=0.6435 | val_acc=94.92% val_f1=0.9392 | test_acc=85.33% test_f1=0.8169
Epoch 004 | train_loss=0.4748 | val_acc=96.05% val_f1=0.9526 | test_acc=87.50% test_f1=0.8474
Epoch 005 | train_loss=0.3499 | val_acc=96.05% val_f1=0.9526 | test_acc=86.14% test_f1=0.8284
Epoch 006 | train_loss=0.2598 | val_acc=96.61% val_f1=0.9585 | test_acc=85.60% test_f1=0.8201
Epoch 007 | train_loss=0.1934 | val_acc=97.18% val_f1=0.9666 | test_acc=83.70% test_f1=0.7974
Epoch 008 | train_loss=0.1366 | val_acc=98.87% val_f1=0.9839 | test_acc=83.42% test_f1=0.7922
Epoch 009 | train_loss=0.0982 | val_acc=98.87% val_f1=0.9839 | test_acc=84.78% test_f1=0.8085
Epoch 010 | train_loss=0.0771 | val_acc=98.87% val_f1=0.9839 | test_acc=83.97% test_f1=0.7924
Epoch 011 | train_loss=0.0535 | val_acc=99.44% val_f1=0.9919 | test_acc=80.98% test_f1=0.7483
Epoch 012 | train_loss=0.0460 | val_acc=100.00% val_f1=1.0000 | test_acc=81.25% test_f1=0.7544
Epoch 013 | train_loss=0.0384 | val_acc=100.00% val_f1=1.0000 | test_acc=78.53% test_f1=0.7195
Epoch 014 | train_loss=0.0315 | val_acc=100.00% val_f1=1.0000 | test_acc=79.62% test_f1=0.7373
Epoch 015 | train_loss=0.0250 | val_acc=100.00% val_f1=1.0000 | test_acc=77.99% test_f1=0.7131
Epoch 016 | train_loss=0.0212 | val_acc=100.00% val_f1=1.0000 | test_acc=79.35% test_f1=0.7332
Epoch 017 | train_loss=0.0345 | val_acc=100.00% val_f1=1.0000 | test_acc=81.25% test_f1=0.7596
Epoch 018 | train_loss=0.0163 | val_acc=100.00% val_f1=1.0000 | test_acc=79.35% test_f1=0.7363
Epoch 019 | train_loss=0.0197 | val_acc=100.00% val_f1=1.0000 | test_acc=79.08% test_f1=0.7288
Epoch 020 | train_loss=0.0158 | val_acc=100.00% val_f1=1.0000 | test_acc=74.18% test_f1=0.6367
Epoch 021 | train_loss=0.0144 | val_acc=100.00% val_f1=1.0000 | test_acc=73.91% test_f1=0.6255
Epoch 022 | train_loss=0.0115 | val_acc=100.00% val_f1=1.0000 | test_acc=76.09% test_f1=0.6680
Epoch 023 | train_loss=0.0093 | val_acc=100.00% val_f1=1.0000 | test_acc=78.53% test_f1=0.7154
Epoch 024 | train_loss=0.0086 | val_acc=100.00% val_f1=1.0000 | test_acc=77.17% test_f1=0.7018
Epoch 025 | train_loss=0.0081 | val_acc=100.00% val_f1=1.0000 | test_acc=77.72% test_f1=0.7109
Epoch 026 | train_loss=0.0077 | val_acc=100.00% val_f1=1.0000 | test_acc=77.17% test_f1=0.7041
Epoch 027 | train_loss=0.0114 | val_acc=100.00% val_f1=1.0000 | test_acc=77.45% test_f1=0.7085
Epoch 028 | train_loss=0.0085 | val_acc=100.00% val_f1=1.0000 | test_acc=78.53% test_f1=0.7267
Early stopping at epoch 28 (best=12, score=1.000000)
================================================================================
Best epoch: 12
Best score (val_macro_f1): 1.000000
Final test accuracy: 81.25%
Saved to: /home/huang_kai/wind_turbine_phm/PHOENIX-main/autoencoder_benchmark/ablation_experiments/results/ablation1_sweep/trials/trial_0013_A/ablation1_student_only_tcn_attn_weld_seam_windows_ws5_tf75_pg0_ep80_lr0.00015_bs128_seed131
/usr/local/lib/python3.10/dist-packages/torch/cuda/__init__.py:129: UserWarning: CUDA initialization: Unexpected error from cudaGetDeviceCount(). Did you run some cuda functions before calling NumCudaDevices() that might have already set an error? Error 304: OS call failed or operation not supported on this OS (Triggered internally at /pytorch/c10/cuda/CUDAFunctions.cpp:109.)
  return torch._C._cuda_getDeviceCount() > 0
================================================================================
Ablation-1 | Student-only (13D) with TCN+Attention
================================================================================
Dataset: /home/huang_kai/wind_turbine_phm/PHOENIX-main/autoencoder_benchmark/Data/processed_data/weld_seam_windows_ws5_tf75_pg0.npz
Device: cpu
Train/Val/Test: 1000 / 177 / 368
Drop features: [3, 4, 5, 6, 7]
Epoch 001 | train_loss=0.7015 | val_acc=88.70% val_f1=0.8974 | test_acc=81.25% test_f1=0.8229
Epoch 002 | train_loss=0.2789 | val_acc=99.44% val_f1=0.9943 | test_acc=82.07% test_f1=0.7607
Epoch 003 | train_loss=0.2046 | val_acc=100.00% val_f1=1.0000 | test_acc=82.61% test_f1=0.7720
Epoch 004 | train_loss=0.2002 | val_acc=99.44% val_f1=0.9944 | test_acc=82.34% test_f1=0.7948
Epoch 005 | train_loss=0.2216 | val_acc=100.00% val_f1=1.0000 | test_acc=70.92% test_f1=0.6917
Epoch 006 | train_loss=0.1969 | val_acc=100.00% val_f1=1.0000 | test_acc=58.97% test_f1=0.4846
Epoch 007 | train_loss=0.1914 | val_acc=100.00% val_f1=1.0000 | test_acc=72.83% test_f1=0.6674
Epoch 008 | train_loss=0.1843 | val_acc=100.00% val_f1=1.0000 | test_acc=63.86% test_f1=0.4741
Epoch 009 | train_loss=0.1825 | val_acc=100.00% val_f1=1.0000 | test_acc=64.13% test_f1=0.5549
Epoch 010 | train_loss=0.1698 | val_acc=100.00% val_f1=1.0000 | test_acc=75.82% test_f1=0.7153
Epoch 011 | train_loss=0.1758 | val_acc=100.00% val_f1=1.0000 | test_acc=69.02% test_f1=0.6178
Epoch 012 | train_loss=0.1726 | val_acc=100.00% val_f1=1.0000 | test_acc=68.75% test_f1=0.5995
Epoch 013 | train_loss=0.1718 | val_acc=100.00% val_f1=1.0000 | test_acc=64.95% test_f1=0.5417
Epoch 014 | train_loss=0.1726 | val_acc=100.00% val_f1=1.0000 | test_acc=73.37% test_f1=0.6568
Epoch 015 | train_loss=0.1773 | val_acc=100.00% val_f1=1.0000 | test_acc=68.21% test_f1=0.5942
Epoch 016 | train_loss=0.1712 | val_acc=100.00% val_f1=1.0000 | test_acc=72.28% test_f1=0.6477
Epoch 017 | train_loss=0.1794 | val_acc=100.00% val_f1=1.0000 | test_acc=72.83% test_f1=0.6603
Epoch 018 | train_loss=0.1693 | val_acc=100.00% val_f1=1.0000 | test_acc=69.57% test_f1=0.5756
Epoch 019 | train_loss=0.1764 | val_acc=99.44% val_f1=0.9944 | test_acc=68.48% test_f1=0.6148
Early stopping at epoch 19 (best=3, score=1.000000)
================================================================================
Best epoch: 3
Best score (val_macro_f1): 1.000000
Final test accuracy: 82.61%
Saved to: /home/huang_kai/wind_turbine_phm/PHOENIX-main/autoencoder_benchmark/ablation_experiments/results/ablation1_sweep/trials/trial_0014_A/ablation1_student_only_tcn_attn_weld_seam_windows_ws5_tf75_pg0_ep80_lr0.0004_bs64_seed144
/usr/local/lib/python3.10/dist-packages/torch/cuda/__init__.py:129: UserWarning: CUDA initialization: Unexpected error from cudaGetDeviceCount(). Did you run some cuda functions before calling NumCudaDevices() that might have already set an error? Error 304: OS call failed or operation not supported on this OS (Triggered internally at /pytorch/c10/cuda/CUDAFunctions.cpp:109.)
  return torch._C._cuda_getDeviceCount() > 0
================================================================================
Ablation-1 | Student-only (13D) with TCN+Attention
================================================================================
Dataset: /home/huang_kai/wind_turbine_phm/PHOENIX-main/autoencoder_benchmark/Data/processed_data/weld_seam_windows_ws5_tf75_pg0.npz
Device: cpu
Train/Val/Test: 1000 / 177 / 368
Drop features: [3, 4, 5, 6, 7]
Epoch 001 | train_loss=0.9332 | val_acc=88.70% val_f1=0.8818 | test_acc=74.73% test_f1=0.5786
Epoch 002 | train_loss=0.5963 | val_acc=93.79% val_f1=0.9279 | test_acc=86.14% test_f1=0.8223
Epoch 003 | train_loss=0.3889 | val_acc=96.61% val_f1=0.9642 | test_acc=88.86% test_f1=0.8614
Epoch 004 | train_loss=0.2905 | val_acc=97.18% val_f1=0.9671 | test_acc=86.14% test_f1=0.8145
Epoch 005 | train_loss=0.2826 | val_acc=98.87% val_f1=0.9861 | test_acc=79.89% test_f1=0.7197
Epoch 006 | train_loss=0.2320 | val_acc=100.00% val_f1=1.0000 | test_acc=79.08% test_f1=0.7178
Epoch 007 | train_loss=0.2271 | val_acc=100.00% val_f1=1.0000 | test_acc=77.45% test_f1=0.6935
Epoch 008 | train_loss=0.2271 | val_acc=100.00% val_f1=1.0000 | test_acc=75.00% test_f1=0.6518
Epoch 009 | train_loss=0.2230 | val_acc=100.00% val_f1=1.0000 | test_acc=72.83% test_f1=0.6148
Epoch 010 | train_loss=0.2150 | val_acc=100.00% val_f1=1.0000 | test_acc=73.64% test_f1=0.6291
Epoch 011 | train_loss=0.2148 | val_acc=100.00% val_f1=1.0000 | test_acc=73.64% test_f1=0.6227
Epoch 012 | train_loss=0.2254 | val_acc=100.00% val_f1=1.0000 | test_acc=72.83% test_f1=0.6054
Epoch 013 | train_loss=0.2069 | val_acc=100.00% val_f1=1.0000 | test_acc=77.72% test_f1=0.6954
Epoch 014 | train_loss=0.2260 | val_acc=100.00% val_f1=1.0000 | test_acc=79.89% test_f1=0.7356
Epoch 015 | train_loss=0.2234 | val_acc=100.00% val_f1=1.0000 | test_acc=72.01% test_f1=0.6062
Epoch 016 | train_loss=0.2147 | val_acc=100.00% val_f1=1.0000 | test_acc=76.90% test_f1=0.6866
Epoch 017 | train_loss=0.2210 | val_acc=100.00% val_f1=1.0000 | test_acc=75.54% test_f1=0.6620
Epoch 018 | train_loss=0.2054 | val_acc=100.00% val_f1=1.0000 | test_acc=76.63% test_f1=0.6831
Epoch 019 | train_loss=0.2080 | val_acc=100.00% val_f1=1.0000 | test_acc=72.83% test_f1=0.6204
Epoch 020 | train_loss=0.2095 | val_acc=100.00% val_f1=1.0000 | test_acc=74.18% test_f1=0.6316
Epoch 021 | train_loss=0.2050 | val_acc=100.00% val_f1=1.0000 | test_acc=76.09% test_f1=0.6670
Epoch 022 | train_loss=0.2106 | val_acc=100.00% val_f1=1.0000 | test_acc=75.54% test_f1=0.6546
Early stopping at epoch 22 (best=6, score=1.000000)
================================================================================
Best epoch: 6
Best score (val_macro_f1): 1.000000
Final test accuracy: 79.08%
Saved to: /home/huang_kai/wind_turbine_phm/PHOENIX-main/autoencoder_benchmark/ablation_experiments/results/ablation1_sweep/trials/trial_0015_A/ablation1_student_only_tcn_attn_weld_seam_windows_ws5_tf75_pg0_ep80_lr0.00015_bs64_seed109
/usr/local/lib/python3.10/dist-packages/torch/cuda/__init__.py:129: UserWarning: CUDA initialization: Unexpected error from cudaGetDeviceCount(). Did you run some cuda functions before calling NumCudaDevices() that might have already set an error? Error 304: OS call failed or operation not supported on this OS (Triggered internally at /pytorch/c10/cuda/CUDAFunctions.cpp:109.)
  return torch._C._cuda_getDeviceCount() > 0
================================================================================
Ablation-1 | Student-only (13D) with TCN+Attention
================================================================================
Dataset: /home/huang_kai/wind_turbine_phm/PHOENIX-main/autoencoder_benchmark/Data/processed_data/weld_seam_windows_ws5_tf75_pg0.npz
Device: cpu
Train/Val/Test: 1000 / 177 / 368
Drop features: [3, 4, 5, 6, 7]
Epoch 001 | train_loss=0.9306 | val_acc=77.40% val_f1=0.7664 | test_acc=72.83% test_f1=0.7230
Epoch 002 | train_loss=0.5041 | val_acc=89.83% val_f1=0.8921 | test_acc=74.18% test_f1=0.7519
Epoch 003 | train_loss=0.3033 | val_acc=93.22% val_f1=0.9257 | test_acc=82.61% test_f1=0.8030
Epoch 004 | train_loss=0.2418 | val_acc=95.48% val_f1=0.9466 | test_acc=82.61% test_f1=0.7664
Epoch 005 | train_loss=0.2146 | val_acc=97.74% val_f1=0.9756 | test_acc=86.68% test_f1=0.8062
Epoch 006 | train_loss=0.1966 | val_acc=97.74% val_f1=0.9704 | test_acc=81.52% test_f1=0.6926
Epoch 007 | train_loss=0.1962 | val_acc=96.61% val_f1=0.9625 | test_acc=86.41% test_f1=0.7963
Epoch 008 | train_loss=0.1955 | val_acc=100.00% val_f1=1.0000 | test_acc=86.68% test_f1=0.8344
Epoch 009 | train_loss=0.2314 | val_acc=98.87% val_f1=0.9839 | test_acc=77.99% test_f1=0.7079
Epoch 010 | train_loss=0.1859 | val_acc=100.00% val_f1=1.0000 | test_acc=77.99% test_f1=0.6983
Epoch 011 | train_loss=0.1836 | val_acc=100.00% val_f1=1.0000 | test_acc=76.09% test_f1=0.6631
Epoch 012 | train_loss=0.1812 | val_acc=100.00% val_f1=1.0000 | test_acc=77.17% test_f1=0.6836
Epoch 013 | train_loss=0.1795 | val_acc=100.00% val_f1=1.0000 | test_acc=78.26% test_f1=0.7040
Epoch 014 | train_loss=0.1798 | val_acc=100.00% val_f1=1.0000 | test_acc=81.79% test_f1=0.7595
Epoch 015 | train_loss=0.1789 | val_acc=100.00% val_f1=1.0000 | test_acc=79.08% test_f1=0.7175
Epoch 016 | train_loss=0.1744 | val_acc=100.00% val_f1=1.0000 | test_acc=77.45% test_f1=0.6981
Epoch 017 | train_loss=0.1764 | val_acc=100.00% val_f1=1.0000 | test_acc=77.72% test_f1=0.6959
Epoch 018 | train_loss=0.1779 | val_acc=100.00% val_f1=1.0000 | test_acc=78.26% test_f1=0.7021
Epoch 019 | train_loss=0.1771 | val_acc=100.00% val_f1=1.0000 | test_acc=78.26% test_f1=0.7021
Epoch 020 | train_loss=0.1766 | val_acc=100.00% val_f1=1.0000 | test_acc=78.26% test_f1=0.7046
Epoch 021 | train_loss=0.1728 | val_acc=100.00% val_f1=1.0000 | test_acc=78.26% test_f1=0.7065
Epoch 022 | train_loss=0.1750 | val_acc=100.00% val_f1=1.0000 | test_acc=77.99% test_f1=0.6958
Epoch 023 | train_loss=0.1729 | val_acc=100.00% val_f1=1.0000 | test_acc=77.45% test_f1=0.6895
Epoch 024 | train_loss=0.1753 | val_acc=100.00% val_f1=1.0000 | test_acc=75.27% test_f1=0.6635
Early stopping at epoch 24 (best=8, score=1.000000)
================================================================================
Best epoch: 8
Best score (val_macro_f1): 1.000000
Final test accuracy: 86.68%
Saved to: /home/huang_kai/wind_turbine_phm/PHOENIX-main/autoencoder_benchmark/ablation_experiments/results/ablation1_sweep/trials/trial_0016_A/ablation1_student_only_tcn_attn_weld_seam_windows_ws5_tf75_pg0_ep80_lr0.0004_bs128_seed120
/usr/local/lib/python3.10/dist-packages/torch/cuda/__init__.py:129: UserWarning: CUDA initialization: Unexpected error from cudaGetDeviceCount(). Did you run some cuda functions before calling NumCudaDevices() that might have already set an error? Error 304: OS call failed or operation not supported on this OS (Triggered internally at /pytorch/c10/cuda/CUDAFunctions.cpp:109.)
  return torch._C._cuda_getDeviceCount() > 0
================================================================================
Ablation-1 | Student-only (13D) with TCN+Attention
================================================================================
Dataset: /home/huang_kai/wind_turbine_phm/PHOENIX-main/autoencoder_benchmark/Data/processed_data/weld_seam_windows_ws5_tf75_pg0.npz
Device: cpu
Train/Val/Test: 1000 / 177 / 368
Drop features: [3, 4, 5, 6, 7]
Epoch 001 | train_loss=1.0601 | val_acc=63.84% val_f1=0.6664 | test_acc=51.36% test_f1=0.4873
Epoch 002 | train_loss=0.7096 | val_acc=83.62% val_f1=0.8495 | test_acc=69.84% test_f1=0.7177
Epoch 003 | train_loss=0.4689 | val_acc=92.09% val_f1=0.9221 | test_acc=86.68% test_f1=0.8520
Epoch 004 | train_loss=0.3009 | val_acc=98.31% val_f1=0.9834 | test_acc=88.86% test_f1=0.8578
Epoch 005 | train_loss=0.1996 | val_acc=99.44% val_f1=0.9944 | test_acc=84.51% test_f1=0.7925
Epoch 006 | train_loss=0.1314 | val_acc=99.44% val_f1=0.9944 | test_acc=81.25% test_f1=0.7452
Epoch 007 | train_loss=0.0725 | val_acc=99.44% val_f1=0.9944 | test_acc=80.43% test_f1=0.7352
Epoch 008 | train_loss=0.0529 | val_acc=99.44% val_f1=0.9944 | test_acc=80.71% test_f1=0.7364
Epoch 009 | train_loss=0.0443 | val_acc=100.00% val_f1=1.0000 | test_acc=80.71% test_f1=0.7413
Epoch 010 | train_loss=0.0332 | val_acc=100.00% val_f1=1.0000 | test_acc=80.71% test_f1=0.7313
Epoch 011 | train_loss=0.0221 | val_acc=100.00% val_f1=1.0000 | test_acc=81.25% test_f1=0.7436
Epoch 012 | train_loss=0.0230 | val_acc=100.00% val_f1=1.0000 | test_acc=81.79% test_f1=0.7519
Epoch 013 | train_loss=0.0159 | val_acc=100.00% val_f1=1.0000 | test_acc=78.26% test_f1=0.6987
Epoch 014 | train_loss=0.0186 | val_acc=100.00% val_f1=1.0000 | test_acc=78.53% test_f1=0.7001
Epoch 015 | train_loss=0.0116 | val_acc=100.00% val_f1=1.0000 | test_acc=80.71% test_f1=0.7339
Epoch 016 | train_loss=0.0090 | val_acc=100.00% val_f1=1.0000 | test_acc=81.52% test_f1=0.7478
Epoch 017 | train_loss=0.0090 | val_acc=100.00% val_f1=1.0000 | test_acc=80.98% test_f1=0.7381
Epoch 018 | train_loss=0.0187 | val_acc=100.00% val_f1=1.0000 | test_acc=83.42% test_f1=0.7791
Epoch 019 | train_loss=0.0138 | val_acc=100.00% val_f1=1.0000 | test_acc=79.35% test_f1=0.7210
Epoch 020 | train_loss=0.0352 | val_acc=100.00% val_f1=1.0000 | test_acc=79.08% test_f1=0.7145
Epoch 021 | train_loss=0.0083 | val_acc=100.00% val_f1=1.0000 | test_acc=82.88% test_f1=0.7743
Epoch 022 | train_loss=0.0264 | val_acc=100.00% val_f1=1.0000 | test_acc=83.42% test_f1=0.7873
Epoch 023 | train_loss=0.0076 | val_acc=100.00% val_f1=1.0000 | test_acc=77.17% test_f1=0.6881
Epoch 024 | train_loss=0.0069 | val_acc=100.00% val_f1=1.0000 | test_acc=76.90% test_f1=0.6868
Epoch 025 | train_loss=0.0056 | val_acc=100.00% val_f1=1.0000 | test_acc=77.17% test_f1=0.6977
Early stopping at epoch 25 (best=9, score=1.000000)
================================================================================
Best epoch: 9
Best score (val_macro_f1): 1.000000
Final test accuracy: 80.71%
Saved to: /home/huang_kai/wind_turbine_phm/PHOENIX-main/autoencoder_benchmark/ablation_experiments/results/ablation1_sweep/trials/trial_0017_A/ablation1_student_only_tcn_attn_weld_seam_windows_ws5_tf75_pg0_ep80_lr0.00025_bs128_seed152
/usr/local/lib/python3.10/dist-packages/torch/cuda/__init__.py:129: UserWarning: CUDA initialization: Unexpected error from cudaGetDeviceCount(). Did you run some cuda functions before calling NumCudaDevices() that might have already set an error? Error 304: OS call failed or operation not supported on this OS (Triggered internally at /pytorch/c10/cuda/CUDAFunctions.cpp:109.)
  return torch._C._cuda_getDeviceCount() > 0
================================================================================
Ablation-1 | Student-only (13D) with TCN+Attention
================================================================================
Dataset: /home/huang_kai/wind_turbine_phm/PHOENIX-main/autoencoder_benchmark/Data/processed_data/weld_seam_windows_ws5_tf75_pg0.npz
Device: cpu
Train/Val/Test: 1000 / 177 / 368
Drop features: [3, 4, 5, 6, 7]
Epoch 001 | train_loss=1.0568 | val_acc=55.93% val_f1=0.6033 | test_acc=49.18% test_f1=0.4196
Epoch 002 | train_loss=0.6987 | val_acc=94.92% val_f1=0.9423 | test_acc=85.33% test_f1=0.8419
Epoch 003 | train_loss=0.4954 | val_acc=96.05% val_f1=0.9527 | test_acc=86.14% test_f1=0.8423
Epoch 004 | train_loss=0.3522 | val_acc=97.18% val_f1=0.9642 | test_acc=84.51% test_f1=0.8123
Epoch 005 | train_loss=0.3032 | val_acc=98.31% val_f1=0.9758 | test_acc=80.43% test_f1=0.7706
Epoch 006 | train_loss=0.2690 | val_acc=98.87% val_f1=0.9861 | test_acc=78.80% test_f1=0.7486
Epoch 007 | train_loss=0.2564 | val_acc=98.87% val_f1=0.9864 | test_acc=76.90% test_f1=0.7096
Epoch 008 | train_loss=0.2348 | val_acc=99.44% val_f1=0.9919 | test_acc=79.62% test_f1=0.7336
Epoch 009 | train_loss=0.2220 | val_acc=100.00% val_f1=1.0000 | test_acc=82.61% test_f1=0.7823
Epoch 010 | train_loss=0.2074 | val_acc=100.00% val_f1=1.0000 | test_acc=76.63% test_f1=0.6940
Epoch 011 | train_loss=0.2179 | val_acc=99.44% val_f1=0.9944 | test_acc=81.79% test_f1=0.7705
Epoch 012 | train_loss=0.1998 | val_acc=100.00% val_f1=1.0000 | test_acc=76.90% test_f1=0.7000
Epoch 013 | train_loss=0.2138 | val_acc=100.00% val_f1=1.0000 | test_acc=82.61% test_f1=0.7880
Epoch 014 | train_loss=0.2062 | val_acc=98.31% val_f1=0.9784 | test_acc=75.82% test_f1=0.6971
Epoch 015 | train_loss=0.1899 | val_acc=99.44% val_f1=0.9944 | test_acc=78.53% test_f1=0.7417
Epoch 016 | train_loss=0.1932 | val_acc=100.00% val_f1=1.0000 | test_acc=76.90% test_f1=0.7184
Epoch 017 | train_loss=0.1909 | val_acc=100.00% val_f1=1.0000 | test_acc=74.46% test_f1=0.6807
Epoch 018 | train_loss=0.1910 | val_acc=99.44% val_f1=0.9919 | test_acc=71.74% test_f1=0.6243
Epoch 019 | train_loss=0.1955 | val_acc=99.44% val_f1=0.9919 | test_acc=75.54% test_f1=0.6805
Epoch 020 | train_loss=0.1848 | val_acc=98.87% val_f1=0.9864 | test_acc=75.27% test_f1=0.6988
Epoch 021 | train_loss=0.1955 | val_acc=99.44% val_f1=0.9944 | test_acc=75.27% test_f1=0.7015
Epoch 022 | train_loss=0.1942 | val_acc=100.00% val_f1=1.0000 | test_acc=73.10% test_f1=0.6509
Epoch 023 | train_loss=0.1843 | val_acc=100.00% val_f1=1.0000 | test_acc=74.46% test_f1=0.6904
Epoch 024 | train_loss=0.1925 | val_acc=100.00% val_f1=1.0000 | test_acc=76.90% test_f1=0.7261
Epoch 025 | train_loss=0.1877 | val_acc=100.00% val_f1=1.0000 | test_acc=75.00% test_f1=0.6987
Early stopping at epoch 25 (best=9, score=1.000000)
================================================================================
Best epoch: 9
Best score (val_macro_f1): 1.000000
Final test accuracy: 82.61%
Saved to: /home/huang_kai/wind_turbine_phm/PHOENIX-main/autoencoder_benchmark/ablation_experiments/results/ablation1_sweep/trials/trial_0018_A/ablation1_student_only_tcn_attn_weld_seam_windows_ws5_tf75_pg0_ep80_lr0.00015_bs64_seed117
/usr/local/lib/python3.10/dist-packages/torch/cuda/__init__.py:129: UserWarning: CUDA initialization: Unexpected error from cudaGetDeviceCount(). Did you run some cuda functions before calling NumCudaDevices() that might have already set an error? Error 304: OS call failed or operation not supported on this OS (Triggered internally at /pytorch/c10/cuda/CUDAFunctions.cpp:109.)
  return torch._C._cuda_getDeviceCount() > 0
================================================================================
Ablation-1 | Student-only (13D) with TCN+Attention
================================================================================
Dataset: /home/huang_kai/wind_turbine_phm/PHOENIX-main/autoencoder_benchmark/Data/processed_data/weld_seam_windows_ws5_tf75_pg0.npz
Device: cpu
Train/Val/Test: 1000 / 177 / 368
Drop features: [3, 4, 5, 6, 7]
Epoch 001 | train_loss=0.9703 | val_acc=41.24% val_f1=0.3970 | test_acc=41.85% test_f1=0.4001
Epoch 002 | train_loss=0.7048 | val_acc=83.05% val_f1=0.8450 | test_acc=73.64% test_f1=0.7559
Epoch 003 | train_loss=0.4777 | val_acc=90.40% val_f1=0.9062 | test_acc=77.72% test_f1=0.7864
Epoch 004 | train_loss=0.3326 | val_acc=95.48% val_f1=0.9513 | test_acc=86.96% test_f1=0.8366
Epoch 005 | train_loss=0.2058 | val_acc=96.05% val_f1=0.9565 | test_acc=83.97% test_f1=0.7921
Epoch 006 | train_loss=0.1490 | val_acc=96.61% val_f1=0.9618 | test_acc=78.53% test_f1=0.6939
Epoch 007 | train_loss=0.1195 | val_acc=98.87% val_f1=0.9885 | test_acc=79.08% test_f1=0.7089
Epoch 008 | train_loss=0.0818 | val_acc=99.44% val_f1=0.9941 | test_acc=79.35% test_f1=0.7155
Epoch 009 | train_loss=0.0623 | val_acc=99.44% val_f1=0.9941 | test_acc=83.15% test_f1=0.7757
Epoch 010 | train_loss=0.0456 | val_acc=98.87% val_f1=0.9884 | test_acc=77.45% test_f1=0.7052
Epoch 011 | train_loss=0.0431 | val_acc=99.44% val_f1=0.9941 | test_acc=76.36% test_f1=0.6711
Epoch 012 | train_loss=0.0622 | val_acc=100.00% val_f1=1.0000 | test_acc=80.16% test_f1=0.7362
Epoch 013 | train_loss=0.0321 | val_acc=100.00% val_f1=1.0000 | test_acc=81.52% test_f1=0.7492
Epoch 014 | train_loss=0.0452 | val_acc=100.00% val_f1=1.0000 | test_acc=77.45% test_f1=0.6784
Epoch 015 | train_loss=0.0281 | val_acc=100.00% val_f1=1.0000 | test_acc=78.80% test_f1=0.6991
Epoch 016 | train_loss=0.0505 | val_acc=100.00% val_f1=1.0000 | test_acc=83.97% test_f1=0.7944
Epoch 017 | train_loss=0.0282 | val_acc=100.00% val_f1=1.0000 | test_acc=81.25% test_f1=0.7559
Epoch 018 | train_loss=0.0189 | val_acc=100.00% val_f1=1.0000 | test_acc=79.35% test_f1=0.7307
Epoch 019 | train_loss=0.0117 | val_acc=100.00% val_f1=1.0000 | test_acc=81.52% test_f1=0.7575
Epoch 020 | train_loss=0.0213 | val_acc=100.00% val_f1=1.0000 | test_acc=76.36% test_f1=0.6863
Epoch 021 | train_loss=0.0161 | val_acc=100.00% val_f1=1.0000 | test_acc=79.35% test_f1=0.7386
Epoch 022 | train_loss=0.0147 | val_acc=100.00% val_f1=1.0000 | test_acc=73.91% test_f1=0.6560
Epoch 023 | train_loss=0.0158 | val_acc=100.00% val_f1=1.0000 | test_acc=70.11% test_f1=0.5852
Epoch 024 | train_loss=0.0223 | val_acc=100.00% val_f1=1.0000 | test_acc=73.91% test_f1=0.6324
Epoch 025 | train_loss=0.0145 | val_acc=100.00% val_f1=1.0000 | test_acc=73.91% test_f1=0.6283
Epoch 026 | train_loss=0.0212 | val_acc=100.00% val_f1=1.0000 | test_acc=74.73% test_f1=0.6388
Epoch 027 | train_loss=0.0082 | val_acc=100.00% val_f1=1.0000 | test_acc=78.80% test_f1=0.7164
Epoch 028 | train_loss=0.0109 | val_acc=100.00% val_f1=1.0000 | test_acc=78.80% test_f1=0.7286
Early stopping at epoch 28 (best=12, score=1.000000)
================================================================================
Best epoch: 12
Best score (val_macro_f1): 1.000000
Final test accuracy: 80.16%
Saved to: /home/huang_kai/wind_turbine_phm/PHOENIX-main/autoencoder_benchmark/ablation_experiments/results/ablation1_sweep/trials/trial_0019_A/ablation1_student_only_tcn_attn_weld_seam_windows_ws5_tf75_pg0_ep80_lr0.0001_bs64_seed137
/usr/local/lib/python3.10/dist-packages/torch/cuda/__init__.py:129: UserWarning: CUDA initialization: Unexpected error from cudaGetDeviceCount(). Did you run some cuda functions before calling NumCudaDevices() that might have already set an error? Error 304: OS call failed or operation not supported on this OS (Triggered internally at /pytorch/c10/cuda/CUDAFunctions.cpp:109.)
  return torch._C._cuda_getDeviceCount() > 0
================================================================================
Ablation-1 | Student-only (13D) with TCN+Attention
================================================================================
Dataset: /home/huang_kai/wind_turbine_phm/PHOENIX-main/autoencoder_benchmark/Data/processed_data/weld_seam_windows_ws5_tf75_pg0.npz
Device: cpu
Train/Val/Test: 1000 / 177 / 368
Drop features: [3, 4, 5, 6, 7]
Epoch 001 | train_loss=0.8186 | val_acc=68.36% val_f1=0.7000 | test_acc=56.25% test_f1=0.6106
Epoch 002 | train_loss=0.4494 | val_acc=95.48% val_f1=0.9502 | test_acc=91.30% test_f1=0.8757
Epoch 003 | train_loss=0.2933 | val_acc=96.61% val_f1=0.9618 | test_acc=89.95% test_f1=0.8502
Epoch 004 | train_loss=0.2169 | val_acc=98.31% val_f1=0.9805 | test_acc=81.52% test_f1=0.7008
Epoch 005 | train_loss=0.2136 | val_acc=99.44% val_f1=0.9944 | test_acc=82.34% test_f1=0.7478
Epoch 006 | train_loss=0.2095 | val_acc=99.44% val_f1=0.9944 | test_acc=93.48% test_f1=0.9198
Epoch 007 | train_loss=0.1982 | val_acc=99.44% val_f1=0.9944 | test_acc=82.34% test_f1=0.7496
Epoch 008 | train_loss=0.1871 | val_acc=99.44% val_f1=0.9944 | test_acc=75.82% test_f1=0.6712
Epoch 009 | train_loss=0.1814 | val_acc=99.44% val_f1=0.9944 | test_acc=83.70% test_f1=0.7938
Epoch 010 | train_loss=0.1847 | val_acc=99.44% val_f1=0.9944 | test_acc=81.52% test_f1=0.7462
Epoch 011 | train_loss=0.1771 | val_acc=99.44% val_f1=0.9944 | test_acc=77.72% test_f1=0.6996
Epoch 012 | train_loss=0.1783 | val_acc=99.44% val_f1=0.9944 | test_acc=74.73% test_f1=0.6617
Epoch 013 | train_loss=0.1807 | val_acc=99.44% val_f1=0.9944 | test_acc=83.15% test_f1=0.7836
Epoch 014 | train_loss=0.1810 | val_acc=99.44% val_f1=0.9944 | test_acc=82.88% test_f1=0.7832
Epoch 015 | train_loss=0.1827 | val_acc=99.44% val_f1=0.9944 | test_acc=81.25% test_f1=0.7582
Epoch 016 | train_loss=0.1834 | val_acc=99.44% val_f1=0.9944 | test_acc=78.53% test_f1=0.7212
Epoch 017 | train_loss=0.1805 | val_acc=99.44% val_f1=0.9944 | test_acc=74.18% test_f1=0.6464
Epoch 018 | train_loss=0.1786 | val_acc=99.44% val_f1=0.9943 | test_acc=73.64% test_f1=0.6597
Epoch 019 | train_loss=0.1795 | val_acc=99.44% val_f1=0.9944 | test_acc=73.64% test_f1=0.6280
Epoch 020 | train_loss=0.1733 | val_acc=99.44% val_f1=0.9944 | test_acc=73.10% test_f1=0.6113
Epoch 021 | train_loss=0.1785 | val_acc=99.44% val_f1=0.9944 | test_acc=74.18% test_f1=0.6629
Early stopping at epoch 21 (best=5, score=0.994386)
================================================================================
Best epoch: 5
Best score (val_macro_f1): 0.994386
Final test accuracy: 82.34%
Saved to: /home/huang_kai/wind_turbine_phm/PHOENIX-main/autoencoder_benchmark/ablation_experiments/results/ablation1_sweep/trials/trial_0020_A/ablation1_student_only_tcn_attn_weld_seam_windows_ws5_tf75_pg0_ep80_lr0.00025_bs96_seed155
/usr/local/lib/python3.10/dist-packages/torch/cuda/__init__.py:129: UserWarning: CUDA initialization: Unexpected error from cudaGetDeviceCount(). Did you run some cuda functions before calling NumCudaDevices() that might have already set an error? Error 304: OS call failed or operation not supported on this OS (Triggered internally at /pytorch/c10/cuda/CUDAFunctions.cpp:109.)
  return torch._C._cuda_getDeviceCount() > 0
================================================================================
Ablation-1 | Student-only (13D) with TCN+Attention
================================================================================
Dataset: /home/huang_kai/wind_turbine_phm/PHOENIX-main/autoencoder_benchmark/Data/processed_data/weld_seam_windows_ws5_tf75_pg0.npz
Device: cpu
Train/Val/Test: 1000 / 177 / 368
Drop features: [3, 4, 5, 6, 7]
Epoch 001 | train_loss=1.0676 | val_acc=42.37% val_f1=0.3974 | test_acc=30.71% test_f1=0.2968
Epoch 002 | train_loss=0.8126 | val_acc=66.10% val_f1=0.6980 | test_acc=51.90% test_f1=0.5511
Epoch 003 | train_loss=0.6254 | val_acc=86.44% val_f1=0.8676 | test_acc=71.20% test_f1=0.7068
Epoch 004 | train_loss=0.4364 | val_acc=92.09% val_f1=0.9171 | test_acc=88.32% test_f1=0.8475
Epoch 005 | train_loss=0.3181 | val_acc=94.35% val_f1=0.9367 | test_acc=89.13% test_f1=0.8541
Epoch 006 | train_loss=0.2104 | val_acc=97.74% val_f1=0.9704 | test_acc=85.60% test_f1=0.8160
Epoch 007 | train_loss=0.1626 | val_acc=98.31% val_f1=0.9784 | test_acc=85.87% test_f1=0.8202
Epoch 008 | train_loss=0.1337 | val_acc=98.87% val_f1=0.9864 | test_acc=84.51% test_f1=0.8011
Epoch 009 | train_loss=0.0865 | val_acc=99.44% val_f1=0.9919 | test_acc=80.71% test_f1=0.7457
Epoch 010 | train_loss=0.0663 | val_acc=100.00% val_f1=1.0000 | test_acc=80.98% test_f1=0.7486
Epoch 011 | train_loss=0.0508 | val_acc=100.00% val_f1=1.0000 | test_acc=79.89% test_f1=0.7244
Epoch 012 | train_loss=0.0393 | val_acc=100.00% val_f1=1.0000 | test_acc=78.26% test_f1=0.7040
Epoch 013 | train_loss=0.0346 | val_acc=100.00% val_f1=1.0000 | test_acc=81.79% test_f1=0.7623
Epoch 014 | train_loss=0.0306 | val_acc=100.00% val_f1=1.0000 | test_acc=82.61% test_f1=0.7755
Epoch 015 | train_loss=0.0256 | val_acc=100.00% val_f1=1.0000 | test_acc=78.80% test_f1=0.7261
Epoch 016 | train_loss=0.0245 | val_acc=100.00% val_f1=1.0000 | test_acc=78.26% test_f1=0.7123
Epoch 017 | train_loss=0.0171 | val_acc=100.00% val_f1=1.0000 | test_acc=80.43% test_f1=0.7462
Epoch 018 | train_loss=0.0387 | val_acc=100.00% val_f1=1.0000 | test_acc=82.34% test_f1=0.7735
Epoch 019 | train_loss=0.0225 | val_acc=100.00% val_f1=1.0000 | test_acc=71.47% test_f1=0.5902
Epoch 020 | train_loss=0.0202 | val_acc=100.00% val_f1=1.0000 | test_acc=71.47% test_f1=0.5945
Epoch 021 | train_loss=0.0150 | val_acc=100.00% val_f1=1.0000 | test_acc=72.01% test_f1=0.6192
Epoch 022 | train_loss=0.0191 | val_acc=100.00% val_f1=1.0000 | test_acc=81.79% test_f1=0.7702
Epoch 023 | train_loss=0.0087 | val_acc=100.00% val_f1=1.0000 | test_acc=79.89% test_f1=0.7456
Epoch 024 | train_loss=0.0082 | val_acc=100.00% val_f1=1.0000 | test_acc=77.99% test_f1=0.7201
Epoch 025 | train_loss=0.0097 | val_acc=100.00% val_f1=1.0000 | test_acc=76.90% test_f1=0.7053
Epoch 026 | train_loss=0.0119 | val_acc=100.00% val_f1=1.0000 | test_acc=76.63% test_f1=0.7007
Early stopping at epoch 26 (best=10, score=1.000000)
================================================================================
Best epoch: 10
Best score (val_macro_f1): 1.000000
Final test accuracy: 80.98%
Saved to: /home/huang_kai/wind_turbine_phm/PHOENIX-main/autoencoder_benchmark/ablation_experiments/results/ablation1_sweep/trials/trial_0021_A/ablation1_student_only_tcn_attn_weld_seam_windows_ws5_tf75_pg0_ep80_lr0.00015_bs128_seed127
/usr/local/lib/python3.10/dist-packages/torch/cuda/__init__.py:129: UserWarning: CUDA initialization: Unexpected error from cudaGetDeviceCount(). Did you run some cuda functions before calling NumCudaDevices() that might have already set an error? Error 304: OS call failed or operation not supported on this OS (Triggered internally at /pytorch/c10/cuda/CUDAFunctions.cpp:109.)
  return torch._C._cuda_getDeviceCount() > 0
================================================================================
Ablation-1 | Student-only (13D) with TCN+Attention
================================================================================
Dataset: /home/huang_kai/wind_turbine_phm/PHOENIX-main/autoencoder_benchmark/Data/processed_data/weld_seam_windows_ws5_tf75_pg0.npz
Device: cpu
Train/Val/Test: 1000 / 177 / 368
Drop features: [3, 4, 5, 6, 7]
Epoch 001 | train_loss=0.9981 | val_acc=68.36% val_f1=0.6552 | test_acc=73.91% test_f1=0.7305
Epoch 002 | train_loss=0.6993 | val_acc=76.84% val_f1=0.7867 | test_acc=68.75% test_f1=0.6692
Epoch 003 | train_loss=0.4541 | val_acc=87.57% val_f1=0.8785 | test_acc=85.87% test_f1=0.8374
Epoch 004 | train_loss=0.2975 | val_acc=94.35% val_f1=0.9394 | test_acc=89.13% test_f1=0.8437
Epoch 005 | train_loss=0.1993 | val_acc=96.05% val_f1=0.9573 | test_acc=88.04% test_f1=0.8200
Epoch 006 | train_loss=0.1092 | val_acc=97.74% val_f1=0.9731 | test_acc=88.04% test_f1=0.8128
Epoch 007 | train_loss=0.0860 | val_acc=100.00% val_f1=1.0000 | test_acc=91.58% test_f1=0.8770
Epoch 008 | train_loss=0.0585 | val_acc=100.00% val_f1=1.0000 | test_acc=89.67% test_f1=0.8509
Epoch 009 | train_loss=0.0493 | val_acc=100.00% val_f1=1.0000 | test_acc=84.24% test_f1=0.7551
Epoch 010 | train_loss=0.0330 | val_acc=100.00% val_f1=1.0000 | test_acc=85.33% test_f1=0.7713
Epoch 011 | train_loss=0.0481 | val_acc=100.00% val_f1=1.0000 | test_acc=90.49% test_f1=0.8626
Epoch 012 | train_loss=0.0237 | val_acc=100.00% val_f1=1.0000 | test_acc=88.59% test_f1=0.8482
Epoch 013 | train_loss=0.0339 | val_acc=100.00% val_f1=1.0000 | test_acc=86.41% test_f1=0.8188
Epoch 014 | train_loss=0.0138 | val_acc=100.00% val_f1=1.0000 | test_acc=82.61% test_f1=0.7643
Epoch 015 | train_loss=0.0177 | val_acc=100.00% val_f1=1.0000 | test_acc=85.60% test_f1=0.8070
Epoch 016 | train_loss=0.0115 | val_acc=100.00% val_f1=1.0000 | test_acc=83.42% test_f1=0.7704
Epoch 017 | train_loss=0.0093 | val_acc=100.00% val_f1=1.0000 | test_acc=84.24% test_f1=0.7844
Epoch 018 | train_loss=0.0087 | val_acc=100.00% val_f1=1.0000 | test_acc=85.33% test_f1=0.8039
Epoch 019 | train_loss=0.0076 | val_acc=100.00% val_f1=1.0000 | test_acc=83.70% test_f1=0.7812
Epoch 020 | train_loss=0.0135 | val_acc=100.00% val_f1=1.0000 | test_acc=85.60% test_f1=0.8056
Epoch 021 | train_loss=0.0181 | val_acc=100.00% val_f1=1.0000 | test_acc=86.96% test_f1=0.8282
Epoch 022 | train_loss=0.0060 | val_acc=100.00% val_f1=1.0000 | test_acc=81.52% test_f1=0.7628
Epoch 023 | train_loss=0.0079 | val_acc=100.00% val_f1=1.0000 | test_acc=76.36% test_f1=0.6891
Early stopping at epoch 23 (best=7, score=1.000000)
================================================================================
Best epoch: 7
Best score (val_macro_f1): 1.000000
Final test accuracy: 91.58%
Saved to: /home/huang_kai/wind_turbine_phm/PHOENIX-main/autoencoder_benchmark/ablation_experiments/results/ablation1_sweep/trials/trial_0022_A/ablation1_student_only_tcn_attn_weld_seam_windows_ws5_tf75_pg0_ep80_lr0.0002_bs128_seed122
========================================================================================
Ablation-1 Hyperparameter Sweep
========================================================================================
Dataset: /home/huang_kai/wind_turbine_phm/PHOENIX-main/autoencoder_benchmark/Data/processed_data/weld_seam_windows_ws5_tf75_pg0.npz
Target test_acc: 90.00%
Stage-A runs: 40
[A 001] status=success val_f1=1.0000 test_acc=86.41%
[A 002] status=success val_f1=1.0000 test_acc=79.62%
[A 003] status=success val_f1=1.0000 test_acc=74.18%
[A 004] status=success val_f1=1.0000 test_acc=72.28%
[A 005] status=success val_f1=1.0000 test_acc=81.79%
[A 006] status=success val_f1=1.0000 test_acc=79.08%
[A 007] status=success val_f1=1.0000 test_acc=82.61%
[A 008] status=success val_f1=1.0000 test_acc=77.45%
[A 009] status=success val_f1=1.0000 test_acc=78.26%
[A 010] status=success val_f1=1.0000 test_acc=87.77%
[A 011] status=success val_f1=1.0000 test_acc=80.71%
[A 012] status=success val_f1=1.0000 test_acc=80.16%
[A 013] status=success val_f1=1.0000 test_acc=81.25%
[A 014] status=success val_f1=1.0000 test_acc=82.61%
[A 015] status=success val_f1=1.0000 test_acc=79.08%
[A 016] status=success val_f1=1.0000 test_acc=86.68%
[A 017] status=success val_f1=1.0000 test_acc=80.71%
[A 018] status=success val_f1=1.0000 test_acc=82.61%
[A 019] status=success val_f1=1.0000 test_acc=80.16%
[A 020] status=success val_f1=0.9944 test_acc=82.34%
[A 021] status=success val_f1=1.0000 test_acc=80.98%
[A 022] status=success val_f1=1.0000 test_acc=91.58%
Stop early: reached target at trial 22
========================================================================================
Finished trials: 22
Progress CSV: /home/huang_kai/wind_turbine_phm/PHOENIX-main/autoencoder_benchmark/ablation_experiments/reports/ablation1_sweep_progress.csv
Runtime summary JSON: /home/huang_kai/wind_turbine_phm/PHOENIX-main/autoencoder_benchmark/ablation_experiments/reports/ablation1_sweep_runtime_summary.json
