[stage0] s0_val_macro_f1_seed14 seed=14 | status=success val_f1=1.0000 test_acc=83.71% f1=0.7904
[stage0] s0_val_macro_f1_seed42 seed=42 | status=success val_f1=1.0000 test_acc=74.16% f1=0.6469
[stage0] s0_val_macro_f1_seed77 seed=77 | status=success val_f1=1.0000 test_acc=82.30% f1=0.7467
[stage0] s0_val_macro_f1_seed122 seed=122 | status=success val_f1=1.0000 test_acc=86.52% f1=0.8034
[stage1] s1_l1_o1 seed=14 | status=success val_f1=1.0000 test_acc=81.46% f1=0.7364
[stage1] s1_l1_o2 seed=14 | status=success val_f1=1.0000 test_acc=77.25% f1=0.6672
[stage1] s1_l1_o3 seed=14 | status=success val_f1=1.0000 test_acc=75.56% f1=0.6426
[stage1] s1_l1_o4 seed=14 | status=success val_f1=1.0000 test_acc=81.18% f1=0.7310
[stage1] s1_l2_o1 seed=14 | status=success val_f1=1.0000 test_acc=81.18% f1=0.7286
[stage1] s1_l2_o2 seed=14 | status=success val_f1=1.0000 test_acc=77.25% f1=0.6672
[stage1] s1_l2_o3 seed=14 | status=success val_f1=1.0000 test_acc=76.12% f1=0.6547
[stage1] s1_l2_o4 seed=14 | status=success val_f1=1.0000 test_acc=81.18% f1=0.7310
[stage1] s1_l3_o1 seed=14 | status=success val_f1=1.0000 test_acc=81.18% f1=0.7286
[stage1] s1_l3_o2 seed=14 | status=success val_f1=1.0000 test_acc=77.25% f1=0.6672
[stage1] s1_l3_o3 seed=14 | status=success val_f1=1.0000 test_acc=75.84% f1=0.6515
[stage1] s1_l3_o4 seed=14 | status=success val_f1=1.0000 test_acc=81.18% f1=0.7310
[stage1] s1_l4_o1 seed=14 | status=success val_f1=1.0000 test_acc=81.18% f1=0.7333
[stage1] s1_l4_o2 seed=14 | status=skipped_existing val_f1=1.0000 test_acc=77.25% f1=0.6672
[stage1] s1_l4_o3 seed=14 | status=success val_f1=1.0000 test_acc=82.02% f1=0.7424
[stage1] s1_l4_o4 seed=14 | status=success val_f1=1.0000 test_acc=80.62% f1=0.7249
[stage2] s2_s1_l4_o3_c0 seed=14 | status=success val_f1=1.0000 test_acc=82.02% f1=0.7424
[stage2] s2_s1_l4_o3_c1 seed=14 | status=success val_f1=1.0000 test_acc=80.90% f1=0.7303
[stage2] s2_s1_l4_o3_c2 seed=14 | status=success val_f1=1.0000 test_acc=81.74% f1=0.7345
[stage2] s2_s1_l4_o3_c3 seed=14 | status=invalid_feature_alignment val_f1=-1.0000 test_acc=-100.00% f1=-1.0000
[stage2] s2_s1_l4_o3_c4 seed=14 | status=invalid_feature_alignment val_f1=-1.0000 test_acc=-100.00% f1=-1.0000
[stage2] s2_s1_l4_o3_c5 seed=14 | status=success val_f1=1.0000 test_acc=80.34% f1=0.7283
[stage2] s2_s1_l4_o3_c6 seed=14 | status=success val_f1=1.0000 test_acc=83.43% f1=0.7823
[stage2] s2_s1_l4_o3_c7 seed=14 | status=success val_f1=1.0000 test_acc=80.34% f1=0.7263
[stage2] s2_s1_l1_o1_c0 seed=14 | status=success val_f1=1.0000 test_acc=81.46% f1=0.7364
[stage2] s2_s1_l1_o1_c1 seed=14 | status=success val_f1=1.0000 test_acc=80.34% f1=0.7195
[stage2] s2_s1_l1_o1_c2 seed=14 | status=success val_f1=1.0000 test_acc=81.18% f1=0.7333
[stage2] s2_s1_l1_o1_c3 seed=14 | status=invalid_feature_alignment val_f1=-1.0000 test_acc=-100.00% f1=-1.0000
[stage2] s2_s1_l1_o1_c4 seed=14 | status=invalid_feature_alignment val_f1=-1.0000 test_acc=-100.00% f1=-1.0000
[stage2] s2_s1_l1_o1_c5 seed=14 | status=success val_f1=1.0000 test_acc=80.34% f1=0.7195
[stage2] s2_s1_l1_o1_c6 seed=14 | status=success val_f1=1.0000 test_acc=78.93% f1=0.7160
[stage2] s2_s1_l1_o1_c7 seed=14 | status=success val_f1=1.0000 test_acc=79.21% f1=0.7106
[stage2] s2_s1_l4_o1_c0 seed=14 | status=success val_f1=1.0000 test_acc=81.18% f1=0.7333
[stage2] s2_s1_l4_o1_c1 seed=14 | status=success val_f1=1.0000 test_acc=80.34% f1=0.7219
[stage2] s2_s1_l4_o1_c2 seed=14 | status=success val_f1=1.0000 test_acc=81.18% f1=0.7356
[stage2] s2_s1_l4_o1_c3 seed=14 | status=invalid_feature_alignment val_f1=-1.0000 test_acc=-100.00% f1=-1.0000
[stage2] s2_s1_l4_o1_c4 seed=14 | status=invalid_feature_alignment val_f1=-1.0000 test_acc=-100.00% f1=-1.0000
[stage2] s2_s1_l4_o1_c5 seed=14 | status=success val_f1=1.0000 test_acc=80.34% f1=0.7219
[stage2] s2_s1_l4_o1_c6 seed=14 | status=success val_f1=0.9943 test_acc=85.11% f1=0.7957
[stage2] s2_s1_l4_o1_c7 seed=14 | status=success val_f1=1.0000 test_acc=79.78% f1=0.7179
[stage3] s3_s2_s1_l4_o3_c6_r1 seed=14 | status=success val_f1=1.0000 test_acc=83.43% f1=0.7823
[stage3] s3_s2_s1_l4_o3_c6_r2 seed=14 | status=success val_f1=1.0000 test_acc=82.87% f1=0.7756
[stage3] s3_s2_s1_l4_o3_c6_r3 seed=14 | status=success val_f1=1.0000 test_acc=83.71% f1=0.7856
[stage3] s3_s2_s1_l4_o3_c6_r4 seed=14 | status=success val_f1=1.0000 test_acc=83.71% f1=0.7856
[stage3] s3_s2_s1_l4_o3_c6_r5 seed=14 | status=success val_f1=1.0000 test_acc=83.43% f1=0.7798
[stage3] s3_s2_s1_l4_o3_c0_r1 seed=14 | status=success val_f1=1.0000 test_acc=77.25% f1=0.6672
[stage3] s3_s2_s1_l4_o3_c0_r2 seed=14 | status=success val_f1=1.0000 test_acc=80.06% f1=0.7164
[stage3] s3_s2_s1_l4_o3_c0_r3 seed=14 | status=success val_f1=1.0000 test_acc=75.84% f1=0.6487
[stage3] s3_s2_s1_l4_o3_c0_r4 seed=14 | status=success val_f1=1.0000 test_acc=82.30% f1=0.7477
[stage3] s3_s2_s1_l4_o3_c0_r5 seed=14 | status=success val_f1=1.0000 test_acc=76.12% f1=0.6547
[stage3] s3_s2_s1_l1_o1_c0_r1 seed=14 | status=success val_f1=1.0000 test_acc=77.25% f1=0.6546
[stage3] s3_s2_s1_l1_o1_c0_r2 seed=14 | status=success val_f1=1.0000 test_acc=77.53% f1=0.6703
[stage3] s3_s2_s1_l1_o1_c0_r3 seed=14 | status=success val_f1=1.0000 test_acc=81.74% f1=0.7394
[stage3] s3_s2_s1_l1_o1_c0_r4 seed=14 | status=success val_f1=1.0000 test_acc=81.46% f1=0.7364
[stage3] s3_s2_s1_l1_o1_c0_r5 seed=14 | status=success val_f1=1.0000 test_acc=81.46% f1=0.7340
[stage3] s3_s2_s1_l4_o1_c2_r1 seed=14 | status=success val_f1=1.0000 test_acc=84.27% f1=0.7852
[stage3] s3_s2_s1_l4_o1_c2_r2 seed=14 | status=success val_f1=1.0000 test_acc=78.37% f1=0.6930
[stage3] s3_s2_s1_l4_o1_c2_r3 seed=14 | status=success val_f1=1.0000 test_acc=81.46% f1=0.7364
[stage3] s3_s2_s1_l4_o1_c2_r4 seed=14 | status=success val_f1=1.0000 test_acc=80.90% f1=0.7325
[stage3] s3_s2_s1_l4_o1_c2_r5 seed=14 | status=success val_f1=1.0000 test_acc=81.18% f1=0.7333
[stage4] stage4_s3_s2_s1_l4_o3_c6_r3 seed=7 | status=success val_f1=1.0000 test_acc=84.83% f1=0.8059
[stage4] stage4_s3_s2_s1_l4_o3_c6_r3 seed=21 | status=success val_f1=1.0000 test_acc=74.16% f1=0.6395
[stage4] stage4_s3_s2_s1_l4_o3_c6_r3 seed=77 | status=success val_f1=1.0000 test_acc=80.06% f1=0.7239
[stage4] stage4_s3_s2_s1_l4_o3_c6_r3 seed=122 | status=success val_f1=1.0000 test_acc=82.02% f1=0.7485
[stage4] stage4_s3_s2_s1_l4_o3_c6_r3 seed=183 | status=success val_f1=1.0000 test_acc=80.34% f1=0.7331
[stage4] stage4_s3_s2_s1_l4_o3_c6_r4 seed=7 | status=success val_f1=1.0000 test_acc=84.83% f1=0.8059
[stage4] stage4_s3_s2_s1_l4_o3_c6_r4 seed=21 | status=success val_f1=1.0000 test_acc=74.16% f1=0.6395
[stage4] stage4_s3_s2_s1_l4_o3_c6_r4 seed=77 | status=success val_f1=1.0000 test_acc=79.78% f1=0.7207
[stage4] stage4_s3_s2_s1_l4_o3_c6_r4 seed=122 | status=success val_f1=1.0000 test_acc=82.02% f1=0.7485
[stage4] stage4_s3_s2_s1_l4_o3_c6_r4 seed=183 | status=success val_f1=1.0000 test_acc=80.06% f1=0.7282
[stage4] stage4_s3_s2_s1_l4_o1_c2_r1 seed=7 | status=success val_f1=1.0000 test_acc=83.43% f1=0.7529
[stage4] stage4_s3_s2_s1_l4_o1_c2_r1 seed=21 | status=success val_f1=1.0000 test_acc=79.49% f1=0.7219
[stage4] stage4_s3_s2_s1_l4_o1_c2_r1 seed=77 | status=success val_f1=1.0000 test_acc=82.87% f1=0.7593
[stage4] stage4_s3_s2_s1_l4_o1_c2_r1 seed=122 | status=success val_f1=0.9919 test_acc=84.83% f1=0.7657
[stage4] stage4_s3_s2_s1_l4_o1_c2_r1 seed=183 | status=success val_f1=1.0000 test_acc=82.87% f1=0.7718
[stage4] stage4_s3_s2_s1_l4_o3_c6_r1 seed=7 | status=success val_f1=1.0000 test_acc=80.90% f1=0.7451
[stage4] stage4_s3_s2_s1_l4_o3_c6_r1 seed=21 | status=success val_f1=1.0000 test_acc=76.12% f1=0.6656
[stage4] stage4_s3_s2_s1_l4_o3_c6_r1 seed=77 | status=success val_f1=1.0000 test_acc=81.18% f1=0.7424
[stage4] stage4_s3_s2_s1_l4_o3_c6_r1 seed=122 | status=success val_f1=1.0000 test_acc=86.52% f1=0.8047
[stage4] stage4_s3_s2_s1_l4_o3_c6_r1 seed=183 | status=success val_f1=1.0000 test_acc=83.71% f1=0.7832
[extension] extension_s3_s2_s1_l4_o3_c6_r3 seed=132 | status=success val_f1=1.0000 test_acc=85.11% f1=0.7832
[extension] extension_s3_s2_s1_l4_o3_c6_r3 seed=230 | status=success val_f1=1.0000 test_acc=84.27% f1=0.7761
[extension] extension_s3_s2_s1_l4_o3_c6_r3 seed=314 | status=success val_f1=1.0000 test_acc=81.74% f1=0.7639
[extension] extension_s3_s2_s1_l4_o3_c6_r3 seed=512 | status=success val_f1=1.0000 test_acc=80.90% f1=0.7414
[extension] extension_s3_s2_s1_l4_o3_c6_r3 seed=777 | status=success val_f1=1.0000 test_acc=82.58% f1=0.7593
[extension] extension_s3_s2_s1_l4_o3_c6_r3 seed=1001 | status=success val_f1=1.0000 test_acc=82.58% f1=0.7549
[extension] extension_s3_s2_s1_l4_o3_c6_r4 seed=132 | status=success val_f1=1.0000 test_acc=84.83% f1=0.7802
[extension] extension_s3_s2_s1_l4_o3_c6_r4 seed=230 | status=success val_f1=1.0000 test_acc=84.55% f1=0.7790
[extension] extension_s3_s2_s1_l4_o3_c6_r4 seed=314 | status=success val_f1=1.0000 test_acc=81.18% f1=0.7552
[extension] extension_s3_s2_s1_l4_o3_c6_r4 seed=512 | status=success val_f1=1.0000 test_acc=80.90% f1=0.7414
[extension] extension_s3_s2_s1_l4_o3_c6_r4 seed=777 | status=success val_f1=1.0000 test_acc=82.30% f1=0.7581
[extension] extension_s3_s2_s1_l4_o3_c6_r4 seed=1001 | status=success val_f1=1.0000 test_acc=82.58% f1=0.7549
[extension] extension_s3_s2_s1_l4_o3_c6_r1 seed=132 | status=success val_f1=1.0000 test_acc=85.96% f1=0.7996
[extension] extension_s3_s2_s1_l4_o3_c6_r1 seed=230 | status=success val_f1=1.0000 test_acc=88.48% f1=0.8429
[extension] extension_s3_s2_s1_l4_o3_c6_r1 seed=314 | status=success val_f1=1.0000 test_acc=82.02% f1=0.7704
[extension] extension_s3_s2_s1_l4_o3_c6_r1 seed=512 | status=success val_f1=1.0000 test_acc=81.74% f1=0.7531
[extension] extension_s3_s2_s1_l4_o3_c6_r1 seed=777 | status=success val_f1=1.0000 test_acc=81.18% f1=0.7158
[extension] extension_s3_s2_s1_l4_o3_c6_r1 seed=1001 | status=success val_f1=1.0000 test_acc=80.06% f1=0.7161
[extension] extension_s3_s2_s1_l4_o1_c2_r1 seed=132 | status=success val_f1=1.0000 test_acc=90.45% f1=0.8635
[extension] extension_s3_s2_s1_l4_o1_c2_r1 seed=230 | status=success val_f1=1.0000 test_acc=85.11% f1=0.8159
[extension] extension_s3_s2_s1_l4_o1_c2_r1 seed=314 | status=success val_f1=1.0000 test_acc=86.80% f1=0.8161
[extension] extension_s3_s2_s1_l4_o1_c2_r1 seed=512 | status=success val_f1=1.0000 test_acc=80.62% f1=0.7379
[extension] extension_s3_s2_s1_l4_o1_c2_r1 seed=777 | status=success val_f1=1.0000 test_acc=87.64% f1=0.8362
[extension] extension_s3_s2_s1_l4_o1_c2_r1 seed=1001 | status=success val_f1=1.0000 test_acc=88.76% f1=0.8434
Distill comparison sweep complete.
Report dir: /home/huang_kai/wind_turbine_phm/PHOENIX-main/autoencoder_benchmark/ablation_experiments/h1/reports/comparison_18d_baselines/teacher_student_reference/student_h1_strict_valf1_20260522
