================================================================================
Comparison baseline | model=inception
================================================================================
Dataset: /home/huang_kai/wind_turbine_phm/PHOENIX-main/autoencoder_benchmark/Data/processed_data/weld_seam_windows_ws5_tf75_pg0_h1.npz
Device: cuda
Train/Val/Test: 990 / 175 / 356
Epoch 001 | train_loss=1.0159 | val_acc=46.29% val_f1=0.4581 | test_acc=41.29% test_f1=0.4004
Epoch 002 | train_loss=0.7821 | val_acc=77.14% val_f1=0.7641 | test_acc=70.79% test_f1=0.6933
Epoch 003 | train_loss=0.5889 | val_acc=86.86% val_f1=0.8562 | test_acc=86.52% test_f1=0.8593
Epoch 004 | train_loss=0.4544 | val_acc=91.43% val_f1=0.9082 | test_acc=92.13% test_f1=0.9107
Epoch 005 | train_loss=0.3436 | val_acc=93.14% val_f1=0.9266 | test_acc=91.29% test_f1=0.8932
Epoch 006 | train_loss=0.2459 | val_acc=95.43% val_f1=0.9560 | test_acc=90.45% test_f1=0.8768
Epoch 007 | train_loss=0.2255 | val_acc=96.00% val_f1=0.9613 | test_acc=89.33% test_f1=0.8609
Epoch 008 | train_loss=0.1626 | val_acc=94.86% val_f1=0.9485 | test_acc=88.20% test_f1=0.8420
Epoch 009 | train_loss=0.1183 | val_acc=94.86% val_f1=0.9485 | test_acc=84.83% test_f1=0.7857
Epoch 010 | train_loss=0.0890 | val_acc=95.43% val_f1=0.9533 | test_acc=85.67% test_f1=0.8075
Epoch 011 | train_loss=0.0778 | val_acc=94.86% val_f1=0.9480 | test_acc=84.83% test_f1=0.7985
Epoch 012 | train_loss=0.0721 | val_acc=95.43% val_f1=0.9533 | test_acc=86.80% test_f1=0.8300
Epoch 013 | train_loss=0.0635 | val_acc=96.57% val_f1=0.9639 | test_acc=82.02% test_f1=0.7520
Epoch 014 | train_loss=0.0553 | val_acc=97.14% val_f1=0.9694 | test_acc=78.93% test_f1=0.6917
Epoch 015 | train_loss=0.0452 | val_acc=97.14% val_f1=0.9694 | test_acc=82.02% test_f1=0.7538
Epoch 016 | train_loss=0.0465 | val_acc=97.71% val_f1=0.9749 | test_acc=84.27% test_f1=0.7936
Epoch 017 | train_loss=0.0329 | val_acc=97.71% val_f1=0.9749 | test_acc=82.02% test_f1=0.7544
Epoch 018 | train_loss=0.0354 | val_acc=98.86% val_f1=0.9861 | test_acc=80.62% test_f1=0.7317
Epoch 019 | train_loss=0.0311 | val_acc=98.86% val_f1=0.9861 | test_acc=74.72% test_f1=0.6371
Epoch 020 | train_loss=0.0288 | val_acc=98.86% val_f1=0.9861 | test_acc=76.97% test_f1=0.6819
Epoch 021 | train_loss=0.0317 | val_acc=99.43% val_f1=0.9943 | test_acc=84.83% test_f1=0.8059
Epoch 022 | train_loss=0.0274 | val_acc=99.43% val_f1=0.9943 | test_acc=86.80% test_f1=0.8309
Epoch 023 | train_loss=0.0296 | val_acc=99.43% val_f1=0.9943 | test_acc=85.96% test_f1=0.8177
Epoch 024 | train_loss=0.0252 | val_acc=99.43% val_f1=0.9919 | test_acc=80.90% test_f1=0.7469
Epoch 025 | train_loss=0.0233 | val_acc=99.43% val_f1=0.9919 | test_acc=80.34% test_f1=0.7374
Epoch 026 | train_loss=0.0173 | val_acc=99.43% val_f1=0.9919 | test_acc=78.93% test_f1=0.7158
Epoch 027 | train_loss=0.0159 | val_acc=99.43% val_f1=0.9919 | test_acc=76.69% test_f1=0.6759
Epoch 028 | train_loss=0.0158 | val_acc=100.00% val_f1=1.0000 | test_acc=80.90% test_f1=0.7454
Epoch 029 | train_loss=0.0151 | val_acc=100.00% val_f1=1.0000 | test_acc=83.15% test_f1=0.7777
Epoch 030 | train_loss=0.0108 | val_acc=99.43% val_f1=0.9919 | test_acc=81.46% test_f1=0.7456
Epoch 031 | train_loss=0.0161 | val_acc=99.43% val_f1=0.9919 | test_acc=80.34% test_f1=0.7327
Epoch 032 | train_loss=0.0147 | val_acc=99.43% val_f1=0.9919 | test_acc=80.90% test_f1=0.7454
Epoch 033 | train_loss=0.0111 | val_acc=100.00% val_f1=1.0000 | test_acc=82.58% test_f1=0.7758
Epoch 034 | train_loss=0.0124 | val_acc=100.00% val_f1=1.0000 | test_acc=82.30% test_f1=0.7734
Epoch 035 | train_loss=0.0118 | val_acc=100.00% val_f1=1.0000 | test_acc=79.78% test_f1=0.7362
Epoch 036 | train_loss=0.0120 | val_acc=100.00% val_f1=1.0000 | test_acc=83.15% test_f1=0.7837
Epoch 037 | train_loss=0.0113 | val_acc=100.00% val_f1=1.0000 | test_acc=81.18% test_f1=0.7502
Epoch 038 | train_loss=0.0067 | val_acc=99.43% val_f1=0.9919 | test_acc=78.65% test_f1=0.7008
Epoch 039 | train_loss=0.0065 | val_acc=100.00% val_f1=1.0000 | test_acc=82.58% test_f1=0.7664
Epoch 040 | train_loss=0.0097 | val_acc=100.00% val_f1=1.0000 | test_acc=78.93% test_f1=0.7083
Epoch 041 | train_loss=0.0081 | val_acc=100.00% val_f1=1.0000 | test_acc=83.43% test_f1=0.7807
Epoch 042 | train_loss=0.0092 | val_acc=99.43% val_f1=0.9919 | test_acc=80.62% test_f1=0.7335
Epoch 043 | train_loss=0.0104 | val_acc=100.00% val_f1=1.0000 | test_acc=82.30% test_f1=0.7677
Epoch 044 | train_loss=0.0059 | val_acc=100.00% val_f1=1.0000 | test_acc=82.30% test_f1=0.7690
Early stopping at epoch 44 (best=28, score=1.000000)
================================================================================
Best epoch: 28
Best score (val_macro_f1): 1.000000
Final test accuracy: 80.90%
Saved to: ablation_experiments/h1/results/comparison_18d_baselines/inception/inception_weld_seam_windows_ws5_tf75_pg0_h1_oc24_blk3_bn32_do0.3_ep80_lr0.0003_wd1e-05_bs128_seed14
[A] inception_weld_seam_windows_ws5_tf75_pg0_h1_oc24_blk3_bn32_do0.3_ep80_lr0.0003_wd1e-05_bs128_seed14 | status=success test_acc=80.90% f1=0.7454
================================================================================
Comparison baseline | model=inception
================================================================================
Dataset: /home/huang_kai/wind_turbine_phm/PHOENIX-main/autoencoder_benchmark/Data/processed_data/weld_seam_windows_ws5_tf75_pg0_h1.npz
Device: cuda
Train/Val/Test: 990 / 175 / 356
Epoch 001 | train_loss=1.0660 | val_acc=66.86% val_f1=0.5573 | test_acc=62.36% test_f1=0.4349
Epoch 002 | train_loss=0.8863 | val_acc=72.57% val_f1=0.7014 | test_acc=92.13% test_f1=0.9069
Epoch 003 | train_loss=0.7750 | val_acc=73.14% val_f1=0.7185 | test_acc=95.51% test_f1=0.9481
Epoch 004 | train_loss=0.6666 | val_acc=82.29% val_f1=0.7976 | test_acc=96.91% test_f1=0.9624
Epoch 005 | train_loss=0.5939 | val_acc=86.29% val_f1=0.8445 | test_acc=97.19% test_f1=0.9652
Epoch 006 | train_loss=0.5117 | val_acc=89.14% val_f1=0.8726 | test_acc=96.63% test_f1=0.9568
Epoch 007 | train_loss=0.4471 | val_acc=89.71% val_f1=0.8762 | test_acc=94.38% test_f1=0.9232
Epoch 008 | train_loss=0.3998 | val_acc=90.86% val_f1=0.8927 | test_acc=94.10% test_f1=0.9176
Epoch 009 | train_loss=0.3484 | val_acc=93.14% val_f1=0.9224 | test_acc=93.26% test_f1=0.9046
Epoch 010 | train_loss=0.3093 | val_acc=95.43% val_f1=0.9526 | test_acc=92.42% test_f1=0.8934
Epoch 011 | train_loss=0.2685 | val_acc=96.57% val_f1=0.9667 | test_acc=90.45% test_f1=0.8594
Epoch 012 | train_loss=0.2430 | val_acc=96.57% val_f1=0.9667 | test_acc=91.29% test_f1=0.8766
Epoch 013 | train_loss=0.2053 | val_acc=96.57% val_f1=0.9667 | test_acc=91.85% test_f1=0.8856
Epoch 014 | train_loss=0.2096 | val_acc=98.29% val_f1=0.9830 | test_acc=89.61% test_f1=0.8560
Epoch 015 | train_loss=0.1703 | val_acc=98.29% val_f1=0.9830 | test_acc=89.89% test_f1=0.8606
Epoch 016 | train_loss=0.1380 | val_acc=98.29% val_f1=0.9830 | test_acc=87.36% test_f1=0.8186
Epoch 017 | train_loss=0.1307 | val_acc=97.71% val_f1=0.9772 | test_acc=85.96% test_f1=0.7998
Epoch 018 | train_loss=0.1221 | val_acc=98.29% val_f1=0.9830 | test_acc=86.80% test_f1=0.8160
Epoch 019 | train_loss=0.1166 | val_acc=98.29% val_f1=0.9830 | test_acc=87.36% test_f1=0.8287
Epoch 020 | train_loss=0.1209 | val_acc=98.29% val_f1=0.9830 | test_acc=88.20% test_f1=0.8401
Epoch 021 | train_loss=0.0793 | val_acc=98.29% val_f1=0.9830 | test_acc=86.52% test_f1=0.8138
Epoch 022 | train_loss=0.0968 | val_acc=98.29% val_f1=0.9830 | test_acc=85.96% test_f1=0.8061
Epoch 023 | train_loss=0.0667 | val_acc=98.29% val_f1=0.9830 | test_acc=86.52% test_f1=0.8138
Epoch 024 | train_loss=0.0860 | val_acc=98.29% val_f1=0.9830 | test_acc=87.08% test_f1=0.8249
Epoch 025 | train_loss=0.0736 | val_acc=98.29% val_f1=0.9830 | test_acc=88.76% test_f1=0.8520
Epoch 026 | train_loss=0.0611 | val_acc=98.29% val_f1=0.9830 | test_acc=87.36% test_f1=0.8295
Epoch 027 | train_loss=0.0687 | val_acc=98.29% val_f1=0.9830 | test_acc=89.04% test_f1=0.8564
Epoch 028 | train_loss=0.0612 | val_acc=98.86% val_f1=0.9886 | test_acc=88.48% test_f1=0.8489
Epoch 029 | train_loss=0.0624 | val_acc=98.86% val_f1=0.9886 | test_acc=88.76% test_f1=0.8533
Epoch 030 | train_loss=0.0519 | val_acc=98.86% val_f1=0.9886 | test_acc=88.20% test_f1=0.8458
Epoch 031 | train_loss=0.0709 | val_acc=98.86% val_f1=0.9886 | test_acc=88.20% test_f1=0.8453
Epoch 032 | train_loss=0.0531 | val_acc=99.43% val_f1=0.9943 | test_acc=87.64% test_f1=0.8347
Epoch 033 | train_loss=0.0579 | val_acc=99.43% val_f1=0.9943 | test_acc=88.48% test_f1=0.8502
Epoch 034 | train_loss=0.0468 | val_acc=99.43% val_f1=0.9943 | test_acc=88.20% test_f1=0.8458
Epoch 035 | train_loss=0.0514 | val_acc=100.00% val_f1=1.0000 | test_acc=87.92% test_f1=0.8427
Epoch 036 | train_loss=0.0509 | val_acc=100.00% val_f1=1.0000 | test_acc=85.67% test_f1=0.8094
Epoch 037 | train_loss=0.0407 | val_acc=99.43% val_f1=0.9943 | test_acc=85.96% test_f1=0.8149
Epoch 038 | train_loss=0.0363 | val_acc=100.00% val_f1=1.0000 | test_acc=85.67% test_f1=0.8132
Epoch 039 | train_loss=0.0407 | val_acc=100.00% val_f1=1.0000 | test_acc=85.96% test_f1=0.8149
Epoch 040 | train_loss=0.0345 | val_acc=100.00% val_f1=1.0000 | test_acc=87.64% test_f1=0.8404
Epoch 041 | train_loss=0.0382 | val_acc=100.00% val_f1=1.0000 | test_acc=87.92% test_f1=0.8460
Epoch 042 | train_loss=0.0402 | val_acc=100.00% val_f1=1.0000 | test_acc=87.08% test_f1=0.8364
Epoch 043 | train_loss=0.0454 | val_acc=100.00% val_f1=1.0000 | test_acc=86.24% test_f1=0.8202
Epoch 044 | train_loss=0.0420 | val_acc=100.00% val_f1=1.0000 | test_acc=86.24% test_f1=0.8202
Epoch 045 | train_loss=0.0426 | val_acc=100.00% val_f1=1.0000 | test_acc=87.08% test_f1=0.8334
Epoch 046 | train_loss=0.0328 | val_acc=100.00% val_f1=1.0000 | test_acc=88.48% test_f1=0.8546
Epoch 047 | train_loss=0.0286 | val_acc=99.43% val_f1=0.9943 | test_acc=88.20% test_f1=0.8511
Epoch 048 | train_loss=0.0395 | val_acc=99.43% val_f1=0.9943 | test_acc=88.48% test_f1=0.8554
Epoch 049 | train_loss=0.0584 | val_acc=100.00% val_f1=1.0000 | test_acc=85.39% test_f1=0.8090
Epoch 050 | train_loss=0.0252 | val_acc=100.00% val_f1=1.0000 | test_acc=87.08% test_f1=0.8344
Epoch 051 | train_loss=0.0306 | val_acc=100.00% val_f1=1.0000 | test_acc=87.08% test_f1=0.8329
Early stopping at epoch 51 (best=35, score=1.000000)
================================================================================
Best epoch: 35
Best score (val_macro_f1): 1.000000
Final test accuracy: 87.92%
Saved to: ablation_experiments/h1/results/comparison_18d_baselines/inception/inception_weld_seam_windows_ws5_tf75_pg0_h1_oc16_blk3_bn16_do0.2_ep80_lr0.0002_wd0.0005_bs128_seed183
[A] inception_weld_seam_windows_ws5_tf75_pg0_h1_oc16_blk3_bn16_do0.2_ep80_lr0.0002_wd0.0005_bs128_seed183 | status=success test_acc=87.92% f1=0.8427
================================================================================
Comparison baseline | model=inception
================================================================================
Dataset: /home/huang_kai/wind_turbine_phm/PHOENIX-main/autoencoder_benchmark/Data/processed_data/weld_seam_windows_ws5_tf75_pg0_h1.npz
Device: cuda
Train/Val/Test: 990 / 175 / 356
Epoch 001 | train_loss=1.1276 | val_acc=33.14% val_f1=0.3349 | test_acc=35.67% test_f1=0.3878
Epoch 002 | train_loss=1.0292 | val_acc=56.00% val_f1=0.5707 | test_acc=51.97% test_f1=0.5695
Epoch 003 | train_loss=0.9218 | val_acc=74.29% val_f1=0.7352 | test_acc=74.72% test_f1=0.7744
Epoch 004 | train_loss=0.8656 | val_acc=79.43% val_f1=0.7752 | test_acc=83.71% test_f1=0.8453
Epoch 005 | train_loss=0.7832 | val_acc=86.86% val_f1=0.8498 | test_acc=91.85% test_f1=0.9143
Epoch 006 | train_loss=0.7251 | val_acc=89.14% val_f1=0.8759 | test_acc=96.63% test_f1=0.9598
Epoch 007 | train_loss=0.6849 | val_acc=89.14% val_f1=0.8759 | test_acc=97.75% test_f1=0.9708
Epoch 008 | train_loss=0.5989 | val_acc=92.57% val_f1=0.9214 | test_acc=96.91% test_f1=0.9597
Epoch 009 | train_loss=0.5417 | val_acc=92.00% val_f1=0.9163 | test_acc=96.91% test_f1=0.9597
Epoch 010 | train_loss=0.5178 | val_acc=93.14% val_f1=0.9295 | test_acc=96.91% test_f1=0.9597
Epoch 011 | train_loss=0.4804 | val_acc=93.14% val_f1=0.9295 | test_acc=96.35% test_f1=0.9498
Epoch 012 | train_loss=0.4427 | val_acc=94.29% val_f1=0.9399 | test_acc=96.35% test_f1=0.9496
Epoch 013 | train_loss=0.4141 | val_acc=94.86% val_f1=0.9479 | test_acc=95.79% test_f1=0.9411
Epoch 014 | train_loss=0.3916 | val_acc=94.86% val_f1=0.9479 | test_acc=94.94% test_f1=0.9283
Epoch 015 | train_loss=0.3480 | val_acc=95.43% val_f1=0.9560 | test_acc=94.66% test_f1=0.9240
Epoch 016 | train_loss=0.3220 | val_acc=94.29% val_f1=0.9456 | test_acc=94.66% test_f1=0.9244
Epoch 017 | train_loss=0.3132 | val_acc=95.43% val_f1=0.9560 | test_acc=94.38% test_f1=0.9211
Epoch 018 | train_loss=0.2680 | val_acc=94.86% val_f1=0.9508 | test_acc=94.38% test_f1=0.9200
Epoch 019 | train_loss=0.2740 | val_acc=96.00% val_f1=0.9613 | test_acc=93.82% test_f1=0.9124
Epoch 020 | train_loss=0.2373 | val_acc=96.57% val_f1=0.9667 | test_acc=92.70% test_f1=0.8948
Epoch 021 | train_loss=0.2345 | val_acc=96.57% val_f1=0.9667 | test_acc=92.70% test_f1=0.8948
Epoch 022 | train_loss=0.2129 | val_acc=96.57% val_f1=0.9667 | test_acc=92.98% test_f1=0.8992
Epoch 023 | train_loss=0.1967 | val_acc=96.57% val_f1=0.9667 | test_acc=92.70% test_f1=0.8963
Epoch 024 | train_loss=0.1984 | val_acc=96.57% val_f1=0.9667 | test_acc=92.70% test_f1=0.8978
Epoch 025 | train_loss=0.2131 | val_acc=96.57% val_f1=0.9667 | test_acc=92.98% test_f1=0.9007
Epoch 026 | train_loss=0.1635 | val_acc=97.14% val_f1=0.9721 | test_acc=90.45% test_f1=0.8650
Epoch 027 | train_loss=0.1734 | val_acc=97.14% val_f1=0.9721 | test_acc=89.04% test_f1=0.8453
Epoch 028 | train_loss=0.1698 | val_acc=97.14% val_f1=0.9721 | test_acc=89.33% test_f1=0.8466
Epoch 029 | train_loss=0.1437 | val_acc=98.29% val_f1=0.9830 | test_acc=87.64% test_f1=0.8269
Epoch 030 | train_loss=0.1509 | val_acc=97.71% val_f1=0.9775 | test_acc=89.33% test_f1=0.8499
Epoch 031 | train_loss=0.1533 | val_acc=97.14% val_f1=0.9721 | test_acc=90.73% test_f1=0.8726
Epoch 032 | train_loss=0.1397 | val_acc=97.71% val_f1=0.9775 | test_acc=89.04% test_f1=0.8453
Epoch 033 | train_loss=0.1401 | val_acc=97.71% val_f1=0.9775 | test_acc=88.48% test_f1=0.8408
Epoch 034 | train_loss=0.1204 | val_acc=98.86% val_f1=0.9886 | test_acc=88.48% test_f1=0.8408
Epoch 035 | train_loss=0.1115 | val_acc=97.71% val_f1=0.9775 | test_acc=88.48% test_f1=0.8400
Epoch 036 | train_loss=0.1263 | val_acc=97.71% val_f1=0.9775 | test_acc=87.64% test_f1=0.8260
Epoch 037 | train_loss=0.1091 | val_acc=98.86% val_f1=0.9886 | test_acc=87.36% test_f1=0.8238
Epoch 038 | train_loss=0.1202 | val_acc=97.71% val_f1=0.9775 | test_acc=88.76% test_f1=0.8446
Epoch 039 | train_loss=0.0985 | val_acc=97.14% val_f1=0.9721 | test_acc=88.48% test_f1=0.8400
Epoch 040 | train_loss=0.1049 | val_acc=98.86% val_f1=0.9886 | test_acc=87.36% test_f1=0.8246
Epoch 041 | train_loss=0.1129 | val_acc=98.86% val_f1=0.9886 | test_acc=85.67% test_f1=0.7967
Epoch 042 | train_loss=0.0933 | val_acc=98.86% val_f1=0.9886 | test_acc=87.36% test_f1=0.8246
Epoch 043 | train_loss=0.0962 | val_acc=98.86% val_f1=0.9886 | test_acc=87.92% test_f1=0.8347
Epoch 044 | train_loss=0.0902 | val_acc=98.86% val_f1=0.9886 | test_acc=86.52% test_f1=0.8138
Epoch 045 | train_loss=0.0995 | val_acc=98.86% val_f1=0.9886 | test_acc=87.64% test_f1=0.8293
Epoch 046 | train_loss=0.1086 | val_acc=98.86% val_f1=0.9886 | test_acc=85.67% test_f1=0.7995
Epoch 047 | train_loss=0.0846 | val_acc=98.86% val_f1=0.9886 | test_acc=85.67% test_f1=0.7995
Epoch 048 | train_loss=0.0805 | val_acc=98.86% val_f1=0.9886 | test_acc=87.08% test_f1=0.8199
Epoch 049 | train_loss=0.0789 | val_acc=98.86% val_f1=0.9886 | test_acc=86.80% test_f1=0.8185
Epoch 050 | train_loss=0.0788 | val_acc=99.43% val_f1=0.9943 | test_acc=85.39% test_f1=0.7964
Epoch 051 | train_loss=0.0847 | val_acc=99.43% val_f1=0.9943 | test_acc=85.39% test_f1=0.7964
Epoch 052 | train_loss=0.0782 | val_acc=100.00% val_f1=1.0000 | test_acc=85.96% test_f1=0.8082
Epoch 053 | train_loss=0.0877 | val_acc=98.86% val_f1=0.9886 | test_acc=87.08% test_f1=0.8232
Epoch 054 | train_loss=0.0723 | val_acc=98.86% val_f1=0.9886 | test_acc=85.96% test_f1=0.8043
Epoch 055 | train_loss=0.0782 | val_acc=100.00% val_f1=1.0000 | test_acc=84.55% test_f1=0.7843
Epoch 056 | train_loss=0.0912 | val_acc=98.86% val_f1=0.9886 | test_acc=85.96% test_f1=0.8043
Epoch 057 | train_loss=0.0701 | val_acc=99.43% val_f1=0.9943 | test_acc=84.55% test_f1=0.7817
Epoch 058 | train_loss=0.0803 | val_acc=100.00% val_f1=1.0000 | test_acc=83.99% test_f1=0.7773
Epoch 059 | train_loss=0.0849 | val_acc=100.00% val_f1=1.0000 | test_acc=83.71% test_f1=0.7695
Epoch 060 | train_loss=0.0937 | val_acc=98.86% val_f1=0.9886 | test_acc=85.96% test_f1=0.8043
Epoch 061 | train_loss=0.0729 | val_acc=100.00% val_f1=1.0000 | test_acc=85.96% test_f1=0.8034
Epoch 062 | train_loss=0.0716 | val_acc=99.43% val_f1=0.9943 | test_acc=85.67% test_f1=0.8012
Epoch 063 | train_loss=0.0727 | val_acc=99.43% val_f1=0.9943 | test_acc=83.71% test_f1=0.7665
Epoch 064 | train_loss=0.0759 | val_acc=99.43% val_f1=0.9943 | test_acc=83.71% test_f1=0.7665
Epoch 065 | train_loss=0.0684 | val_acc=98.86% val_f1=0.9886 | test_acc=83.71% test_f1=0.7653
Epoch 066 | train_loss=0.0747 | val_acc=100.00% val_f1=1.0000 | test_acc=82.87% test_f1=0.7541
Epoch 067 | train_loss=0.0805 | val_acc=100.00% val_f1=1.0000 | test_acc=84.83% test_f1=0.7892
Epoch 068 | train_loss=0.0779 | val_acc=100.00% val_f1=1.0000 | test_acc=84.83% test_f1=0.7939
Early stopping at epoch 68 (best=52, score=1.000000)
================================================================================
Best epoch: 52
Best score (val_macro_f1): 1.000000
Final test accuracy: 85.96%
Saved to: ablation_experiments/h1/results/comparison_18d_baselines/inception/inception_weld_seam_windows_ws5_tf75_pg0_h1_oc24_blk3_bn32_do0.2_ep80_lr0.0001_wd0.0002_bs128_seed77
[A] inception_weld_seam_windows_ws5_tf75_pg0_h1_oc24_blk3_bn32_do0.2_ep80_lr0.0001_wd0.0002_bs128_seed77 | status=success test_acc=85.96% f1=0.8082
================================================================================
Comparison baseline | model=inception
================================================================================
Dataset: /home/huang_kai/wind_turbine_phm/PHOENIX-main/autoencoder_benchmark/Data/processed_data/weld_seam_windows_ws5_tf75_pg0_h1.npz
Device: cuda
Train/Val/Test: 990 / 175 / 356
Epoch 001 | train_loss=1.1402 | val_acc=23.43% val_f1=0.1430 | test_acc=20.22% test_f1=0.1325
Epoch 002 | train_loss=1.0827 | val_acc=24.00% val_f1=0.1401 | test_acc=23.03% test_f1=0.1345
Epoch 003 | train_loss=1.0477 | val_acc=24.00% val_f1=0.1416 | test_acc=22.47% test_f1=0.1321
Epoch 004 | train_loss=0.9940 | val_acc=24.57% val_f1=0.1716 | test_acc=26.97% test_f1=0.2205
Epoch 005 | train_loss=0.9456 | val_acc=27.43% val_f1=0.2351 | test_acc=39.61% test_f1=0.3687
Epoch 006 | train_loss=0.9274 | val_acc=38.86% val_f1=0.3752 | test_acc=40.45% test_f1=0.3864
Epoch 007 | train_loss=0.8847 | val_acc=43.43% val_f1=0.4439 | test_acc=40.17% test_f1=0.3994
Epoch 008 | train_loss=0.8251 | val_acc=45.14% val_f1=0.4651 | test_acc=36.80% test_f1=0.3706
Epoch 009 | train_loss=0.8085 | val_acc=45.71% val_f1=0.4718 | test_acc=35.96% test_f1=0.3642
Epoch 010 | train_loss=0.7379 | val_acc=45.71% val_f1=0.4749 | test_acc=37.08% test_f1=0.3820
Epoch 011 | train_loss=0.7148 | val_acc=46.29% val_f1=0.4828 | test_acc=36.80% test_f1=0.3871
Epoch 012 | train_loss=0.6713 | val_acc=48.00% val_f1=0.5060 | test_acc=40.17% test_f1=0.4383
Epoch 013 | train_loss=0.6166 | val_acc=50.86% val_f1=0.5422 | test_acc=43.54% test_f1=0.4681
Epoch 014 | train_loss=0.5517 | val_acc=60.00% val_f1=0.6449 | test_acc=54.21% test_f1=0.5526
Epoch 015 | train_loss=0.5197 | val_acc=65.71% val_f1=0.6988 | test_acc=61.80% test_f1=0.6203
Epoch 016 | train_loss=0.4909 | val_acc=70.86% val_f1=0.7437 | test_acc=66.57% test_f1=0.6648
Epoch 017 | train_loss=0.4452 | val_acc=77.14% val_f1=0.7961 | test_acc=72.47% test_f1=0.7006
Epoch 018 | train_loss=0.3961 | val_acc=81.14% val_f1=0.8287 | test_acc=78.93% test_f1=0.7412
Epoch 019 | train_loss=0.3541 | val_acc=84.57% val_f1=0.8568 | test_acc=80.06% test_f1=0.7382
Epoch 020 | train_loss=0.3213 | val_acc=84.57% val_f1=0.8568 | test_acc=80.62% test_f1=0.7356
Epoch 021 | train_loss=0.3006 | val_acc=88.57% val_f1=0.8916 | test_acc=81.74% test_f1=0.7374
Epoch 022 | train_loss=0.2887 | val_acc=89.71% val_f1=0.9013 | test_acc=83.43% test_f1=0.7668
Epoch 023 | train_loss=0.2614 | val_acc=90.86% val_f1=0.9110 | test_acc=82.87% test_f1=0.7564
Epoch 024 | train_loss=0.2373 | val_acc=91.43% val_f1=0.9159 | test_acc=82.02% test_f1=0.7375
Epoch 025 | train_loss=0.2341 | val_acc=90.86% val_f1=0.9110 | test_acc=79.78% test_f1=0.6981
Epoch 026 | train_loss=0.2160 | val_acc=90.29% val_f1=0.9061 | test_acc=80.62% test_f1=0.7128
Epoch 027 | train_loss=0.2184 | val_acc=90.29% val_f1=0.9061 | test_acc=82.02% test_f1=0.7437
Epoch 028 | train_loss=0.1608 | val_acc=92.57% val_f1=0.9258 | test_acc=81.46% test_f1=0.7360
Epoch 029 | train_loss=0.1480 | val_acc=94.86% val_f1=0.9462 | test_acc=81.46% test_f1=0.7309
Epoch 030 | train_loss=0.1510 | val_acc=94.86% val_f1=0.9462 | test_acc=82.58% test_f1=0.7521
Epoch 031 | train_loss=0.1503 | val_acc=95.43% val_f1=0.9514 | test_acc=80.34% test_f1=0.7086
Epoch 032 | train_loss=0.1383 | val_acc=94.86% val_f1=0.9462 | test_acc=80.62% test_f1=0.7138
Epoch 033 | train_loss=0.1300 | val_acc=95.43% val_f1=0.9538 | test_acc=82.02% test_f1=0.7380
Epoch 034 | train_loss=0.1127 | val_acc=96.00% val_f1=0.9590 | test_acc=78.93% test_f1=0.6878
Epoch 035 | train_loss=0.1332 | val_acc=95.43% val_f1=0.9538 | test_acc=81.74% test_f1=0.7370
Epoch 036 | train_loss=0.1027 | val_acc=96.00% val_f1=0.9590 | test_acc=79.21% test_f1=0.6920
Epoch 037 | train_loss=0.1092 | val_acc=96.00% val_f1=0.9590 | test_acc=78.93% test_f1=0.6917
Epoch 038 | train_loss=0.1017 | val_acc=97.14% val_f1=0.9697 | test_acc=80.06% test_f1=0.7152
Epoch 039 | train_loss=0.1091 | val_acc=96.00% val_f1=0.9590 | test_acc=79.21% test_f1=0.6986
Epoch 040 | train_loss=0.0929 | val_acc=96.00% val_f1=0.9590 | test_acc=80.06% test_f1=0.7140
Epoch 041 | train_loss=0.0802 | val_acc=96.57% val_f1=0.9644 | test_acc=80.90% test_f1=0.7292
Epoch 042 | train_loss=0.0793 | val_acc=96.57% val_f1=0.9644 | test_acc=80.90% test_f1=0.7258
Epoch 043 | train_loss=0.0877 | val_acc=96.57% val_f1=0.9644 | test_acc=80.06% test_f1=0.7188
Epoch 044 | train_loss=0.0776 | val_acc=97.71% val_f1=0.9752 | test_acc=78.65% test_f1=0.6982
Epoch 045 | train_loss=0.0735 | val_acc=97.71% val_f1=0.9752 | test_acc=79.49% test_f1=0.7142
Epoch 046 | train_loss=0.0762 | val_acc=97.71% val_f1=0.9752 | test_acc=78.93% test_f1=0.7040
Epoch 047 | train_loss=0.0626 | val_acc=97.71% val_f1=0.9752 | test_acc=77.81% test_f1=0.6876
Epoch 048 | train_loss=0.0862 | val_acc=97.71% val_f1=0.9752 | test_acc=77.25% test_f1=0.6766
Epoch 049 | train_loss=0.0827 | val_acc=97.71% val_f1=0.9752 | test_acc=76.97% test_f1=0.6722
Epoch 050 | train_loss=0.0589 | val_acc=97.71% val_f1=0.9752 | test_acc=78.93% test_f1=0.7052
Epoch 051 | train_loss=0.0704 | val_acc=97.71% val_f1=0.9752 | test_acc=77.81% test_f1=0.6898
Epoch 052 | train_loss=0.0733 | val_acc=98.29% val_f1=0.9807 | test_acc=78.09% test_f1=0.6958
Epoch 053 | train_loss=0.0643 | val_acc=97.71% val_f1=0.9752 | test_acc=77.25% test_f1=0.6860
Epoch 054 | train_loss=0.0692 | val_acc=97.71% val_f1=0.9752 | test_acc=81.74% test_f1=0.7564
Epoch 055 | train_loss=0.0612 | val_acc=97.71% val_f1=0.9752 | test_acc=82.02% test_f1=0.7596
Epoch 056 | train_loss=0.0631 | val_acc=97.71% val_f1=0.9752 | test_acc=80.62% test_f1=0.7449
Epoch 057 | train_loss=0.0609 | val_acc=98.29% val_f1=0.9807 | test_acc=81.18% test_f1=0.7503
Epoch 058 | train_loss=0.0710 | val_acc=97.71% val_f1=0.9752 | test_acc=79.21% test_f1=0.7128
Epoch 059 | train_loss=0.0599 | val_acc=97.71% val_f1=0.9752 | test_acc=78.37% test_f1=0.7011
Epoch 060 | train_loss=0.0553 | val_acc=97.71% val_f1=0.9752 | test_acc=78.93% test_f1=0.7154
Epoch 061 | train_loss=0.0640 | val_acc=97.71% val_f1=0.9752 | test_acc=78.93% test_f1=0.7096
Epoch 062 | train_loss=0.0594 | val_acc=98.29% val_f1=0.9807 | test_acc=77.53% test_f1=0.6865
Epoch 063 | train_loss=0.0499 | val_acc=97.71% val_f1=0.9752 | test_acc=77.25% test_f1=0.6860
Epoch 064 | train_loss=0.0641 | val_acc=97.71% val_f1=0.9752 | test_acc=79.21% test_f1=0.7168
Epoch 065 | train_loss=0.0523 | val_acc=98.29% val_f1=0.9807 | test_acc=77.25% test_f1=0.6901
Epoch 066 | train_loss=0.0591 | val_acc=98.29% val_f1=0.9807 | test_acc=78.09% test_f1=0.7019
Epoch 067 | train_loss=0.0716 | val_acc=98.86% val_f1=0.9862 | test_acc=75.84% test_f1=0.6681
Epoch 068 | train_loss=0.0606 | val_acc=98.86% val_f1=0.9862 | test_acc=76.69% test_f1=0.6787
Epoch 069 | train_loss=0.0483 | val_acc=98.29% val_f1=0.9807 | test_acc=77.81% test_f1=0.6939
Epoch 070 | train_loss=0.0453 | val_acc=97.71% val_f1=0.9752 | test_acc=77.81% test_f1=0.6946
Epoch 071 | train_loss=0.0613 | val_acc=98.29% val_f1=0.9807 | test_acc=77.25% test_f1=0.6860
Epoch 072 | train_loss=0.0617 | val_acc=98.29% val_f1=0.9807 | test_acc=77.25% test_f1=0.6860
Epoch 073 | train_loss=0.0589 | val_acc=97.71% val_f1=0.9752 | test_acc=79.49% test_f1=0.7200
Epoch 074 | train_loss=0.0571 | val_acc=97.71% val_f1=0.9752 | test_acc=79.49% test_f1=0.7219
Epoch 075 | train_loss=0.0483 | val_acc=97.71% val_f1=0.9752 | test_acc=78.09% test_f1=0.6957
Epoch 076 | train_loss=0.0451 | val_acc=98.29% val_f1=0.9807 | test_acc=76.97% test_f1=0.6806
Epoch 077 | train_loss=0.0511 | val_acc=97.71% val_f1=0.9752 | test_acc=78.93% test_f1=0.7136
Epoch 078 | train_loss=0.0446 | val_acc=97.71% val_f1=0.9752 | test_acc=76.97% test_f1=0.6806
Epoch 079 | train_loss=0.0546 | val_acc=98.29% val_f1=0.9807 | test_acc=77.25% test_f1=0.6839
Epoch 080 | train_loss=0.0467 | val_acc=98.29% val_f1=0.9807 | test_acc=77.53% test_f1=0.6934
================================================================================
Best epoch: 67
Best score (val_macro_f1): 0.986227
Final test accuracy: 75.84%
Saved to: ablation_experiments/h1/results/comparison_18d_baselines/inception/inception_weld_seam_windows_ws5_tf75_pg0_h1_oc16_blk9_bn16_do0.2_ep80_lr0.0001_wd0.0002_bs128_seed14
[A] inception_weld_seam_windows_ws5_tf75_pg0_h1_oc16_blk9_bn16_do0.2_ep80_lr0.0001_wd0.0002_bs128_seed14 | status=success test_acc=75.84% f1=0.6681
================================================================================
Comparison baseline | model=inception
================================================================================
Dataset: /home/huang_kai/wind_turbine_phm/PHOENIX-main/autoencoder_benchmark/Data/processed_data/weld_seam_windows_ws5_tf75_pg0_h1.npz
Device: cuda
Train/Val/Test: 990 / 175 / 356
Epoch 001 | train_loss=0.8582 | val_acc=46.86% val_f1=0.4931 | test_acc=36.80% test_f1=0.3778
Epoch 002 | train_loss=0.4233 | val_acc=89.14% val_f1=0.8986 | test_acc=87.08% test_f1=0.8189
Epoch 003 | train_loss=0.1830 | val_acc=94.29% val_f1=0.9434 | test_acc=89.61% test_f1=0.8477
Epoch 004 | train_loss=0.1045 | val_acc=98.86% val_f1=0.9885 | test_acc=81.18% test_f1=0.7110
Epoch 005 | train_loss=0.1201 | val_acc=98.86% val_f1=0.9885 | test_acc=80.34% test_f1=0.7214
Epoch 006 | train_loss=0.0707 | val_acc=99.43% val_f1=0.9943 | test_acc=83.99% test_f1=0.7726
Epoch 007 | train_loss=0.0381 | val_acc=100.00% val_f1=1.0000 | test_acc=77.81% test_f1=0.6911
Epoch 008 | train_loss=0.0560 | val_acc=98.29% val_f1=0.9830 | test_acc=85.39% test_f1=0.7896
Epoch 009 | train_loss=0.0314 | val_acc=100.00% val_f1=1.0000 | test_acc=83.43% test_f1=0.7603
Epoch 010 | train_loss=0.0176 | val_acc=99.43% val_f1=0.9943 | test_acc=79.21% test_f1=0.6658
Epoch 011 | train_loss=0.0155 | val_acc=99.43% val_f1=0.9943 | test_acc=81.74% test_f1=0.7274
Epoch 012 | train_loss=0.0175 | val_acc=99.43% val_f1=0.9942 | test_acc=77.53% test_f1=0.6876
Epoch 013 | train_loss=0.0136 | val_acc=100.00% val_f1=1.0000 | test_acc=76.12% test_f1=0.6234
Epoch 014 | train_loss=0.0184 | val_acc=98.86% val_f1=0.9886 | test_acc=79.49% test_f1=0.6724
Epoch 015 | train_loss=0.0193 | val_acc=98.86% val_f1=0.9886 | test_acc=79.21% test_f1=0.6863
Epoch 016 | train_loss=0.0186 | val_acc=98.86% val_f1=0.9886 | test_acc=80.62% test_f1=0.7305
Epoch 017 | train_loss=0.0408 | val_acc=100.00% val_f1=1.0000 | test_acc=74.44% test_f1=0.6505
Epoch 018 | train_loss=0.0191 | val_acc=100.00% val_f1=1.0000 | test_acc=75.28% test_f1=0.6423
Epoch 019 | train_loss=0.0158 | val_acc=99.43% val_f1=0.9943 | test_acc=88.20% test_f1=0.8479
Epoch 020 | train_loss=0.0564 | val_acc=99.43% val_f1=0.9943 | test_acc=87.64% test_f1=0.8431
Epoch 021 | train_loss=0.0332 | val_acc=98.86% val_f1=0.9886 | test_acc=85.39% test_f1=0.8023
Epoch 022 | train_loss=0.0094 | val_acc=98.86% val_f1=0.9886 | test_acc=82.02% test_f1=0.7404
Epoch 023 | train_loss=0.0083 | val_acc=98.86% val_f1=0.9886 | test_acc=84.55% test_f1=0.7882
Early stopping at epoch 23 (best=7, score=1.000000)
================================================================================
Best epoch: 7
Best score (val_macro_f1): 1.000000
Final test accuracy: 77.81%
Saved to: ablation_experiments/h1/results/comparison_18d_baselines/inception/inception_weld_seam_windows_ws5_tf75_pg0_h1_oc24_blk9_bn32_do0.3_ep80_lr0.0005_wd0.0002_bs64_seed42
[A] inception_weld_seam_windows_ws5_tf75_pg0_h1_oc24_blk9_bn32_do0.3_ep80_lr0.0005_wd0.0002_bs64_seed42 | status=success test_acc=77.81% f1=0.6911
================================================================================
Comparison baseline | model=inception
================================================================================
Dataset: /home/huang_kai/wind_turbine_phm/PHOENIX-main/autoencoder_benchmark/Data/processed_data/weld_seam_windows_ws5_tf75_pg0_h1.npz
Device: cuda
Train/Val/Test: 990 / 175 / 356
Epoch 001 | train_loss=0.9866 | val_acc=29.71% val_f1=0.2526 | test_acc=33.43% test_f1=0.3395
Epoch 002 | train_loss=0.7440 | val_acc=75.43% val_f1=0.7542 | test_acc=67.42% test_f1=0.7016
Epoch 003 | train_loss=0.5552 | val_acc=87.43% val_f1=0.8661 | test_acc=80.90% test_f1=0.8062
Epoch 004 | train_loss=0.4134 | val_acc=88.57% val_f1=0.8798 | test_acc=85.96% test_f1=0.8424
Epoch 005 | train_loss=0.3000 | val_acc=91.43% val_f1=0.9135 | test_acc=86.52% test_f1=0.8333
Epoch 006 | train_loss=0.2023 | val_acc=94.86% val_f1=0.9436 | test_acc=83.99% test_f1=0.7832
Epoch 007 | train_loss=0.1343 | val_acc=94.86% val_f1=0.9436 | test_acc=86.52% test_f1=0.8304
Epoch 008 | train_loss=0.1150 | val_acc=96.57% val_f1=0.9593 | test_acc=84.55% test_f1=0.7954
Epoch 009 | train_loss=0.0952 | val_acc=96.57% val_f1=0.9593 | test_acc=82.58% test_f1=0.7689
Epoch 010 | train_loss=0.1208 | val_acc=97.71% val_f1=0.9701 | test_acc=77.25% test_f1=0.6878
Epoch 011 | train_loss=0.0691 | val_acc=97.14% val_f1=0.9673 | test_acc=86.24% test_f1=0.8229
Epoch 012 | train_loss=0.0560 | val_acc=98.29% val_f1=0.9755 | test_acc=80.34% test_f1=0.7376
Epoch 013 | train_loss=0.0566 | val_acc=98.29% val_f1=0.9755 | test_acc=76.12% test_f1=0.6641
Epoch 014 | train_loss=0.0338 | val_acc=98.86% val_f1=0.9837 | test_acc=80.34% test_f1=0.7423
Epoch 015 | train_loss=0.0381 | val_acc=100.00% val_f1=1.0000 | test_acc=82.87% test_f1=0.7852
Epoch 016 | train_loss=0.0587 | val_acc=98.29% val_f1=0.9755 | test_acc=76.69% test_f1=0.6916
Epoch 017 | train_loss=0.0309 | val_acc=98.29% val_f1=0.9755 | test_acc=77.81% test_f1=0.7097
Epoch 018 | train_loss=0.0297 | val_acc=98.86% val_f1=0.9837 | test_acc=82.58% test_f1=0.7760
Epoch 019 | train_loss=0.0397 | val_acc=100.00% val_f1=1.0000 | test_acc=76.69% test_f1=0.6931
Epoch 020 | train_loss=0.0420 | val_acc=98.86% val_f1=0.9837 | test_acc=74.72% test_f1=0.6538
Epoch 021 | train_loss=0.0242 | val_acc=100.00% val_f1=1.0000 | test_acc=78.93% test_f1=0.7247
Epoch 022 | train_loss=0.0328 | val_acc=100.00% val_f1=1.0000 | test_acc=81.46% test_f1=0.7657
Epoch 023 | train_loss=0.0453 | val_acc=98.86% val_f1=0.9837 | test_acc=74.72% test_f1=0.6639
Epoch 024 | train_loss=0.0252 | val_acc=98.86% val_f1=0.9837 | test_acc=78.93% test_f1=0.7318
Epoch 025 | train_loss=0.0148 | val_acc=98.29% val_f1=0.9755 | test_acc=76.40% test_f1=0.6796
Epoch 026 | train_loss=0.0187 | val_acc=99.43% val_f1=0.9919 | test_acc=74.16% test_f1=0.6590
Epoch 027 | train_loss=0.0264 | val_acc=98.86% val_f1=0.9837 | test_acc=73.88% test_f1=0.6367
Epoch 028 | train_loss=0.0227 | val_acc=100.00% val_f1=1.0000 | test_acc=80.90% test_f1=0.7468
Epoch 029 | train_loss=0.0168 | val_acc=100.00% val_f1=1.0000 | test_acc=81.46% test_f1=0.7615
Epoch 030 | train_loss=0.0222 | val_acc=100.00% val_f1=1.0000 | test_acc=73.88% test_f1=0.6510
Epoch 031 | train_loss=0.0137 | val_acc=99.43% val_f1=0.9919 | test_acc=75.00% test_f1=0.6568
Early stopping at epoch 31 (best=15, score=1.000000)
================================================================================
Best epoch: 15
Best score (val_macro_f1): 1.000000
Final test accuracy: 82.87%
Saved to: ablation_experiments/h1/results/comparison_18d_baselines/inception/inception_weld_seam_windows_ws5_tf75_pg0_h1_oc16_blk6_bn32_do0.2_ep80_lr0.0002_wd0.0001_bs64_seed100
[A] inception_weld_seam_windows_ws5_tf75_pg0_h1_oc16_blk6_bn32_do0.2_ep80_lr0.0002_wd0.0001_bs64_seed100 | status=success test_acc=82.87% f1=0.7852
================================================================================
Comparison baseline | model=inception
================================================================================
Dataset: /home/huang_kai/wind_turbine_phm/PHOENIX-main/autoencoder_benchmark/Data/processed_data/weld_seam_windows_ws5_tf75_pg0_h1.npz
Device: cuda
Train/Val/Test: 990 / 175 / 356
Epoch 001 | train_loss=1.1907 | val_acc=52.00% val_f1=0.3839 | test_acc=69.66% test_f1=0.4925
Epoch 002 | train_loss=1.0580 | val_acc=57.71% val_f1=0.4489 | test_acc=73.31% test_f1=0.5368
Epoch 003 | train_loss=1.0439 | val_acc=62.86% val_f1=0.5295 | test_acc=76.69% test_f1=0.6160
Epoch 004 | train_loss=0.9739 | val_acc=69.71% val_f1=0.6400 | test_acc=84.55% test_f1=0.7932
Epoch 005 | train_loss=0.9156 | val_acc=75.43% val_f1=0.7119 | test_acc=91.29% test_f1=0.9041
Epoch 006 | train_loss=0.8661 | val_acc=78.29% val_f1=0.7464 | test_acc=91.57% test_f1=0.9143
Epoch 007 | train_loss=0.8344 | val_acc=80.57% val_f1=0.7796 | test_acc=91.29% test_f1=0.9102
Epoch 008 | train_loss=0.7703 | val_acc=83.43% val_f1=0.8166 | test_acc=92.98% test_f1=0.9225
Epoch 009 | train_loss=0.7456 | val_acc=84.57% val_f1=0.8262 | test_acc=92.98% test_f1=0.9211
Epoch 010 | train_loss=0.7125 | val_acc=84.57% val_f1=0.8262 | test_acc=91.85% test_f1=0.9053
Epoch 011 | train_loss=0.6411 | val_acc=85.14% val_f1=0.8293 | test_acc=93.26% test_f1=0.9125
Epoch 012 | train_loss=0.6264 | val_acc=85.14% val_f1=0.8293 | test_acc=93.26% test_f1=0.9121
Epoch 013 | train_loss=0.5858 | val_acc=85.71% val_f1=0.8374 | test_acc=93.54% test_f1=0.9131
Epoch 014 | train_loss=0.5425 | val_acc=85.71% val_f1=0.8374 | test_acc=93.54% test_f1=0.9108
Epoch 015 | train_loss=0.5111 | val_acc=85.71% val_f1=0.8374 | test_acc=92.70% test_f1=0.8978
Epoch 016 | train_loss=0.4892 | val_acc=88.00% val_f1=0.8640 | test_acc=92.13% test_f1=0.8905
Epoch 017 | train_loss=0.4592 | val_acc=88.00% val_f1=0.8640 | test_acc=92.70% test_f1=0.8973
Epoch 018 | train_loss=0.4535 | val_acc=88.57% val_f1=0.8691 | test_acc=92.70% test_f1=0.8968
Epoch 019 | train_loss=0.4614 | val_acc=88.57% val_f1=0.8691 | test_acc=91.85% test_f1=0.8850
Epoch 020 | train_loss=0.4168 | val_acc=91.43% val_f1=0.9095 | test_acc=91.01% test_f1=0.8747
Epoch 021 | train_loss=0.3888 | val_acc=90.86% val_f1=0.9015 | test_acc=91.57% test_f1=0.8821
Epoch 022 | train_loss=0.3765 | val_acc=92.00% val_f1=0.9154 | test_acc=90.17% test_f1=0.8627
Epoch 023 | train_loss=0.3782 | val_acc=92.00% val_f1=0.9154 | test_acc=90.45% test_f1=0.8672
Epoch 024 | train_loss=0.3382 | val_acc=92.00% val_f1=0.9154 | test_acc=90.17% test_f1=0.8627
Epoch 025 | train_loss=0.3327 | val_acc=92.57% val_f1=0.9235 | test_acc=90.45% test_f1=0.8657
Epoch 026 | train_loss=0.3217 | val_acc=93.14% val_f1=0.9295 | test_acc=89.33% test_f1=0.8522
Epoch 027 | train_loss=0.3123 | val_acc=92.57% val_f1=0.9235 | test_acc=89.61% test_f1=0.8567
Epoch 028 | train_loss=0.2959 | val_acc=92.57% val_f1=0.9235 | test_acc=90.45% test_f1=0.8672
Epoch 029 | train_loss=0.2868 | val_acc=92.57% val_f1=0.9235 | test_acc=89.89% test_f1=0.8613
Epoch 030 | train_loss=0.2741 | val_acc=93.14% val_f1=0.9295 | test_acc=89.04% test_f1=0.8492
Epoch 031 | train_loss=0.2807 | val_acc=93.14% val_f1=0.9293 | test_acc=89.33% test_f1=0.8537
Epoch 032 | train_loss=0.2596 | val_acc=94.29% val_f1=0.9434 | test_acc=89.33% test_f1=0.8537
Epoch 033 | train_loss=0.2354 | val_acc=94.29% val_f1=0.9434 | test_acc=89.89% test_f1=0.8582
Epoch 034 | train_loss=0.2349 | val_acc=94.29% val_f1=0.9434 | test_acc=89.61% test_f1=0.8567
Epoch 035 | train_loss=0.2487 | val_acc=94.29% val_f1=0.9434 | test_acc=89.04% test_f1=0.8492
Epoch 036 | train_loss=0.2454 | val_acc=94.86% val_f1=0.9485 | test_acc=88.76% test_f1=0.8462
Epoch 037 | train_loss=0.2280 | val_acc=96.00% val_f1=0.9590 | test_acc=88.48% test_f1=0.8423
Epoch 038 | train_loss=0.2312 | val_acc=96.00% val_f1=0.9590 | test_acc=87.36% test_f1=0.8254
Epoch 039 | train_loss=0.2181 | val_acc=96.00% val_f1=0.9590 | test_acc=87.92% test_f1=0.8347
Epoch 040 | train_loss=0.1976 | val_acc=94.86% val_f1=0.9485 | test_acc=88.76% test_f1=0.8462
Epoch 041 | train_loss=0.1823 | val_acc=94.29% val_f1=0.9434 | test_acc=90.17% test_f1=0.8627
Epoch 042 | train_loss=0.2040 | val_acc=94.29% val_f1=0.9434 | test_acc=89.33% test_f1=0.8537
Epoch 043 | train_loss=0.2011 | val_acc=96.00% val_f1=0.9590 | test_acc=88.20% test_f1=0.8386
Epoch 044 | train_loss=0.1695 | val_acc=96.00% val_f1=0.9590 | test_acc=87.64% test_f1=0.8324
Epoch 045 | train_loss=0.1739 | val_acc=95.43% val_f1=0.9538 | test_acc=88.20% test_f1=0.8386
Epoch 046 | train_loss=0.1849 | val_acc=96.57% val_f1=0.9644 | test_acc=87.64% test_f1=0.8316
Epoch 047 | train_loss=0.1614 | val_acc=96.57% val_f1=0.9644 | test_acc=87.08% test_f1=0.8238
Epoch 048 | train_loss=0.1684 | val_acc=96.00% val_f1=0.9590 | test_acc=88.20% test_f1=0.8400
Epoch 049 | train_loss=0.1722 | val_acc=95.43% val_f1=0.9560 | test_acc=88.48% test_f1=0.8431
Epoch 050 | train_loss=0.1740 | val_acc=96.57% val_f1=0.9644 | test_acc=87.64% test_f1=0.8316
Epoch 051 | train_loss=0.1625 | val_acc=96.57% val_f1=0.9644 | test_acc=87.08% test_f1=0.8238
Epoch 052 | train_loss=0.1574 | val_acc=96.57% val_f1=0.9644 | test_acc=87.08% test_f1=0.8247
Epoch 053 | train_loss=0.1565 | val_acc=97.14% val_f1=0.9721 | test_acc=87.64% test_f1=0.8338
Epoch 054 | train_loss=0.1582 | val_acc=96.00% val_f1=0.9613 | test_acc=88.20% test_f1=0.8400
Epoch 055 | train_loss=0.1738 | val_acc=96.00% val_f1=0.9590 | test_acc=87.36% test_f1=0.8278
Epoch 056 | train_loss=0.1663 | val_acc=96.00% val_f1=0.9590 | test_acc=87.64% test_f1=0.8309
Epoch 057 | train_loss=0.1494 | val_acc=95.43% val_f1=0.9538 | test_acc=87.92% test_f1=0.8355
Epoch 058 | train_loss=0.1632 | val_acc=96.57% val_f1=0.9644 | test_acc=86.80% test_f1=0.8201
Epoch 059 | train_loss=0.1595 | val_acc=96.57% val_f1=0.9644 | test_acc=86.80% test_f1=0.8201
Epoch 060 | train_loss=0.1395 | val_acc=97.14% val_f1=0.9697 | test_acc=85.11% test_f1=0.7971
Epoch 061 | train_loss=0.1335 | val_acc=97.14% val_f1=0.9697 | test_acc=85.96% test_f1=0.8097
Epoch 062 | train_loss=0.1298 | val_acc=97.14% val_f1=0.9721 | test_acc=87.64% test_f1=0.8338
Epoch 063 | train_loss=0.1526 | val_acc=96.57% val_f1=0.9644 | test_acc=87.08% test_f1=0.8247
Epoch 064 | train_loss=0.1404 | val_acc=96.00% val_f1=0.9613 | test_acc=87.36% test_f1=0.8263
Epoch 065 | train_loss=0.1512 | val_acc=97.14% val_f1=0.9721 | test_acc=87.64% test_f1=0.8324
Epoch 066 | train_loss=0.1463 | val_acc=97.14% val_f1=0.9721 | test_acc=87.36% test_f1=0.8269
Epoch 067 | train_loss=0.1361 | val_acc=96.57% val_f1=0.9644 | test_acc=86.80% test_f1=0.8192
Epoch 068 | train_loss=0.1608 | val_acc=97.14% val_f1=0.9721 | test_acc=87.92% test_f1=0.8370
Epoch 069 | train_loss=0.1345 | val_acc=97.14% val_f1=0.9721 | test_acc=88.48% test_f1=0.8452
Early stopping at epoch 69 (best=53, score=0.972065)
================================================================================
Best epoch: 53
Best score (val_macro_f1): 0.972065
Final test accuracy: 87.64%
Saved to: ablation_experiments/h1/results/comparison_18d_baselines/inception/inception_weld_seam_windows_ws5_tf75_pg0_h1_oc24_blk3_bn16_do0.3_ep80_lr0.0001_wd0.0005_bs128_seed183
[A] inception_weld_seam_windows_ws5_tf75_pg0_h1_oc24_blk3_bn16_do0.3_ep80_lr0.0001_wd0.0005_bs128_seed183 | status=success test_acc=87.64% f1=0.8338
================================================================================
Comparison baseline | model=inception
================================================================================
Dataset: /home/huang_kai/wind_turbine_phm/PHOENIX-main/autoencoder_benchmark/Data/processed_data/weld_seam_windows_ws5_tf75_pg0_h1.npz
Device: cuda
Train/Val/Test: 990 / 175 / 356
Epoch 001 | train_loss=1.1642 | val_acc=60.00% val_f1=0.4510 | test_acc=69.10% test_f1=0.5074
Epoch 002 | train_loss=1.0476 | val_acc=60.57% val_f1=0.4547 | test_acc=70.22% test_f1=0.5135
Epoch 003 | train_loss=0.9384 | val_acc=72.00% val_f1=0.5980 | test_acc=79.78% test_f1=0.6561
Epoch 004 | train_loss=0.8392 | val_acc=84.00% val_f1=0.7846 | test_acc=89.89% test_f1=0.8657
Epoch 005 | train_loss=0.7918 | val_acc=88.00% val_f1=0.8429 | test_acc=94.66% test_f1=0.9388
Epoch 006 | train_loss=0.7187 | val_acc=86.86% val_f1=0.8328 | test_acc=96.35% test_f1=0.9596
Epoch 007 | train_loss=0.6832 | val_acc=90.29% val_f1=0.8800 | test_acc=95.79% test_f1=0.9536
Epoch 008 | train_loss=0.5901 | val_acc=90.29% val_f1=0.8861 | test_acc=94.38% test_f1=0.9309
Epoch 009 | train_loss=0.5223 | val_acc=92.57% val_f1=0.9185 | test_acc=93.54% test_f1=0.9183
Epoch 010 | train_loss=0.4877 | val_acc=94.29% val_f1=0.9427 | test_acc=92.42% test_f1=0.9001
Epoch 011 | train_loss=0.4348 | val_acc=93.71% val_f1=0.9353 | test_acc=91.57% test_f1=0.8897
Epoch 012 | train_loss=0.3693 | val_acc=94.29% val_f1=0.9434 | test_acc=91.01% test_f1=0.8797
Epoch 013 | train_loss=0.3519 | val_acc=94.86% val_f1=0.9485 | test_acc=92.70% test_f1=0.9032
Epoch 014 | train_loss=0.3234 | val_acc=94.86% val_f1=0.9485 | test_acc=91.57% test_f1=0.8858
Epoch 015 | train_loss=0.3132 | val_acc=96.00% val_f1=0.9613 | test_acc=91.01% test_f1=0.8822
Epoch 016 | train_loss=0.2654 | val_acc=94.86% val_f1=0.9462 | test_acc=89.61% test_f1=0.8590
Epoch 017 | train_loss=0.2337 | val_acc=96.00% val_f1=0.9566 | test_acc=87.08% test_f1=0.8174
Epoch 018 | train_loss=0.2135 | val_acc=96.57% val_f1=0.9619 | test_acc=85.11% test_f1=0.7971
Epoch 019 | train_loss=0.2043 | val_acc=97.14% val_f1=0.9697 | test_acc=85.11% test_f1=0.7971
Epoch 020 | train_loss=0.1866 | val_acc=97.14% val_f1=0.9697 | test_acc=86.80% test_f1=0.8207
Epoch 021 | train_loss=0.1807 | val_acc=96.57% val_f1=0.9644 | test_acc=85.96% test_f1=0.8051
Epoch 022 | train_loss=0.1636 | val_acc=96.00% val_f1=0.9590 | test_acc=86.80% test_f1=0.8126
Epoch 023 | train_loss=0.1458 | val_acc=96.57% val_f1=0.9644 | test_acc=84.27% test_f1=0.7757
Epoch 024 | train_loss=0.1513 | val_acc=96.57% val_f1=0.9644 | test_acc=85.11% test_f1=0.7868
Epoch 025 | train_loss=0.1490 | val_acc=96.57% val_f1=0.9644 | test_acc=84.27% test_f1=0.7737
Epoch 026 | train_loss=0.1327 | val_acc=97.14% val_f1=0.9697 | test_acc=82.87% test_f1=0.7618
Epoch 027 | train_loss=0.1324 | val_acc=97.71% val_f1=0.9752 | test_acc=78.93% test_f1=0.6918
Epoch 028 | train_loss=0.1119 | val_acc=98.29% val_f1=0.9807 | test_acc=77.25% test_f1=0.6674
Epoch 029 | train_loss=0.1006 | val_acc=98.86% val_f1=0.9862 | test_acc=80.34% test_f1=0.7270
Epoch 030 | train_loss=0.1179 | val_acc=98.86% val_f1=0.9862 | test_acc=81.74% test_f1=0.7517
Epoch 031 | train_loss=0.0906 | val_acc=98.29% val_f1=0.9807 | test_acc=81.18% test_f1=0.7387
Epoch 032 | train_loss=0.1059 | val_acc=98.86% val_f1=0.9862 | test_acc=80.34% test_f1=0.7287
Epoch 033 | train_loss=0.0837 | val_acc=99.43% val_f1=0.9919 | test_acc=79.21% test_f1=0.7082
Epoch 034 | train_loss=0.0787 | val_acc=99.43% val_f1=0.9919 | test_acc=79.49% test_f1=0.7134
Epoch 035 | train_loss=0.0804 | val_acc=99.43% val_f1=0.9919 | test_acc=78.93% test_f1=0.7048
Epoch 036 | train_loss=0.0872 | val_acc=98.86% val_f1=0.9862 | test_acc=82.02% test_f1=0.7564
Epoch 037 | train_loss=0.0768 | val_acc=99.43% val_f1=0.9919 | test_acc=78.65% test_f1=0.6976
Epoch 038 | train_loss=0.0699 | val_acc=99.43% val_f1=0.9919 | test_acc=79.78% test_f1=0.7186
Epoch 039 | train_loss=0.0750 | val_acc=98.86% val_f1=0.9862 | test_acc=78.09% test_f1=0.6835
Epoch 040 | train_loss=0.0787 | val_acc=98.86% val_f1=0.9862 | test_acc=80.90% test_f1=0.7349
Epoch 041 | train_loss=0.0734 | val_acc=98.86% val_f1=0.9862 | test_acc=81.46% test_f1=0.7432
Epoch 042 | train_loss=0.0801 | val_acc=99.43% val_f1=0.9919 | test_acc=80.90% test_f1=0.7399
Epoch 043 | train_loss=0.0475 | val_acc=99.43% val_f1=0.9919 | test_acc=78.65% test_f1=0.6996
Epoch 044 | train_loss=0.0668 | val_acc=99.43% val_f1=0.9919 | test_acc=80.06% test_f1=0.7253
Epoch 045 | train_loss=0.0675 | val_acc=99.43% val_f1=0.9919 | test_acc=77.25% test_f1=0.6782
Epoch 046 | train_loss=0.0644 | val_acc=99.43% val_f1=0.9919 | test_acc=77.53% test_f1=0.6815
Epoch 047 | train_loss=0.0507 | val_acc=99.43% val_f1=0.9919 | test_acc=79.21% test_f1=0.7149
Epoch 048 | train_loss=0.0451 | val_acc=99.43% val_f1=0.9919 | test_acc=76.12% test_f1=0.6629
Epoch 049 | train_loss=0.0482 | val_acc=99.43% val_f1=0.9919 | test_acc=80.62% test_f1=0.7334
Early stopping at epoch 49 (best=33, score=0.991859)
================================================================================
Best epoch: 33
Best score (val_macro_f1): 0.991859
Final test accuracy: 79.21%
Saved to: ablation_experiments/h1/results/comparison_18d_baselines/inception/inception_weld_seam_windows_ws5_tf75_pg0_h1_oc16_blk3_bn32_do0.2_ep80_lr0.0002_wd0.0005_bs128_seed14
[A] inception_weld_seam_windows_ws5_tf75_pg0_h1_oc16_blk3_bn32_do0.2_ep80_lr0.0002_wd0.0005_bs128_seed14 | status=success test_acc=79.21% f1=0.7082
================================================================================
Comparison baseline | model=inception
================================================================================
Dataset: /home/huang_kai/wind_turbine_phm/PHOENIX-main/autoencoder_benchmark/Data/processed_data/weld_seam_windows_ws5_tf75_pg0_h1.npz
Device: cuda
Train/Val/Test: 990 / 175 / 356
Epoch 001 | train_loss=1.0423 | val_acc=42.86% val_f1=0.4208 | test_acc=31.18% test_f1=0.2991
Epoch 002 | train_loss=0.8382 | val_acc=70.86% val_f1=0.7351 | test_acc=51.69% test_f1=0.5286
Epoch 003 | train_loss=0.7207 | val_acc=86.86% val_f1=0.8717 | test_acc=88.76% test_f1=0.8609
Epoch 004 | train_loss=0.5754 | val_acc=92.00% val_f1=0.9191 | test_acc=91.01% test_f1=0.8782
Epoch 005 | train_loss=0.4560 | val_acc=94.29% val_f1=0.9434 | test_acc=89.33% test_f1=0.8483
Epoch 006 | train_loss=0.3734 | val_acc=94.29% val_f1=0.9434 | test_acc=89.04% test_f1=0.8443
Epoch 007 | train_loss=0.2960 | val_acc=94.86% val_f1=0.9485 | test_acc=88.76% test_f1=0.8406
Epoch 008 | train_loss=0.2250 | val_acc=96.57% val_f1=0.9644 | test_acc=87.36% test_f1=0.8186
Epoch 009 | train_loss=0.1861 | val_acc=95.43% val_f1=0.9560 | test_acc=89.33% test_f1=0.8499
Epoch 010 | train_loss=0.1841 | val_acc=94.86% val_f1=0.9485 | test_acc=86.80% test_f1=0.8088
Epoch 011 | train_loss=0.1744 | val_acc=98.86% val_f1=0.9886 | test_acc=84.83% test_f1=0.7754
Epoch 012 | train_loss=0.1338 | val_acc=98.86% val_f1=0.9886 | test_acc=82.58% test_f1=0.7370
Epoch 013 | train_loss=0.1021 | val_acc=99.43% val_f1=0.9943 | test_acc=78.37% test_f1=0.6775
Epoch 014 | train_loss=0.1028 | val_acc=98.86% val_f1=0.9886 | test_acc=84.27% test_f1=0.7737
Epoch 015 | train_loss=0.0722 | val_acc=98.86% val_f1=0.9886 | test_acc=82.02% test_f1=0.7405
Epoch 016 | train_loss=0.0645 | val_acc=100.00% val_f1=1.0000 | test_acc=78.65% test_f1=0.6910
Epoch 017 | train_loss=0.0663 | val_acc=98.86% val_f1=0.9886 | test_acc=83.15% test_f1=0.7632
Epoch 018 | train_loss=0.0546 | val_acc=100.00% val_f1=1.0000 | test_acc=78.65% test_f1=0.6886
Epoch 019 | train_loss=0.0477 | val_acc=100.00% val_f1=1.0000 | test_acc=77.81% test_f1=0.6712
Epoch 020 | train_loss=0.0557 | val_acc=99.43% val_f1=0.9943 | test_acc=82.58% test_f1=0.7510
Epoch 021 | train_loss=0.0525 | val_acc=100.00% val_f1=1.0000 | test_acc=76.12% test_f1=0.6629
Epoch 022 | train_loss=0.0300 | val_acc=100.00% val_f1=1.0000 | test_acc=76.97% test_f1=0.6615
Epoch 023 | train_loss=0.0389 | val_acc=100.00% val_f1=1.0000 | test_acc=75.84% test_f1=0.6508
Epoch 024 | train_loss=0.0257 | val_acc=100.00% val_f1=1.0000 | test_acc=74.72% test_f1=0.6270
Epoch 025 | train_loss=0.0287 | val_acc=100.00% val_f1=1.0000 | test_acc=74.72% test_f1=0.6393
Epoch 026 | train_loss=0.0350 | val_acc=100.00% val_f1=1.0000 | test_acc=77.25% test_f1=0.6841
Epoch 027 | train_loss=0.0394 | val_acc=100.00% val_f1=1.0000 | test_acc=77.25% test_f1=0.6871
Epoch 028 | train_loss=0.0329 | val_acc=100.00% val_f1=1.0000 | test_acc=74.72% test_f1=0.6371
Epoch 029 | train_loss=0.0658 | val_acc=100.00% val_f1=1.0000 | test_acc=73.03% test_f1=0.6039
Epoch 030 | train_loss=0.0337 | val_acc=98.86% val_f1=0.9886 | test_acc=86.52% test_f1=0.8113
Epoch 031 | train_loss=0.0193 | val_acc=100.00% val_f1=1.0000 | test_acc=80.90% test_f1=0.7337
Epoch 032 | train_loss=0.0200 | val_acc=100.00% val_f1=1.0000 | test_acc=78.37% test_f1=0.6980
Early stopping at epoch 32 (best=16, score=1.000000)
================================================================================
Best epoch: 16
Best score (val_macro_f1): 1.000000
Final test accuracy: 78.65%
Saved to: ablation_experiments/h1/results/comparison_18d_baselines/inception/inception_weld_seam_windows_ws5_tf75_pg0_h1_oc32_blk6_bn16_do0.1_ep80_lr0.0001_wd0.0002_bs64_seed42
[A] inception_weld_seam_windows_ws5_tf75_pg0_h1_oc32_blk6_bn16_do0.1_ep80_lr0.0001_wd0.0002_bs64_seed42 | status=success test_acc=78.65% f1=0.6910
================================================================================
Comparison baseline | model=inception
================================================================================
Dataset: /home/huang_kai/wind_turbine_phm/PHOENIX-main/autoencoder_benchmark/Data/processed_data/weld_seam_windows_ws5_tf75_pg0_h1.npz
Device: cuda
Train/Val/Test: 990 / 175 / 356
Epoch 001 | train_loss=1.1221 | val_acc=24.57% val_f1=0.1465 | test_acc=23.31% test_f1=0.1263
Epoch 002 | train_loss=0.9870 | val_acc=32.57% val_f1=0.3133 | test_acc=26.69% test_f1=0.1837
Epoch 003 | train_loss=0.8740 | val_acc=44.57% val_f1=0.4705 | test_acc=38.20% test_f1=0.3877
Epoch 004 | train_loss=0.7972 | val_acc=68.00% val_f1=0.7097 | test_acc=55.06% test_f1=0.5953
Epoch 005 | train_loss=0.6867 | val_acc=80.57% val_f1=0.8175 | test_acc=75.00% test_f1=0.7714
Epoch 006 | train_loss=0.6148 | val_acc=88.00% val_f1=0.8810 | test_acc=85.11% test_f1=0.8419
Epoch 007 | train_loss=0.5288 | val_acc=89.14% val_f1=0.8908 | test_acc=88.48% test_f1=0.8753
Epoch 008 | train_loss=0.4614 | val_acc=90.29% val_f1=0.9018 | test_acc=89.33% test_f1=0.8717
Epoch 009 | train_loss=0.4208 | val_acc=90.29% val_f1=0.9018 | test_acc=90.45% test_f1=0.8822
Epoch 010 | train_loss=0.3346 | val_acc=93.14% val_f1=0.9298 | test_acc=91.01% test_f1=0.8845
Epoch 011 | train_loss=0.2936 | val_acc=93.71% val_f1=0.9349 | test_acc=90.45% test_f1=0.8781
Epoch 012 | train_loss=0.2673 | val_acc=93.71% val_f1=0.9349 | test_acc=89.61% test_f1=0.8659
Epoch 013 | train_loss=0.2352 | val_acc=93.71% val_f1=0.9349 | test_acc=89.61% test_f1=0.8652
Epoch 014 | train_loss=0.1960 | val_acc=94.29% val_f1=0.9404 | test_acc=88.76% test_f1=0.8561
Epoch 015 | train_loss=0.1725 | val_acc=96.00% val_f1=0.9561 | test_acc=88.76% test_f1=0.8574
Epoch 016 | train_loss=0.1590 | val_acc=96.00% val_f1=0.9561 | test_acc=88.48% test_f1=0.8543
Epoch 017 | train_loss=0.1463 | val_acc=96.00% val_f1=0.9561 | test_acc=88.48% test_f1=0.8543
Epoch 018 | train_loss=0.1231 | val_acc=96.57% val_f1=0.9639 | test_acc=87.64% test_f1=0.8448
Epoch 019 | train_loss=0.1085 | val_acc=97.14% val_f1=0.9694 | test_acc=87.36% test_f1=0.8416
Epoch 020 | train_loss=0.0992 | val_acc=97.14% val_f1=0.9694 | test_acc=86.52% test_f1=0.8287
Epoch 021 | train_loss=0.0938 | val_acc=97.71% val_f1=0.9749 | test_acc=87.64% test_f1=0.8479
Epoch 022 | train_loss=0.0856 | val_acc=98.29% val_f1=0.9804 | test_acc=87.36% test_f1=0.8446
Epoch 023 | train_loss=0.0754 | val_acc=97.71% val_f1=0.9749 | test_acc=87.64% test_f1=0.8479
Epoch 024 | train_loss=0.0685 | val_acc=97.71% val_f1=0.9749 | test_acc=87.64% test_f1=0.8479
Epoch 025 | train_loss=0.0670 | val_acc=98.86% val_f1=0.9862 | test_acc=87.36% test_f1=0.8437
Epoch 026 | train_loss=0.0670 | val_acc=98.29% val_f1=0.9804 | test_acc=85.11% test_f1=0.8134
Epoch 027 | train_loss=0.0552 | val_acc=98.29% val_f1=0.9804 | test_acc=84.55% test_f1=0.8048
Epoch 028 | train_loss=0.0610 | val_acc=98.86% val_f1=0.9861 | test_acc=84.27% test_f1=0.7999
Epoch 029 | train_loss=0.0470 | val_acc=99.43% val_f1=0.9943 | test_acc=86.24% test_f1=0.8276
Epoch 030 | train_loss=0.0485 | val_acc=99.43% val_f1=0.9943 | test_acc=87.08% test_f1=0.8404
Epoch 031 | train_loss=0.0456 | val_acc=99.43% val_f1=0.9943 | test_acc=86.52% test_f1=0.8338
Epoch 032 | train_loss=0.0350 | val_acc=99.43% val_f1=0.9943 | test_acc=85.67% test_f1=0.8210
Epoch 033 | train_loss=0.0384 | val_acc=99.43% val_f1=0.9943 | test_acc=84.27% test_f1=0.8014
Epoch 034 | train_loss=0.0408 | val_acc=99.43% val_f1=0.9943 | test_acc=86.80% test_f1=0.8379
Epoch 035 | train_loss=0.0318 | val_acc=99.43% val_f1=0.9943 | test_acc=86.80% test_f1=0.8379
Epoch 036 | train_loss=0.0297 | val_acc=100.00% val_f1=1.0000 | test_acc=85.96% test_f1=0.8262
Epoch 037 | train_loss=0.0458 | val_acc=100.00% val_f1=1.0000 | test_acc=83.71% test_f1=0.7937
Epoch 038 | train_loss=0.0321 | val_acc=100.00% val_f1=1.0000 | test_acc=85.96% test_f1=0.8253
Epoch 039 | train_loss=0.0306 | val_acc=100.00% val_f1=1.0000 | test_acc=85.11% test_f1=0.8124
Epoch 040 | train_loss=0.0241 | val_acc=100.00% val_f1=1.0000 | test_acc=84.27% test_f1=0.7993
Epoch 041 | train_loss=0.0236 | val_acc=100.00% val_f1=1.0000 | test_acc=84.83% test_f1=0.8081
Epoch 042 | train_loss=0.0290 | val_acc=100.00% val_f1=1.0000 | test_acc=85.67% test_f1=0.8220
Epoch 043 | train_loss=0.0239 | val_acc=100.00% val_f1=1.0000 | test_acc=84.55% test_f1=0.8058
Epoch 044 | train_loss=0.0257 | val_acc=100.00% val_f1=1.0000 | test_acc=84.27% test_f1=0.8014
Epoch 045 | train_loss=0.0302 | val_acc=100.00% val_f1=1.0000 | test_acc=84.55% test_f1=0.8075
Epoch 046 | train_loss=0.0199 | val_acc=100.00% val_f1=1.0000 | test_acc=85.96% test_f1=0.8278
Epoch 047 | train_loss=0.0235 | val_acc=99.43% val_f1=0.9943 | test_acc=87.36% test_f1=0.8446
Epoch 048 | train_loss=0.0195 | val_acc=100.00% val_f1=1.0000 | test_acc=85.39% test_f1=0.8168
Epoch 049 | train_loss=0.0195 | val_acc=100.00% val_f1=1.0000 | test_acc=84.83% test_f1=0.8091
Epoch 050 | train_loss=0.0173 | val_acc=100.00% val_f1=1.0000 | test_acc=84.83% test_f1=0.8109
Epoch 051 | train_loss=0.0219 | val_acc=100.00% val_f1=1.0000 | test_acc=85.11% test_f1=0.8134
Epoch 052 | train_loss=0.0189 | val_acc=100.00% val_f1=1.0000 | test_acc=86.52% test_f1=0.8346
Early stopping at epoch 52 (best=36, score=1.000000)
================================================================================
Best epoch: 36
Best score (val_macro_f1): 1.000000
Final test accuracy: 85.96%
Saved to: ablation_experiments/h1/results/comparison_18d_baselines/inception/inception_weld_seam_windows_ws5_tf75_pg0_h1_oc16_blk6_bn32_do0.1_ep80_lr0.0001_wd0.0005_bs128_seed122
[A] inception_weld_seam_windows_ws5_tf75_pg0_h1_oc16_blk6_bn32_do0.1_ep80_lr0.0001_wd0.0005_bs128_seed122 | status=success test_acc=85.96% f1=0.8262
================================================================================
Comparison baseline | model=inception
================================================================================
Dataset: /home/huang_kai/wind_turbine_phm/PHOENIX-main/autoencoder_benchmark/Data/processed_data/weld_seam_windows_ws5_tf75_pg0_h1.npz
Device: cuda
Train/Val/Test: 990 / 175 / 356
Epoch 001 | train_loss=0.8246 | val_acc=85.14% val_f1=0.8249 | test_acc=96.35% test_f1=0.9532
Epoch 002 | train_loss=0.4287 | val_acc=94.86% val_f1=0.9373 | test_acc=92.70% test_f1=0.9044
Epoch 003 | train_loss=0.1910 | val_acc=94.86% val_f1=0.9462 | test_acc=90.17% test_f1=0.8665
Epoch 004 | train_loss=0.1436 | val_acc=97.14% val_f1=0.9697 | test_acc=90.45% test_f1=0.8759
Epoch 005 | train_loss=0.0988 | val_acc=95.43% val_f1=0.9538 | test_acc=84.27% test_f1=0.7716
Epoch 006 | train_loss=0.0751 | val_acc=97.71% val_f1=0.9752 | test_acc=82.87% test_f1=0.7498
Epoch 007 | train_loss=0.0749 | val_acc=97.14% val_f1=0.9721 | test_acc=88.48% test_f1=0.8465
Epoch 008 | train_loss=0.0551 | val_acc=98.86% val_f1=0.9862 | test_acc=87.36% test_f1=0.8333
Epoch 009 | train_loss=0.0475 | val_acc=100.00% val_f1=1.0000 | test_acc=80.06% test_f1=0.7294
Epoch 010 | train_loss=0.0414 | val_acc=98.86% val_f1=0.9862 | test_acc=78.93% test_f1=0.6843
Epoch 011 | train_loss=0.0246 | val_acc=100.00% val_f1=1.0000 | test_acc=88.20% test_f1=0.8445
Epoch 012 | train_loss=0.0332 | val_acc=99.43% val_f1=0.9919 | test_acc=79.21% test_f1=0.6999
Epoch 013 | train_loss=0.0249 | val_acc=99.43% val_f1=0.9919 | test_acc=80.06% test_f1=0.7445
Epoch 014 | train_loss=0.0402 | val_acc=100.00% val_f1=1.0000 | test_acc=85.11% test_f1=0.8092
Epoch 015 | train_loss=0.0216 | val_acc=99.43% val_f1=0.9919 | test_acc=78.93% test_f1=0.6955
Epoch 016 | train_loss=0.0188 | val_acc=99.43% val_f1=0.9919 | test_acc=79.21% test_f1=0.6986
Epoch 017 | train_loss=0.0348 | val_acc=100.00% val_f1=1.0000 | test_acc=79.49% test_f1=0.7322
Epoch 018 | train_loss=0.0118 | val_acc=100.00% val_f1=1.0000 | test_acc=81.46% test_f1=0.7636
Epoch 019 | train_loss=0.0226 | val_acc=100.00% val_f1=1.0000 | test_acc=79.78% test_f1=0.7375
Epoch 020 | train_loss=0.0205 | val_acc=100.00% val_f1=1.0000 | test_acc=77.53% test_f1=0.7062
Epoch 021 | train_loss=0.0126 | val_acc=99.43% val_f1=0.9919 | test_acc=73.60% test_f1=0.6212
Epoch 022 | train_loss=0.0070 | val_acc=100.00% val_f1=1.0000 | test_acc=77.81% test_f1=0.7128
Epoch 023 | train_loss=0.0110 | val_acc=100.00% val_f1=1.0000 | test_acc=75.28% test_f1=0.6992
Epoch 024 | train_loss=0.0148 | val_acc=100.00% val_f1=1.0000 | test_acc=72.75% test_f1=0.6440
Epoch 025 | train_loss=0.0146 | val_acc=99.43% val_f1=0.9919 | test_acc=76.12% test_f1=0.6926
Early stopping at epoch 25 (best=9, score=1.000000)
================================================================================
Best epoch: 9
Best score (val_macro_f1): 1.000000
Final test accuracy: 80.06%
Saved to: ablation_experiments/h1/results/comparison_18d_baselines/inception/inception_weld_seam_windows_ws5_tf75_pg0_h1_oc24_blk3_bn32_do0.3_ep80_lr0.0005_wd0.0005_bs64_seed14
[A] inception_weld_seam_windows_ws5_tf75_pg0_h1_oc24_blk3_bn32_do0.3_ep80_lr0.0005_wd0.0005_bs64_seed14 | status=success test_acc=80.06% f1=0.7294
================================================================================
Comparison baseline | model=inception
================================================================================
Dataset: /home/huang_kai/wind_turbine_phm/PHOENIX-main/autoencoder_benchmark/Data/processed_data/weld_seam_windows_ws5_tf75_pg0_h1.npz
Device: cuda
Train/Val/Test: 990 / 175 / 356
Epoch 001 | train_loss=0.8842 | val_acc=73.14% val_f1=0.7140 | test_acc=86.80% test_f1=0.8511
Epoch 002 | train_loss=0.6182 | val_acc=85.14% val_f1=0.8441 | test_acc=95.22% test_f1=0.9372
Epoch 003 | train_loss=0.3840 | val_acc=93.14% val_f1=0.9315 | test_acc=91.57% test_f1=0.8830
Epoch 004 | train_loss=0.2667 | val_acc=96.00% val_f1=0.9606 | test_acc=91.01% test_f1=0.8784
Epoch 005 | train_loss=0.2046 | val_acc=97.14% val_f1=0.9721 | test_acc=87.08% test_f1=0.8137
Epoch 006 | train_loss=0.1535 | val_acc=98.29% val_f1=0.9830 | test_acc=89.61% test_f1=0.8590
Epoch 007 | train_loss=0.1258 | val_acc=100.00% val_f1=1.0000 | test_acc=85.96% test_f1=0.8016
Epoch 008 | train_loss=0.1297 | val_acc=97.14% val_f1=0.9721 | test_acc=85.11% test_f1=0.7848
Epoch 009 | train_loss=0.1059 | val_acc=100.00% val_f1=1.0000 | test_acc=78.93% test_f1=0.6966
Epoch 010 | train_loss=0.0816 | val_acc=100.00% val_f1=1.0000 | test_acc=84.83% test_f1=0.8046
Epoch 011 | train_loss=0.0599 | val_acc=100.00% val_f1=1.0000 | test_acc=80.62% test_f1=0.7320
Epoch 012 | train_loss=0.0695 | val_acc=100.00% val_f1=1.0000 | test_acc=82.02% test_f1=0.7405
Epoch 013 | train_loss=0.0557 | val_acc=100.00% val_f1=1.0000 | test_acc=85.11% test_f1=0.8047
Epoch 014 | train_loss=0.0407 | val_acc=100.00% val_f1=1.0000 | test_acc=83.99% test_f1=0.7854
Epoch 015 | train_loss=0.0644 | val_acc=100.00% val_f1=1.0000 | test_acc=82.02% test_f1=0.7631
Epoch 016 | train_loss=0.0483 | val_acc=100.00% val_f1=1.0000 | test_acc=81.18% test_f1=0.7513
Epoch 017 | train_loss=0.0325 | val_acc=100.00% val_f1=1.0000 | test_acc=76.69% test_f1=0.6556
Epoch 018 | train_loss=0.0310 | val_acc=100.00% val_f1=1.0000 | test_acc=77.25% test_f1=0.6787
Epoch 019 | train_loss=0.0255 | val_acc=100.00% val_f1=1.0000 | test_acc=82.30% test_f1=0.7535
Epoch 020 | train_loss=0.0272 | val_acc=100.00% val_f1=1.0000 | test_acc=77.53% test_f1=0.6892
Epoch 021 | train_loss=0.0481 | val_acc=100.00% val_f1=1.0000 | test_acc=80.90% test_f1=0.7476
Epoch 022 | train_loss=0.0453 | val_acc=100.00% val_f1=1.0000 | test_acc=74.16% test_f1=0.6407
Epoch 023 | train_loss=0.0625 | val_acc=100.00% val_f1=1.0000 | test_acc=80.34% test_f1=0.7537
Early stopping at epoch 23 (best=7, score=1.000000)
================================================================================
Best epoch: 7
Best score (val_macro_f1): 1.000000
Final test accuracy: 85.96%
Saved to: ablation_experiments/h1/results/comparison_18d_baselines/inception/inception_weld_seam_windows_ws5_tf75_pg0_h1_oc16_blk3_bn16_do0.2_ep80_lr0.0005_wd1e-05_bs64_seed77
[A] inception_weld_seam_windows_ws5_tf75_pg0_h1_oc16_blk3_bn16_do0.2_ep80_lr0.0005_wd1e-05_bs64_seed77 | status=success test_acc=85.96% f1=0.8016
Sweep complete for model=inception
Report dir: ablation_experiments/h1/reports/comparison_18d_baselines/round1/inception
