================================================================================
Comparison baseline | model=lstm
================================================================================
Dataset: /home/huang_kai/wind_turbine_phm/PHOENIX-main/autoencoder_benchmark/Data/processed_data/weld_seam_windows_ws5_tf75_pg0_h1.npz
Device: cuda
Train/Val/Test: 990 / 175 / 356
Epoch 001 | train_loss=1.0874 | val_acc=25.71% val_f1=0.1908 | test_acc=24.72% test_f1=0.2058
Epoch 002 | train_loss=1.0715 | val_acc=36.57% val_f1=0.3360 | test_acc=39.33% test_f1=0.3840
Epoch 003 | train_loss=1.0531 | val_acc=52.00% val_f1=0.5132 | test_acc=53.37% test_f1=0.5473
Epoch 004 | train_loss=1.0360 | val_acc=67.43% val_f1=0.6590 | test_acc=68.26% test_f1=0.6856
Epoch 005 | train_loss=1.0100 | val_acc=72.00% val_f1=0.6960 | test_acc=71.91% test_f1=0.7200
Epoch 006 | train_loss=0.9889 | val_acc=74.86% val_f1=0.7198 | test_acc=79.21% test_f1=0.7873
Epoch 007 | train_loss=0.9677 | val_acc=77.14% val_f1=0.7380 | test_acc=89.04% test_f1=0.8751
Epoch 008 | train_loss=0.9341 | val_acc=79.43% val_f1=0.7558 | test_acc=90.73% test_f1=0.8919
Epoch 009 | train_loss=0.9045 | val_acc=80.00% val_f1=0.7603 | test_acc=94.38% test_f1=0.9266
Epoch 010 | train_loss=0.8505 | val_acc=80.00% val_f1=0.7603 | test_acc=94.94% test_f1=0.9316
Epoch 011 | train_loss=0.8070 | val_acc=80.00% val_f1=0.7603 | test_acc=94.94% test_f1=0.9302
Epoch 012 | train_loss=0.8092 | val_acc=80.57% val_f1=0.7649 | test_acc=95.51% test_f1=0.9372
Epoch 013 | train_loss=0.7336 | val_acc=81.14% val_f1=0.7694 | test_acc=96.07% test_f1=0.9442
Epoch 014 | train_loss=0.7122 | val_acc=82.29% val_f1=0.7788 | test_acc=96.63% test_f1=0.9512
Epoch 015 | train_loss=0.6817 | val_acc=82.29% val_f1=0.7788 | test_acc=96.91% test_f1=0.9554
Epoch 016 | train_loss=0.6497 | val_acc=82.86% val_f1=0.7885 | test_acc=97.19% test_f1=0.9596
Epoch 017 | train_loss=0.6178 | val_acc=82.86% val_f1=0.7885 | test_acc=97.19% test_f1=0.9596
Epoch 018 | train_loss=0.5730 | val_acc=82.29% val_f1=0.7807 | test_acc=97.19% test_f1=0.9596
Epoch 019 | train_loss=0.5571 | val_acc=83.43% val_f1=0.7943 | test_acc=97.47% test_f1=0.9638
Epoch 020 | train_loss=0.5266 | val_acc=84.00% val_f1=0.8031 | test_acc=96.91% test_f1=0.9555
Epoch 021 | train_loss=0.5174 | val_acc=85.14% val_f1=0.8204 | test_acc=96.35% test_f1=0.9472
Epoch 022 | train_loss=0.4826 | val_acc=85.14% val_f1=0.8204 | test_acc=96.63% test_f1=0.9514
Epoch 023 | train_loss=0.4356 | val_acc=85.14% val_f1=0.8204 | test_acc=96.63% test_f1=0.9514
Epoch 024 | train_loss=0.4550 | val_acc=86.29% val_f1=0.8374 | test_acc=95.51% test_f1=0.9346
Epoch 025 | train_loss=0.4154 | val_acc=87.43% val_f1=0.8553 | test_acc=94.10% test_f1=0.9133
Epoch 026 | train_loss=0.3879 | val_acc=87.43% val_f1=0.8553 | test_acc=93.82% test_f1=0.9090
Epoch 027 | train_loss=0.3830 | val_acc=88.00% val_f1=0.8603 | test_acc=94.10% test_f1=0.9129
Epoch 028 | train_loss=0.3614 | val_acc=88.57% val_f1=0.8657 | test_acc=92.98% test_f1=0.8953
Epoch 029 | train_loss=0.3454 | val_acc=88.57% val_f1=0.8657 | test_acc=92.70% test_f1=0.8908
Epoch 030 | train_loss=0.3145 | val_acc=88.57% val_f1=0.8657 | test_acc=92.98% test_f1=0.8965
Epoch 031 | train_loss=0.3153 | val_acc=89.14% val_f1=0.8740 | test_acc=92.42% test_f1=0.8875
Epoch 032 | train_loss=0.3003 | val_acc=90.86% val_f1=0.8957 | test_acc=92.70% test_f1=0.8920
Epoch 033 | train_loss=0.2787 | val_acc=91.43% val_f1=0.9039 | test_acc=91.57% test_f1=0.8756
Epoch 034 | train_loss=0.2609 | val_acc=91.43% val_f1=0.9039 | test_acc=91.57% test_f1=0.8751
Epoch 035 | train_loss=0.2784 | val_acc=91.43% val_f1=0.9039 | test_acc=91.01% test_f1=0.8676
Epoch 036 | train_loss=0.2711 | val_acc=91.43% val_f1=0.9039 | test_acc=89.89% test_f1=0.8524
Epoch 037 | train_loss=0.2486 | val_acc=91.43% val_f1=0.9039 | test_acc=89.04% test_f1=0.8400
Epoch 038 | train_loss=0.2304 | val_acc=92.00% val_f1=0.9122 | test_acc=88.48% test_f1=0.8341
Epoch 039 | train_loss=0.2047 | val_acc=92.00% val_f1=0.9122 | test_acc=88.20% test_f1=0.8294
Epoch 040 | train_loss=0.2153 | val_acc=92.00% val_f1=0.9122 | test_acc=88.48% test_f1=0.8341
Epoch 041 | train_loss=0.2116 | val_acc=92.00% val_f1=0.9122 | test_acc=88.20% test_f1=0.8312
Epoch 042 | train_loss=0.2112 | val_acc=92.57% val_f1=0.9204 | test_acc=87.92% test_f1=0.8264
Epoch 043 | train_loss=0.2069 | val_acc=92.57% val_f1=0.9204 | test_acc=88.20% test_f1=0.8312
Epoch 044 | train_loss=0.1861 | val_acc=92.57% val_f1=0.9204 | test_acc=88.20% test_f1=0.8312
Epoch 045 | train_loss=0.1707 | val_acc=93.14% val_f1=0.9256 | test_acc=88.76% test_f1=0.8406
Epoch 046 | train_loss=0.1875 | val_acc=93.14% val_f1=0.9256 | test_acc=89.04% test_f1=0.8453
Epoch 047 | train_loss=0.1777 | val_acc=93.71% val_f1=0.9331 | test_acc=89.33% test_f1=0.8499
Epoch 048 | train_loss=0.1700 | val_acc=93.71% val_f1=0.9331 | test_acc=88.76% test_f1=0.8423
Epoch 049 | train_loss=0.1693 | val_acc=93.71% val_f1=0.9339 | test_acc=88.20% test_f1=0.8329
Epoch 050 | train_loss=0.1620 | val_acc=93.71% val_f1=0.9339 | test_acc=87.92% test_f1=0.8282
Epoch 051 | train_loss=0.1494 | val_acc=93.71% val_f1=0.9339 | test_acc=87.92% test_f1=0.8282
Epoch 052 | train_loss=0.1520 | val_acc=93.71% val_f1=0.9339 | test_acc=87.92% test_f1=0.8282
Epoch 053 | train_loss=0.1553 | val_acc=94.29% val_f1=0.9414 | test_acc=87.92% test_f1=0.8282
Epoch 054 | train_loss=0.1700 | val_acc=94.86% val_f1=0.9468 | test_acc=87.92% test_f1=0.8282
Epoch 055 | train_loss=0.1444 | val_acc=94.86% val_f1=0.9468 | test_acc=87.92% test_f1=0.8282
Epoch 056 | train_loss=0.1635 | val_acc=94.86% val_f1=0.9468 | test_acc=87.92% test_f1=0.8282
Epoch 057 | train_loss=0.1482 | val_acc=94.86% val_f1=0.9468 | test_acc=87.92% test_f1=0.8282
Epoch 058 | train_loss=0.1541 | val_acc=94.86% val_f1=0.9468 | test_acc=87.92% test_f1=0.8299
Epoch 059 | train_loss=0.1573 | val_acc=94.86% val_f1=0.9468 | test_acc=87.92% test_f1=0.8299
Epoch 060 | train_loss=0.1503 | val_acc=94.86% val_f1=0.9468 | test_acc=88.20% test_f1=0.8346
Epoch 061 | train_loss=0.1242 | val_acc=94.86% val_f1=0.9468 | test_acc=88.48% test_f1=0.8393
Epoch 062 | train_loss=0.1288 | val_acc=94.86% val_f1=0.9468 | test_acc=88.48% test_f1=0.8393
Epoch 063 | train_loss=0.1364 | val_acc=94.86% val_f1=0.9468 | test_acc=88.20% test_f1=0.8346
Epoch 064 | train_loss=0.1369 | val_acc=94.86% val_f1=0.9468 | test_acc=88.20% test_f1=0.8346
Epoch 065 | train_loss=0.1251 | val_acc=94.86% val_f1=0.9468 | test_acc=87.92% test_f1=0.8299
Epoch 066 | train_loss=0.1337 | val_acc=94.86% val_f1=0.9468 | test_acc=87.92% test_f1=0.8299
Epoch 067 | train_loss=0.1323 | val_acc=94.86% val_f1=0.9468 | test_acc=87.92% test_f1=0.8299
Epoch 068 | train_loss=0.1545 | val_acc=94.86% val_f1=0.9468 | test_acc=87.92% test_f1=0.8299
Epoch 069 | train_loss=0.1292 | val_acc=95.43% val_f1=0.9521 | test_acc=87.92% test_f1=0.8299
Epoch 070 | train_loss=0.1253 | val_acc=95.43% val_f1=0.9521 | test_acc=87.92% test_f1=0.8299
Epoch 071 | train_loss=0.1339 | val_acc=95.43% val_f1=0.9521 | test_acc=87.92% test_f1=0.8299
Epoch 072 | train_loss=0.1386 | val_acc=95.43% val_f1=0.9521 | test_acc=87.92% test_f1=0.8299
Epoch 073 | train_loss=0.1363 | val_acc=95.43% val_f1=0.9521 | test_acc=87.92% test_f1=0.8299
Epoch 074 | train_loss=0.1243 | val_acc=95.43% val_f1=0.9521 | test_acc=87.92% test_f1=0.8299
Epoch 075 | train_loss=0.1291 | val_acc=95.43% val_f1=0.9521 | test_acc=87.92% test_f1=0.8299
Epoch 076 | train_loss=0.1457 | val_acc=95.43% val_f1=0.9521 | test_acc=87.92% test_f1=0.8299
Epoch 077 | train_loss=0.1511 | val_acc=95.43% val_f1=0.9521 | test_acc=87.92% test_f1=0.8299
Epoch 078 | train_loss=0.1477 | val_acc=95.43% val_f1=0.9521 | test_acc=87.92% test_f1=0.8299
Epoch 079 | train_loss=0.1174 | val_acc=95.43% val_f1=0.9521 | test_acc=87.92% test_f1=0.8299
Epoch 080 | train_loss=0.1281 | val_acc=95.43% val_f1=0.9521 | test_acc=87.92% test_f1=0.8299
================================================================================
Best epoch: 69
Best score (val_macro_f1): 0.952127
Final test accuracy: 87.92%
Saved to: ablation_experiments/h1/results/comparison_18d_baselines/lstm/lstm_weld_seam_windows_ws5_tf75_pg0_h1_h96_l1_bi_do0.2_ep80_lr0.0001_wd0.0002_bs128_seed183
[A] lstm_weld_seam_windows_ws5_tf75_pg0_h1_h96_l1_bi_do0.2_ep80_lr0.0001_wd0.0002_bs128_seed183 | status=success test_acc=87.92% f1=0.8299
================================================================================
Comparison baseline | model=lstm
================================================================================
Dataset: /home/huang_kai/wind_turbine_phm/PHOENIX-main/autoencoder_benchmark/Data/processed_data/weld_seam_windows_ws5_tf75_pg0_h1.npz
Device: cuda
Train/Val/Test: 990 / 175 / 356
Epoch 001 | train_loss=1.0760 | val_acc=24.00% val_f1=0.1290 | test_acc=23.31% test_f1=0.1260
Epoch 002 | train_loss=1.0471 | val_acc=38.29% val_f1=0.4022 | test_acc=23.31% test_f1=0.1260
Epoch 003 | train_loss=1.0092 | val_acc=44.57% val_f1=0.4656 | test_acc=38.48% test_f1=0.4175
Epoch 004 | train_loss=0.9756 | val_acc=42.86% val_f1=0.4437 | test_acc=48.31% test_f1=0.5339
Epoch 005 | train_loss=0.9362 | val_acc=46.86% val_f1=0.4945 | test_acc=66.29% test_f1=0.7077
Epoch 006 | train_loss=0.8746 | val_acc=66.29% val_f1=0.6714 | test_acc=75.00% test_f1=0.7811
Epoch 007 | train_loss=0.8212 | val_acc=72.00% val_f1=0.7086 | test_acc=78.65% test_f1=0.8063
Epoch 008 | train_loss=0.7459 | val_acc=76.00% val_f1=0.7361 | test_acc=89.33% test_f1=0.8935
Epoch 009 | train_loss=0.6712 | val_acc=81.14% val_f1=0.7771 | test_acc=95.22% test_f1=0.9430
Epoch 010 | train_loss=0.6319 | val_acc=82.29% val_f1=0.7912 | test_acc=97.19% test_f1=0.9650
Epoch 011 | train_loss=0.5992 | val_acc=85.71% val_f1=0.8276 | test_acc=97.75% test_f1=0.9693
Epoch 012 | train_loss=0.5598 | val_acc=88.00% val_f1=0.8513 | test_acc=96.35% test_f1=0.9471
Epoch 013 | train_loss=0.5150 | val_acc=88.57% val_f1=0.8557 | test_acc=95.51% test_f1=0.9342
Epoch 014 | train_loss=0.4537 | val_acc=89.14% val_f1=0.8610 | test_acc=94.94% test_f1=0.9256
Epoch 015 | train_loss=0.4199 | val_acc=92.00% val_f1=0.8998 | test_acc=92.13% test_f1=0.8825
Epoch 016 | train_loss=0.3483 | val_acc=93.14% val_f1=0.9164 | test_acc=91.01% test_f1=0.8658
Epoch 017 | train_loss=0.3221 | val_acc=94.29% val_f1=0.9303 | test_acc=90.73% test_f1=0.8647
Epoch 018 | train_loss=0.2655 | val_acc=94.86% val_f1=0.9386 | test_acc=87.92% test_f1=0.8226
Epoch 019 | train_loss=0.2273 | val_acc=94.86% val_f1=0.9386 | test_acc=88.20% test_f1=0.8294
Epoch 020 | train_loss=0.2049 | val_acc=94.86% val_f1=0.9386 | test_acc=88.76% test_f1=0.8389
Epoch 021 | train_loss=0.1786 | val_acc=96.57% val_f1=0.9612 | test_acc=87.36% test_f1=0.8167
Epoch 022 | train_loss=0.1499 | val_acc=97.71% val_f1=0.9749 | test_acc=85.11% test_f1=0.7806
Epoch 023 | train_loss=0.1265 | val_acc=97.71% val_f1=0.9749 | test_acc=87.92% test_f1=0.8316
Epoch 024 | train_loss=0.1119 | val_acc=97.14% val_f1=0.9667 | test_acc=88.76% test_f1=0.8454
Epoch 025 | train_loss=0.0973 | val_acc=97.71% val_f1=0.9749 | test_acc=87.08% test_f1=0.8174
Epoch 026 | train_loss=0.0957 | val_acc=97.71% val_f1=0.9749 | test_acc=87.08% test_f1=0.8174
Epoch 027 | train_loss=0.0808 | val_acc=97.71% val_f1=0.9749 | test_acc=88.20% test_f1=0.8362
Epoch 028 | train_loss=0.0744 | val_acc=98.29% val_f1=0.9807 | test_acc=87.36% test_f1=0.8221
Epoch 029 | train_loss=0.0632 | val_acc=98.29% val_f1=0.9807 | test_acc=87.36% test_f1=0.8221
Epoch 030 | train_loss=0.0668 | val_acc=97.71% val_f1=0.9722 | test_acc=87.36% test_f1=0.8221
Epoch 031 | train_loss=0.0642 | val_acc=97.71% val_f1=0.9722 | test_acc=87.64% test_f1=0.8285
Epoch 032 | train_loss=0.0593 | val_acc=98.86% val_f1=0.9862 | test_acc=87.08% test_f1=0.8191
Epoch 033 | train_loss=0.0491 | val_acc=98.86% val_f1=0.9862 | test_acc=86.52% test_f1=0.8129
Epoch 034 | train_loss=0.0462 | val_acc=98.29% val_f1=0.9804 | test_acc=86.24% test_f1=0.8098
Epoch 035 | train_loss=0.0602 | val_acc=97.71% val_f1=0.9700 | test_acc=86.52% test_f1=0.8189
Epoch 036 | train_loss=0.0377 | val_acc=98.29% val_f1=0.9781 | test_acc=85.39% test_f1=0.8018
Epoch 037 | train_loss=0.0346 | val_acc=98.86% val_f1=0.9862 | test_acc=85.39% test_f1=0.7955
Epoch 038 | train_loss=0.0417 | val_acc=98.86% val_f1=0.9862 | test_acc=86.24% test_f1=0.8082
Epoch 039 | train_loss=0.0349 | val_acc=98.29% val_f1=0.9781 | test_acc=86.52% test_f1=0.8145
Epoch 040 | train_loss=0.0360 | val_acc=98.29% val_f1=0.9781 | test_acc=86.52% test_f1=0.8145
Epoch 041 | train_loss=0.0420 | val_acc=98.86% val_f1=0.9862 | test_acc=86.24% test_f1=0.8082
Epoch 042 | train_loss=0.0368 | val_acc=98.29% val_f1=0.9781 | test_acc=87.36% test_f1=0.8238
Epoch 043 | train_loss=0.0257 | val_acc=98.29% val_f1=0.9781 | test_acc=87.36% test_f1=0.8238
Epoch 044 | train_loss=0.0330 | val_acc=98.29% val_f1=0.9781 | test_acc=86.80% test_f1=0.8160
Epoch 045 | train_loss=0.0332 | val_acc=98.29% val_f1=0.9781 | test_acc=86.80% test_f1=0.8160
Epoch 046 | train_loss=0.0252 | val_acc=98.29% val_f1=0.9781 | test_acc=85.67% test_f1=0.8050
Epoch 047 | train_loss=0.0312 | val_acc=98.29% val_f1=0.9781 | test_acc=85.11% test_f1=0.7971
Epoch 048 | train_loss=0.0285 | val_acc=98.86% val_f1=0.9837 | test_acc=84.83% test_f1=0.7924
Early stopping at epoch 48 (best=32, score=0.986227)
================================================================================
Best epoch: 32
Best score (val_macro_f1): 0.986227
Final test accuracy: 87.08%
Saved to: ablation_experiments/h1/results/comparison_18d_baselines/lstm/lstm_weld_seam_windows_ws5_tf75_pg0_h1_h96_l1_uni_do0.1_ep80_lr0.0002_wd0.0001_bs128_seed122
[A] lstm_weld_seam_windows_ws5_tf75_pg0_h1_h96_l1_uni_do0.1_ep80_lr0.0002_wd0.0001_bs128_seed122 | status=success test_acc=87.08% f1=0.8191
================================================================================
Comparison baseline | model=lstm
================================================================================
Dataset: /home/huang_kai/wind_turbine_phm/PHOENIX-main/autoencoder_benchmark/Data/processed_data/weld_seam_windows_ws5_tf75_pg0_h1.npz
Device: cuda
Train/Val/Test: 990 / 175 / 356
Epoch 001 | train_loss=1.0817 | val_acc=77.71% val_f1=0.6283 | test_acc=76.69% test_f1=0.5915
Epoch 002 | train_loss=1.0267 | val_acc=80.57% val_f1=0.7267 | test_acc=88.20% test_f1=0.8271
Epoch 003 | train_loss=0.9752 | val_acc=78.86% val_f1=0.7289 | test_acc=91.85% test_f1=0.8808
Epoch 004 | train_loss=0.9012 | val_acc=79.43% val_f1=0.7382 | test_acc=94.94% test_f1=0.9259
Epoch 005 | train_loss=0.8308 | val_acc=81.14% val_f1=0.7519 | test_acc=95.51% test_f1=0.9344
Epoch 006 | train_loss=0.7634 | val_acc=82.86% val_f1=0.7753 | test_acc=96.63% test_f1=0.9512
Epoch 007 | train_loss=0.6970 | val_acc=85.14% val_f1=0.8110 | test_acc=97.47% test_f1=0.9638
Epoch 008 | train_loss=0.6251 | val_acc=86.86% val_f1=0.8364 | test_acc=98.31% test_f1=0.9763
Epoch 009 | train_loss=0.5585 | val_acc=88.00% val_f1=0.8499 | test_acc=98.60% test_f1=0.9817
Epoch 010 | train_loss=0.5125 | val_acc=89.71% val_f1=0.8748 | test_acc=98.31% test_f1=0.9776
Epoch 011 | train_loss=0.4758 | val_acc=91.43% val_f1=0.9053 | test_acc=94.66% test_f1=0.9225
Epoch 012 | train_loss=0.3991 | val_acc=91.43% val_f1=0.9090 | test_acc=93.26% test_f1=0.9006
Epoch 013 | train_loss=0.3447 | val_acc=91.43% val_f1=0.9090 | test_acc=93.26% test_f1=0.9006
Epoch 014 | train_loss=0.2933 | val_acc=92.00% val_f1=0.9171 | test_acc=91.85% test_f1=0.8779
Epoch 015 | train_loss=0.2515 | val_acc=92.57% val_f1=0.9251 | test_acc=90.17% test_f1=0.8553
Epoch 016 | train_loss=0.2133 | val_acc=93.14% val_f1=0.9302 | test_acc=90.45% test_f1=0.8617
Epoch 017 | train_loss=0.1964 | val_acc=93.71% val_f1=0.9353 | test_acc=89.04% test_f1=0.8419
Epoch 018 | train_loss=0.1770 | val_acc=94.86% val_f1=0.9457 | test_acc=89.89% test_f1=0.8591
Epoch 019 | train_loss=0.1547 | val_acc=96.57% val_f1=0.9644 | test_acc=85.96% test_f1=0.7938
Epoch 020 | train_loss=0.1422 | val_acc=97.14% val_f1=0.9697 | test_acc=89.61% test_f1=0.8575
Epoch 021 | train_loss=0.1222 | val_acc=97.14% val_f1=0.9697 | test_acc=87.36% test_f1=0.8204
Epoch 022 | train_loss=0.1273 | val_acc=97.14% val_f1=0.9697 | test_acc=87.08% test_f1=0.8156
Epoch 023 | train_loss=0.1066 | val_acc=97.14% val_f1=0.9697 | test_acc=87.36% test_f1=0.8204
Epoch 024 | train_loss=0.0932 | val_acc=97.71% val_f1=0.9775 | test_acc=87.36% test_f1=0.8204
Epoch 025 | train_loss=0.0822 | val_acc=97.71% val_f1=0.9775 | test_acc=86.80% test_f1=0.8107
Epoch 026 | train_loss=0.0713 | val_acc=97.71% val_f1=0.9775 | test_acc=86.24% test_f1=0.8028
Epoch 027 | train_loss=0.0681 | val_acc=97.71% val_f1=0.9775 | test_acc=86.24% test_f1=0.8028
Epoch 028 | train_loss=0.0687 | val_acc=97.71% val_f1=0.9775 | test_acc=85.11% test_f1=0.7828
Epoch 029 | train_loss=0.0822 | val_acc=97.71% val_f1=0.9775 | test_acc=88.76% test_f1=0.8454
Epoch 030 | train_loss=0.0640 | val_acc=97.14% val_f1=0.9717 | test_acc=88.20% test_f1=0.8362
Epoch 031 | train_loss=0.0588 | val_acc=97.14% val_f1=0.9717 | test_acc=86.52% test_f1=0.8095
Epoch 032 | train_loss=0.0577 | val_acc=97.14% val_f1=0.9717 | test_acc=87.92% test_f1=0.8347
Epoch 033 | train_loss=0.0517 | val_acc=97.14% val_f1=0.9717 | test_acc=86.52% test_f1=0.8113
Epoch 034 | train_loss=0.0548 | val_acc=97.14% val_f1=0.9717 | test_acc=87.36% test_f1=0.8254
Epoch 035 | train_loss=0.0476 | val_acc=97.14% val_f1=0.9717 | test_acc=85.67% test_f1=0.7967
Epoch 036 | train_loss=0.0451 | val_acc=97.14% val_f1=0.9717 | test_acc=85.11% test_f1=0.7906
Epoch 037 | train_loss=0.0416 | val_acc=97.14% val_f1=0.9717 | test_acc=86.80% test_f1=0.8176
Epoch 038 | train_loss=0.0391 | val_acc=97.14% val_f1=0.9717 | test_acc=86.24% test_f1=0.8082
Epoch 039 | train_loss=0.0350 | val_acc=97.14% val_f1=0.9717 | test_acc=84.83% test_f1=0.7838
Epoch 040 | train_loss=0.0364 | val_acc=97.14% val_f1=0.9717 | test_acc=84.83% test_f1=0.7857
Early stopping at epoch 40 (best=24, score=0.977522)
================================================================================
Best epoch: 24
Best score (val_macro_f1): 0.977522
Final test accuracy: 87.36%
Saved to: ablation_experiments/h1/results/comparison_18d_baselines/lstm/lstm_weld_seam_windows_ws5_tf75_pg0_h1_h64_l1_bi_do0.3_ep80_lr0.0001_wd0.0001_bs64_seed42
[A] lstm_weld_seam_windows_ws5_tf75_pg0_h1_h64_l1_bi_do0.3_ep80_lr0.0001_wd0.0001_bs64_seed42 | status=success test_acc=87.36% f1=0.8204
================================================================================
Comparison baseline | model=lstm
================================================================================
Dataset: /home/huang_kai/wind_turbine_phm/PHOENIX-main/autoencoder_benchmark/Data/processed_data/weld_seam_windows_ws5_tf75_pg0_h1.npz
Device: cuda
Train/Val/Test: 990 / 175 / 356
Epoch 001 | train_loss=1.0870 | val_acc=22.86% val_f1=0.1240 | test_acc=21.91% test_f1=0.1198
Epoch 002 | train_loss=0.8963 | val_acc=49.14% val_f1=0.4558 | test_acc=77.25% test_f1=0.7625
Epoch 003 | train_loss=0.6526 | val_acc=90.86% val_f1=0.9086 | test_acc=83.71% test_f1=0.7201
Epoch 004 | train_loss=0.3800 | val_acc=91.43% val_f1=0.9159 | test_acc=91.57% test_f1=0.8715
Epoch 005 | train_loss=0.1959 | val_acc=98.29% val_f1=0.9782 | test_acc=84.27% test_f1=0.7943
Epoch 006 | train_loss=0.1133 | val_acc=94.86% val_f1=0.9462 | test_acc=85.67% test_f1=0.7865
Epoch 007 | train_loss=0.0785 | val_acc=98.29% val_f1=0.9782 | test_acc=84.83% test_f1=0.7892
Epoch 008 | train_loss=0.0633 | val_acc=98.29% val_f1=0.9782 | test_acc=79.49% test_f1=0.7115
Epoch 009 | train_loss=0.0364 | val_acc=98.29% val_f1=0.9782 | test_acc=82.30% test_f1=0.7390
Epoch 010 | train_loss=0.0336 | val_acc=97.71% val_f1=0.9724 | test_acc=78.65% test_f1=0.7135
Epoch 011 | train_loss=0.0217 | val_acc=98.29% val_f1=0.9782 | test_acc=83.43% test_f1=0.7809
Epoch 012 | train_loss=0.0459 | val_acc=99.43% val_f1=0.9943 | test_acc=79.21% test_f1=0.7255
Epoch 013 | train_loss=0.0277 | val_acc=98.29% val_f1=0.9782 | test_acc=77.81% test_f1=0.6911
Epoch 014 | train_loss=0.0096 | val_acc=98.86% val_f1=0.9862 | test_acc=78.93% test_f1=0.7128
Epoch 015 | train_loss=0.0209 | val_acc=99.43% val_f1=0.9943 | test_acc=83.43% test_f1=0.7851
Epoch 016 | train_loss=0.0177 | val_acc=99.43% val_f1=0.9943 | test_acc=79.21% test_f1=0.7241
Epoch 017 | train_loss=0.0298 | val_acc=99.43% val_f1=0.9943 | test_acc=77.53% test_f1=0.6993
Epoch 018 | train_loss=0.0203 | val_acc=99.43% val_f1=0.9943 | test_acc=76.40% test_f1=0.6794
Epoch 019 | train_loss=0.0149 | val_acc=98.86% val_f1=0.9862 | test_acc=77.53% test_f1=0.6892
Epoch 020 | train_loss=0.0070 | val_acc=99.43% val_f1=0.9943 | test_acc=75.84% test_f1=0.6739
Epoch 021 | train_loss=0.0177 | val_acc=99.43% val_f1=0.9943 | test_acc=80.06% test_f1=0.7379
Epoch 022 | train_loss=0.0127 | val_acc=99.43% val_f1=0.9943 | test_acc=78.93% test_f1=0.7173
Epoch 023 | train_loss=0.0065 | val_acc=99.43% val_f1=0.9943 | test_acc=78.37% test_f1=0.7056
Epoch 024 | train_loss=0.0059 | val_acc=99.43% val_f1=0.9943 | test_acc=77.53% test_f1=0.6982
Epoch 025 | train_loss=0.0072 | val_acc=99.43% val_f1=0.9943 | test_acc=76.69% test_f1=0.6870
Epoch 026 | train_loss=0.0042 | val_acc=99.43% val_f1=0.9943 | test_acc=78.37% test_f1=0.7105
Epoch 027 | train_loss=0.0098 | val_acc=99.43% val_f1=0.9943 | test_acc=77.25% test_f1=0.6908
Epoch 028 | train_loss=0.0040 | val_acc=99.43% val_f1=0.9943 | test_acc=77.53% test_f1=0.6993
Early stopping at epoch 28 (best=12, score=0.994277)
================================================================================
Best epoch: 12
Best score (val_macro_f1): 0.994277
Final test accuracy: 79.21%
Saved to: ablation_experiments/h1/results/comparison_18d_baselines/lstm/lstm_weld_seam_windows_ws5_tf75_pg0_h1_h128_l3_uni_do0.2_ep80_lr0.0005_wd1e-05_bs64_seed14
[A] lstm_weld_seam_windows_ws5_tf75_pg0_h1_h128_l3_uni_do0.2_ep80_lr0.0005_wd1e-05_bs64_seed14 | status=success test_acc=79.21% f1=0.7255
================================================================================
Comparison baseline | model=lstm
================================================================================
Dataset: /home/huang_kai/wind_turbine_phm/PHOENIX-main/autoencoder_benchmark/Data/processed_data/weld_seam_windows_ws5_tf75_pg0_h1.npz
Device: cuda
Train/Val/Test: 990 / 175 / 356
Epoch 001 | train_loss=1.0968 | val_acc=40.57% val_f1=0.3116 | test_acc=55.90% test_f1=0.4214
Epoch 002 | train_loss=1.0341 | val_acc=76.57% val_f1=0.6564 | test_acc=89.33% test_f1=0.8380
Epoch 003 | train_loss=0.8483 | val_acc=84.00% val_f1=0.7896 | test_acc=97.47% test_f1=0.9649
Epoch 004 | train_loss=0.5502 | val_acc=90.86% val_f1=0.8972 | test_acc=93.54% test_f1=0.9034
Epoch 005 | train_loss=0.3304 | val_acc=95.43% val_f1=0.9560 | test_acc=90.73% test_f1=0.8647
Epoch 006 | train_loss=0.2061 | val_acc=97.14% val_f1=0.9668 | test_acc=89.61% test_f1=0.8590
Epoch 007 | train_loss=0.1163 | val_acc=97.71% val_f1=0.9699 | test_acc=90.45% test_f1=0.8748
Epoch 008 | train_loss=0.0811 | val_acc=98.86% val_f1=0.9886 | test_acc=83.43% test_f1=0.7558
Epoch 009 | train_loss=0.0845 | val_acc=99.43% val_f1=0.9943 | test_acc=76.69% test_f1=0.6678
Epoch 010 | train_loss=0.0545 | val_acc=97.71% val_f1=0.9724 | test_acc=89.04% test_f1=0.8541
Epoch 011 | train_loss=0.0572 | val_acc=98.29% val_f1=0.9780 | test_acc=85.39% test_f1=0.8058
Epoch 012 | train_loss=0.0395 | val_acc=98.29% val_f1=0.9780 | test_acc=85.11% test_f1=0.8000
Epoch 013 | train_loss=0.0290 | val_acc=100.00% val_f1=1.0000 | test_acc=81.18% test_f1=0.7331
Epoch 014 | train_loss=0.0533 | val_acc=99.43% val_f1=0.9919 | test_acc=81.18% test_f1=0.7404
Epoch 015 | train_loss=0.0262 | val_acc=98.86% val_f1=0.9837 | test_acc=82.87% test_f1=0.7776
Epoch 016 | train_loss=0.0235 | val_acc=99.43% val_f1=0.9919 | test_acc=83.71% test_f1=0.7764
Epoch 017 | train_loss=0.0176 | val_acc=100.00% val_f1=1.0000 | test_acc=82.58% test_f1=0.7617
Epoch 018 | train_loss=0.0298 | val_acc=99.43% val_f1=0.9919 | test_acc=82.58% test_f1=0.7617
Epoch 019 | train_loss=0.0170 | val_acc=99.43% val_f1=0.9919 | test_acc=84.55% test_f1=0.7920
Epoch 020 | train_loss=0.0203 | val_acc=98.86% val_f1=0.9837 | test_acc=87.08% test_f1=0.8351
Epoch 021 | train_loss=0.0162 | val_acc=99.43% val_f1=0.9919 | test_acc=82.02% test_f1=0.7536
Epoch 022 | train_loss=0.0145 | val_acc=99.43% val_f1=0.9919 | test_acc=81.18% test_f1=0.7435
Epoch 023 | train_loss=0.0059 | val_acc=99.43% val_f1=0.9919 | test_acc=82.87% test_f1=0.7718
Epoch 024 | train_loss=0.0198 | val_acc=99.43% val_f1=0.9919 | test_acc=82.58% test_f1=0.7720
Epoch 025 | train_loss=0.0113 | val_acc=100.00% val_f1=1.0000 | test_acc=77.25% test_f1=0.6948
Epoch 026 | train_loss=0.0147 | val_acc=100.00% val_f1=1.0000 | test_acc=82.30% test_f1=0.7637
Epoch 027 | train_loss=0.0068 | val_acc=99.43% val_f1=0.9919 | test_acc=82.02% test_f1=0.7612
Epoch 028 | train_loss=0.0124 | val_acc=99.43% val_f1=0.9919 | test_acc=80.90% test_f1=0.7468
Epoch 029 | train_loss=0.0093 | val_acc=99.43% val_f1=0.9919 | test_acc=80.62% test_f1=0.7422
Early stopping at epoch 29 (best=13, score=1.000000)
================================================================================
Best epoch: 13
Best score (val_macro_f1): 1.000000
Final test accuracy: 81.18%
Saved to: ablation_experiments/h1/results/comparison_18d_baselines/lstm/lstm_weld_seam_windows_ws5_tf75_pg0_h1_h128_l2_uni_do0.2_ep80_lr0.0003_wd0.0001_bs64_seed77
[A] lstm_weld_seam_windows_ws5_tf75_pg0_h1_h128_l2_uni_do0.2_ep80_lr0.0003_wd0.0001_bs64_seed77 | status=success test_acc=81.18% f1=0.7331
================================================================================
Comparison baseline | model=lstm
================================================================================
Dataset: /home/huang_kai/wind_turbine_phm/PHOENIX-main/autoencoder_benchmark/Data/processed_data/weld_seam_windows_ws5_tf75_pg0_h1.npz
Device: cuda
Train/Val/Test: 990 / 175 / 356
Epoch 001 | train_loss=1.0646 | val_acc=86.29% val_f1=0.8080 | test_acc=88.76% test_f1=0.8485
Epoch 002 | train_loss=0.9251 | val_acc=82.29% val_f1=0.7582 | test_acc=95.51% test_f1=0.9344
Epoch 003 | train_loss=0.7648 | val_acc=84.57% val_f1=0.7871 | test_acc=96.07% test_f1=0.9428
Epoch 004 | train_loss=0.6118 | val_acc=89.14% val_f1=0.8567 | test_acc=98.03% test_f1=0.9733
Epoch 005 | train_loss=0.4766 | val_acc=90.86% val_f1=0.8790 | test_acc=96.91% test_f1=0.9567
Epoch 006 | train_loss=0.3564 | val_acc=94.29% val_f1=0.9336 | test_acc=91.01% test_f1=0.8640
Epoch 007 | train_loss=0.2490 | val_acc=95.43% val_f1=0.9498 | test_acc=87.64% test_f1=0.8113
Epoch 008 | train_loss=0.1625 | val_acc=97.14% val_f1=0.9697 | test_acc=87.92% test_f1=0.8164
Epoch 009 | train_loss=0.1184 | val_acc=98.86% val_f1=0.9862 | test_acc=85.96% test_f1=0.7959
Epoch 010 | train_loss=0.0667 | val_acc=98.29% val_f1=0.9782 | test_acc=84.83% test_f1=0.7776
Epoch 011 | train_loss=0.0849 | val_acc=98.86% val_f1=0.9862 | test_acc=87.64% test_f1=0.8285
Epoch 012 | train_loss=0.0520 | val_acc=98.29% val_f1=0.9782 | test_acc=85.11% test_f1=0.7868
Epoch 013 | train_loss=0.0500 | val_acc=99.43% val_f1=0.9943 | test_acc=89.33% test_f1=0.8572
Epoch 014 | train_loss=0.0499 | val_acc=99.43% val_f1=0.9943 | test_acc=88.76% test_f1=0.8483
Epoch 015 | train_loss=0.0393 | val_acc=98.86% val_f1=0.9862 | test_acc=81.74% test_f1=0.7305
Epoch 016 | train_loss=0.0361 | val_acc=100.00% val_f1=1.0000 | test_acc=84.27% test_f1=0.7844
Epoch 017 | train_loss=0.0316 | val_acc=100.00% val_f1=1.0000 | test_acc=85.39% test_f1=0.7972
Epoch 018 | train_loss=0.0214 | val_acc=100.00% val_f1=1.0000 | test_acc=84.55% test_f1=0.7892
Epoch 019 | train_loss=0.0204 | val_acc=100.00% val_f1=1.0000 | test_acc=82.87% test_f1=0.7498
Epoch 020 | train_loss=0.0130 | val_acc=100.00% val_f1=1.0000 | test_acc=85.67% test_f1=0.8003
Epoch 021 | train_loss=0.0110 | val_acc=100.00% val_f1=1.0000 | test_acc=83.99% test_f1=0.7812
Epoch 022 | train_loss=0.0126 | val_acc=100.00% val_f1=1.0000 | test_acc=84.55% test_f1=0.7892
Epoch 023 | train_loss=0.0099 | val_acc=100.00% val_f1=1.0000 | test_acc=84.27% test_f1=0.7844
Epoch 024 | train_loss=0.0078 | val_acc=100.00% val_f1=1.0000 | test_acc=83.15% test_f1=0.7667
Epoch 025 | train_loss=0.0070 | val_acc=100.00% val_f1=1.0000 | test_acc=82.87% test_f1=0.7634
Epoch 026 | train_loss=0.0066 | val_acc=100.00% val_f1=1.0000 | test_acc=82.58% test_f1=0.7632
Epoch 027 | train_loss=0.0059 | val_acc=100.00% val_f1=1.0000 | test_acc=82.87% test_f1=0.7634
Epoch 028 | train_loss=0.0077 | val_acc=100.00% val_f1=1.0000 | test_acc=83.71% test_f1=0.7764
Epoch 029 | train_loss=0.0048 | val_acc=100.00% val_f1=1.0000 | test_acc=83.71% test_f1=0.7764
Epoch 030 | train_loss=0.0082 | val_acc=100.00% val_f1=1.0000 | test_acc=84.55% test_f1=0.7907
Epoch 031 | train_loss=0.0063 | val_acc=100.00% val_f1=1.0000 | test_acc=83.15% test_f1=0.7699
Epoch 032 | train_loss=0.0042 | val_acc=100.00% val_f1=1.0000 | test_acc=83.43% test_f1=0.7774
Early stopping at epoch 32 (best=16, score=1.000000)
================================================================================
Best epoch: 16
Best score (val_macro_f1): 1.000000
Final test accuracy: 84.27%
Saved to: ablation_experiments/h1/results/comparison_18d_baselines/lstm/lstm_weld_seam_windows_ws5_tf75_pg0_h1_h96_l1_bi_do0.1_ep80_lr0.0002_wd0.0001_bs64_seed122
[A] lstm_weld_seam_windows_ws5_tf75_pg0_h1_h96_l1_bi_do0.1_ep80_lr0.0002_wd0.0001_bs64_seed122 | status=success test_acc=84.27% f1=0.7844
================================================================================
Comparison baseline | model=lstm
================================================================================
Dataset: /home/huang_kai/wind_turbine_phm/PHOENIX-main/autoencoder_benchmark/Data/processed_data/weld_seam_windows_ws5_tf75_pg0_h1.npz
Device: cuda
Train/Val/Test: 990 / 175 / 356
Epoch 001 | train_loss=1.0811 | val_acc=22.86% val_f1=0.1240 | test_acc=21.91% test_f1=0.1198
Epoch 002 | train_loss=1.0452 | val_acc=23.43% val_f1=0.1429 | test_acc=21.91% test_f1=0.1281
Epoch 003 | train_loss=0.9821 | val_acc=30.29% val_f1=0.2640 | test_acc=35.67% test_f1=0.3560
Epoch 004 | train_loss=0.8976 | val_acc=46.86% val_f1=0.4843 | test_acc=66.85% test_f1=0.6784
Epoch 005 | train_loss=0.7622 | val_acc=72.57% val_f1=0.6995 | test_acc=90.17% test_f1=0.8910
Epoch 006 | train_loss=0.6614 | val_acc=82.86% val_f1=0.8065 | test_acc=94.94% test_f1=0.9340
Epoch 007 | train_loss=0.5280 | val_acc=89.71% val_f1=0.8943 | test_acc=90.73% test_f1=0.8646
Epoch 008 | train_loss=0.3925 | val_acc=91.43% val_f1=0.9184 | test_acc=88.20% test_f1=0.8213
Epoch 009 | train_loss=0.2722 | val_acc=92.00% val_f1=0.9235 | test_acc=89.04% test_f1=0.8334
Epoch 010 | train_loss=0.2299 | val_acc=95.43% val_f1=0.9544 | test_acc=90.17% test_f1=0.8605
Epoch 011 | train_loss=0.1614 | val_acc=96.00% val_f1=0.9599 | test_acc=84.83% test_f1=0.7776
Epoch 012 | train_loss=0.1267 | val_acc=97.14% val_f1=0.9686 | test_acc=90.17% test_f1=0.8704
Epoch 013 | train_loss=0.0964 | val_acc=97.71% val_f1=0.9743 | test_acc=88.20% test_f1=0.8420
Epoch 014 | train_loss=0.0795 | val_acc=97.14% val_f1=0.9686 | test_acc=89.89% test_f1=0.8684
Epoch 015 | train_loss=0.0610 | val_acc=98.29% val_f1=0.9828 | test_acc=85.96% test_f1=0.8034
Epoch 016 | train_loss=0.0615 | val_acc=97.71% val_f1=0.9746 | test_acc=88.76% test_f1=0.8521
Epoch 017 | train_loss=0.0419 | val_acc=98.29% val_f1=0.9805 | test_acc=85.96% test_f1=0.8124
Epoch 018 | train_loss=0.0460 | val_acc=98.86% val_f1=0.9861 | test_acc=85.67% test_f1=0.8103
Epoch 019 | train_loss=0.0254 | val_acc=98.86% val_f1=0.9861 | test_acc=84.55% test_f1=0.7957
Epoch 020 | train_loss=0.0217 | val_acc=99.43% val_f1=0.9943 | test_acc=81.74% test_f1=0.7487
Epoch 021 | train_loss=0.0341 | val_acc=99.43% val_f1=0.9919 | test_acc=84.55% test_f1=0.7987
Epoch 022 | train_loss=0.0256 | val_acc=99.43% val_f1=0.9919 | test_acc=79.78% test_f1=0.7273
Epoch 023 | train_loss=0.0339 | val_acc=98.86% val_f1=0.9861 | test_acc=82.02% test_f1=0.7551
Epoch 024 | train_loss=0.0197 | val_acc=98.86% val_f1=0.9861 | test_acc=82.30% test_f1=0.7599
Epoch 025 | train_loss=0.0221 | val_acc=99.43% val_f1=0.9919 | test_acc=83.43% test_f1=0.7828
Epoch 026 | train_loss=0.0155 | val_acc=99.43% val_f1=0.9919 | test_acc=82.30% test_f1=0.7683
Epoch 027 | train_loss=0.0262 | val_acc=99.43% val_f1=0.9919 | test_acc=80.06% test_f1=0.7362
Epoch 028 | train_loss=0.0195 | val_acc=100.00% val_f1=1.0000 | test_acc=78.65% test_f1=0.7135
Epoch 029 | train_loss=0.0085 | val_acc=100.00% val_f1=1.0000 | test_acc=78.65% test_f1=0.7135
Epoch 030 | train_loss=0.0082 | val_acc=99.43% val_f1=0.9919 | test_acc=79.78% test_f1=0.7318
Epoch 031 | train_loss=0.0139 | val_acc=99.43% val_f1=0.9919 | test_acc=79.49% test_f1=0.7247
Epoch 032 | train_loss=0.0152 | val_acc=100.00% val_f1=1.0000 | test_acc=79.21% test_f1=0.7200
Epoch 033 | train_loss=0.0210 | val_acc=99.43% val_f1=0.9919 | test_acc=82.58% test_f1=0.7712
Epoch 034 | train_loss=0.0126 | val_acc=98.86% val_f1=0.9861 | test_acc=82.58% test_f1=0.7683
Epoch 035 | train_loss=0.0188 | val_acc=98.86% val_f1=0.9861 | test_acc=80.62% test_f1=0.7379
Epoch 036 | train_loss=0.0084 | val_acc=99.43% val_f1=0.9919 | test_acc=80.34% test_f1=0.7356
Epoch 037 | train_loss=0.0120 | val_acc=99.43% val_f1=0.9919 | test_acc=80.34% test_f1=0.7394
Epoch 038 | train_loss=0.0156 | val_acc=99.43% val_f1=0.9919 | test_acc=79.21% test_f1=0.7235
Epoch 039 | train_loss=0.0056 | val_acc=100.00% val_f1=1.0000 | test_acc=75.84% test_f1=0.6674
Epoch 040 | train_loss=0.0109 | val_acc=99.43% val_f1=0.9919 | test_acc=78.65% test_f1=0.7151
Epoch 041 | train_loss=0.0100 | val_acc=99.43% val_f1=0.9919 | test_acc=79.49% test_f1=0.7273
Epoch 042 | train_loss=0.0093 | val_acc=99.43% val_f1=0.9919 | test_acc=81.74% test_f1=0.7586
Epoch 043 | train_loss=0.0111 | val_acc=99.43% val_f1=0.9919 | test_acc=81.46% test_f1=0.7550
Epoch 044 | train_loss=0.0061 | val_acc=99.43% val_f1=0.9919 | test_acc=80.62% test_f1=0.7422
Early stopping at epoch 44 (best=28, score=1.000000)
================================================================================
Best epoch: 28
Best score (val_macro_f1): 1.000000
Final test accuracy: 78.65%
Saved to: ablation_experiments/h1/results/comparison_18d_baselines/lstm/lstm_weld_seam_windows_ws5_tf75_pg0_h1_h64_l2_uni_do0.1_ep80_lr0.0005_wd0.0002_bs128_seed183
[A] lstm_weld_seam_windows_ws5_tf75_pg0_h1_h64_l2_uni_do0.1_ep80_lr0.0005_wd0.0002_bs128_seed183 | status=success test_acc=78.65% f1=0.7135
================================================================================
Comparison baseline | model=lstm
================================================================================
Dataset: /home/huang_kai/wind_turbine_phm/PHOENIX-main/autoencoder_benchmark/Data/processed_data/weld_seam_windows_ws5_tf75_pg0_h1.npz
Device: cuda
Train/Val/Test: 990 / 175 / 356
Epoch 001 | train_loss=1.0885 | val_acc=22.86% val_f1=0.1240 | test_acc=21.91% test_f1=0.1198
Epoch 002 | train_loss=1.0572 | val_acc=22.86% val_f1=0.1240 | test_acc=21.91% test_f1=0.1198
Epoch 003 | train_loss=0.9942 | val_acc=22.86% val_f1=0.1240 | test_acc=21.91% test_f1=0.1198
Epoch 004 | train_loss=0.8700 | val_acc=28.57% val_f1=0.2841 | test_acc=39.33% test_f1=0.4154
Epoch 005 | train_loss=0.7057 | val_acc=41.14% val_f1=0.4254 | test_acc=44.66% test_f1=0.4878
Epoch 006 | train_loss=0.5249 | val_acc=80.57% val_f1=0.8278 | test_acc=71.63% test_f1=0.6478
Epoch 007 | train_loss=0.3495 | val_acc=93.14% val_f1=0.9353 | test_acc=86.80% test_f1=0.8047
Epoch 008 | train_loss=0.3036 | val_acc=97.14% val_f1=0.9721 | test_acc=91.57% test_f1=0.8815
Epoch 009 | train_loss=0.2171 | val_acc=97.71% val_f1=0.9720 | test_acc=90.45% test_f1=0.8723
Epoch 010 | train_loss=0.1352 | val_acc=99.43% val_f1=0.9943 | test_acc=83.99% test_f1=0.7827
Epoch 011 | train_loss=0.0943 | val_acc=98.86% val_f1=0.9861 | test_acc=86.80% test_f1=0.8207
Epoch 012 | train_loss=0.0820 | val_acc=98.86% val_f1=0.9861 | test_acc=83.43% test_f1=0.7828
Epoch 013 | train_loss=0.0652 | val_acc=98.29% val_f1=0.9780 | test_acc=89.61% test_f1=0.8673
Epoch 014 | train_loss=0.0891 | val_acc=99.43% val_f1=0.9943 | test_acc=80.34% test_f1=0.7149
Epoch 015 | train_loss=0.0526 | val_acc=98.29% val_f1=0.9780 | test_acc=83.71% test_f1=0.7899
Epoch 016 | train_loss=0.0333 | val_acc=98.86% val_f1=0.9861 | test_acc=82.02% test_f1=0.7590
Epoch 017 | train_loss=0.0522 | val_acc=98.29% val_f1=0.9780 | test_acc=86.52% test_f1=0.8247
Epoch 018 | train_loss=0.0390 | val_acc=99.43% val_f1=0.9943 | test_acc=80.34% test_f1=0.7317
Epoch 019 | train_loss=0.0296 | val_acc=98.29% val_f1=0.9780 | test_acc=85.11% test_f1=0.8036
Epoch 020 | train_loss=0.0205 | val_acc=99.43% val_f1=0.9943 | test_acc=80.62% test_f1=0.7391
Epoch 021 | train_loss=0.0307 | val_acc=99.43% val_f1=0.9919 | test_acc=80.06% test_f1=0.7368
Epoch 022 | train_loss=0.0213 | val_acc=98.86% val_f1=0.9861 | test_acc=83.71% test_f1=0.7794
Epoch 023 | train_loss=0.0202 | val_acc=98.86% val_f1=0.9861 | test_acc=84.27% test_f1=0.7900
Epoch 024 | train_loss=0.0148 | val_acc=100.00% val_f1=1.0000 | test_acc=79.21% test_f1=0.7134
Epoch 025 | train_loss=0.0194 | val_acc=99.43% val_f1=0.9919 | test_acc=82.02% test_f1=0.7639
Epoch 026 | train_loss=0.0073 | val_acc=99.43% val_f1=0.9919 | test_acc=80.34% test_f1=0.7394
Epoch 027 | train_loss=0.0245 | val_acc=99.43% val_f1=0.9919 | test_acc=80.06% test_f1=0.7372
Epoch 028 | train_loss=0.0147 | val_acc=99.43% val_f1=0.9919 | test_acc=78.65% test_f1=0.7166
Epoch 029 | train_loss=0.0080 | val_acc=99.43% val_f1=0.9919 | test_acc=78.37% test_f1=0.7112
Epoch 030 | train_loss=0.0086 | val_acc=99.43% val_f1=0.9919 | test_acc=80.06% test_f1=0.7362
Epoch 031 | train_loss=0.0103 | val_acc=98.86% val_f1=0.9837 | test_acc=80.62% test_f1=0.7445
Epoch 032 | train_loss=0.0114 | val_acc=99.43% val_f1=0.9919 | test_acc=76.97% test_f1=0.6880
Epoch 033 | train_loss=0.0125 | val_acc=99.43% val_f1=0.9919 | test_acc=78.65% test_f1=0.7157
Epoch 034 | train_loss=0.0046 | val_acc=99.43% val_f1=0.9919 | test_acc=78.93% test_f1=0.7196
Epoch 035 | train_loss=0.0155 | val_acc=98.86% val_f1=0.9837 | test_acc=80.34% test_f1=0.7422
Epoch 036 | train_loss=0.0153 | val_acc=99.43% val_f1=0.9919 | test_acc=75.56% test_f1=0.6659
Epoch 037 | train_loss=0.0168 | val_acc=98.86% val_f1=0.9837 | test_acc=77.25% test_f1=0.6952
Epoch 038 | train_loss=0.0190 | val_acc=98.86% val_f1=0.9837 | test_acc=77.25% test_f1=0.6959
Epoch 039 | train_loss=0.0059 | val_acc=100.00% val_f1=1.0000 | test_acc=73.31% test_f1=0.6322
Epoch 040 | train_loss=0.0168 | val_acc=99.43% val_f1=0.9919 | test_acc=78.93% test_f1=0.7201
Early stopping at epoch 40 (best=24, score=1.000000)
================================================================================
Best epoch: 24
Best score (val_macro_f1): 1.000000
Final test accuracy: 79.21%
Saved to: ablation_experiments/h1/results/comparison_18d_baselines/lstm/lstm_weld_seam_windows_ws5_tf75_pg0_h1_h96_l3_uni_do0.1_ep80_lr0.0005_wd0.0005_bs128_seed77
[A] lstm_weld_seam_windows_ws5_tf75_pg0_h1_h96_l3_uni_do0.1_ep80_lr0.0005_wd0.0005_bs128_seed77 | status=success test_acc=79.21% f1=0.7134
================================================================================
Comparison baseline | model=lstm
================================================================================
Dataset: /home/huang_kai/wind_turbine_phm/PHOENIX-main/autoencoder_benchmark/Data/processed_data/weld_seam_windows_ws5_tf75_pg0_h1.npz
Device: cuda
Train/Val/Test: 990 / 175 / 356
Epoch 001 | train_loss=1.0490 | val_acc=41.71% val_f1=0.4343 | test_acc=49.16% test_f1=0.5348
Epoch 002 | train_loss=0.8898 | val_acc=74.29% val_f1=0.7237 | test_acc=90.45% test_f1=0.8967
Epoch 003 | train_loss=0.5862 | val_acc=88.57% val_f1=0.8765 | test_acc=93.26% test_f1=0.8990
Epoch 004 | train_loss=0.3095 | val_acc=91.43% val_f1=0.9181 | test_acc=87.92% test_f1=0.8095
Epoch 005 | train_loss=0.1392 | val_acc=97.14% val_f1=0.9697 | test_acc=85.67% test_f1=0.7929
Epoch 006 | train_loss=0.0810 | val_acc=96.57% val_f1=0.9667 | test_acc=86.80% test_f1=0.8107
Epoch 007 | train_loss=0.0490 | val_acc=98.29% val_f1=0.9828 | test_acc=80.34% test_f1=0.7020
Epoch 008 | train_loss=0.0535 | val_acc=98.86% val_f1=0.9885 | test_acc=83.99% test_f1=0.7854
Epoch 009 | train_loss=0.0313 | val_acc=97.71% val_f1=0.9772 | test_acc=85.39% test_f1=0.8018
Epoch 010 | train_loss=0.0349 | val_acc=99.43% val_f1=0.9942 | test_acc=76.40% test_f1=0.6622
Epoch 011 | train_loss=0.0243 | val_acc=98.86% val_f1=0.9885 | test_acc=82.30% test_f1=0.7517
Epoch 012 | train_loss=0.0137 | val_acc=99.43% val_f1=0.9942 | test_acc=81.18% test_f1=0.7351
Epoch 013 | train_loss=0.0111 | val_acc=99.43% val_f1=0.9942 | test_acc=79.78% test_f1=0.7233
Epoch 014 | train_loss=0.0071 | val_acc=100.00% val_f1=1.0000 | test_acc=79.78% test_f1=0.7218
Epoch 015 | train_loss=0.0038 | val_acc=99.43% val_f1=0.9942 | test_acc=82.30% test_f1=0.7648
Epoch 016 | train_loss=0.0097 | val_acc=100.00% val_f1=1.0000 | test_acc=81.18% test_f1=0.7462
Epoch 017 | train_loss=0.0118 | val_acc=100.00% val_f1=1.0000 | test_acc=82.30% test_f1=0.7648
Epoch 018 | train_loss=0.0036 | val_acc=100.00% val_f1=1.0000 | test_acc=78.93% test_f1=0.7163
Epoch 019 | train_loss=0.0032 | val_acc=100.00% val_f1=1.0000 | test_acc=82.30% test_f1=0.7700
Epoch 020 | train_loss=0.0020 | val_acc=100.00% val_f1=1.0000 | test_acc=81.18% test_f1=0.7504
Epoch 021 | train_loss=0.0018 | val_acc=100.00% val_f1=1.0000 | test_acc=81.46% test_f1=0.7520
Epoch 022 | train_loss=0.0013 | val_acc=100.00% val_f1=1.0000 | test_acc=82.02% test_f1=0.7612
Epoch 023 | train_loss=0.0013 | val_acc=100.00% val_f1=1.0000 | test_acc=80.06% test_f1=0.7308
Epoch 024 | train_loss=0.0014 | val_acc=100.00% val_f1=1.0000 | test_acc=78.09% test_f1=0.7020
Epoch 025 | train_loss=0.0014 | val_acc=100.00% val_f1=1.0000 | test_acc=80.34% test_f1=0.7367
Epoch 026 | train_loss=0.0010 | val_acc=100.00% val_f1=1.0000 | test_acc=82.02% test_f1=0.7612
Epoch 027 | train_loss=0.0016 | val_acc=100.00% val_f1=1.0000 | test_acc=79.49% test_f1=0.7236
Epoch 028 | train_loss=0.0034 | val_acc=100.00% val_f1=1.0000 | test_acc=78.65% test_f1=0.7135
Epoch 029 | train_loss=0.0015 | val_acc=100.00% val_f1=1.0000 | test_acc=77.53% test_f1=0.6946
Epoch 030 | train_loss=0.0011 | val_acc=100.00% val_f1=1.0000 | test_acc=78.93% test_f1=0.7182
Early stopping at epoch 30 (best=14, score=1.000000)
================================================================================
Best epoch: 14
Best score (val_macro_f1): 1.000000
Final test accuracy: 79.78%
Saved to: ablation_experiments/h1/results/comparison_18d_baselines/lstm/lstm_weld_seam_windows_ws5_tf75_pg0_h1_h96_l2_bi_do0.3_ep80_lr0.0003_wd0.0005_bs64_seed42
[A] lstm_weld_seam_windows_ws5_tf75_pg0_h1_h96_l2_bi_do0.3_ep80_lr0.0003_wd0.0005_bs64_seed42 | status=success test_acc=79.78% f1=0.7218
================================================================================
Comparison baseline | model=lstm
================================================================================
Dataset: /home/huang_kai/wind_turbine_phm/PHOENIX-main/autoencoder_benchmark/Data/processed_data/weld_seam_windows_ws5_tf75_pg0_h1.npz
Device: cuda
Train/Val/Test: 990 / 175 / 356
Epoch 001 | train_loss=1.0876 | val_acc=55.43% val_f1=0.4348 | test_acc=33.71% test_f1=0.2622
Epoch 002 | train_loss=1.0460 | val_acc=73.14% val_f1=0.6321 | test_acc=77.81% test_f1=0.7266
Epoch 003 | train_loss=1.0021 | val_acc=77.14% val_f1=0.7081 | test_acc=91.01% test_f1=0.8707
Epoch 004 | train_loss=0.9523 | val_acc=79.43% val_f1=0.7398 | test_acc=92.42% test_f1=0.8868
Epoch 005 | train_loss=0.8990 | val_acc=78.86% val_f1=0.7298 | test_acc=92.98% test_f1=0.8956
Epoch 006 | train_loss=0.8487 | val_acc=79.43% val_f1=0.7337 | test_acc=93.82% test_f1=0.9087
Epoch 007 | train_loss=0.7926 | val_acc=79.43% val_f1=0.7333 | test_acc=94.94% test_f1=0.9259
Epoch 008 | train_loss=0.7265 | val_acc=81.71% val_f1=0.7700 | test_acc=96.07% test_f1=0.9428
Epoch 009 | train_loss=0.6904 | val_acc=82.86% val_f1=0.7836 | test_acc=96.63% test_f1=0.9512
Epoch 010 | train_loss=0.6288 | val_acc=85.71% val_f1=0.8196 | test_acc=97.19% test_f1=0.9596
Epoch 011 | train_loss=0.5894 | val_acc=87.43% val_f1=0.8448 | test_acc=98.03% test_f1=0.9721
Epoch 012 | train_loss=0.5539 | val_acc=88.57% val_f1=0.8614 | test_acc=97.47% test_f1=0.9650
Epoch 013 | train_loss=0.4966 | val_acc=89.14% val_f1=0.8696 | test_acc=97.19% test_f1=0.9609
Epoch 014 | train_loss=0.4377 | val_acc=89.14% val_f1=0.8726 | test_acc=95.22% test_f1=0.9328
Epoch 015 | train_loss=0.3957 | val_acc=90.29% val_f1=0.8887 | test_acc=94.66% test_f1=0.9240
Epoch 016 | train_loss=0.3661 | val_acc=92.57% val_f1=0.9214 | test_acc=92.98% test_f1=0.8977
Epoch 017 | train_loss=0.3202 | val_acc=92.00% val_f1=0.9141 | test_acc=92.42% test_f1=0.8903
Epoch 018 | train_loss=0.2922 | val_acc=92.57% val_f1=0.9221 | test_acc=92.13% test_f1=0.8858
Epoch 019 | train_loss=0.2543 | val_acc=93.14% val_f1=0.9272 | test_acc=90.73% test_f1=0.8664
Epoch 020 | train_loss=0.2291 | val_acc=93.14% val_f1=0.9302 | test_acc=86.80% test_f1=0.7982
Epoch 021 | train_loss=0.2004 | val_acc=93.71% val_f1=0.9353 | test_acc=87.36% test_f1=0.8127
Epoch 022 | train_loss=0.1748 | val_acc=95.43% val_f1=0.9509 | test_acc=87.36% test_f1=0.8148
Epoch 023 | train_loss=0.1541 | val_acc=95.43% val_f1=0.9509 | test_acc=87.64% test_f1=0.8216
Epoch 024 | train_loss=0.1522 | val_acc=96.00% val_f1=0.9562 | test_acc=87.36% test_f1=0.8186
Epoch 025 | train_loss=0.1247 | val_acc=97.14% val_f1=0.9697 | test_acc=85.96% test_f1=0.7979
Epoch 026 | train_loss=0.1299 | val_acc=97.14% val_f1=0.9697 | test_acc=87.08% test_f1=0.8174
Epoch 027 | train_loss=0.1088 | val_acc=97.14% val_f1=0.9697 | test_acc=85.96% test_f1=0.7979
Epoch 028 | train_loss=0.1011 | val_acc=97.14% val_f1=0.9697 | test_acc=86.52% test_f1=0.8077
Epoch 029 | train_loss=0.0907 | val_acc=97.71% val_f1=0.9775 | test_acc=88.20% test_f1=0.8362
Epoch 030 | train_loss=0.0990 | val_acc=97.71% val_f1=0.9775 | test_acc=86.52% test_f1=0.8113
Epoch 031 | train_loss=0.0874 | val_acc=97.14% val_f1=0.9717 | test_acc=85.67% test_f1=0.7967
Epoch 032 | train_loss=0.0801 | val_acc=97.14% val_f1=0.9717 | test_acc=86.52% test_f1=0.8113
Epoch 033 | train_loss=0.0655 | val_acc=97.14% val_f1=0.9717 | test_acc=86.24% test_f1=0.8065
Epoch 034 | train_loss=0.0601 | val_acc=97.14% val_f1=0.9717 | test_acc=85.67% test_f1=0.7986
Epoch 035 | train_loss=0.0544 | val_acc=97.14% val_f1=0.9717 | test_acc=85.39% test_f1=0.7937
Epoch 036 | train_loss=0.0581 | val_acc=97.14% val_f1=0.9717 | test_acc=84.27% test_f1=0.7737
Epoch 037 | train_loss=0.0661 | val_acc=97.14% val_f1=0.9717 | test_acc=85.96% test_f1=0.8016
Epoch 038 | train_loss=0.0666 | val_acc=97.14% val_f1=0.9717 | test_acc=87.36% test_f1=0.8269
Epoch 039 | train_loss=0.0612 | val_acc=97.14% val_f1=0.9717 | test_acc=86.80% test_f1=0.8176
Epoch 040 | train_loss=0.0476 | val_acc=97.14% val_f1=0.9717 | test_acc=85.96% test_f1=0.8034
Epoch 041 | train_loss=0.0511 | val_acc=97.14% val_f1=0.9717 | test_acc=85.67% test_f1=0.7986
Epoch 042 | train_loss=0.0432 | val_acc=97.14% val_f1=0.9717 | test_acc=85.67% test_f1=0.7986
Epoch 043 | train_loss=0.0508 | val_acc=97.14% val_f1=0.9717 | test_acc=85.67% test_f1=0.7986
Epoch 044 | train_loss=0.0383 | val_acc=97.14% val_f1=0.9717 | test_acc=84.83% test_f1=0.7838
Epoch 045 | train_loss=0.0489 | val_acc=97.14% val_f1=0.9717 | test_acc=85.39% test_f1=0.7937
Early stopping at epoch 45 (best=29, score=0.977522)
================================================================================
Best epoch: 29
Best score (val_macro_f1): 0.977522
Final test accuracy: 88.20%
Saved to: ablation_experiments/h1/results/comparison_18d_baselines/lstm/lstm_weld_seam_windows_ws5_tf75_pg0_h1_h64_l1_bi_do0.3_ep80_lr0.0002_wd0.0001_bs128_seed42
[A] lstm_weld_seam_windows_ws5_tf75_pg0_h1_h64_l1_bi_do0.3_ep80_lr0.0002_wd0.0001_bs128_seed42 | status=success test_acc=88.20% f1=0.8362
================================================================================
Comparison baseline | model=lstm
================================================================================
Dataset: /home/huang_kai/wind_turbine_phm/PHOENIX-main/autoencoder_benchmark/Data/processed_data/weld_seam_windows_ws5_tf75_pg0_h1.npz
Device: cuda
Train/Val/Test: 990 / 175 / 356
Epoch 001 | train_loss=1.0837 | val_acc=24.00% val_f1=0.1290 | test_acc=23.31% test_f1=0.1260
Epoch 002 | train_loss=1.0735 | val_acc=32.57% val_f1=0.3204 | test_acc=23.88% test_f1=0.1433
Epoch 003 | train_loss=1.0575 | val_acc=45.71% val_f1=0.4776 | test_acc=39.89% test_f1=0.4327
Epoch 004 | train_loss=1.0355 | val_acc=40.00% val_f1=0.4087 | test_acc=44.66% test_f1=0.4795
Epoch 005 | train_loss=1.0148 | val_acc=35.43% val_f1=0.3580 | test_acc=42.70% test_f1=0.4553
Epoch 006 | train_loss=0.9707 | val_acc=34.29% val_f1=0.3436 | test_acc=40.17% test_f1=0.4252
Epoch 007 | train_loss=0.9118 | val_acc=32.57% val_f1=0.3248 | test_acc=38.76% test_f1=0.4088
Epoch 008 | train_loss=0.8397 | val_acc=32.57% val_f1=0.3248 | test_acc=38.76% test_f1=0.4088
Epoch 009 | train_loss=0.7899 | val_acc=33.71% val_f1=0.3373 | test_acc=40.45% test_f1=0.4285
Epoch 010 | train_loss=0.7230 | val_acc=34.86% val_f1=0.3518 | test_acc=41.57% test_f1=0.4418
Epoch 011 | train_loss=0.6910 | val_acc=41.71% val_f1=0.4356 | test_acc=56.74% test_f1=0.6163
Epoch 012 | train_loss=0.6707 | val_acc=54.29% val_f1=0.5690 | test_acc=74.16% test_f1=0.7735
Epoch 013 | train_loss=0.6010 | val_acc=70.29% val_f1=0.7060 | test_acc=80.06% test_f1=0.8215
Epoch 014 | train_loss=0.5827 | val_acc=74.29% val_f1=0.7436 | test_acc=87.08% test_f1=0.8775
Epoch 015 | train_loss=0.5352 | val_acc=84.00% val_f1=0.8345 | test_acc=92.70% test_f1=0.9178
Epoch 016 | train_loss=0.4831 | val_acc=90.29% val_f1=0.9090 | test_acc=91.29% test_f1=0.8829
Epoch 017 | train_loss=0.4255 | val_acc=91.43% val_f1=0.9190 | test_acc=91.57% test_f1=0.8805
Epoch 018 | train_loss=0.3677 | val_acc=92.00% val_f1=0.9252 | test_acc=89.33% test_f1=0.8410
Epoch 019 | train_loss=0.3203 | val_acc=92.00% val_f1=0.9252 | test_acc=91.29% test_f1=0.8738
Epoch 020 | train_loss=0.2622 | val_acc=92.57% val_f1=0.9303 | test_acc=91.85% test_f1=0.8829
Epoch 021 | train_loss=0.2433 | val_acc=92.00% val_f1=0.9246 | test_acc=92.42% test_f1=0.8876
Epoch 022 | train_loss=0.2417 | val_acc=93.71% val_f1=0.9399 | test_acc=92.70% test_f1=0.8899
Epoch 023 | train_loss=0.2028 | val_acc=95.43% val_f1=0.9550 | test_acc=91.57% test_f1=0.8751
Epoch 024 | train_loss=0.1563 | val_acc=96.00% val_f1=0.9604 | test_acc=90.45% test_f1=0.8634
Epoch 025 | train_loss=0.1433 | val_acc=97.14% val_f1=0.9714 | test_acc=89.04% test_f1=0.8453
Epoch 026 | train_loss=0.1398 | val_acc=97.14% val_f1=0.9714 | test_acc=89.89% test_f1=0.8606
Epoch 027 | train_loss=0.1235 | val_acc=96.57% val_f1=0.9631 | test_acc=89.89% test_f1=0.8606
Epoch 028 | train_loss=0.1172 | val_acc=96.57% val_f1=0.9631 | test_acc=90.73% test_f1=0.8779
Epoch 029 | train_loss=0.1257 | val_acc=96.57% val_f1=0.9631 | test_acc=90.45% test_f1=0.8735
Epoch 030 | train_loss=0.0893 | val_acc=97.14% val_f1=0.9714 | test_acc=88.48% test_f1=0.8423
Epoch 031 | train_loss=0.0935 | val_acc=97.14% val_f1=0.9686 | test_acc=90.17% test_f1=0.8704
Epoch 032 | train_loss=0.0737 | val_acc=97.14% val_f1=0.9686 | test_acc=90.45% test_f1=0.8759
Epoch 033 | train_loss=0.0840 | val_acc=97.14% val_f1=0.9686 | test_acc=89.33% test_f1=0.8585
Epoch 034 | train_loss=0.0836 | val_acc=97.71% val_f1=0.9743 | test_acc=89.61% test_f1=0.8629
Epoch 035 | train_loss=0.0700 | val_acc=97.71% val_f1=0.9743 | test_acc=89.33% test_f1=0.8585
Epoch 036 | train_loss=0.0599 | val_acc=97.71% val_f1=0.9743 | test_acc=88.48% test_f1=0.8452
Epoch 037 | train_loss=0.0705 | val_acc=97.71% val_f1=0.9743 | test_acc=89.33% test_f1=0.8585
Epoch 038 | train_loss=0.0707 | val_acc=98.29% val_f1=0.9803 | test_acc=90.17% test_f1=0.8716
Epoch 039 | train_loss=0.0629 | val_acc=98.29% val_f1=0.9803 | test_acc=87.64% test_f1=0.8316
Epoch 040 | train_loss=0.0506 | val_acc=98.29% val_f1=0.9803 | test_acc=87.08% test_f1=0.8223
Epoch 041 | train_loss=0.0572 | val_acc=97.71% val_f1=0.9746 | test_acc=88.76% test_f1=0.8496
Epoch 042 | train_loss=0.0432 | val_acc=98.29% val_f1=0.9803 | test_acc=88.76% test_f1=0.8509
Epoch 043 | train_loss=0.0658 | val_acc=98.29% val_f1=0.9803 | test_acc=89.33% test_f1=0.8597
Epoch 044 | train_loss=0.0413 | val_acc=98.29% val_f1=0.9803 | test_acc=89.04% test_f1=0.8553
Epoch 045 | train_loss=0.0635 | val_acc=98.86% val_f1=0.9860 | test_acc=89.04% test_f1=0.8553
Epoch 046 | train_loss=0.0569 | val_acc=98.86% val_f1=0.9860 | test_acc=89.04% test_f1=0.8553
Epoch 047 | train_loss=0.0540 | val_acc=98.86% val_f1=0.9860 | test_acc=89.89% test_f1=0.8684
Epoch 048 | train_loss=0.0488 | val_acc=98.86% val_f1=0.9860 | test_acc=89.04% test_f1=0.8553
Epoch 049 | train_loss=0.0439 | val_acc=98.86% val_f1=0.9860 | test_acc=88.76% test_f1=0.8509
Epoch 050 | train_loss=0.0368 | val_acc=98.86% val_f1=0.9860 | test_acc=89.33% test_f1=0.8597
Epoch 051 | train_loss=0.0585 | val_acc=98.86% val_f1=0.9860 | test_acc=89.89% test_f1=0.8684
Epoch 052 | train_loss=0.0478 | val_acc=98.86% val_f1=0.9860 | test_acc=89.04% test_f1=0.8565
Epoch 053 | train_loss=0.0452 | val_acc=98.86% val_f1=0.9860 | test_acc=88.48% test_f1=0.8477
Epoch 054 | train_loss=0.0524 | val_acc=98.86% val_f1=0.9860 | test_acc=87.08% test_f1=0.8279
Epoch 055 | train_loss=0.0503 | val_acc=98.86% val_f1=0.9860 | test_acc=86.80% test_f1=0.8259
Epoch 056 | train_loss=0.0468 | val_acc=98.86% val_f1=0.9860 | test_acc=87.36% test_f1=0.8347
Epoch 057 | train_loss=0.0292 | val_acc=98.86% val_f1=0.9860 | test_acc=87.08% test_f1=0.8314
Epoch 058 | train_loss=0.0440 | val_acc=98.86% val_f1=0.9860 | test_acc=87.36% test_f1=0.8358
Epoch 059 | train_loss=0.0447 | val_acc=98.86% val_f1=0.9860 | test_acc=87.08% test_f1=0.8314
Epoch 060 | train_loss=0.0490 | val_acc=98.86% val_f1=0.9860 | test_acc=87.08% test_f1=0.8314
Epoch 061 | train_loss=0.0436 | val_acc=98.86% val_f1=0.9860 | test_acc=87.08% test_f1=0.8314
Early stopping at epoch 61 (best=45, score=0.985972)
================================================================================
Best epoch: 45
Best score (val_macro_f1): 0.985972
Final test accuracy: 89.04%
Saved to: ablation_experiments/h1/results/comparison_18d_baselines/lstm/lstm_weld_seam_windows_ws5_tf75_pg0_h1_h64_l2_uni_do0.3_ep80_lr0.0001_wd0.0001_bs64_seed183
[A] lstm_weld_seam_windows_ws5_tf75_pg0_h1_h64_l2_uni_do0.3_ep80_lr0.0001_wd0.0001_bs64_seed183 | status=success test_acc=89.04% f1=0.8553
================================================================================
Comparison baseline | model=lstm
================================================================================
Dataset: /home/huang_kai/wind_turbine_phm/PHOENIX-main/autoencoder_benchmark/Data/processed_data/weld_seam_windows_ws5_tf75_pg0_h1.npz
Device: cuda
Train/Val/Test: 990 / 175 / 356
Epoch 001 | train_loss=1.0734 | val_acc=52.57% val_f1=0.4985 | test_acc=80.06% test_f1=0.7529
Epoch 002 | train_loss=1.0437 | val_acc=70.29% val_f1=0.6555 | test_acc=90.17% test_f1=0.8645
Epoch 003 | train_loss=1.0129 | val_acc=71.43% val_f1=0.6496 | test_acc=92.13% test_f1=0.8823
Epoch 004 | train_loss=0.9840 | val_acc=72.00% val_f1=0.6534 | test_acc=91.57% test_f1=0.8734
Epoch 005 | train_loss=0.9389 | val_acc=74.29% val_f1=0.6687 | test_acc=91.57% test_f1=0.8734
Epoch 006 | train_loss=0.9031 | val_acc=74.86% val_f1=0.6726 | test_acc=91.85% test_f1=0.8779
Epoch 007 | train_loss=0.8695 | val_acc=77.71% val_f1=0.6924 | test_acc=92.13% test_f1=0.8823
Epoch 008 | train_loss=0.8262 | val_acc=78.29% val_f1=0.6903 | test_acc=92.13% test_f1=0.8823
Epoch 009 | train_loss=0.7685 | val_acc=78.29% val_f1=0.6903 | test_acc=92.98% test_f1=0.8956
Epoch 010 | train_loss=0.7530 | val_acc=78.29% val_f1=0.6903 | test_acc=93.54% test_f1=0.9043
Epoch 011 | train_loss=0.7287 | val_acc=80.00% val_f1=0.7159 | test_acc=94.94% test_f1=0.9259
Epoch 012 | train_loss=0.6770 | val_acc=82.86% val_f1=0.7662 | test_acc=95.79% test_f1=0.9386
Epoch 013 | train_loss=0.6352 | val_acc=83.43% val_f1=0.7758 | test_acc=96.07% test_f1=0.9428
Epoch 014 | train_loss=0.6100 | val_acc=85.71% val_f1=0.8085 | test_acc=96.63% test_f1=0.9512
Epoch 015 | train_loss=0.5801 | val_acc=88.00% val_f1=0.8441 | test_acc=97.75% test_f1=0.9680
Epoch 016 | train_loss=0.5562 | val_acc=88.00% val_f1=0.8441 | test_acc=98.03% test_f1=0.9722
Epoch 017 | train_loss=0.5129 | val_acc=88.57% val_f1=0.8528 | test_acc=97.47% test_f1=0.9639
Epoch 018 | train_loss=0.4860 | val_acc=88.57% val_f1=0.8528 | test_acc=96.91% test_f1=0.9567
Epoch 019 | train_loss=0.4661 | val_acc=88.57% val_f1=0.8528 | test_acc=95.51% test_f1=0.9358
Epoch 020 | train_loss=0.4259 | val_acc=90.86% val_f1=0.8867 | test_acc=95.22% test_f1=0.9315
Epoch 021 | train_loss=0.4058 | val_acc=90.86% val_f1=0.8867 | test_acc=94.66% test_f1=0.9229
Epoch 022 | train_loss=0.3532 | val_acc=90.86% val_f1=0.8867 | test_acc=93.82% test_f1=0.9127
Epoch 023 | train_loss=0.3424 | val_acc=91.43% val_f1=0.8951 | test_acc=92.98% test_f1=0.9049
Epoch 024 | train_loss=0.3093 | val_acc=91.43% val_f1=0.8951 | test_acc=92.13% test_f1=0.8932
Epoch 025 | train_loss=0.2974 | val_acc=94.86% val_f1=0.9445 | test_acc=91.01% test_f1=0.8756
Epoch 026 | train_loss=0.2853 | val_acc=94.86% val_f1=0.9445 | test_acc=88.76% test_f1=0.8389
Epoch 027 | train_loss=0.2536 | val_acc=94.86% val_f1=0.9445 | test_acc=89.33% test_f1=0.8483
Epoch 028 | train_loss=0.2443 | val_acc=94.86% val_f1=0.9445 | test_acc=90.45% test_f1=0.8666
Epoch 029 | train_loss=0.2147 | val_acc=95.43% val_f1=0.9505 | test_acc=91.01% test_f1=0.8756
Epoch 030 | train_loss=0.2045 | val_acc=96.00% val_f1=0.9586 | test_acc=89.33% test_f1=0.8483
Epoch 031 | train_loss=0.1995 | val_acc=96.00% val_f1=0.9586 | test_acc=86.80% test_f1=0.8088
Epoch 032 | train_loss=0.1816 | val_acc=96.00% val_f1=0.9586 | test_acc=89.04% test_f1=0.8469
Epoch 033 | train_loss=0.1928 | val_acc=96.00% val_f1=0.9586 | test_acc=89.89% test_f1=0.8606
Epoch 034 | train_loss=0.1461 | val_acc=96.00% val_f1=0.9586 | test_acc=88.48% test_f1=0.8376
Epoch 035 | train_loss=0.1720 | val_acc=96.00% val_f1=0.9586 | test_acc=87.36% test_f1=0.8186
Epoch 036 | train_loss=0.1492 | val_acc=96.57% val_f1=0.9667 | test_acc=87.92% test_f1=0.8282
Epoch 037 | train_loss=0.1471 | val_acc=96.57% val_f1=0.9667 | test_acc=87.64% test_f1=0.8252
Epoch 038 | train_loss=0.1496 | val_acc=96.57% val_f1=0.9667 | test_acc=87.64% test_f1=0.8252
Epoch 039 | train_loss=0.1240 | val_acc=96.57% val_f1=0.9667 | test_acc=88.48% test_f1=0.8393
Epoch 040 | train_loss=0.1300 | val_acc=96.57% val_f1=0.9667 | test_acc=89.04% test_f1=0.8485
Epoch 041 | train_loss=0.1246 | val_acc=97.14% val_f1=0.9721 | test_acc=88.76% test_f1=0.8439
Epoch 042 | train_loss=0.1083 | val_acc=97.14% val_f1=0.9721 | test_acc=86.52% test_f1=0.8077
Epoch 043 | train_loss=0.1140 | val_acc=97.71% val_f1=0.9775 | test_acc=86.80% test_f1=0.8126
Epoch 044 | train_loss=0.1110 | val_acc=97.71% val_f1=0.9775 | test_acc=88.20% test_f1=0.8362
Epoch 045 | train_loss=0.0966 | val_acc=97.71% val_f1=0.9775 | test_acc=87.08% test_f1=0.8174
Epoch 046 | train_loss=0.0926 | val_acc=98.29% val_f1=0.9830 | test_acc=87.36% test_f1=0.8221
Epoch 047 | train_loss=0.0997 | val_acc=98.29% val_f1=0.9830 | test_acc=87.08% test_f1=0.8174
Epoch 048 | train_loss=0.0993 | val_acc=98.29% val_f1=0.9830 | test_acc=88.20% test_f1=0.8362
Epoch 049 | train_loss=0.1058 | val_acc=98.29% val_f1=0.9830 | test_acc=89.04% test_f1=0.8500
Epoch 050 | train_loss=0.0791 | val_acc=98.29% val_f1=0.9830 | test_acc=89.04% test_f1=0.8500
Epoch 051 | train_loss=0.0830 | val_acc=98.29% val_f1=0.9830 | test_acc=88.48% test_f1=0.8408
Epoch 052 | train_loss=0.0783 | val_acc=98.86% val_f1=0.9886 | test_acc=87.92% test_f1=0.8316
Epoch 053 | train_loss=0.0774 | val_acc=98.86% val_f1=0.9886 | test_acc=87.36% test_f1=0.8221
Epoch 054 | train_loss=0.0888 | val_acc=98.86% val_f1=0.9886 | test_acc=87.36% test_f1=0.8221
Epoch 055 | train_loss=0.0812 | val_acc=98.86% val_f1=0.9886 | test_acc=87.64% test_f1=0.8269
Epoch 056 | train_loss=0.0843 | val_acc=98.86% val_f1=0.9886 | test_acc=87.64% test_f1=0.8269
Epoch 057 | train_loss=0.0718 | val_acc=98.86% val_f1=0.9886 | test_acc=87.64% test_f1=0.8269
Epoch 058 | train_loss=0.0788 | val_acc=98.86% val_f1=0.9886 | test_acc=87.64% test_f1=0.8269
Epoch 059 | train_loss=0.0696 | val_acc=98.86% val_f1=0.9886 | test_acc=87.64% test_f1=0.8269
Epoch 060 | train_loss=0.0776 | val_acc=98.86% val_f1=0.9886 | test_acc=87.92% test_f1=0.8316
Epoch 061 | train_loss=0.0735 | val_acc=98.86% val_f1=0.9886 | test_acc=87.92% test_f1=0.8316
Epoch 062 | train_loss=0.0699 | val_acc=98.86% val_f1=0.9886 | test_acc=87.92% test_f1=0.8316
Epoch 063 | train_loss=0.0699 | val_acc=98.86% val_f1=0.9886 | test_acc=87.64% test_f1=0.8269
Epoch 064 | train_loss=0.0615 | val_acc=98.86% val_f1=0.9886 | test_acc=87.64% test_f1=0.8269
Epoch 065 | train_loss=0.0709 | val_acc=98.86% val_f1=0.9886 | test_acc=87.64% test_f1=0.8269
Epoch 066 | train_loss=0.0662 | val_acc=98.86% val_f1=0.9886 | test_acc=87.64% test_f1=0.8269
Epoch 067 | train_loss=0.0714 | val_acc=98.86% val_f1=0.9886 | test_acc=87.64% test_f1=0.8269
Epoch 068 | train_loss=0.0642 | val_acc=98.86% val_f1=0.9886 | test_acc=87.64% test_f1=0.8269
Early stopping at epoch 68 (best=52, score=0.988625)
================================================================================
Best epoch: 52
Best score (val_macro_f1): 0.988625
Final test accuracy: 87.92%
Saved to: ablation_experiments/h1/results/comparison_18d_baselines/lstm/lstm_weld_seam_windows_ws5_tf75_pg0_h1_h96_l1_bi_do0.1_ep80_lr0.0001_wd1e-05_bs128_seed77
[A] lstm_weld_seam_windows_ws5_tf75_pg0_h1_h96_l1_bi_do0.1_ep80_lr0.0001_wd1e-05_bs128_seed77 | status=success test_acc=87.92% f1=0.8316
Sweep complete for model=lstm
Report dir: ablation_experiments/h1/reports/comparison_18d_baselines/round1/lstm
