/usr/local/lib/python3.10/dist-packages/torch/nn/modules/transformer.py:385: UserWarning: enable_nested_tensor is True, but self.use_nested_tensor is False because encoder_layer.norm_first was True
  warnings.warn(
================================================================================
Comparison baseline | model=transformer
================================================================================
Dataset: /home/huang_kai/wind_turbine_phm/PHOENIX-main/autoencoder_benchmark/Data/processed_data/weld_seam_windows_ws5_tf75_pg0_h1.npz
Device: cuda
Train/Val/Test: 990 / 175 / 356
Epoch 001 | train_loss=0.7756 | val_acc=89.14% val_f1=0.8923 | test_acc=85.39% test_f1=0.8250
Epoch 002 | train_loss=0.3726 | val_acc=93.14% val_f1=0.9353 | test_acc=89.04% test_f1=0.8543
Epoch 003 | train_loss=0.1753 | val_acc=99.43% val_f1=0.9919 | test_acc=85.39% test_f1=0.8081
Epoch 004 | train_loss=0.1018 | val_acc=97.71% val_f1=0.9775 | test_acc=86.24% test_f1=0.8148
Epoch 005 | train_loss=0.0739 | val_acc=98.29% val_f1=0.9830 | test_acc=88.20% test_f1=0.8483
Epoch 006 | train_loss=0.0638 | val_acc=100.00% val_f1=1.0000 | test_acc=81.74% test_f1=0.7595
Epoch 007 | train_loss=0.0508 | val_acc=100.00% val_f1=1.0000 | test_acc=75.56% test_f1=0.6589
Epoch 008 | train_loss=0.0449 | val_acc=98.29% val_f1=0.9830 | test_acc=78.65% test_f1=0.7021
Epoch 009 | train_loss=0.0242 | val_acc=100.00% val_f1=1.0000 | test_acc=81.74% test_f1=0.7694
Epoch 010 | train_loss=0.0235 | val_acc=100.00% val_f1=1.0000 | test_acc=78.37% test_f1=0.7187
Epoch 011 | train_loss=0.0118 | val_acc=100.00% val_f1=1.0000 | test_acc=81.46% test_f1=0.7636
Epoch 012 | train_loss=0.0092 | val_acc=100.00% val_f1=1.0000 | test_acc=80.62% test_f1=0.7512
Epoch 013 | train_loss=0.0095 | val_acc=100.00% val_f1=1.0000 | test_acc=82.02% test_f1=0.7728
Epoch 014 | train_loss=0.0054 | val_acc=100.00% val_f1=1.0000 | test_acc=76.12% test_f1=0.6844
Epoch 015 | train_loss=0.0266 | val_acc=99.43% val_f1=0.9943 | test_acc=80.34% test_f1=0.7369
Epoch 016 | train_loss=0.0082 | val_acc=99.43% val_f1=0.9942 | test_acc=80.34% test_f1=0.7519
Epoch 017 | train_loss=0.0034 | val_acc=99.43% val_f1=0.9942 | test_acc=78.65% test_f1=0.7281
Epoch 018 | train_loss=0.0046 | val_acc=99.43% val_f1=0.9942 | test_acc=78.37% test_f1=0.7213
Epoch 019 | train_loss=0.0080 | val_acc=99.43% val_f1=0.9942 | test_acc=77.53% test_f1=0.7094
Epoch 020 | train_loss=0.0067 | val_acc=99.43% val_f1=0.9919 | test_acc=83.99% test_f1=0.8041
Epoch 021 | train_loss=0.0077 | val_acc=99.43% val_f1=0.9942 | test_acc=80.06% test_f1=0.7482
Epoch 022 | train_loss=0.0084 | val_acc=100.00% val_f1=1.0000 | test_acc=89.04% test_f1=0.8710
Early stopping at epoch 22 (best=6, score=1.000000)
================================================================================
Best epoch: 6
Best score (val_macro_f1): 1.000000
Final test accuracy: 81.74%
Saved to: ablation_experiments/h1/results/comparison_18d_baselines/transformer/transformer_weld_seam_windows_ws5_tf75_pg0_h1_dm64_nh4_l4_ff256_do0.3_ep80_lr0.0003_wd0.0005_bs64_seed77
[A] transformer_weld_seam_windows_ws5_tf75_pg0_h1_dm64_nh4_l4_ff256_do0.3_ep80_lr0.0003_wd0.0005_bs64_seed77 | status=success test_acc=81.74% f1=0.7595
/usr/local/lib/python3.10/dist-packages/torch/nn/modules/transformer.py:385: UserWarning: enable_nested_tensor is True, but self.use_nested_tensor is False because encoder_layer.norm_first was True
  warnings.warn(
================================================================================
Comparison baseline | model=transformer
================================================================================
Dataset: /home/huang_kai/wind_turbine_phm/PHOENIX-main/autoencoder_benchmark/Data/processed_data/weld_seam_windows_ws5_tf75_pg0_h1.npz
Device: cuda
Train/Val/Test: 990 / 175 / 356
Epoch 001 | train_loss=0.9349 | val_acc=51.43% val_f1=0.5477 | test_acc=38.48% test_f1=0.4165
Epoch 002 | train_loss=0.7550 | val_acc=73.71% val_f1=0.7497 | test_acc=45.22% test_f1=0.4995
Epoch 003 | train_loss=0.6049 | val_acc=82.29% val_f1=0.8220 | test_acc=72.47% test_f1=0.7424
Epoch 004 | train_loss=0.4847 | val_acc=88.57% val_f1=0.8894 | test_acc=84.55% test_f1=0.8171
Epoch 005 | train_loss=0.3826 | val_acc=90.29% val_f1=0.9006 | test_acc=91.85% test_f1=0.8855
Epoch 006 | train_loss=0.3390 | val_acc=92.00% val_f1=0.9184 | test_acc=90.73% test_f1=0.8714
Epoch 007 | train_loss=0.2681 | val_acc=93.14% val_f1=0.9284 | test_acc=91.01% test_f1=0.8731
Epoch 008 | train_loss=0.2116 | val_acc=93.14% val_f1=0.9284 | test_acc=92.70% test_f1=0.8978
Epoch 009 | train_loss=0.1786 | val_acc=93.14% val_f1=0.9284 | test_acc=90.45% test_f1=0.8634
Epoch 010 | train_loss=0.1616 | val_acc=96.57% val_f1=0.9593 | test_acc=87.36% test_f1=0.8238
Epoch 011 | train_loss=0.1323 | val_acc=97.71% val_f1=0.9727 | test_acc=89.89% test_f1=0.8660
Epoch 012 | train_loss=0.1064 | val_acc=96.57% val_f1=0.9593 | test_acc=85.96% test_f1=0.7979
Epoch 013 | train_loss=0.0969 | val_acc=97.71% val_f1=0.9727 | test_acc=86.52% test_f1=0.8129
Epoch 014 | train_loss=0.0882 | val_acc=98.29% val_f1=0.9782 | test_acc=83.43% test_f1=0.7716
Epoch 015 | train_loss=0.0595 | val_acc=98.86% val_f1=0.9837 | test_acc=82.30% test_f1=0.7569
Epoch 016 | train_loss=0.0545 | val_acc=98.29% val_f1=0.9782 | test_acc=83.71% test_f1=0.7748
Epoch 017 | train_loss=0.0483 | val_acc=99.43% val_f1=0.9943 | test_acc=85.67% test_f1=0.8091
Epoch 018 | train_loss=0.0472 | val_acc=98.86% val_f1=0.9837 | test_acc=81.74% test_f1=0.7502
Epoch 019 | train_loss=0.0413 | val_acc=100.00% val_f1=1.0000 | test_acc=84.27% test_f1=0.7900
Epoch 020 | train_loss=0.0340 | val_acc=98.86% val_f1=0.9837 | test_acc=83.43% test_f1=0.7699
Epoch 021 | train_loss=0.0324 | val_acc=100.00% val_f1=1.0000 | test_acc=84.27% test_f1=0.7900
Epoch 022 | train_loss=0.0303 | val_acc=98.86% val_f1=0.9837 | test_acc=81.74% test_f1=0.7470
Epoch 023 | train_loss=0.0248 | val_acc=100.00% val_f1=1.0000 | test_acc=83.71% test_f1=0.7807
Epoch 024 | train_loss=0.0221 | val_acc=98.86% val_f1=0.9837 | test_acc=81.74% test_f1=0.7470
Epoch 025 | train_loss=0.0209 | val_acc=98.86% val_f1=0.9837 | test_acc=82.87% test_f1=0.7666
Epoch 026 | train_loss=0.0185 | val_acc=100.00% val_f1=1.0000 | test_acc=84.83% test_f1=0.7991
Epoch 027 | train_loss=0.0170 | val_acc=100.00% val_f1=1.0000 | test_acc=83.43% test_f1=0.7786
Epoch 028 | train_loss=0.0141 | val_acc=99.43% val_f1=0.9919 | test_acc=81.46% test_f1=0.7450
Epoch 029 | train_loss=0.0149 | val_acc=100.00% val_f1=1.0000 | test_acc=81.74% test_f1=0.7544
Epoch 030 | train_loss=0.0136 | val_acc=100.00% val_f1=1.0000 | test_acc=83.15% test_f1=0.7752
Epoch 031 | train_loss=0.0121 | val_acc=100.00% val_f1=1.0000 | test_acc=82.87% test_f1=0.7692
Epoch 032 | train_loss=0.0104 | val_acc=99.43% val_f1=0.9919 | test_acc=81.74% test_f1=0.7502
Epoch 033 | train_loss=0.0119 | val_acc=99.43% val_f1=0.9919 | test_acc=81.18% test_f1=0.7449
Epoch 034 | train_loss=0.0111 | val_acc=100.00% val_f1=1.0000 | test_acc=83.15% test_f1=0.7751
Epoch 035 | train_loss=0.0091 | val_acc=100.00% val_f1=1.0000 | test_acc=83.71% test_f1=0.7869
Early stopping at epoch 35 (best=19, score=1.000000)
================================================================================
Best epoch: 19
Best score (val_macro_f1): 1.000000
Final test accuracy: 84.27%
Saved to: ablation_experiments/h1/results/comparison_18d_baselines/transformer/transformer_weld_seam_windows_ws5_tf75_pg0_h1_dm128_nh8_l2_ff256_do0.1_ep80_lr0.0001_wd0.0002_bs128_seed100
[A] transformer_weld_seam_windows_ws5_tf75_pg0_h1_dm128_nh8_l2_ff256_do0.1_ep80_lr0.0001_wd0.0002_bs128_seed100 | status=success test_acc=84.27% f1=0.7900
/usr/local/lib/python3.10/dist-packages/torch/nn/modules/transformer.py:385: UserWarning: enable_nested_tensor is True, but self.use_nested_tensor is False because encoder_layer.norm_first was True
  warnings.warn(
================================================================================
Comparison baseline | model=transformer
================================================================================
Dataset: /home/huang_kai/wind_turbine_phm/PHOENIX-main/autoencoder_benchmark/Data/processed_data/weld_seam_windows_ws5_tf75_pg0_h1.npz
Device: cuda
Train/Val/Test: 990 / 175 / 356
Epoch 001 | train_loss=0.7831 | val_acc=94.29% val_f1=0.9319 | test_acc=95.51% test_f1=0.9341
Epoch 002 | train_loss=0.4061 | val_acc=95.43% val_f1=0.9483 | test_acc=89.33% test_f1=0.8572
Epoch 003 | train_loss=0.2271 | val_acc=95.43% val_f1=0.9483 | test_acc=89.61% test_f1=0.8616
Epoch 004 | train_loss=0.1345 | val_acc=96.57% val_f1=0.9593 | test_acc=89.33% test_f1=0.8597
Epoch 005 | train_loss=0.1037 | val_acc=97.71% val_f1=0.9727 | test_acc=87.36% test_f1=0.8311
Epoch 006 | train_loss=0.0704 | val_acc=98.29% val_f1=0.9782 | test_acc=82.58% test_f1=0.7568
Epoch 007 | train_loss=0.0477 | val_acc=98.86% val_f1=0.9837 | test_acc=80.34% test_f1=0.7193
Epoch 008 | train_loss=0.0345 | val_acc=99.43% val_f1=0.9919 | test_acc=82.02% test_f1=0.7503
Epoch 009 | train_loss=0.0292 | val_acc=100.00% val_f1=1.0000 | test_acc=86.80% test_f1=0.8291
Epoch 010 | train_loss=0.0173 | val_acc=100.00% val_f1=1.0000 | test_acc=84.27% test_f1=0.7923
Epoch 011 | train_loss=0.0136 | val_acc=100.00% val_f1=1.0000 | test_acc=85.39% test_f1=0.8045
Epoch 012 | train_loss=0.0093 | val_acc=99.43% val_f1=0.9919 | test_acc=78.37% test_f1=0.7029
Epoch 013 | train_loss=0.0078 | val_acc=100.00% val_f1=1.0000 | test_acc=85.11% test_f1=0.8057
Epoch 014 | train_loss=0.0096 | val_acc=100.00% val_f1=1.0000 | test_acc=82.58% test_f1=0.7608
Epoch 015 | train_loss=0.0051 | val_acc=100.00% val_f1=1.0000 | test_acc=81.18% test_f1=0.7449
Epoch 016 | train_loss=0.0041 | val_acc=99.43% val_f1=0.9919 | test_acc=82.87% test_f1=0.7685
Epoch 017 | train_loss=0.0050 | val_acc=100.00% val_f1=1.0000 | test_acc=82.30% test_f1=0.7638
Epoch 018 | train_loss=0.0038 | val_acc=98.86% val_f1=0.9837 | test_acc=80.90% test_f1=0.7384
Epoch 019 | train_loss=0.0032 | val_acc=99.43% val_f1=0.9919 | test_acc=82.02% test_f1=0.7578
Epoch 020 | train_loss=0.0028 | val_acc=100.00% val_f1=1.0000 | test_acc=84.27% test_f1=0.7965
Epoch 021 | train_loss=0.0026 | val_acc=100.00% val_f1=1.0000 | test_acc=81.74% test_f1=0.7557
Epoch 022 | train_loss=0.0024 | val_acc=98.86% val_f1=0.9837 | test_acc=81.18% test_f1=0.7449
Epoch 023 | train_loss=0.0021 | val_acc=99.43% val_f1=0.9919 | test_acc=82.30% test_f1=0.7612
Epoch 024 | train_loss=0.0021 | val_acc=99.43% val_f1=0.9919 | test_acc=81.74% test_f1=0.7544
Epoch 025 | train_loss=0.0023 | val_acc=98.86% val_f1=0.9837 | test_acc=81.74% test_f1=0.7487
Early stopping at epoch 25 (best=9, score=1.000000)
================================================================================
Best epoch: 9
Best score (val_macro_f1): 1.000000
Final test accuracy: 86.80%
Saved to: ablation_experiments/h1/results/comparison_18d_baselines/transformer/transformer_weld_seam_windows_ws5_tf75_pg0_h1_dm96_nh8_l3_ff128_do0.1_ep80_lr0.0002_wd0.0005_bs64_seed100
[A] transformer_weld_seam_windows_ws5_tf75_pg0_h1_dm96_nh8_l3_ff128_do0.1_ep80_lr0.0002_wd0.0005_bs64_seed100 | status=success test_acc=86.80% f1=0.8291
/usr/local/lib/python3.10/dist-packages/torch/nn/modules/transformer.py:385: UserWarning: enable_nested_tensor is True, but self.use_nested_tensor is False because encoder_layer.norm_first was True
  warnings.warn(
================================================================================
Comparison baseline | model=transformer
================================================================================
Dataset: /home/huang_kai/wind_turbine_phm/PHOENIX-main/autoencoder_benchmark/Data/processed_data/weld_seam_windows_ws5_tf75_pg0_h1.npz
Device: cuda
Train/Val/Test: 990 / 175 / 356
Epoch 001 | train_loss=0.8452 | val_acc=88.00% val_f1=0.8639 | test_acc=91.85% test_f1=0.8961
Epoch 002 | train_loss=0.4685 | val_acc=94.29% val_f1=0.9427 | test_acc=84.55% test_f1=0.7892
Epoch 003 | train_loss=0.2270 | val_acc=94.29% val_f1=0.9427 | test_acc=88.48% test_f1=0.8509
Epoch 004 | train_loss=0.1193 | val_acc=98.86% val_f1=0.9886 | test_acc=80.62% test_f1=0.7311
Epoch 005 | train_loss=0.0789 | val_acc=97.71% val_f1=0.9749 | test_acc=87.92% test_f1=0.8502
Epoch 006 | train_loss=0.0509 | val_acc=100.00% val_f1=1.0000 | test_acc=81.46% test_f1=0.7643
Epoch 007 | train_loss=0.0308 | val_acc=99.43% val_f1=0.9942 | test_acc=79.49% test_f1=0.7405
Epoch 008 | train_loss=0.0499 | val_acc=99.43% val_f1=0.9942 | test_acc=80.06% test_f1=0.7481
Epoch 009 | train_loss=0.0220 | val_acc=99.43% val_f1=0.9942 | test_acc=76.69% test_f1=0.6975
Epoch 010 | train_loss=0.0197 | val_acc=99.43% val_f1=0.9942 | test_acc=79.21% test_f1=0.7382
Epoch 011 | train_loss=0.0112 | val_acc=100.00% val_f1=1.0000 | test_acc=78.37% test_f1=0.7178
Epoch 012 | train_loss=0.0090 | val_acc=100.00% val_f1=1.0000 | test_acc=75.84% test_f1=0.6860
Epoch 013 | train_loss=0.0066 | val_acc=100.00% val_f1=1.0000 | test_acc=80.06% test_f1=0.7468
Epoch 014 | train_loss=0.0050 | val_acc=100.00% val_f1=1.0000 | test_acc=77.25% test_f1=0.7075
Epoch 015 | train_loss=0.0050 | val_acc=100.00% val_f1=1.0000 | test_acc=79.21% test_f1=0.7368
Epoch 016 | train_loss=0.0040 | val_acc=99.43% val_f1=0.9942 | test_acc=76.40% test_f1=0.6951
Epoch 017 | train_loss=0.0049 | val_acc=99.43% val_f1=0.9942 | test_acc=78.65% test_f1=0.7277
Epoch 018 | train_loss=0.0036 | val_acc=99.43% val_f1=0.9942 | test_acc=76.97% test_f1=0.7022
Epoch 019 | train_loss=0.0033 | val_acc=100.00% val_f1=1.0000 | test_acc=77.53% test_f1=0.7115
Epoch 020 | train_loss=0.0029 | val_acc=100.00% val_f1=1.0000 | test_acc=78.37% test_f1=0.7234
Epoch 021 | train_loss=0.0023 | val_acc=100.00% val_f1=1.0000 | test_acc=76.97% test_f1=0.7027
Epoch 022 | train_loss=0.0021 | val_acc=100.00% val_f1=1.0000 | test_acc=77.53% test_f1=0.7105
Early stopping at epoch 22 (best=6, score=1.000000)
================================================================================
Best epoch: 6
Best score (val_macro_f1): 1.000000
Final test accuracy: 81.46%
Saved to: ablation_experiments/h1/results/comparison_18d_baselines/transformer/transformer_weld_seam_windows_ws5_tf75_pg0_h1_dm64_nh4_l4_ff128_do0.1_ep80_lr0.0003_wd0.0002_bs64_seed77
[A] transformer_weld_seam_windows_ws5_tf75_pg0_h1_dm64_nh4_l4_ff128_do0.1_ep80_lr0.0003_wd0.0002_bs64_seed77 | status=success test_acc=81.46% f1=0.7642
/usr/local/lib/python3.10/dist-packages/torch/nn/modules/transformer.py:385: UserWarning: enable_nested_tensor is True, but self.use_nested_tensor is False because encoder_layer.norm_first was True
  warnings.warn(
================================================================================
Comparison baseline | model=transformer
================================================================================
Dataset: /home/huang_kai/wind_turbine_phm/PHOENIX-main/autoencoder_benchmark/Data/processed_data/weld_seam_windows_ws5_tf75_pg0_h1.npz
Device: cuda
Train/Val/Test: 990 / 175 / 356
Epoch 001 | train_loss=0.7494 | val_acc=90.29% val_f1=0.8846 | test_acc=92.98% test_f1=0.9078
Epoch 002 | train_loss=0.2856 | val_acc=94.86% val_f1=0.9321 | test_acc=91.01% test_f1=0.8907
Epoch 003 | train_loss=0.1443 | val_acc=97.14% val_f1=0.9647 | test_acc=85.67% test_f1=0.8078
Epoch 004 | train_loss=0.0610 | val_acc=100.00% val_f1=1.0000 | test_acc=82.87% test_f1=0.7739
Epoch 005 | train_loss=0.0261 | val_acc=98.29% val_f1=0.9755 | test_acc=78.37% test_f1=0.6829
Epoch 006 | train_loss=0.0382 | val_acc=97.14% val_f1=0.9591 | test_acc=78.93% test_f1=0.6790
Epoch 007 | train_loss=0.0564 | val_acc=98.29% val_f1=0.9780 | test_acc=94.94% test_f1=0.9408
Epoch 008 | train_loss=0.0363 | val_acc=98.29% val_f1=0.9755 | test_acc=75.28% test_f1=0.6638
Epoch 009 | train_loss=0.0182 | val_acc=98.86% val_f1=0.9886 | test_acc=89.33% test_f1=0.8573
Epoch 010 | train_loss=0.0069 | val_acc=98.86% val_f1=0.9837 | test_acc=78.09% test_f1=0.6952
Epoch 011 | train_loss=0.0093 | val_acc=100.00% val_f1=1.0000 | test_acc=82.02% test_f1=0.7665
Epoch 012 | train_loss=0.0036 | val_acc=100.00% val_f1=1.0000 | test_acc=80.34% test_f1=0.7374
Epoch 013 | train_loss=0.0025 | val_acc=100.00% val_f1=1.0000 | test_acc=80.90% test_f1=0.7346
Epoch 014 | train_loss=0.0020 | val_acc=100.00% val_f1=1.0000 | test_acc=77.53% test_f1=0.6923
Epoch 015 | train_loss=0.0015 | val_acc=100.00% val_f1=1.0000 | test_acc=76.69% test_f1=0.6836
Epoch 016 | train_loss=0.0012 | val_acc=100.00% val_f1=1.0000 | test_acc=78.37% test_f1=0.7076
Epoch 017 | train_loss=0.0011 | val_acc=100.00% val_f1=1.0000 | test_acc=78.65% test_f1=0.7125
Epoch 018 | train_loss=0.0013 | val_acc=100.00% val_f1=1.0000 | test_acc=76.69% test_f1=0.6878
Epoch 019 | train_loss=0.0016 | val_acc=100.00% val_f1=1.0000 | test_acc=81.74% test_f1=0.7499
Epoch 020 | train_loss=0.0013 | val_acc=100.00% val_f1=1.0000 | test_acc=79.21% test_f1=0.7174
Early stopping at epoch 20 (best=4, score=1.000000)
================================================================================
Best epoch: 4
Best score (val_macro_f1): 1.000000
Final test accuracy: 82.87%
Saved to: ablation_experiments/h1/results/comparison_18d_baselines/transformer/transformer_weld_seam_windows_ws5_tf75_pg0_h1_dm128_nh8_l3_ff128_do0.1_ep80_lr0.0005_wd0.0005_bs128_seed100
[A] transformer_weld_seam_windows_ws5_tf75_pg0_h1_dm128_nh8_l3_ff128_do0.1_ep80_lr0.0005_wd0.0005_bs128_seed100 | status=success test_acc=82.87% f1=0.7739
/usr/local/lib/python3.10/dist-packages/torch/nn/modules/transformer.py:385: UserWarning: enable_nested_tensor is True, but self.use_nested_tensor is False because encoder_layer.norm_first was True
  warnings.warn(
================================================================================
Comparison baseline | model=transformer
================================================================================
Dataset: /home/huang_kai/wind_turbine_phm/PHOENIX-main/autoencoder_benchmark/Data/processed_data/weld_seam_windows_ws5_tf75_pg0_h1.npz
Device: cuda
Train/Val/Test: 990 / 175 / 356
Epoch 001 | train_loss=0.9447 | val_acc=86.29% val_f1=0.8449 | test_acc=92.70% test_f1=0.8987
Epoch 002 | train_loss=0.5191 | val_acc=94.86% val_f1=0.9369 | test_acc=92.98% test_f1=0.9075
Epoch 003 | train_loss=0.2678 | val_acc=96.57% val_f1=0.9619 | test_acc=85.67% test_f1=0.8161
Epoch 004 | train_loss=0.1513 | val_acc=96.00% val_f1=0.9590 | test_acc=86.80% test_f1=0.8221
Epoch 005 | train_loss=0.0931 | val_acc=97.71% val_f1=0.9752 | test_acc=84.83% test_f1=0.7960
Epoch 006 | train_loss=0.0496 | val_acc=99.43% val_f1=0.9942 | test_acc=85.39% test_f1=0.8170
Epoch 007 | train_loss=0.0510 | val_acc=98.86% val_f1=0.9862 | test_acc=84.55% test_f1=0.7923
Epoch 008 | train_loss=0.0304 | val_acc=98.86% val_f1=0.9862 | test_acc=82.30% test_f1=0.7521
Epoch 009 | train_loss=0.0130 | val_acc=100.00% val_f1=1.0000 | test_acc=83.71% test_f1=0.7880
Epoch 010 | train_loss=0.0101 | val_acc=100.00% val_f1=1.0000 | test_acc=82.58% test_f1=0.7648
Epoch 011 | train_loss=0.0088 | val_acc=100.00% val_f1=1.0000 | test_acc=82.30% test_f1=0.7677
Epoch 012 | train_loss=0.0058 | val_acc=100.00% val_f1=1.0000 | test_acc=82.58% test_f1=0.7735
Epoch 013 | train_loss=0.0042 | val_acc=99.43% val_f1=0.9919 | test_acc=84.27% test_f1=0.7945
Epoch 014 | train_loss=0.0057 | val_acc=98.86% val_f1=0.9861 | test_acc=78.65% test_f1=0.7154
Epoch 015 | train_loss=0.0042 | val_acc=99.43% val_f1=0.9919 | test_acc=85.96% test_f1=0.8201
Epoch 016 | train_loss=0.0028 | val_acc=99.43% val_f1=0.9919 | test_acc=81.18% test_f1=0.7487
Epoch 017 | train_loss=0.0024 | val_acc=99.43% val_f1=0.9919 | test_acc=79.78% test_f1=0.7320
Epoch 018 | train_loss=0.0022 | val_acc=100.00% val_f1=1.0000 | test_acc=82.58% test_f1=0.7812
Epoch 019 | train_loss=0.0021 | val_acc=100.00% val_f1=1.0000 | test_acc=81.74% test_f1=0.7699
Epoch 020 | train_loss=0.0017 | val_acc=100.00% val_f1=1.0000 | test_acc=82.58% test_f1=0.7794
Epoch 021 | train_loss=0.0018 | val_acc=99.43% val_f1=0.9919 | test_acc=83.15% test_f1=0.7738
Epoch 022 | train_loss=0.0024 | val_acc=99.43% val_f1=0.9919 | test_acc=84.27% test_f1=0.7823
Epoch 023 | train_loss=0.0016 | val_acc=99.43% val_f1=0.9919 | test_acc=77.25% test_f1=0.6992
Epoch 024 | train_loss=0.0018 | val_acc=99.43% val_f1=0.9919 | test_acc=80.06% test_f1=0.7423
Epoch 025 | train_loss=0.0017 | val_acc=100.00% val_f1=1.0000 | test_acc=84.83% test_f1=0.8070
Early stopping at epoch 25 (best=9, score=1.000000)
================================================================================
Best epoch: 9
Best score (val_macro_f1): 1.000000
Final test accuracy: 83.71%
Saved to: ablation_experiments/h1/results/comparison_18d_baselines/transformer/transformer_weld_seam_windows_ws5_tf75_pg0_h1_dm96_nh4_l2_ff256_do0.2_ep80_lr0.0005_wd0.0005_bs128_seed14
[A] transformer_weld_seam_windows_ws5_tf75_pg0_h1_dm96_nh4_l2_ff256_do0.2_ep80_lr0.0005_wd0.0005_bs128_seed14 | status=success test_acc=83.71% f1=0.7880
/usr/local/lib/python3.10/dist-packages/torch/nn/modules/transformer.py:385: UserWarning: enable_nested_tensor is True, but self.use_nested_tensor is False because encoder_layer.norm_first was True
  warnings.warn(
================================================================================
Comparison baseline | model=transformer
================================================================================
Dataset: /home/huang_kai/wind_turbine_phm/PHOENIX-main/autoencoder_benchmark/Data/processed_data/weld_seam_windows_ws5_tf75_pg0_h1.npz
Device: cuda
Train/Val/Test: 990 / 175 / 356
Epoch 001 | train_loss=0.8820 | val_acc=84.57% val_f1=0.8437 | test_acc=81.18% test_f1=0.8111
Epoch 002 | train_loss=0.4316 | val_acc=97.14% val_f1=0.9647 | test_acc=89.89% test_f1=0.8606
Epoch 003 | train_loss=0.2037 | val_acc=96.00% val_f1=0.9540 | test_acc=91.57% test_f1=0.8858
Epoch 004 | train_loss=0.1138 | val_acc=98.86% val_f1=0.9862 | test_acc=86.52% test_f1=0.8247
Epoch 005 | train_loss=0.0713 | val_acc=98.29% val_f1=0.9755 | test_acc=79.49% test_f1=0.7075
Epoch 006 | train_loss=0.0577 | val_acc=98.29% val_f1=0.9755 | test_acc=77.25% test_f1=0.6699
Epoch 007 | train_loss=0.0330 | val_acc=100.00% val_f1=1.0000 | test_acc=84.27% test_f1=0.7874
Epoch 008 | train_loss=0.0202 | val_acc=98.29% val_f1=0.9755 | test_acc=79.49% test_f1=0.7053
Epoch 009 | train_loss=0.0240 | val_acc=100.00% val_f1=1.0000 | test_acc=83.99% test_f1=0.7889
Epoch 010 | train_loss=0.0222 | val_acc=100.00% val_f1=1.0000 | test_acc=85.39% test_f1=0.8092
Epoch 011 | train_loss=0.0139 | val_acc=98.29% val_f1=0.9755 | test_acc=76.12% test_f1=0.6565
Epoch 012 | train_loss=0.0227 | val_acc=100.00% val_f1=1.0000 | test_acc=87.64% test_f1=0.8441
Epoch 013 | train_loss=0.0203 | val_acc=98.29% val_f1=0.9755 | test_acc=74.72% test_f1=0.6465
Epoch 014 | train_loss=0.0151 | val_acc=100.00% val_f1=1.0000 | test_acc=88.76% test_f1=0.8566
Epoch 015 | train_loss=0.0080 | val_acc=98.86% val_f1=0.9837 | test_acc=77.25% test_f1=0.6950
Epoch 016 | train_loss=0.0103 | val_acc=98.29% val_f1=0.9755 | test_acc=80.34% test_f1=0.7241
Epoch 017 | train_loss=0.0046 | val_acc=100.00% val_f1=1.0000 | test_acc=84.55% test_f1=0.7991
Epoch 018 | train_loss=0.0030 | val_acc=99.43% val_f1=0.9919 | test_acc=80.34% test_f1=0.7327
Epoch 019 | train_loss=0.0019 | val_acc=98.86% val_f1=0.9837 | test_acc=78.93% test_f1=0.7109
Epoch 020 | train_loss=0.0024 | val_acc=98.86% val_f1=0.9837 | test_acc=79.78% test_f1=0.7220
Epoch 021 | train_loss=0.0020 | val_acc=98.86% val_f1=0.9837 | test_acc=80.62% test_f1=0.7315
Epoch 022 | train_loss=0.0020 | val_acc=98.86% val_f1=0.9837 | test_acc=79.21% test_f1=0.7155
Epoch 023 | train_loss=0.0021 | val_acc=100.00% val_f1=1.0000 | test_acc=78.09% test_f1=0.7115
Early stopping at epoch 23 (best=7, score=1.000000)
================================================================================
Best epoch: 7
Best score (val_macro_f1): 1.000000
Final test accuracy: 84.27%
Saved to: ablation_experiments/h1/results/comparison_18d_baselines/transformer/transformer_weld_seam_windows_ws5_tf75_pg0_h1_dm128_nh8_l4_ff256_do0.2_ep80_lr0.0003_wd1e-05_bs128_seed100
[A] transformer_weld_seam_windows_ws5_tf75_pg0_h1_dm128_nh8_l4_ff256_do0.2_ep80_lr0.0003_wd1e-05_bs128_seed100 | status=success test_acc=84.27% f1=0.7874
/usr/local/lib/python3.10/dist-packages/torch/nn/modules/transformer.py:385: UserWarning: enable_nested_tensor is True, but self.use_nested_tensor is False because encoder_layer.norm_first was True
  warnings.warn(
================================================================================
Comparison baseline | model=transformer
================================================================================
Dataset: /home/huang_kai/wind_turbine_phm/PHOENIX-main/autoencoder_benchmark/Data/processed_data/weld_seam_windows_ws5_tf75_pg0_h1.npz
Device: cuda
Train/Val/Test: 990 / 175 / 356
Epoch 001 | train_loss=0.9814 | val_acc=77.14% val_f1=0.7983 | test_acc=57.02% test_f1=0.5633
Epoch 002 | train_loss=0.7202 | val_acc=88.00% val_f1=0.8722 | test_acc=90.45% test_f1=0.8869
Epoch 003 | train_loss=0.4868 | val_acc=95.43% val_f1=0.9514 | test_acc=87.08% test_f1=0.8293
Epoch 004 | train_loss=0.3301 | val_acc=95.43% val_f1=0.9514 | test_acc=86.80% test_f1=0.8300
Epoch 005 | train_loss=0.2198 | val_acc=95.43% val_f1=0.9538 | test_acc=88.76% test_f1=0.8610
Epoch 006 | train_loss=0.1568 | val_acc=95.43% val_f1=0.9514 | test_acc=79.21% test_f1=0.7081
Epoch 007 | train_loss=0.1398 | val_acc=96.00% val_f1=0.9590 | test_acc=88.48% test_f1=0.8600
Epoch 008 | train_loss=0.1007 | val_acc=98.29% val_f1=0.9804 | test_acc=82.30% test_f1=0.7676
Epoch 009 | train_loss=0.0559 | val_acc=98.86% val_f1=0.9862 | test_acc=83.15% test_f1=0.7802
Epoch 010 | train_loss=0.0505 | val_acc=98.29% val_f1=0.9807 | test_acc=81.46% test_f1=0.7491
Epoch 011 | train_loss=0.0342 | val_acc=98.29% val_f1=0.9802 | test_acc=80.62% test_f1=0.7479
Epoch 012 | train_loss=0.0285 | val_acc=97.71% val_f1=0.9742 | test_acc=78.09% test_f1=0.7083
Epoch 013 | train_loss=0.0222 | val_acc=98.86% val_f1=0.9861 | test_acc=81.18% test_f1=0.7471
Epoch 014 | train_loss=0.0184 | val_acc=98.86% val_f1=0.9861 | test_acc=80.90% test_f1=0.7556
Epoch 015 | train_loss=0.0208 | val_acc=98.29% val_f1=0.9807 | test_acc=84.27% test_f1=0.7861
Epoch 016 | train_loss=0.0182 | val_acc=98.86% val_f1=0.9862 | test_acc=84.27% test_f1=0.7969
Epoch 017 | train_loss=0.0221 | val_acc=99.43% val_f1=0.9919 | test_acc=76.97% test_f1=0.6833
Epoch 018 | train_loss=0.0132 | val_acc=99.43% val_f1=0.9919 | test_acc=83.43% test_f1=0.7859
Epoch 019 | train_loss=0.0122 | val_acc=99.43% val_f1=0.9919 | test_acc=81.74% test_f1=0.7691
Epoch 020 | train_loss=0.0075 | val_acc=99.43% val_f1=0.9919 | test_acc=75.56% test_f1=0.6645
Epoch 021 | train_loss=0.0098 | val_acc=99.43% val_f1=0.9919 | test_acc=83.15% test_f1=0.7879
Epoch 022 | train_loss=0.0083 | val_acc=99.43% val_f1=0.9919 | test_acc=83.43% test_f1=0.7921
Epoch 023 | train_loss=0.0060 | val_acc=99.43% val_f1=0.9919 | test_acc=80.34% test_f1=0.7449
Epoch 024 | train_loss=0.0063 | val_acc=99.43% val_f1=0.9919 | test_acc=79.78% test_f1=0.7320
Epoch 025 | train_loss=0.0046 | val_acc=99.43% val_f1=0.9919 | test_acc=81.46% test_f1=0.7610
Epoch 026 | train_loss=0.0071 | val_acc=99.43% val_f1=0.9919 | test_acc=82.02% test_f1=0.7699
Epoch 027 | train_loss=0.0058 | val_acc=99.43% val_f1=0.9919 | test_acc=83.99% test_f1=0.7925
Epoch 028 | train_loss=0.0040 | val_acc=99.43% val_f1=0.9919 | test_acc=80.34% test_f1=0.7303
Epoch 029 | train_loss=0.0055 | val_acc=99.43% val_f1=0.9919 | test_acc=82.30% test_f1=0.7782
Epoch 030 | train_loss=0.0045 | val_acc=100.00% val_f1=1.0000 | test_acc=82.02% test_f1=0.7746
Epoch 031 | train_loss=0.0050 | val_acc=99.43% val_f1=0.9919 | test_acc=78.09% test_f1=0.7057
Epoch 032 | train_loss=0.0059 | val_acc=99.43% val_f1=0.9919 | test_acc=77.81% test_f1=0.6953
Epoch 033 | train_loss=0.0050 | val_acc=100.00% val_f1=1.0000 | test_acc=85.67% test_f1=0.8260
Epoch 034 | train_loss=0.0118 | val_acc=99.43% val_f1=0.9919 | test_acc=77.81% test_f1=0.7022
Epoch 035 | train_loss=0.0149 | val_acc=99.43% val_f1=0.9919 | test_acc=85.39% test_f1=0.8219
Epoch 036 | train_loss=0.0066 | val_acc=99.43% val_f1=0.9919 | test_acc=81.18% test_f1=0.7599
Epoch 037 | train_loss=0.0056 | val_acc=99.43% val_f1=0.9919 | test_acc=75.84% test_f1=0.6761
Epoch 038 | train_loss=0.0031 | val_acc=99.43% val_f1=0.9919 | test_acc=76.97% test_f1=0.6870
Epoch 039 | train_loss=0.0070 | val_acc=99.43% val_f1=0.9919 | test_acc=79.49% test_f1=0.7286
Epoch 040 | train_loss=0.0049 | val_acc=99.43% val_f1=0.9919 | test_acc=83.99% test_f1=0.7998
Epoch 041 | train_loss=0.0032 | val_acc=99.43% val_f1=0.9919 | test_acc=79.78% test_f1=0.7417
Epoch 042 | train_loss=0.0039 | val_acc=99.43% val_f1=0.9919 | test_acc=80.34% test_f1=0.7402
Epoch 043 | train_loss=0.0021 | val_acc=99.43% val_f1=0.9919 | test_acc=79.49% test_f1=0.7271
Epoch 044 | train_loss=0.0052 | val_acc=99.43% val_f1=0.9919 | test_acc=77.53% test_f1=0.6988
Epoch 045 | train_loss=0.0022 | val_acc=99.43% val_f1=0.9919 | test_acc=76.97% test_f1=0.6931
Epoch 046 | train_loss=0.0023 | val_acc=99.43% val_f1=0.9919 | test_acc=77.25% test_f1=0.6980
Early stopping at epoch 46 (best=30, score=1.000000)
================================================================================
Best epoch: 30
Best score (val_macro_f1): 1.000000
Final test accuracy: 82.02%
Saved to: ablation_experiments/h1/results/comparison_18d_baselines/transformer/transformer_weld_seam_windows_ws5_tf75_pg0_h1_dm96_nh8_l2_ff256_do0.3_ep80_lr0.0003_wd1e-05_bs128_seed14
[A] transformer_weld_seam_windows_ws5_tf75_pg0_h1_dm96_nh8_l2_ff256_do0.3_ep80_lr0.0003_wd1e-05_bs128_seed14 | status=success test_acc=82.02% f1=0.7746
/usr/local/lib/python3.10/dist-packages/torch/nn/modules/transformer.py:385: UserWarning: enable_nested_tensor is True, but self.use_nested_tensor is False because encoder_layer.norm_first was True
  warnings.warn(
================================================================================
Comparison baseline | model=transformer
================================================================================
Dataset: /home/huang_kai/wind_turbine_phm/PHOENIX-main/autoencoder_benchmark/Data/processed_data/weld_seam_windows_ws5_tf75_pg0_h1.npz
Device: cuda
Train/Val/Test: 990 / 175 / 356
Epoch 001 | train_loss=0.9732 | val_acc=89.14% val_f1=0.8800 | test_acc=78.93% test_f1=0.5937
Epoch 002 | train_loss=0.6086 | val_acc=94.86% val_f1=0.9315 | test_acc=86.80% test_f1=0.8234
Epoch 003 | train_loss=0.3905 | val_acc=93.14% val_f1=0.9284 | test_acc=89.89% test_f1=0.8591
Epoch 004 | train_loss=0.2365 | val_acc=95.43% val_f1=0.9488 | test_acc=86.52% test_f1=0.8095
Epoch 005 | train_loss=0.1705 | val_acc=97.14% val_f1=0.9647 | test_acc=89.04% test_f1=0.8553
Epoch 006 | train_loss=0.1078 | val_acc=98.29% val_f1=0.9807 | test_acc=89.33% test_f1=0.8545
Epoch 007 | train_loss=0.0814 | val_acc=98.86% val_f1=0.9862 | test_acc=86.80% test_f1=0.8192
Epoch 008 | train_loss=0.0763 | val_acc=100.00% val_f1=1.0000 | test_acc=83.99% test_f1=0.7878
Epoch 009 | train_loss=0.0505 | val_acc=100.00% val_f1=1.0000 | test_acc=88.76% test_f1=0.8554
Epoch 010 | train_loss=0.0365 | val_acc=100.00% val_f1=1.0000 | test_acc=86.24% test_f1=0.8065
Epoch 011 | train_loss=0.0295 | val_acc=100.00% val_f1=1.0000 | test_acc=89.04% test_f1=0.8514
Epoch 012 | train_loss=0.0234 | val_acc=100.00% val_f1=1.0000 | test_acc=85.39% test_f1=0.8070
Epoch 013 | train_loss=0.0178 | val_acc=100.00% val_f1=1.0000 | test_acc=82.02% test_f1=0.7551
Epoch 014 | train_loss=0.0193 | val_acc=99.43% val_f1=0.9919 | test_acc=84.55% test_f1=0.7807
Epoch 015 | train_loss=0.0232 | val_acc=99.43% val_f1=0.9919 | test_acc=82.87% test_f1=0.7706
Epoch 016 | train_loss=0.0222 | val_acc=99.43% val_f1=0.9919 | test_acc=85.39% test_f1=0.8003
Epoch 017 | train_loss=0.0113 | val_acc=100.00% val_f1=1.0000 | test_acc=88.48% test_f1=0.8452
Epoch 018 | train_loss=0.0091 | val_acc=100.00% val_f1=1.0000 | test_acc=86.80% test_f1=0.8247
Epoch 019 | train_loss=0.0108 | val_acc=100.00% val_f1=1.0000 | test_acc=84.55% test_f1=0.7946
Epoch 020 | train_loss=0.0120 | val_acc=97.71% val_f1=0.9673 | test_acc=79.78% test_f1=0.7013
Epoch 021 | train_loss=0.0108 | val_acc=100.00% val_f1=1.0000 | test_acc=91.85% test_f1=0.8928
Epoch 022 | train_loss=0.0069 | val_acc=100.00% val_f1=1.0000 | test_acc=87.08% test_f1=0.8387
Epoch 023 | train_loss=0.0076 | val_acc=99.43% val_f1=0.9919 | test_acc=83.71% test_f1=0.7863
Epoch 024 | train_loss=0.0065 | val_acc=98.86% val_f1=0.9837 | test_acc=83.71% test_f1=0.7779
Early stopping at epoch 24 (best=8, score=1.000000)
================================================================================
Best epoch: 8
Best score (val_macro_f1): 1.000000
Final test accuracy: 83.99%
Saved to: ablation_experiments/h1/results/comparison_18d_baselines/transformer/transformer_weld_seam_windows_ws5_tf75_pg0_h1_dm96_nh8_l3_ff256_do0.1_ep80_lr0.0002_wd0.0005_bs64_seed100
[A] transformer_weld_seam_windows_ws5_tf75_pg0_h1_dm96_nh8_l3_ff256_do0.1_ep80_lr0.0002_wd0.0005_bs64_seed100 | status=success test_acc=83.99% f1=0.7878
/usr/local/lib/python3.10/dist-packages/torch/nn/modules/transformer.py:385: UserWarning: enable_nested_tensor is True, but self.use_nested_tensor is False because encoder_layer.norm_first was True
  warnings.warn(
================================================================================
Comparison baseline | model=transformer
================================================================================
Dataset: /home/huang_kai/wind_turbine_phm/PHOENIX-main/autoencoder_benchmark/Data/processed_data/weld_seam_windows_ws5_tf75_pg0_h1.npz
Device: cuda
Train/Val/Test: 990 / 175 / 356
Epoch 001 | train_loss=0.7343 | val_acc=98.29% val_f1=0.9782 | test_acc=81.46% test_f1=0.7363
Epoch 002 | train_loss=0.3089 | val_acc=97.14% val_f1=0.9673 | test_acc=83.71% test_f1=0.7856
Epoch 003 | train_loss=0.1333 | val_acc=98.29% val_f1=0.9804 | test_acc=78.93% test_f1=0.7182
Epoch 004 | train_loss=0.1060 | val_acc=96.57% val_f1=0.9644 | test_acc=79.21% test_f1=0.7011
Epoch 005 | train_loss=0.0691 | val_acc=98.29% val_f1=0.9807 | test_acc=77.53% test_f1=0.6784
Epoch 006 | train_loss=0.0552 | val_acc=97.71% val_f1=0.9752 | test_acc=83.15% test_f1=0.7733
Epoch 007 | train_loss=0.0246 | val_acc=97.71% val_f1=0.9752 | test_acc=82.87% test_f1=0.7716
Epoch 008 | train_loss=0.0198 | val_acc=98.86% val_f1=0.9861 | test_acc=78.93% test_f1=0.7234
Epoch 009 | train_loss=0.0151 | val_acc=99.43% val_f1=0.9919 | test_acc=81.46% test_f1=0.7585
Epoch 010 | train_loss=0.0071 | val_acc=99.43% val_f1=0.9919 | test_acc=80.90% test_f1=0.7482
Epoch 011 | train_loss=0.0087 | val_acc=98.29% val_f1=0.9807 | test_acc=83.15% test_f1=0.7700
Epoch 012 | train_loss=0.0098 | val_acc=98.86% val_f1=0.9861 | test_acc=77.25% test_f1=0.6920
Epoch 013 | train_loss=0.0065 | val_acc=99.43% val_f1=0.9919 | test_acc=80.90% test_f1=0.7392
Epoch 014 | train_loss=0.0060 | val_acc=99.43% val_f1=0.9919 | test_acc=81.18% test_f1=0.7333
Epoch 015 | train_loss=0.0037 | val_acc=99.43% val_f1=0.9919 | test_acc=79.78% test_f1=0.7378
Epoch 016 | train_loss=0.0136 | val_acc=98.86% val_f1=0.9862 | test_acc=89.33% test_f1=0.8701
Epoch 017 | train_loss=0.0112 | val_acc=99.43% val_f1=0.9919 | test_acc=84.83% test_f1=0.8098
Epoch 018 | train_loss=0.0032 | val_acc=99.43% val_f1=0.9919 | test_acc=76.40% test_f1=0.6882
Epoch 019 | train_loss=0.0032 | val_acc=99.43% val_f1=0.9919 | test_acc=79.49% test_f1=0.7286
Epoch 020 | train_loss=0.0013 | val_acc=99.43% val_f1=0.9919 | test_acc=79.49% test_f1=0.7286
Epoch 021 | train_loss=0.0019 | val_acc=99.43% val_f1=0.9919 | test_acc=77.53% test_f1=0.7028
Epoch 022 | train_loss=0.0015 | val_acc=99.43% val_f1=0.9919 | test_acc=75.28% test_f1=0.6744
Epoch 023 | train_loss=0.0013 | val_acc=99.43% val_f1=0.9919 | test_acc=78.93% test_f1=0.7217
Epoch 024 | train_loss=0.0016 | val_acc=100.00% val_f1=1.0000 | test_acc=80.06% test_f1=0.7423
Epoch 025 | train_loss=0.0011 | val_acc=99.43% val_f1=0.9919 | test_acc=78.37% test_f1=0.7147
Epoch 026 | train_loss=0.0017 | val_acc=99.43% val_f1=0.9919 | test_acc=76.97% test_f1=0.6931
Epoch 027 | train_loss=0.0018 | val_acc=98.86% val_f1=0.9861 | test_acc=66.85% test_f1=0.5382
Epoch 028 | train_loss=0.0527 | val_acc=99.43% val_f1=0.9919 | test_acc=78.37% test_f1=0.7121
Epoch 029 | train_loss=0.0052 | val_acc=99.43% val_f1=0.9919 | test_acc=80.62% test_f1=0.7354
Epoch 030 | train_loss=0.0018 | val_acc=99.43% val_f1=0.9919 | test_acc=80.34% test_f1=0.7340
Epoch 031 | train_loss=0.0012 | val_acc=99.43% val_f1=0.9919 | test_acc=80.06% test_f1=0.7354
Epoch 032 | train_loss=0.0011 | val_acc=99.43% val_f1=0.9919 | test_acc=78.65% test_f1=0.7090
Epoch 033 | train_loss=0.0009 | val_acc=99.43% val_f1=0.9919 | test_acc=78.93% test_f1=0.7158
Epoch 034 | train_loss=0.0010 | val_acc=99.43% val_f1=0.9919 | test_acc=80.90% test_f1=0.7483
Epoch 035 | train_loss=0.0011 | val_acc=99.43% val_f1=0.9919 | test_acc=81.18% test_f1=0.7542
Epoch 036 | train_loss=0.0008 | val_acc=99.43% val_f1=0.9919 | test_acc=81.18% test_f1=0.7542
Epoch 037 | train_loss=0.0010 | val_acc=99.43% val_f1=0.9919 | test_acc=80.90% test_f1=0.7496
Epoch 038 | train_loss=0.0008 | val_acc=99.43% val_f1=0.9919 | test_acc=80.62% test_f1=0.7449
Epoch 039 | train_loss=0.0009 | val_acc=99.43% val_f1=0.9919 | test_acc=79.21% test_f1=0.7208
Epoch 040 | train_loss=0.0009 | val_acc=99.43% val_f1=0.9919 | test_acc=78.09% test_f1=0.7023
Early stopping at epoch 40 (best=24, score=1.000000)
================================================================================
Best epoch: 24
Best score (val_macro_f1): 1.000000
Final test accuracy: 80.06%
Saved to: ablation_experiments/h1/results/comparison_18d_baselines/transformer/transformer_weld_seam_windows_ws5_tf75_pg0_h1_dm128_nh8_l3_ff128_do0.2_ep80_lr0.0003_wd0.0002_bs64_seed14
[A] transformer_weld_seam_windows_ws5_tf75_pg0_h1_dm128_nh8_l3_ff128_do0.2_ep80_lr0.0003_wd0.0002_bs64_seed14 | status=success test_acc=80.06% f1=0.7423
/usr/local/lib/python3.10/dist-packages/torch/nn/modules/transformer.py:385: UserWarning: enable_nested_tensor is True, but self.use_nested_tensor is False because encoder_layer.norm_first was True
  warnings.warn(
================================================================================
Comparison baseline | model=transformer
================================================================================
Dataset: /home/huang_kai/wind_turbine_phm/PHOENIX-main/autoencoder_benchmark/Data/processed_data/weld_seam_windows_ws5_tf75_pg0_h1.npz
Device: cuda
Train/Val/Test: 990 / 175 / 356
Epoch 001 | train_loss=1.0003 | val_acc=77.71% val_f1=0.7522 | test_acc=83.71% test_f1=0.8338
Epoch 002 | train_loss=0.6935 | val_acc=94.29% val_f1=0.9245 | test_acc=88.20% test_f1=0.8431
Epoch 003 | train_loss=0.4697 | val_acc=95.43% val_f1=0.9385 | test_acc=83.71% test_f1=0.7947
Epoch 004 | train_loss=0.3075 | val_acc=94.86% val_f1=0.9390 | test_acc=79.78% test_f1=0.7251
Epoch 005 | train_loss=0.1874 | val_acc=96.00% val_f1=0.9524 | test_acc=81.74% test_f1=0.7547
Epoch 006 | train_loss=0.1453 | val_acc=98.29% val_f1=0.9802 | test_acc=77.53% test_f1=0.6938
Epoch 007 | train_loss=0.0996 | val_acc=98.86% val_f1=0.9861 | test_acc=76.40% test_f1=0.6841
Epoch 008 | train_loss=0.0725 | val_acc=99.43% val_f1=0.9919 | test_acc=82.02% test_f1=0.7457
Epoch 009 | train_loss=0.0669 | val_acc=98.86% val_f1=0.9837 | test_acc=80.34% test_f1=0.7449
Epoch 010 | train_loss=0.0487 | val_acc=99.43% val_f1=0.9919 | test_acc=80.62% test_f1=0.7434
Epoch 011 | train_loss=0.0298 | val_acc=99.43% val_f1=0.9919 | test_acc=73.31% test_f1=0.6446
Epoch 012 | train_loss=0.0409 | val_acc=99.43% val_f1=0.9919 | test_acc=85.11% test_f1=0.7932
Epoch 013 | train_loss=0.0328 | val_acc=99.43% val_f1=0.9919 | test_acc=76.69% test_f1=0.6919
Epoch 014 | train_loss=0.0321 | val_acc=98.86% val_f1=0.9837 | test_acc=83.99% test_f1=0.8024
Epoch 015 | train_loss=0.0225 | val_acc=99.43% val_f1=0.9919 | test_acc=80.34% test_f1=0.7315
Epoch 016 | train_loss=0.0243 | val_acc=98.86% val_f1=0.9837 | test_acc=80.62% test_f1=0.7556
Epoch 017 | train_loss=0.0124 | val_acc=99.43% val_f1=0.9919 | test_acc=75.56% test_f1=0.6797
Epoch 018 | train_loss=0.0112 | val_acc=99.43% val_f1=0.9919 | test_acc=81.74% test_f1=0.7580
Epoch 019 | train_loss=0.0102 | val_acc=100.00% val_f1=1.0000 | test_acc=80.34% test_f1=0.7523
Epoch 020 | train_loss=0.0102 | val_acc=99.43% val_f1=0.9919 | test_acc=75.00% test_f1=0.6608
Epoch 021 | train_loss=0.0076 | val_acc=99.43% val_f1=0.9919 | test_acc=76.40% test_f1=0.6880
Epoch 022 | train_loss=0.0062 | val_acc=99.43% val_f1=0.9919 | test_acc=79.49% test_f1=0.7374
Epoch 023 | train_loss=0.0061 | val_acc=99.43% val_f1=0.9919 | test_acc=77.81% test_f1=0.7168
Epoch 024 | train_loss=0.0059 | val_acc=99.43% val_f1=0.9919 | test_acc=76.40% test_f1=0.6947
Epoch 025 | train_loss=0.0048 | val_acc=99.43% val_f1=0.9919 | test_acc=75.84% test_f1=0.6843
Epoch 026 | train_loss=0.0041 | val_acc=99.43% val_f1=0.9919 | test_acc=73.60% test_f1=0.6515
Epoch 027 | train_loss=0.0039 | val_acc=99.43% val_f1=0.9919 | test_acc=73.60% test_f1=0.6509
Epoch 028 | train_loss=0.0029 | val_acc=99.43% val_f1=0.9919 | test_acc=76.12% test_f1=0.6881
Epoch 029 | train_loss=0.0042 | val_acc=99.43% val_f1=0.9919 | test_acc=76.40% test_f1=0.6919
Epoch 030 | train_loss=0.0037 | val_acc=99.43% val_f1=0.9919 | test_acc=79.21% test_f1=0.7303
Epoch 031 | train_loss=0.0037 | val_acc=99.43% val_f1=0.9919 | test_acc=80.34% test_f1=0.7479
Epoch 032 | train_loss=0.0031 | val_acc=99.43% val_f1=0.9919 | test_acc=77.81% test_f1=0.7130
Epoch 033 | train_loss=0.0029 | val_acc=99.43% val_f1=0.9919 | test_acc=76.40% test_f1=0.6927
Epoch 034 | train_loss=0.0031 | val_acc=99.43% val_f1=0.9919 | test_acc=76.40% test_f1=0.6933
Epoch 035 | train_loss=0.0027 | val_acc=99.43% val_f1=0.9919 | test_acc=75.00% test_f1=0.6726
Early stopping at epoch 35 (best=19, score=1.000000)
================================================================================
Best epoch: 19
Best score (val_macro_f1): 1.000000
Final test accuracy: 80.34%
Saved to: ablation_experiments/h1/results/comparison_18d_baselines/transformer/transformer_weld_seam_windows_ws5_tf75_pg0_h1_dm96_nh8_l3_ff256_do0.2_ep80_lr0.0003_wd0.0001_bs128_seed122
[A] transformer_weld_seam_windows_ws5_tf75_pg0_h1_dm96_nh8_l3_ff256_do0.2_ep80_lr0.0003_wd0.0001_bs128_seed122 | status=success test_acc=80.34% f1=0.7523
/usr/local/lib/python3.10/dist-packages/torch/nn/modules/transformer.py:385: UserWarning: enable_nested_tensor is True, but self.use_nested_tensor is False because encoder_layer.norm_first was True
  warnings.warn(
================================================================================
Comparison baseline | model=transformer
================================================================================
Dataset: /home/huang_kai/wind_turbine_phm/PHOENIX-main/autoencoder_benchmark/Data/processed_data/weld_seam_windows_ws5_tf75_pg0_h1.npz
Device: cuda
Train/Val/Test: 990 / 175 / 356
Epoch 001 | train_loss=0.9208 | val_acc=75.43% val_f1=0.7553 | test_acc=91.57% test_f1=0.8949
Epoch 002 | train_loss=0.5865 | val_acc=88.00% val_f1=0.8656 | test_acc=94.10% test_f1=0.9123
Epoch 003 | train_loss=0.4074 | val_acc=92.57% val_f1=0.9203 | test_acc=93.26% test_f1=0.9006
Epoch 004 | train_loss=0.3162 | val_acc=93.14% val_f1=0.9284 | test_acc=87.92% test_f1=0.8186
Epoch 005 | train_loss=0.1934 | val_acc=96.00% val_f1=0.9540 | test_acc=88.48% test_f1=0.8511
Epoch 006 | train_loss=0.1524 | val_acc=96.57% val_f1=0.9566 | test_acc=89.04% test_f1=0.8607
Epoch 007 | train_loss=0.1107 | val_acc=95.43% val_f1=0.9488 | test_acc=83.99% test_f1=0.7796
Epoch 008 | train_loss=0.0888 | val_acc=98.29% val_f1=0.9782 | test_acc=83.43% test_f1=0.7746
Epoch 009 | train_loss=0.0981 | val_acc=98.29% val_f1=0.9755 | test_acc=80.06% test_f1=0.7268
Epoch 010 | train_loss=0.0554 | val_acc=99.43% val_f1=0.9919 | test_acc=88.48% test_f1=0.8548
Epoch 011 | train_loss=0.0625 | val_acc=100.00% val_f1=1.0000 | test_acc=87.36% test_f1=0.8408
Epoch 012 | train_loss=0.0385 | val_acc=98.86% val_f1=0.9837 | test_acc=80.90% test_f1=0.7427
Epoch 013 | train_loss=0.0318 | val_acc=98.29% val_f1=0.9779 | test_acc=78.65% test_f1=0.7079
Epoch 014 | train_loss=0.0310 | val_acc=100.00% val_f1=1.0000 | test_acc=84.27% test_f1=0.7973
Epoch 015 | train_loss=0.0187 | val_acc=100.00% val_f1=1.0000 | test_acc=79.49% test_f1=0.7247
Epoch 016 | train_loss=0.0192 | val_acc=100.00% val_f1=1.0000 | test_acc=80.90% test_f1=0.7483
Epoch 017 | train_loss=0.0159 | val_acc=98.29% val_f1=0.9779 | test_acc=76.69% test_f1=0.6798
Epoch 018 | train_loss=0.0144 | val_acc=99.43% val_f1=0.9919 | test_acc=83.99% test_f1=0.7866
Epoch 019 | train_loss=0.0098 | val_acc=98.86% val_f1=0.9837 | test_acc=80.06% test_f1=0.7340
Epoch 020 | train_loss=0.0176 | val_acc=98.86% val_f1=0.9837 | test_acc=84.83% test_f1=0.8076
Epoch 021 | train_loss=0.0283 | val_acc=98.29% val_f1=0.9755 | test_acc=81.74% test_f1=0.7384
Epoch 022 | train_loss=0.0262 | val_acc=98.86% val_f1=0.9837 | test_acc=76.97% test_f1=0.6889
Epoch 023 | train_loss=0.0157 | val_acc=99.43% val_f1=0.9919 | test_acc=85.67% test_f1=0.8212
Epoch 024 | train_loss=0.0141 | val_acc=98.29% val_f1=0.9755 | test_acc=76.97% test_f1=0.6870
Epoch 025 | train_loss=0.0240 | val_acc=100.00% val_f1=1.0000 | test_acc=84.83% test_f1=0.8125
Epoch 026 | train_loss=0.0081 | val_acc=100.00% val_f1=1.0000 | test_acc=79.21% test_f1=0.7313
Epoch 027 | train_loss=0.0086 | val_acc=100.00% val_f1=1.0000 | test_acc=80.62% test_f1=0.7503
Early stopping at epoch 27 (best=11, score=1.000000)
================================================================================
Best epoch: 11
Best score (val_macro_f1): 1.000000
Final test accuracy: 87.36%
Saved to: ablation_experiments/h1/results/comparison_18d_baselines/transformer/transformer_weld_seam_windows_ws5_tf75_pg0_h1_dm64_nh4_l3_ff128_do0.3_ep80_lr0.0003_wd1e-05_bs64_seed100
[A] transformer_weld_seam_windows_ws5_tf75_pg0_h1_dm64_nh4_l3_ff128_do0.3_ep80_lr0.0003_wd1e-05_bs64_seed100 | status=success test_acc=87.36% f1=0.8408
Sweep complete for model=transformer
Report dir: ablation_experiments/h1/reports/comparison_18d_baselines/round1/transformer
