================================================================================
Frozen-Teacher Distillation (13D Student)
================================================================================
Dataset: /home/huang_kai/wind_turbine_phm/PHOENIX-main/autoencoder_benchmark/Data/processed_data/weld_seam_windows_ws5_tf75_pg0_h1.npz
Teacher ckpt: /home/huang_kai/wind_turbine_phm/PHOENIX-main/autoencoder_benchmark/outputs/teacher_h1_scan98_gpu1_v2/runs/single_tcn_attn_weld_seam_windows_ws5_tf75_pg0_h1_ep60_lr0.0003_bs128_k3_l3_d0.08_lat64_wd0.00015_seed14/best_single_tcn.pth
Teacher run args: /home/huang_kai/wind_turbine_phm/PHOENIX-main/autoencoder_benchmark/outputs/teacher_h1_scan98_gpu1_v2/runs/single_tcn_attn_weld_seam_windows_ws5_tf75_pg0_h1_ep60_lr0.0003_bs128_k3_l3_d0.08_lat64_wd0.00015_seed14/run_args.json
Device: cuda
Train/Val/Test: 990 / 175 / 356
Input full/subset dims: 18 / 13
Dropped feature indices: [3, 4, 5, 6, 7]
Temperature: 2.5
Loss weights (ce/kd/feat): 0.9 / 1.1 / 0.0
Checkpoint metric: val_teacher_agreement
Class weights: [1.4732142686843872, 1.3807531595230103, 0.626185953617096]
Epoch 001 | train=1.1442 (ce=1.0745, kd=0.1610, feat=1.7108) | val_acc=47.43% val_f1=0.5121 val_agree=56.00% | test_acc=30.62% test_agree=32.30%
Epoch 002 | train=0.7750 (ce=0.7705, kd=0.0741, feat=1.7175) | val_acc=74.29% val_f1=0.7723 val_agree=78.29% | test_acc=69.94% test_agree=69.94%
Epoch 003 | train=0.6088 (ce=0.5773, kd=0.0811, feat=1.7625) | val_acc=92.00% val_f1=0.9219 val_agree=82.29% | test_acc=76.69% test_agree=76.12%
Epoch 004 | train=0.5291 (ce=0.4600, kd=0.1047, feat=1.7898) | val_acc=96.57% val_f1=0.9654 val_agree=80.00% | test_acc=89.33% test_agree=88.20%
Epoch 005 | train=0.4883 (ce=0.3753, kd=0.1369, feat=1.8206) | val_acc=95.43% val_f1=0.9543 val_agree=81.14% | test_acc=89.61% test_agree=88.48%
Epoch 006 | train=0.4677 (ce=0.3714, kd=0.1213, feat=1.8298) | val_acc=97.71% val_f1=0.9768 val_agree=80.00% | test_acc=90.73% test_agree=90.17%
Epoch 007 | train=0.4544 (ce=0.3549, kd=0.1227, feat=1.8320) | val_acc=98.86% val_f1=0.9883 val_agree=78.86% | test_acc=89.33% test_agree=89.33%
Epoch 008 | train=0.4536 (ce=0.3558, kd=0.1212, feat=1.8346) | val_acc=98.29% val_f1=0.9827 val_agree=79.43% | test_acc=89.33% test_agree=89.33%
Epoch 009 | train=0.4509 (ce=0.3605, kd=0.1149, feat=1.8487) | val_acc=98.29% val_f1=0.9827 val_agree=79.43% | test_acc=90.45% test_agree=90.45%
Epoch 010 | train=0.4477 (ce=0.3529, kd=0.1183, feat=1.8423) | val_acc=99.43% val_f1=0.9943 val_agree=78.29% | test_acc=89.89% test_agree=89.89%
Epoch 011 | train=0.4433 (ce=0.3542, kd=0.1132, feat=1.8538) | val_acc=100.00% val_f1=1.0000 val_agree=77.71% | test_acc=89.04% test_agree=88.48%
Epoch 012 | train=0.4478 (ce=0.3532, kd=0.1182, feat=1.8641) | val_acc=100.00% val_f1=1.0000 val_agree=77.71% | test_acc=88.76% test_agree=88.20%
Epoch 013 | train=0.4332 (ce=0.3482, kd=0.1089, feat=1.8632) | val_acc=99.43% val_f1=0.9943 val_agree=78.29% | test_acc=89.89% test_agree=89.33%
Epoch 014 | train=0.4474 (ce=0.3566, kd=0.1150, feat=1.8686) | val_acc=99.43% val_f1=0.9943 val_agree=78.29% | test_acc=88.76% test_agree=88.20%
Epoch 015 | train=0.4346 (ce=0.3428, kd=0.1147, feat=1.8797) | val_acc=100.00% val_f1=1.0000 val_agree=77.71% | test_acc=87.36% test_agree=87.36%
Epoch 016 | train=0.4334 (ce=0.3384, kd=0.1171, feat=1.8777) | val_acc=100.00% val_f1=1.0000 val_agree=77.71% | test_acc=88.20% test_agree=88.20%
Epoch 017 | train=0.4267 (ce=0.3342, kd=0.1145, feat=1.8850) | val_acc=99.43% val_f1=0.9943 val_agree=78.29% | test_acc=88.48% test_agree=88.48%
Epoch 018 | train=0.4271 (ce=0.3416, kd=0.1088, feat=1.8954) | val_acc=100.00% val_f1=1.0000 val_agree=77.71% | test_acc=88.20% test_agree=88.20%
Epoch 019 | train=0.4237 (ce=0.3327, kd=0.1130, feat=1.9084) | val_acc=100.00% val_f1=1.0000 val_agree=77.71% | test_acc=88.48% test_agree=88.48%
Early stopping at epoch 19 (best epoch 3, score=0.822857)
================================================================================
Best epoch: 3
Best score (val_teacher_agreement): 0.822857
Final test accuracy: 76.69%
Final test teacher agreement: 76.12%
Saved to: /home/huang_kai/wind_turbine_phm/PHOENIX-main/autoencoder_benchmark/ablation_experiments/h1/results/comparison_18d_baselines/teacher_student_reference/student_h1_sweep/student_h1_scan96_20260326/extension/extension_s3_s2_s1_l4_o4_c7_r3/distill_tcn_attn_weld_seam_windows_ws5_tf75_pg0_h1_ep80_lr0.0003_bs128_T2.5_lce0.9_lkd1.1_lf0.0_seed777
