================================================================================
Frozen-Teacher Distillation (13D Student)
================================================================================
Dataset: /home/huang_kai/wind_turbine_phm/PHOENIX-main/autoencoder_benchmark/Data/processed_data/weld_seam_windows_ws5_tf75_pg0_h1.npz
Teacher ckpt: /home/huang_kai/wind_turbine_phm/PHOENIX-main/autoencoder_benchmark/outputs/teacher_h1_scan98_gpu1_v2/runs/single_tcn_attn_weld_seam_windows_ws5_tf75_pg0_h1_ep60_lr0.0003_bs128_k3_l3_d0.08_lat64_wd0.00015_seed14/best_single_tcn.pth
Teacher run args: /home/huang_kai/wind_turbine_phm/PHOENIX-main/autoencoder_benchmark/outputs/teacher_h1_scan98_gpu1_v2/runs/single_tcn_attn_weld_seam_windows_ws5_tf75_pg0_h1_ep60_lr0.0003_bs128_k3_l3_d0.08_lat64_wd0.00015_seed14/run_args.json
Device: cuda
Train/Val/Test: 990 / 175 / 356
Input full/subset dims: 18 / 13
Dropped feature indices: [3, 4, 5, 6, 7]
Temperature: 2.5
Loss weights (ce/kd/feat): 0.9 / 1.1 / 0.0
Checkpoint metric: val_teacher_agreement
Class weights: [1.4732142686843872, 1.3807531595230103, 0.626185953617096]
Epoch 001 | train=0.9542 (ce=0.9217, kd=0.1134, feat=1.7528) | val_acc=74.86% val_f1=0.7366 val_agree=78.86% | test_acc=59.27% test_agree=58.43%
Epoch 002 | train=0.6306 (ce=0.6107, kd=0.0736, feat=1.7797) | val_acc=86.86% val_f1=0.8656 val_agree=85.14% | test_acc=81.74% test_agree=80.62%
Epoch 003 | train=0.5123 (ce=0.4306, kd=0.1134, feat=1.8441) | val_acc=93.71% val_f1=0.9317 val_agree=82.86% | test_acc=93.54% test_agree=92.42%
Epoch 004 | train=0.4780 (ce=0.3331, kd=0.1620, feat=1.8748) | val_acc=96.00% val_f1=0.9606 val_agree=84.00% | test_acc=92.42% test_agree=90.73%
Epoch 005 | train=0.4710 (ce=0.3616, kd=0.1323, feat=1.8759) | val_acc=98.29% val_f1=0.9827 val_agree=81.71% | test_acc=92.98% test_agree=91.85%
Epoch 006 | train=0.4624 (ce=0.3852, kd=0.1053, feat=1.8614) | val_acc=98.29% val_f1=0.9827 val_agree=81.71% | test_acc=92.42% test_agree=91.85%
Epoch 007 | train=0.4507 (ce=0.3739, kd=0.1038, feat=1.8474) | val_acc=98.86% val_f1=0.9883 val_agree=81.14% | test_acc=91.01% test_agree=90.45%
Epoch 008 | train=0.4452 (ce=0.3424, kd=0.1246, feat=1.8575) | val_acc=98.86% val_f1=0.9883 val_agree=81.14% | test_acc=88.48% test_agree=87.92%
Epoch 009 | train=0.4406 (ce=0.3344, kd=0.1269, feat=1.8744) | val_acc=98.86% val_f1=0.9883 val_agree=81.14% | test_acc=88.48% test_agree=87.92%
Epoch 010 | train=0.4520 (ce=0.3750, kd=0.1042, feat=1.8647) | val_acc=99.43% val_f1=0.9941 val_agree=80.57% | test_acc=90.45% test_agree=89.89%
Epoch 011 | train=0.4389 (ce=0.3556, kd=0.1081, feat=1.8727) | val_acc=99.43% val_f1=0.9941 val_agree=80.57% | test_acc=91.01% test_agree=90.45%
Epoch 012 | train=0.4462 (ce=0.3350, kd=0.1315, feat=1.8854) | val_acc=99.43% val_f1=0.9941 val_agree=80.57% | test_acc=89.33% test_agree=88.76%
Epoch 013 | train=0.4380 (ce=0.3495, kd=0.1122, feat=1.8834) | val_acc=99.43% val_f1=0.9943 val_agree=80.57% | test_acc=91.01% test_agree=90.45%
Epoch 014 | train=0.4296 (ce=0.3512, kd=0.1032, feat=1.9020) | val_acc=99.43% val_f1=0.9943 val_agree=80.57% | test_acc=91.01% test_agree=90.45%
Epoch 015 | train=0.4252 (ce=0.3306, kd=0.1160, feat=1.9070) | val_acc=100.00% val_f1=1.0000 val_agree=80.00% | test_acc=90.45% test_agree=89.89%
Epoch 016 | train=0.4304 (ce=0.3367, kd=0.1158, feat=1.8934) | val_acc=99.43% val_f1=0.9941 val_agree=80.57% | test_acc=91.29% test_agree=90.73%
Epoch 017 | train=0.4320 (ce=0.3380, kd=0.1161, feat=1.9055) | val_acc=99.43% val_f1=0.9941 val_agree=80.57% | test_acc=91.01% test_agree=90.45%
Epoch 018 | train=0.4226 (ce=0.3334, kd=0.1114, feat=1.9068) | val_acc=100.00% val_f1=1.0000 val_agree=80.00% | test_acc=90.73% test_agree=90.17%
Early stopping at epoch 18 (best epoch 2, score=0.851429)
================================================================================
Best epoch: 2
Best score (val_teacher_agreement): 0.851429
Final test accuracy: 81.74%
Final test teacher agreement: 80.62%
Saved to: /home/huang_kai/wind_turbine_phm/PHOENIX-main/autoencoder_benchmark/ablation_experiments/h1/results/comparison_18d_baselines/teacher_student_reference/student_h1_sweep/student_h1_scan96_20260326/extension/extension_s3_s2_s1_l4_o4_c7_r3/distill_tcn_attn_weld_seam_windows_ws5_tf75_pg0_h1_ep80_lr0.0003_bs128_T2.5_lce0.9_lkd1.1_lf0.0_seed1001
