================================================================================
Frozen-Teacher Distillation (13D Student)
================================================================================
Dataset: /home/huang_kai/wind_turbine_phm/PHOENIX-main/autoencoder_benchmark/Data/processed_data/weld_seam_windows_ws5_tf75_pg0_h1.npz
Teacher ckpt: /home/huang_kai/wind_turbine_phm/PHOENIX-main/autoencoder_benchmark/outputs/teacher_h1_scan98_gpu1_v2/runs/single_tcn_attn_weld_seam_windows_ws5_tf75_pg0_h1_ep60_lr0.0003_bs128_k3_l3_d0.08_lat64_wd0.00015_seed14/best_single_tcn.pth
Teacher run args: /home/huang_kai/wind_turbine_phm/PHOENIX-main/autoencoder_benchmark/outputs/teacher_h1_scan98_gpu1_v2/runs/single_tcn_attn_weld_seam_windows_ws5_tf75_pg0_h1_ep60_lr0.0003_bs128_k3_l3_d0.08_lat64_wd0.00015_seed14/run_args.json
Device: cuda
Train/Val/Test: 990 / 175 / 356
Input full/subset dims: 18 / 13
Dropped feature indices: [3, 4, 5, 6, 7]
Temperature: 2.5
Loss weights (ce/kd/feat): 0.9 / 1.1 / 0.0
Checkpoint metric: val_teacher_agreement
Class weights: [1.4732142686843872, 1.3807531595230103, 0.626185953617096]
Epoch 001 | train=1.0228 (ce=0.9718, kd=0.1347, feat=1.7867) | val_acc=46.86% val_f1=0.4903 val_agree=61.71% | test_acc=53.93% test_agree=55.62%
Epoch 002 | train=0.6595 (ce=0.6672, kd=0.0536, feat=1.8685) | val_acc=77.71% val_f1=0.7954 val_agree=76.57% | test_acc=87.92% test_agree=89.04%
Epoch 003 | train=0.5167 (ce=0.4737, kd=0.0821, feat=1.9275) | val_acc=92.00% val_f1=0.9171 val_agree=82.86% | test_acc=94.94% test_agree=94.94%
Epoch 004 | train=0.4929 (ce=0.3841, kd=0.1338, feat=1.9369) | val_acc=94.86% val_f1=0.9451 val_agree=81.14% | test_acc=93.26% test_agree=93.26%
Epoch 005 | train=0.4529 (ce=0.3372, kd=0.1358, feat=1.9509) | val_acc=96.00% val_f1=0.9590 val_agree=81.14% | test_acc=90.45% test_agree=90.45%
Epoch 006 | train=0.4618 (ce=0.3728, kd=0.1148, feat=1.9406) | val_acc=94.86% val_f1=0.9485 val_agree=82.29% | test_acc=90.45% test_agree=89.89%
Epoch 007 | train=0.4515 (ce=0.3800, kd=0.0996, feat=1.9345) | val_acc=94.86% val_f1=0.9485 val_agree=82.29% | test_acc=92.42% test_agree=91.29%
Epoch 008 | train=0.4440 (ce=0.3572, kd=0.1113, feat=1.9462) | val_acc=95.43% val_f1=0.9538 val_agree=81.71% | test_acc=91.85% test_agree=90.17%
Epoch 009 | train=0.4425 (ce=0.3453, kd=0.1197, feat=1.9512) | val_acc=96.00% val_f1=0.9613 val_agree=81.14% | test_acc=91.57% test_agree=89.89%
Epoch 010 | train=0.4357 (ce=0.3510, kd=0.1089, feat=1.9583) | val_acc=98.86% val_f1=0.9886 val_agree=78.29% | test_acc=90.45% test_agree=89.33%
Epoch 011 | train=0.4322 (ce=0.3417, kd=0.1133, feat=1.9651) | val_acc=98.86% val_f1=0.9886 val_agree=78.29% | test_acc=90.73% test_agree=89.04%
Epoch 012 | train=0.4343 (ce=0.3386, kd=0.1178, feat=1.9634) | val_acc=97.71% val_f1=0.9775 val_agree=79.43% | test_acc=90.17% test_agree=89.04%
Epoch 013 | train=0.4324 (ce=0.3437, kd=0.1119, feat=1.9688) | val_acc=97.71% val_f1=0.9775 val_agree=79.43% | test_acc=90.73% test_agree=89.61%
Epoch 014 | train=0.4335 (ce=0.3569, kd=0.1021, feat=1.9677) | val_acc=98.29% val_f1=0.9830 val_agree=78.86% | test_acc=90.45% test_agree=88.76%
Epoch 015 | train=0.4234 (ce=0.3321, kd=0.1132, feat=1.9838) | val_acc=98.86% val_f1=0.9886 val_agree=78.29% | test_acc=90.73% test_agree=89.04%
Epoch 016 | train=0.4298 (ce=0.3442, kd=0.1091, feat=1.9904) | val_acc=98.29% val_f1=0.9830 val_agree=78.86% | test_acc=90.17% test_agree=89.04%
Epoch 017 | train=0.4236 (ce=0.3294, kd=0.1156, feat=1.9811) | val_acc=98.86% val_f1=0.9886 val_agree=78.29% | test_acc=90.17% test_agree=89.04%
Epoch 018 | train=0.4255 (ce=0.3370, kd=0.1111, feat=1.9970) | val_acc=98.86% val_f1=0.9886 val_agree=78.29% | test_acc=91.57% test_agree=90.45%
Epoch 019 | train=0.4238 (ce=0.3314, kd=0.1141, feat=1.9899) | val_acc=98.86% val_f1=0.9886 val_agree=78.29% | test_acc=90.45% test_agree=89.33%
Early stopping at epoch 19 (best epoch 3, score=0.828571)
================================================================================
Best epoch: 3
Best score (val_teacher_agreement): 0.828571
Final test accuracy: 94.94%
Final test teacher agreement: 94.94%
Saved to: /home/huang_kai/wind_turbine_phm/PHOENIX-main/autoencoder_benchmark/ablation_experiments/h1/results/comparison_18d_baselines/teacher_student_reference/student_h1_sweep/student_h1_scan96_20260326/extension/extension_s3_s2_s1_l4_o4_c7_r3/distill_tcn_attn_weld_seam_windows_ws5_tf75_pg0_h1_ep80_lr0.0003_bs128_T2.5_lce0.9_lkd1.1_lf0.0_seed314
