================================================================================
Frozen-Teacher Distillation (13D Student)
================================================================================
Dataset: /home/huang_kai/wind_turbine_phm/PHOENIX-main/autoencoder_benchmark/Data/processed_data/weld_seam_windows_ws5_tf75_pg0_h1.npz
Teacher ckpt: /home/huang_kai/wind_turbine_phm/PHOENIX-main/autoencoder_benchmark/outputs/teacher_h1_scan98_gpu1_v2/runs/single_tcn_attn_weld_seam_windows_ws5_tf75_pg0_h1_ep60_lr0.0003_bs128_k3_l3_d0.08_lat64_wd0.00015_seed14/best_single_tcn.pth
Teacher run args: /home/huang_kai/wind_turbine_phm/PHOENIX-main/autoencoder_benchmark/outputs/teacher_h1_scan98_gpu1_v2/runs/single_tcn_attn_weld_seam_windows_ws5_tf75_pg0_h1_ep60_lr0.0003_bs128_k3_l3_d0.08_lat64_wd0.00015_seed14/run_args.json
Device: cuda
Train/Val/Test: 990 / 175 / 356
Input full/subset dims: 18 / 13
Dropped feature indices: [3, 4, 5, 6, 7]
Temperature: 4.0
Loss weights (ce/kd/feat): 0.7 / 1.4 / 0.3
Checkpoint metric: val_teacher_agreement
Class weights: [1.4732142686843872, 1.3807531595230103, 0.626185953617096]
Epoch 001 | train=1.4908 (ce=1.0492, kd=0.1762, feat=1.6991) | val_acc=43.43% val_f1=0.4387 val_agree=55.43% | test_acc=40.45% test_agree=42.13%
Epoch 002 | train=1.2069 (ce=0.8513, kd=0.0916, feat=1.6095) | val_acc=52.00% val_f1=0.5602 val_agree=61.14% | test_acc=77.53% test_agree=78.65%
Epoch 003 | train=1.0195 (ce=0.6926, kd=0.0642, feat=1.4825) | val_acc=80.57% val_f1=0.8247 val_agree=84.00% | test_acc=94.66% test_agree=95.22%
Epoch 004 | train=0.9108 (ce=0.6033, kd=0.0619, feat=1.3396) | val_acc=88.57% val_f1=0.8865 val_agree=84.00% | test_acc=94.10% test_agree=94.10%
Epoch 005 | train=0.8314 (ce=0.5367, kd=0.0678, feat=1.2028) | val_acc=92.00% val_f1=0.9162 val_agree=81.71% | test_acc=94.94% test_agree=94.94%
Epoch 006 | train=0.7878 (ce=0.5254, kd=0.0725, feat=1.0615) | val_acc=92.57% val_f1=0.9251 val_agree=83.43% | test_acc=95.79% test_agree=95.79%
Epoch 007 | train=0.7506 (ce=0.5343, kd=0.0693, feat=0.9319) | val_acc=92.57% val_f1=0.9251 val_agree=83.43% | test_acc=94.38% test_agree=94.38%
Epoch 008 | train=0.7140 (ce=0.5139, kd=0.0709, feat=0.8504) | val_acc=93.71% val_f1=0.9353 val_agree=82.29% | test_acc=95.79% test_agree=95.79%
Epoch 009 | train=0.6853 (ce=0.5099, kd=0.0688, feat=0.7733) | val_acc=93.14% val_f1=0.9302 val_agree=82.86% | test_acc=96.63% test_agree=96.63%
Epoch 010 | train=0.6612 (ce=0.4944, kd=0.0708, feat=0.7202) | val_acc=95.43% val_f1=0.9538 val_agree=81.71% | test_acc=96.35% test_agree=96.35%
Epoch 011 | train=0.6424 (ce=0.4941, kd=0.0694, feat=0.6647) | val_acc=95.43% val_f1=0.9538 val_agree=81.71% | test_acc=95.79% test_agree=95.79%
Epoch 012 | train=0.6234 (ce=0.4925, kd=0.0670, feat=0.6159) | val_acc=96.00% val_f1=0.9590 val_agree=81.14% | test_acc=95.79% test_agree=95.22%
Epoch 013 | train=0.6186 (ce=0.4840, kd=0.0742, feat=0.5862) | val_acc=96.00% val_f1=0.9590 val_agree=81.14% | test_acc=96.63% test_agree=95.51%
Epoch 014 | train=0.6074 (ce=0.4898, kd=0.0696, feat=0.5570) | val_acc=95.43% val_f1=0.9538 val_agree=81.71% | test_acc=96.91% test_agree=95.79%
Epoch 015 | train=0.5887 (ce=0.4680, kd=0.0727, feat=0.5313) | val_acc=95.43% val_f1=0.9538 val_agree=81.71% | test_acc=95.51% test_agree=94.94%
Epoch 016 | train=0.5902 (ce=0.4915, kd=0.0651, feat=0.5168) | val_acc=95.43% val_f1=0.9538 val_agree=81.71% | test_acc=96.63% test_agree=94.94%
Epoch 017 | train=0.5660 (ce=0.4540, kd=0.0728, feat=0.4875) | val_acc=96.00% val_f1=0.9590 val_agree=81.14% | test_acc=95.22% test_agree=94.10%
Epoch 018 | train=0.5701 (ce=0.4592, kd=0.0741, feat=0.4827) | val_acc=96.00% val_f1=0.9590 val_agree=81.14% | test_acc=96.07% test_agree=94.94%
Epoch 019 | train=0.5583 (ce=0.4506, kd=0.0752, feat=0.4587) | val_acc=96.00% val_f1=0.9590 val_agree=81.14% | test_acc=94.66% test_agree=94.10%
Early stopping at epoch 19 (best epoch 3, score=0.840000)
================================================================================
Best epoch: 3
Best score (val_teacher_agreement): 0.840000
Final test accuracy: 94.66%
Final test teacher agreement: 95.22%
Saved to: /home/huang_kai/wind_turbine_phm/PHOENIX-main/autoencoder_benchmark/ablation_experiments/h1/results/comparison_18d_baselines/teacher_student_reference/student_h1_sweep/student_h1_scan96_20260326/extension/extension_s3_s2_s1_l3_o2_c2_r3/distill_tcn_attn_weld_seam_windows_ws5_tf75_pg0_h1_ep80_lr0.0002_bs128_T4.0_lce0.7_lkd1.4_lf0.3_seed314
