================================================================================
Frozen-Teacher Distillation (13D Student)
================================================================================
Dataset: /home/huang_kai/wind_turbine_phm/PHOENIX-main/autoencoder_benchmark/Data/processed_data/weld_seam_windows_ws5_tf75_pg0_h1.npz
Teacher ckpt: /home/huang_kai/wind_turbine_phm/PHOENIX-main/autoencoder_benchmark/outputs/teacher_h1_scan98_gpu1_v2/runs/single_tcn_attn_weld_seam_windows_ws5_tf75_pg0_h1_ep60_lr0.0003_bs128_k3_l3_d0.08_lat64_wd0.00015_seed14/best_single_tcn.pth
Teacher run args: /home/huang_kai/wind_turbine_phm/PHOENIX-main/autoencoder_benchmark/outputs/teacher_h1_scan98_gpu1_v2/runs/single_tcn_attn_weld_seam_windows_ws5_tf75_pg0_h1_ep60_lr0.0003_bs128_k3_l3_d0.08_lat64_wd0.00015_seed14/run_args.json
Device: cuda
Train/Val/Test: 990 / 175 / 356
Input full/subset dims: 18 / 13
Dropped feature indices: [3, 4, 5, 6, 7]
Temperature: 2.0
Loss weights (ce/kd/feat): 0.9 / 1.2000000000000002 / 0.1
Checkpoint metric: val_teacher_agreement
Class weights: [1.4732142686843872, 1.3807531595230103, 0.626185953617096]
Epoch 001 | train=1.1354 (ce=0.9227, kd=0.1122, feat=1.7044) | val_acc=74.29% val_f1=0.7288 val_agree=78.29% | test_acc=59.55% test_agree=58.71%
Epoch 002 | train=0.8028 (ce=0.6178, kd=0.0702, feat=1.6252) | val_acc=86.29% val_f1=0.8608 val_agree=85.71% | test_acc=80.90% test_agree=80.34%
Epoch 003 | train=0.6781 (ce=0.4421, kd=0.1019, feat=1.5798) | val_acc=93.14% val_f1=0.9265 val_agree=82.29% | test_acc=93.26% test_agree=92.13%
Epoch 004 | train=0.6329 (ce=0.3509, kd=0.1413, feat=1.4756) | val_acc=96.00% val_f1=0.9606 val_agree=82.86% | test_acc=92.70% test_agree=91.01%
Epoch 005 | train=0.6132 (ce=0.3884, kd=0.1104, feat=1.3121) | val_acc=98.29% val_f1=0.9827 val_agree=81.71% | test_acc=92.98% test_agree=91.85%
Epoch 006 | train=0.5967 (ce=0.4170, kd=0.0873, feat=1.1659) | val_acc=97.71% val_f1=0.9771 val_agree=82.29% | test_acc=93.26% test_agree=92.70%
Epoch 007 | train=0.5705 (ce=0.3942, kd=0.0912, feat=1.0626) | val_acc=97.71% val_f1=0.9771 val_agree=82.29% | test_acc=92.70% test_agree=92.13%
Epoch 008 | train=0.5583 (ce=0.3615, kd=0.1113, feat=0.9947) | val_acc=98.29% val_f1=0.9827 val_agree=81.71% | test_acc=89.89% test_agree=89.33%
Epoch 009 | train=0.5491 (ce=0.3668, kd=0.1057, feat=0.9220) | val_acc=98.29% val_f1=0.9827 val_agree=81.71% | test_acc=91.85% test_agree=91.29%
Epoch 010 | train=0.5540 (ce=0.4008, kd=0.0912, feat=0.8388) | val_acc=98.86% val_f1=0.9883 val_agree=81.14% | test_acc=92.98% test_agree=92.42%
Epoch 011 | train=0.5372 (ce=0.3802, kd=0.0963, feat=0.7947) | val_acc=98.86% val_f1=0.9883 val_agree=81.14% | test_acc=93.26% test_agree=92.70%
Epoch 012 | train=0.5355 (ce=0.3551, kd=0.1170, feat=0.7552) | val_acc=98.86% val_f1=0.9883 val_agree=81.14% | test_acc=91.57% test_agree=91.01%
Epoch 013 | train=0.5261 (ce=0.3872, kd=0.0900, feat=0.6967) | val_acc=98.29% val_f1=0.9827 val_agree=81.71% | test_acc=92.13% test_agree=91.57%
Epoch 014 | train=0.5122 (ce=0.3644, kd=0.0975, feat=0.6718) | val_acc=98.29% val_f1=0.9827 val_agree=81.71% | test_acc=93.54% test_agree=92.98%
Epoch 015 | train=0.5094 (ce=0.3509, kd=0.1073, feat=0.6476) | val_acc=99.43% val_f1=0.9941 val_agree=80.57% | test_acc=92.42% test_agree=91.85%
Epoch 016 | train=0.5124 (ce=0.3713, kd=0.0973, feat=0.6146) | val_acc=99.43% val_f1=0.9941 val_agree=80.57% | test_acc=91.29% test_agree=90.73%
Epoch 017 | train=0.5091 (ce=0.3644, kd=0.1009, feat=0.6003) | val_acc=99.43% val_f1=0.9941 val_agree=80.57% | test_acc=91.29% test_agree=90.73%
Epoch 018 | train=0.4949 (ce=0.3536, kd=0.0999, feat=0.5680) | val_acc=100.00% val_f1=1.0000 val_agree=80.00% | test_acc=91.29% test_agree=90.73%
Early stopping at epoch 18 (best epoch 2, score=0.857143)
================================================================================
Best epoch: 2
Best score (val_teacher_agreement): 0.857143
Final test accuracy: 80.90%
Final test teacher agreement: 80.34%
Saved to: /home/huang_kai/wind_turbine_phm/PHOENIX-main/autoencoder_benchmark/ablation_experiments/h1/results/comparison_18d_baselines/teacher_student_reference/student_h1_sweep/student_h1_scan96_20260326/extension/extension_s3_s2_s1_l4_o4_c7_r5/distill_tcn_attn_weld_seam_windows_ws5_tf75_pg0_h1_ep80_lr0.0003_bs128_T2.0_lce0.9_lkd1.2000000000000002_lf0.1_seed1001
