================================================================================
Frozen-Teacher Distillation (13D Student)
================================================================================
Dataset: /home/huang_kai/wind_turbine_phm/PHOENIX-main/autoencoder_benchmark/Data/processed_data/weld_seam_windows_ws5_tf75_pg0_h1.npz
Teacher ckpt: /home/huang_kai/wind_turbine_phm/PHOENIX-main/autoencoder_benchmark/outputs/teacher_h1_scan98_gpu1_v2/runs/single_tcn_attn_weld_seam_windows_ws5_tf75_pg0_h1_ep60_lr0.0003_bs128_k3_l3_d0.08_lat64_wd0.00015_seed14/best_single_tcn.pth
Teacher run args: /home/huang_kai/wind_turbine_phm/PHOENIX-main/autoencoder_benchmark/outputs/teacher_h1_scan98_gpu1_v2/runs/single_tcn_attn_weld_seam_windows_ws5_tf75_pg0_h1_ep60_lr0.0003_bs128_k3_l3_d0.08_lat64_wd0.00015_seed14/run_args.json
Device: cuda
Train/Val/Test: 990 / 175 / 356
Input full/subset dims: 18 / 13
Dropped feature indices: [3, 4, 5, 6, 7]
Temperature: 4.0
Loss weights (ce/kd/feat): 0.7 / 1.4 / 0.3
Checkpoint metric: val_teacher_agreement
Class weights: [1.4732142686843872, 1.3807531595230103, 0.626185953617096]
Epoch 001 | train=1.4837 (ce=1.0428, kd=0.1704, feat=1.7174) | val_acc=35.43% val_f1=0.3371 val_agree=51.43% | test_acc=44.66% test_agree=45.22%
Epoch 002 | train=1.2131 (ce=0.8513, kd=0.1047, feat=1.5684) | val_acc=48.57% val_f1=0.5106 val_agree=61.14% | test_acc=48.03% test_agree=49.16%
Epoch 003 | train=1.0645 (ce=0.7449, kd=0.0818, feat=1.4288) | val_acc=56.00% val_f1=0.5960 val_agree=67.43% | test_acc=64.33% test_agree=65.45%
Epoch 004 | train=0.9445 (ce=0.6338, kd=0.0770, feat=1.3101) | val_acc=77.71% val_f1=0.7966 val_agree=81.14% | test_acc=79.49% test_agree=80.62%
Epoch 005 | train=0.8545 (ce=0.5604, kd=0.0784, feat=1.1750) | val_acc=88.00% val_f1=0.8853 val_agree=85.71% | test_acc=91.85% test_agree=92.42%
Epoch 006 | train=0.8071 (ce=0.5470, kd=0.0763, feat=1.0582) | val_acc=89.71% val_f1=0.8999 val_agree=86.29% | test_acc=93.82% test_agree=93.82%
Epoch 007 | train=0.7556 (ce=0.5133, kd=0.0848, feat=0.9253) | val_acc=90.86% val_f1=0.9110 val_agree=86.29% | test_acc=91.85% test_agree=91.85%
Epoch 008 | train=0.7231 (ce=0.5258, kd=0.0754, feat=0.8318) | val_acc=91.43% val_f1=0.9181 val_agree=86.86% | test_acc=92.70% test_agree=92.70%
Epoch 009 | train=0.6851 (ce=0.4939, kd=0.0797, feat=0.7590) | val_acc=91.43% val_f1=0.9181 val_agree=86.86% | test_acc=92.42% test_agree=92.42%
Epoch 010 | train=0.6658 (ce=0.4944, kd=0.0787, feat=0.6987) | val_acc=92.00% val_f1=0.9231 val_agree=86.29% | test_acc=93.26% test_agree=93.26%
Epoch 011 | train=0.6449 (ce=0.4988, kd=0.0723, feat=0.6486) | val_acc=92.57% val_f1=0.9281 val_agree=85.71% | test_acc=92.98% test_agree=92.98%
Epoch 012 | train=0.6372 (ce=0.4834, kd=0.0809, feat=0.6186) | val_acc=92.57% val_f1=0.9281 val_agree=85.71% | test_acc=92.98% test_agree=92.98%
Epoch 013 | train=0.6236 (ce=0.4925, kd=0.0750, feat=0.5795) | val_acc=92.57% val_f1=0.9281 val_agree=85.71% | test_acc=92.98% test_agree=92.98%
Epoch 014 | train=0.6058 (ce=0.4666, kd=0.0797, feat=0.5589) | val_acc=93.71% val_f1=0.9382 val_agree=84.57% | test_acc=92.98% test_agree=92.98%
Epoch 015 | train=0.6000 (ce=0.4785, kd=0.0759, feat=0.5296) | val_acc=93.71% val_f1=0.9382 val_agree=84.57% | test_acc=93.26% test_agree=93.26%
Epoch 016 | train=0.5902 (ce=0.4872, kd=0.0700, feat=0.5040) | val_acc=93.71% val_f1=0.9382 val_agree=84.57% | test_acc=93.26% test_agree=93.26%
Epoch 017 | train=0.5764 (ce=0.4606, kd=0.0776, feat=0.4842) | val_acc=94.86% val_f1=0.9485 val_agree=83.43% | test_acc=93.26% test_agree=93.26%
Epoch 018 | train=0.5718 (ce=0.4568, kd=0.0785, feat=0.4738) | val_acc=94.86% val_f1=0.9485 val_agree=83.43% | test_acc=92.98% test_agree=92.98%
Epoch 019 | train=0.5550 (ce=0.4504, kd=0.0729, feat=0.4589) | val_acc=94.86% val_f1=0.9485 val_agree=83.43% | test_acc=92.70% test_agree=92.70%
Epoch 020 | train=0.5622 (ce=0.4686, kd=0.0716, feat=0.4465) | val_acc=94.86% val_f1=0.9485 val_agree=83.43% | test_acc=94.10% test_agree=94.10%
Epoch 021 | train=0.5548 (ce=0.4552, kd=0.0750, feat=0.4369) | val_acc=94.86% val_f1=0.9485 val_agree=83.43% | test_acc=92.42% test_agree=92.42%
Epoch 022 | train=0.5474 (ce=0.4561, kd=0.0715, feat=0.4265) | val_acc=94.86% val_f1=0.9485 val_agree=83.43% | test_acc=92.42% test_agree=92.42%
Epoch 023 | train=0.5390 (ce=0.4431, kd=0.0763, feat=0.4064) | val_acc=94.86% val_f1=0.9485 val_agree=83.43% | test_acc=90.45% test_agree=90.45%
Epoch 024 | train=0.5431 (ce=0.4551, kd=0.0732, feat=0.4067) | val_acc=94.29% val_f1=0.9434 val_agree=84.00% | test_acc=93.26% test_agree=93.26%
Early stopping at epoch 24 (best epoch 8, score=0.868571)
================================================================================
Best epoch: 8
Best score (val_teacher_agreement): 0.868571
Final test accuracy: 92.70%
Final test teacher agreement: 92.70%
Saved to: /home/huang_kai/wind_turbine_phm/PHOENIX-main/autoencoder_benchmark/ablation_experiments/h1/results/comparison_18d_baselines/teacher_student_reference/student_h1_sweep/student_h1_scan96_20260326/extension/extension_s3_s2_s1_l3_o2_c2_r3/distill_tcn_attn_weld_seam_windows_ws5_tf75_pg0_h1_ep80_lr0.0002_bs128_T4.0_lce0.7_lkd1.4_lf0.3_seed230
