================================================================================
Frozen-Teacher Distillation (13D Student)
================================================================================
Dataset: /home/huang_kai/wind_turbine_phm/PHOENIX-main/autoencoder_benchmark/Data/processed_data/weld_seam_windows_ws5_tf75_pg0_h1.npz
Teacher ckpt: /home/huang_kai/wind_turbine_phm/PHOENIX-main/autoencoder_benchmark/outputs/teacher_h1_scan98_gpu1_v2/runs/single_tcn_attn_weld_seam_windows_ws5_tf75_pg0_h1_ep60_lr0.0003_bs128_k3_l3_d0.08_lat64_wd0.00015_seed14/best_single_tcn.pth
Teacher run args: /home/huang_kai/wind_turbine_phm/PHOENIX-main/autoencoder_benchmark/outputs/teacher_h1_scan98_gpu1_v2/runs/single_tcn_attn_weld_seam_windows_ws5_tf75_pg0_h1_ep60_lr0.0003_bs128_k3_l3_d0.08_lat64_wd0.00015_seed14/run_args.json
Device: cuda
Train/Val/Test: 990 / 175 / 356
Input full/subset dims: 18 / 13
Dropped feature indices: [3, 4, 5, 6, 7]
Temperature: 3.5
Loss weights (ce/kd/feat): 0.7 / 1.5 / 0.3
Checkpoint metric: val_teacher_agreement
Class weights: [1.4732142686843872, 1.3807531595230103, 0.626185953617096]
Epoch 001 | train=1.5078 (ce=1.0491, kd=0.1754, feat=1.7012) | val_acc=42.86% val_f1=0.4313 val_agree=56.00% | test_acc=40.17% test_agree=41.85%
Epoch 002 | train=1.2171 (ce=0.8517, kd=0.0908, feat=1.6158) | val_acc=52.00% val_f1=0.5602 val_agree=61.14% | test_acc=76.97% test_agree=78.09%
Epoch 003 | train=1.0283 (ce=0.6937, kd=0.0634, feat=1.4919) | val_acc=78.86% val_f1=0.8077 val_agree=82.29% | test_acc=94.38% test_agree=94.94%
Epoch 004 | train=0.9204 (ce=0.6054, kd=0.0609, feat=1.3507) | val_acc=88.00% val_f1=0.8817 val_agree=84.57% | test_acc=94.10% test_agree=94.10%
Epoch 005 | train=0.8418 (ce=0.5402, kd=0.0662, feat=1.2147) | val_acc=92.00% val_f1=0.9162 val_agree=81.71% | test_acc=94.94% test_agree=94.94%
Epoch 006 | train=0.7987 (ce=0.5311, kd=0.0699, feat=1.0734) | val_acc=92.57% val_f1=0.9251 val_agree=83.43% | test_acc=95.51% test_agree=95.51%
Epoch 007 | train=0.7615 (ce=0.5416, kd=0.0664, feat=0.9426) | val_acc=92.57% val_f1=0.9251 val_agree=83.43% | test_acc=95.22% test_agree=95.22%
Epoch 008 | train=0.7246 (ce=0.5217, kd=0.0675, feat=0.8607) | val_acc=93.71% val_f1=0.9353 val_agree=82.29% | test_acc=95.79% test_agree=95.79%
Epoch 009 | train=0.6957 (ce=0.5178, kd=0.0655, feat=0.7834) | val_acc=93.14% val_f1=0.9302 val_agree=82.86% | test_acc=96.63% test_agree=96.63%
Epoch 010 | train=0.6713 (ce=0.5029, kd=0.0670, feat=0.7290) | val_acc=94.86% val_f1=0.9457 val_agree=82.29% | test_acc=96.35% test_agree=96.35%
Epoch 011 | train=0.6521 (ce=0.5024, kd=0.0657, feat=0.6732) | val_acc=95.43% val_f1=0.9538 val_agree=81.71% | test_acc=96.07% test_agree=96.07%
Epoch 012 | train=0.6332 (ce=0.5015, kd=0.0633, feat=0.6239) | val_acc=95.43% val_f1=0.9538 val_agree=81.71% | test_acc=96.07% test_agree=96.07%
Epoch 013 | train=0.6285 (ce=0.4934, kd=0.0701, feat=0.5932) | val_acc=95.43% val_f1=0.9538 val_agree=81.71% | test_acc=96.63% test_agree=95.51%
Epoch 014 | train=0.6166 (ce=0.4996, kd=0.0653, feat=0.5633) | val_acc=95.43% val_f1=0.9538 val_agree=81.71% | test_acc=96.91% test_agree=95.79%
Epoch 015 | train=0.5979 (ce=0.4775, kd=0.0683, feat=0.5372) | val_acc=95.43% val_f1=0.9538 val_agree=81.71% | test_acc=95.79% test_agree=95.22%
Epoch 016 | train=0.5995 (ce=0.5011, kd=0.0613, feat=0.5227) | val_acc=95.43% val_f1=0.9538 val_agree=81.71% | test_acc=96.63% test_agree=94.94%
Epoch 017 | train=0.5746 (ce=0.4635, kd=0.0683, feat=0.4925) | val_acc=96.00% val_f1=0.9590 val_agree=81.14% | test_acc=95.51% test_agree=94.38%
Epoch 018 | train=0.5791 (ce=0.4691, kd=0.0697, feat=0.4873) | val_acc=96.00% val_f1=0.9590 val_agree=81.14% | test_acc=96.07% test_agree=94.94%
Epoch 019 | train=0.5669 (ce=0.4604, kd=0.0704, feat=0.4632) | val_acc=96.00% val_f1=0.9590 val_agree=81.14% | test_acc=95.22% test_agree=94.66%
Epoch 020 | train=0.5691 (ce=0.4914, kd=0.0583, feat=0.4588) | val_acc=96.00% val_f1=0.9590 val_agree=81.14% | test_acc=96.35% test_agree=95.22%
Early stopping at epoch 20 (best epoch 4, score=0.845714)
================================================================================
Best epoch: 4
Best score (val_teacher_agreement): 0.845714
Final test accuracy: 94.10%
Final test teacher agreement: 94.10%
Saved to: /home/huang_kai/wind_turbine_phm/PHOENIX-main/autoencoder_benchmark/ablation_experiments/h1/results/comparison_18d_baselines/teacher_student_reference/student_h1_sweep/student_h1_scan96_20260326/extension/extension_s3_s2_s1_l3_o2_c2_r5/distill_tcn_attn_weld_seam_windows_ws5_tf75_pg0_h1_ep80_lr0.0002_bs128_T3.5_lce0.7_lkd1.5_lf0.3_seed314
