================================================================================
Frozen-Teacher Distillation (13D Student)
================================================================================
Dataset: /home/huang_kai/wind_turbine_phm/PHOENIX-main/autoencoder_benchmark/Data/processed_data/weld_seam_windows_ws5_tf75_pg0_h1.npz
Teacher ckpt: /home/huang_kai/wind_turbine_phm/PHOENIX-main/autoencoder_benchmark/outputs/teacher_h1_scan98_gpu1_v2/runs/single_tcn_attn_weld_seam_windows_ws5_tf75_pg0_h1_ep60_lr0.0003_bs128_k3_l3_d0.08_lat64_wd0.00015_seed14/best_single_tcn.pth
Teacher run args: /home/huang_kai/wind_turbine_phm/PHOENIX-main/autoencoder_benchmark/outputs/teacher_h1_scan98_gpu1_v2/runs/single_tcn_attn_weld_seam_windows_ws5_tf75_pg0_h1_ep60_lr0.0003_bs128_k3_l3_d0.08_lat64_wd0.00015_seed14/run_args.json
Device: cuda
Train/Val/Test: 990 / 175 / 356
Input full/subset dims: 18 / 13
Dropped feature indices: [3, 4, 5, 6, 7]
Temperature: 3.5
Loss weights (ce/kd/feat): 0.7 / 1.5 / 0.3
Checkpoint metric: val_teacher_agreement
Class weights: [1.4732142686843872, 1.3807531595230103, 0.626185953617096]
Epoch 001 | train=1.4232 (ce=1.0261, kd=0.1434, feat=1.6328) | val_acc=26.86% val_f1=0.2549 val_agree=41.14% | test_acc=51.12% test_agree=50.00%
Epoch 002 | train=1.1962 (ce=0.8831, kd=0.0909, feat=1.4721) | val_acc=37.71% val_f1=0.3894 val_agree=54.86% | test_acc=52.81% test_agree=52.81%
Epoch 003 | train=1.0237 (ce=0.7354, kd=0.0656, feat=1.3687) | val_acc=67.43% val_f1=0.7006 val_agree=80.00% | test_acc=82.30% test_agree=81.18%
Epoch 004 | train=0.9227 (ce=0.6482, kd=0.0598, feat=1.2639) | val_acc=82.86% val_f1=0.8262 val_agree=90.86% | test_acc=97.47% test_agree=96.35%
Epoch 005 | train=0.8507 (ce=0.5808, kd=0.0672, feat=1.1444) | val_acc=90.29% val_f1=0.9011 val_agree=88.00% | test_acc=95.22% test_agree=95.22%
Epoch 006 | train=0.7974 (ce=0.5421, kd=0.0728, feat=1.0291) | val_acc=93.14% val_f1=0.9302 val_agree=86.29% | test_acc=94.38% test_agree=94.94%
Epoch 007 | train=0.7441 (ce=0.5292, kd=0.0654, feat=0.9187) | val_acc=92.57% val_f1=0.9251 val_agree=86.86% | test_acc=92.98% test_agree=93.54%
Epoch 008 | train=0.7034 (ce=0.5258, kd=0.0565, feat=0.8356) | val_acc=92.57% val_f1=0.9251 val_agree=86.86% | test_acc=92.98% test_agree=93.54%
Epoch 009 | train=0.6814 (ce=0.4993, kd=0.0699, feat=0.7568) | val_acc=92.57% val_f1=0.9251 val_agree=86.86% | test_acc=92.98% test_agree=93.54%
Epoch 010 | train=0.6661 (ce=0.5019, kd=0.0716, feat=0.6915) | val_acc=92.57% val_f1=0.9251 val_agree=86.86% | test_acc=93.26% test_agree=93.82%
Epoch 011 | train=0.6460 (ce=0.5017, kd=0.0675, feat=0.6449) | val_acc=92.00% val_f1=0.9201 val_agree=87.43% | test_acc=93.54% test_agree=94.10%
Epoch 012 | train=0.6278 (ce=0.5001, kd=0.0651, feat=0.6002) | val_acc=92.00% val_f1=0.9201 val_agree=87.43% | test_acc=95.51% test_agree=95.51%
Epoch 013 | train=0.6310 (ce=0.5094, kd=0.0689, feat=0.5702) | val_acc=92.57% val_f1=0.9270 val_agree=86.86% | test_acc=94.66% test_agree=94.66%
Epoch 014 | train=0.6184 (ce=0.5139, kd=0.0635, feat=0.5446) | val_acc=92.00% val_f1=0.9219 val_agree=87.43% | test_acc=93.54% test_agree=93.54%
Epoch 015 | train=0.6049 (ce=0.4853, kd=0.0707, feat=0.5301) | val_acc=93.14% val_f1=0.9332 val_agree=86.29% | test_acc=94.10% test_agree=94.10%
Epoch 016 | train=0.6019 (ce=0.4877, kd=0.0721, feat=0.5080) | val_acc=92.57% val_f1=0.9281 val_agree=86.86% | test_acc=93.26% test_agree=93.26%
Epoch 017 | train=0.5844 (ce=0.4760, kd=0.0706, feat=0.4841) | val_acc=92.57% val_f1=0.9281 val_agree=86.86% | test_acc=92.98% test_agree=92.98%
Epoch 018 | train=0.5676 (ce=0.4765, kd=0.0637, feat=0.4615) | val_acc=94.29% val_f1=0.9434 val_agree=85.14% | test_acc=93.26% test_agree=93.26%
Epoch 019 | train=0.5595 (ce=0.4719, kd=0.0630, feat=0.4491) | val_acc=92.57% val_f1=0.9281 val_agree=86.86% | test_acc=93.82% test_agree=93.82%
Epoch 020 | train=0.5494 (ce=0.4481, kd=0.0707, feat=0.4321) | val_acc=92.57% val_f1=0.9281 val_agree=86.86% | test_acc=93.26% test_agree=93.26%
Early stopping at epoch 20 (best epoch 4, score=0.908571)
================================================================================
Best epoch: 4
Best score (val_teacher_agreement): 0.908571
Final test accuracy: 97.47%
Final test teacher agreement: 96.35%
Saved to: /home/huang_kai/wind_turbine_phm/PHOENIX-main/autoencoder_benchmark/ablation_experiments/h1/results/comparison_18d_baselines/teacher_student_reference/student_h1_sweep/student_h1_scan96_20260326/extension/extension_s3_s2_s1_l3_o2_c2_r5/distill_tcn_attn_weld_seam_windows_ws5_tf75_pg0_h1_ep80_lr0.0002_bs128_T3.5_lce0.7_lkd1.5_lf0.3_seed132
