================================================================================
Frozen-Teacher Distillation (13D Student)
================================================================================
Dataset: /home/huang_kai/wind_turbine_phm/PHOENIX-main/autoencoder_benchmark/Data/processed_data/weld_seam_windows_ws5_tf75_pg0_h1.npz
Teacher ckpt: /home/huang_kai/wind_turbine_phm/PHOENIX-main/autoencoder_benchmark/outputs/teacher_h1_scan98_gpu1_v2/runs/single_tcn_attn_weld_seam_windows_ws5_tf75_pg0_h1_ep60_lr0.0003_bs128_k3_l3_d0.08_lat64_wd0.00015_seed14/best_single_tcn.pth
Teacher run args: /home/huang_kai/wind_turbine_phm/PHOENIX-main/autoencoder_benchmark/outputs/teacher_h1_scan98_gpu1_v2/runs/single_tcn_attn_weld_seam_windows_ws5_tf75_pg0_h1_ep60_lr0.0003_bs128_k3_l3_d0.08_lat64_wd0.00015_seed14/run_args.json
Device: cuda
Train/Val/Test: 990 / 175 / 356
Input full/subset dims: 18 / 13
Dropped feature indices: [3, 4, 5, 6, 7]
Temperature: 3.5
Loss weights (ce/kd/feat): 0.7 / 1.5 / 0.3
Checkpoint metric: val_teacher_agreement
Class weights: [1.4732142686843872, 1.3807531595230103, 0.626185953617096]
Epoch 001 | train=1.6622 (ce=1.2032, kd=0.2172, feat=1.6472) | val_acc=34.86% val_f1=0.3561 val_agree=44.57% | test_acc=23.88% test_agree=25.56%
Epoch 002 | train=1.3252 (ce=0.9791, kd=0.1248, feat=1.5086) | val_acc=50.29% val_f1=0.5429 val_agree=57.71% | test_acc=39.04% test_agree=40.17%
Epoch 003 | train=1.1266 (ce=0.8441, kd=0.0814, feat=1.3786) | val_acc=73.71% val_f1=0.7635 val_agree=78.29% | test_acc=69.10% test_agree=69.66%
Epoch 004 | train=0.9847 (ce=0.7383, kd=0.0607, feat=1.2563) | val_acc=85.71% val_f1=0.8389 val_agree=84.00% | test_acc=74.44% test_agree=74.44%
Epoch 005 | train=0.8985 (ce=0.6398, kd=0.0706, feat=1.1491) | val_acc=89.71% val_f1=0.8867 val_agree=84.57% | test_acc=77.81% test_agree=77.81%
Epoch 006 | train=0.8315 (ce=0.6025, kd=0.0656, feat=1.0379) | val_acc=92.00% val_f1=0.9170 val_agree=84.57% | test_acc=81.18% test_agree=81.18%
Epoch 007 | train=0.7842 (ce=0.5707, kd=0.0668, feat=0.9487) | val_acc=93.71% val_f1=0.9389 val_agree=82.86% | test_acc=85.96% test_agree=85.96%
Epoch 008 | train=0.7469 (ce=0.5434, kd=0.0700, feat=0.8717) | val_acc=94.29% val_f1=0.9442 val_agree=82.29% | test_acc=87.08% test_agree=87.08%
Epoch 009 | train=0.7220 (ce=0.5416, kd=0.0678, feat=0.8036) | val_acc=93.71% val_f1=0.9395 val_agree=84.00% | test_acc=88.76% test_agree=88.76%
Epoch 010 | train=0.6926 (ce=0.5273, kd=0.0683, feat=0.7368) | val_acc=93.71% val_f1=0.9395 val_agree=84.00% | test_acc=91.57% test_agree=91.57%
Epoch 011 | train=0.6738 (ce=0.5190, kd=0.0676, feat=0.6973) | val_acc=94.29% val_f1=0.9447 val_agree=83.43% | test_acc=93.82% test_agree=93.82%
Epoch 012 | train=0.6596 (ce=0.5056, kd=0.0719, feat=0.6596) | val_acc=93.71% val_f1=0.9395 val_agree=84.00% | test_acc=94.66% test_agree=94.66%
Epoch 013 | train=0.6396 (ce=0.5144, kd=0.0641, feat=0.6111) | val_acc=92.57% val_f1=0.9292 val_agree=84.00% | test_acc=93.54% test_agree=93.54%
Epoch 014 | train=0.6324 (ce=0.5153, kd=0.0639, feat=0.5862) | val_acc=93.71% val_f1=0.9395 val_agree=84.00% | test_acc=95.22% test_agree=95.22%
Epoch 015 | train=0.6232 (ce=0.4996, kd=0.0689, feat=0.5670) | val_acc=94.86% val_f1=0.9500 val_agree=82.86% | test_acc=95.79% test_agree=95.79%
Epoch 016 | train=0.6152 (ce=0.4885, kd=0.0730, feat=0.5459) | val_acc=95.43% val_f1=0.9553 val_agree=82.29% | test_acc=95.22% test_agree=95.22%
Epoch 017 | train=0.5887 (ce=0.4826, kd=0.0656, feat=0.5087) | val_acc=94.29% val_f1=0.9447 val_agree=83.43% | test_acc=94.94% test_agree=94.94%
Epoch 018 | train=0.5904 (ce=0.4795, kd=0.0681, feat=0.5085) | val_acc=95.43% val_f1=0.9553 val_agree=82.29% | test_acc=94.38% test_agree=94.38%
Epoch 019 | train=0.5781 (ce=0.4718, kd=0.0680, feat=0.4862) | val_acc=95.43% val_f1=0.9553 val_agree=82.29% | test_acc=94.66% test_agree=94.66%
Epoch 020 | train=0.5764 (ce=0.4788, kd=0.0666, feat=0.4713) | val_acc=95.43% val_f1=0.9553 val_agree=82.29% | test_acc=94.38% test_agree=94.38%
Epoch 021 | train=0.5730 (ce=0.4792, kd=0.0664, feat=0.4600) | val_acc=95.43% val_f1=0.9553 val_agree=82.29% | test_acc=96.07% test_agree=96.07%
Early stopping at epoch 21 (best epoch 5, score=0.845714)
================================================================================
Best epoch: 5
Best score (val_teacher_agreement): 0.845714
Final test accuracy: 77.81%
Final test teacher agreement: 77.81%
Saved to: /home/huang_kai/wind_turbine_phm/PHOENIX-main/autoencoder_benchmark/ablation_experiments/h1/results/comparison_18d_baselines/teacher_student_reference/student_h1_sweep/student_h1_scan96_20260326/extension/extension_s3_s2_s1_l3_o2_c2_r5/distill_tcn_attn_weld_seam_windows_ws5_tf75_pg0_h1_ep80_lr0.0002_bs128_T3.5_lce0.7_lkd1.5_lf0.3_seed777
