================================================================================
Frozen-Teacher Distillation (13D Student)
================================================================================
Dataset: /home/huang_kai/wind_turbine_phm/PHOENIX-main/autoencoder_benchmark/Data/processed_data/weld_seam_windows_ws5_tf75_pg0_h1.npz
Teacher ckpt: /home/huang_kai/wind_turbine_phm/PHOENIX-main/autoencoder_benchmark/outputs/teacher_h1_scan98_gpu1_v2/runs/single_tcn_attn_weld_seam_windows_ws5_tf75_pg0_h1_ep60_lr0.0003_bs128_k3_l3_d0.08_lat64_wd0.00015_seed14/best_single_tcn.pth
Teacher run args: /home/huang_kai/wind_turbine_phm/PHOENIX-main/autoencoder_benchmark/outputs/teacher_h1_scan98_gpu1_v2/runs/single_tcn_attn_weld_seam_windows_ws5_tf75_pg0_h1_ep60_lr0.0003_bs128_k3_l3_d0.08_lat64_wd0.00015_seed14/run_args.json
Device: cuda
Train/Val/Test: 990 / 175 / 356
Input full/subset dims: 18 / 13
Dropped feature indices: [3, 4, 5, 6, 7]
Temperature: 2.0
Loss weights (ce/kd/feat): 0.9 / 1.1 / 0.0
Checkpoint metric: val_teacher_agreement
Class weights: [1.4732142686843872, 1.3807531595230103, 0.626185953617096]
Epoch 001 | train=1.1520 (ce=1.0675, kd=0.1738, feat=1.6427) | val_acc=59.43% val_f1=0.5776 val_agree=66.86% | test_acc=34.83% test_agree=34.83%
Epoch 002 | train=0.8929 (ce=0.8590, kd=0.1089, feat=1.6375) | val_acc=67.43% val_f1=0.7117 val_agree=82.86% | test_acc=44.66% test_agree=45.22%
Epoch 003 | train=0.7154 (ce=0.6878, kd=0.0877, feat=1.6639) | val_acc=78.86% val_f1=0.8102 val_agree=89.14% | test_acc=81.46% test_agree=80.34%
Epoch 004 | train=0.5926 (ce=0.5537, kd=0.0857, feat=1.7006) | val_acc=90.29% val_f1=0.9061 val_agree=88.00% | test_acc=96.35% test_agree=94.66%
Epoch 005 | train=0.5471 (ce=0.4708, kd=0.1122, feat=1.7210) | val_acc=93.14% val_f1=0.9315 val_agree=86.29% | test_acc=96.07% test_agree=94.94%
Epoch 006 | train=0.5405 (ce=0.4135, kd=0.1531, feat=1.7421) | val_acc=94.29% val_f1=0.9447 val_agree=85.14% | test_acc=94.38% test_agree=93.82%
Epoch 007 | train=0.5327 (ce=0.3974, kd=0.1591, feat=1.7408) | val_acc=94.86% val_f1=0.9508 val_agree=85.14% | test_acc=92.42% test_agree=91.85%
Epoch 008 | train=0.5227 (ce=0.4083, kd=0.1411, feat=1.7284) | val_acc=93.14% val_f1=0.9353 val_agree=86.86% | test_acc=94.38% test_agree=93.82%
Epoch 009 | train=0.5155 (ce=0.4296, kd=0.1171, feat=1.7420) | val_acc=92.57% val_f1=0.9292 val_agree=86.86% | test_acc=93.54% test_agree=92.98%
Epoch 010 | train=0.5074 (ce=0.4086, kd=0.1269, feat=1.7144) | val_acc=94.29% val_f1=0.9447 val_agree=85.14% | test_acc=87.36% test_agree=86.80%
Epoch 011 | train=0.4963 (ce=0.3861, kd=0.1352, feat=1.7304) | val_acc=95.43% val_f1=0.9560 val_agree=84.57% | test_acc=89.04% test_agree=88.48%
Epoch 012 | train=0.4808 (ce=0.3755, kd=0.1299, feat=1.7405) | val_acc=94.86% val_f1=0.9508 val_agree=85.14% | test_acc=90.45% test_agree=89.89%
Epoch 013 | train=0.4912 (ce=0.3928, kd=0.1251, feat=1.7329) | val_acc=95.43% val_f1=0.9560 val_agree=84.57% | test_acc=93.26% test_agree=92.70%
Epoch 014 | train=0.4785 (ce=0.3797, kd=0.1243, feat=1.7330) | val_acc=95.43% val_f1=0.9560 val_agree=84.57% | test_acc=89.89% test_agree=89.33%
Epoch 015 | train=0.4706 (ce=0.3802, kd=0.1168, feat=1.7537) | val_acc=96.00% val_f1=0.9613 val_agree=84.00% | test_acc=90.45% test_agree=90.45%
Epoch 016 | train=0.4667 (ce=0.3691, kd=0.1223, feat=1.7464) | val_acc=95.43% val_f1=0.9560 val_agree=84.57% | test_acc=91.01% test_agree=91.01%
Epoch 017 | train=0.4710 (ce=0.3796, kd=0.1176, feat=1.7426) | val_acc=95.43% val_f1=0.9560 val_agree=84.57% | test_acc=92.13% test_agree=92.13%
Epoch 018 | train=0.4630 (ce=0.3574, kd=0.1285, feat=1.7488) | val_acc=96.57% val_f1=0.9667 val_agree=83.43% | test_acc=92.70% test_agree=92.13%
Epoch 019 | train=0.4675 (ce=0.3627, kd=0.1282, feat=1.7577) | val_acc=96.57% val_f1=0.9667 val_agree=83.43% | test_acc=91.57% test_agree=91.01%
Early stopping at epoch 19 (best epoch 3, score=0.891429)
================================================================================
Best epoch: 3
Best score (val_teacher_agreement): 0.891429
Final test accuracy: 81.46%
Final test teacher agreement: 80.34%
Saved to: /home/huang_kai/wind_turbine_phm/PHOENIX-main/autoencoder_benchmark/ablation_experiments/h1/results/comparison_18d_baselines/teacher_student_reference/student_h1_sweep/student_h1_scan96_20260326/stage1/s1_l4_o2/distill_tcn_attn_weld_seam_windows_ws5_tf75_pg0_h1_ep80_lr0.0002_bs128_T2.0_lce0.9_lkd1.1_lf0.0_seed14
