================================================================================
Frozen-Teacher Distillation (13D Student)
================================================================================
Dataset: /home/huang_kai/wind_turbine_phm/PHOENIX-main/autoencoder_benchmark/Data/processed_data/weld_seam_windows_ws5_tf75_pg0_h1.npz
Teacher ckpt: /home/huang_kai/wind_turbine_phm/PHOENIX-main/autoencoder_benchmark/outputs/teacher_h1_scan98_gpu1_v2/runs/single_tcn_attn_weld_seam_windows_ws5_tf75_pg0_h1_ep60_lr0.0003_bs128_k3_l3_d0.08_lat64_wd0.00015_seed14/best_single_tcn.pth
Teacher run args: /home/huang_kai/wind_turbine_phm/PHOENIX-main/autoencoder_benchmark/outputs/teacher_h1_scan98_gpu1_v2/runs/single_tcn_attn_weld_seam_windows_ws5_tf75_pg0_h1_ep60_lr0.0003_bs128_k3_l3_d0.08_lat64_wd0.00015_seed14/run_args.json
Device: cuda
Train/Val/Test: 990 / 175 / 356
Input full/subset dims: 18 / 13
Dropped feature indices: [3, 4, 5, 6, 7]
Temperature: 2.5
Loss weights (ce/kd/feat): 1.0 / 1.0 / 0.1
Checkpoint metric: val_teacher_agreement
Class weights: [1.4732142686843872, 1.3807531595230103, 0.626185953617096]
Epoch 001 | train=1.3384 (ce=1.0184, kd=0.1581, feat=1.6201) | val_acc=55.43% val_f1=0.5817 val_agree=69.71% | test_acc=33.71% test_agree=34.27%
Epoch 002 | train=1.0218 (ce=0.7664, kd=0.0987, feat=1.5661) | val_acc=71.43% val_f1=0.7477 val_agree=85.71% | test_acc=59.27% test_agree=59.27%
Epoch 003 | train=0.8200 (ce=0.5653, kd=0.0998, feat=1.5492) | val_acc=86.29% val_f1=0.8688 val_agree=88.57% | test_acc=95.51% test_agree=93.82%
Epoch 004 | train=0.7278 (ce=0.4356, kd=0.1394, feat=1.5274) | val_acc=93.71% val_f1=0.9367 val_agree=85.71% | test_acc=96.63% test_agree=95.51%
Epoch 005 | train=0.6929 (ce=0.3752, kd=0.1719, feat=1.4579) | val_acc=94.29% val_f1=0.9447 val_agree=85.14% | test_acc=94.10% test_agree=93.54%
Epoch 006 | train=0.6755 (ce=0.3629, kd=0.1761, feat=1.3646) | val_acc=94.86% val_f1=0.9500 val_agree=84.57% | test_acc=91.85% test_agree=91.29%
Epoch 007 | train=0.6538 (ce=0.3749, kd=0.1528, feat=1.2613) | val_acc=95.43% val_f1=0.9560 val_agree=84.57% | test_acc=89.89% test_agree=89.33%
Epoch 008 | train=0.6519 (ce=0.4026, kd=0.1323, feat=1.1702) | val_acc=93.71% val_f1=0.9405 val_agree=86.29% | test_acc=92.13% test_agree=91.57%
Epoch 009 | train=0.6306 (ce=0.3928, kd=0.1260, feat=1.1179) | val_acc=96.00% val_f1=0.9613 val_agree=84.00% | test_acc=89.89% test_agree=89.33%
Epoch 010 | train=0.6251 (ce=0.3614, kd=0.1585, feat=1.0524) | val_acc=97.71% val_f1=0.9775 val_agree=82.29% | test_acc=87.08% test_agree=86.52%
Epoch 011 | train=0.6044 (ce=0.3454, kd=0.1573, feat=1.0169) | val_acc=96.57% val_f1=0.9667 val_agree=83.43% | test_acc=89.61% test_agree=89.04%
Epoch 012 | train=0.5854 (ce=0.3468, kd=0.1429, feat=0.9578) | val_acc=96.57% val_f1=0.9667 val_agree=83.43% | test_acc=90.17% test_agree=89.61%
Epoch 013 | train=0.5897 (ce=0.3611, kd=0.1385, feat=0.9007) | val_acc=97.14% val_f1=0.9721 val_agree=82.86% | test_acc=92.70% test_agree=92.13%
Epoch 014 | train=0.5766 (ce=0.3493, kd=0.1416, feat=0.8566) | val_acc=97.14% val_f1=0.9721 val_agree=82.86% | test_acc=89.33% test_agree=89.33%
Epoch 015 | train=0.5661 (ce=0.3443, kd=0.1381, feat=0.8375) | val_acc=97.14% val_f1=0.9721 val_agree=82.86% | test_acc=89.61% test_agree=89.61%
Epoch 016 | train=0.5650 (ce=0.3395, kd=0.1447, feat=0.8073) | val_acc=97.71% val_f1=0.9775 val_agree=82.29% | test_acc=90.45% test_agree=89.89%
Epoch 017 | train=0.5629 (ce=0.3492, kd=0.1359, feat=0.7772) | val_acc=97.71% val_f1=0.9775 val_agree=82.29% | test_acc=91.85% test_agree=91.29%
Epoch 018 | train=0.5524 (ce=0.3254, kd=0.1512, feat=0.7580) | val_acc=97.71% val_f1=0.9775 val_agree=82.29% | test_acc=91.29% test_agree=90.17%
Epoch 019 | train=0.5562 (ce=0.3298, kd=0.1525, feat=0.7391) | val_acc=97.71% val_f1=0.9775 val_agree=82.29% | test_acc=90.73% test_agree=90.17%
Early stopping at epoch 19 (best epoch 3, score=0.885714)
================================================================================
Best epoch: 3
Best score (val_teacher_agreement): 0.885714
Final test accuracy: 95.51%
Final test teacher agreement: 93.82%
Saved to: /home/huang_kai/wind_turbine_phm/PHOENIX-main/autoencoder_benchmark/ablation_experiments/h1/results/comparison_18d_baselines/teacher_student_reference/student_h1_sweep/student_h1_scan96_20260326/stage1/s1_l1_o4/distill_tcn_attn_weld_seam_windows_ws5_tf75_pg0_h1_ep80_lr0.0003_bs128_T2.5_lce1.0_lkd1.0_lf0.1_seed14
