================================================================================
Frozen-Teacher Distillation (13D Student)
================================================================================
Dataset: /home/huang_kai/wind_turbine_phm/PHOENIX-main/autoencoder_benchmark/Data/processed_data/weld_seam_windows_ws5_tf75_pg0_h1.npz
Teacher ckpt: /home/huang_kai/wind_turbine_phm/PHOENIX-main/autoencoder_benchmark/outputs/teacher_h1_scan98_gpu1_v2/runs/single_tcn_attn_weld_seam_windows_ws5_tf75_pg0_h1_ep60_lr0.0003_bs128_k3_l3_d0.08_lat64_wd0.00015_seed14/best_single_tcn.pth
Teacher run args: /home/huang_kai/wind_turbine_phm/PHOENIX-main/autoencoder_benchmark/outputs/teacher_h1_scan98_gpu1_v2/runs/single_tcn_attn_weld_seam_windows_ws5_tf75_pg0_h1_ep60_lr0.0003_bs128_k3_l3_d0.08_lat64_wd0.00015_seed14/run_args.json
Device: cuda
Train/Val/Test: 990 / 175 / 356
Input full/subset dims: 18 / 13
Dropped feature indices: [3, 4, 5, 6, 7]
Temperature: 2.5
Loss weights (ce/kd/feat): 0.9 / 1.1 / 0.0
Checkpoint metric: val_teacher_agreement
Class weights: [1.4732142686843872, 1.3807531595230103, 0.626185953617096]
Epoch 001 | train=1.0139 (ce=0.9676, kd=0.1300, feat=1.6392) | val_acc=54.29% val_f1=0.5764 val_agree=69.71% | test_acc=37.64% test_agree=38.20%
Epoch 002 | train=0.6714 (ce=0.6615, kd=0.0692, feat=1.6524) | val_acc=72.00% val_f1=0.7498 val_agree=87.43% | test_acc=67.98% test_agree=66.85%
Epoch 003 | train=0.5379 (ce=0.4789, kd=0.0971, feat=1.7092) | val_acc=88.57% val_f1=0.8853 val_agree=88.57% | test_acc=96.63% test_agree=94.94%
Epoch 004 | train=0.4973 (ce=0.3753, kd=0.1450, feat=1.7445) | val_acc=93.71% val_f1=0.9395 val_agree=85.71% | test_acc=96.63% test_agree=95.51%
Epoch 005 | train=0.4768 (ce=0.3520, kd=0.1455, feat=1.7446) | val_acc=93.71% val_f1=0.9395 val_agree=85.71% | test_acc=92.98% test_agree=91.85%
Epoch 006 | train=0.4702 (ce=0.3637, kd=0.1300, feat=1.7398) | val_acc=94.86% val_f1=0.9508 val_agree=85.14% | test_acc=91.29% test_agree=90.17%
Epoch 007 | train=0.4598 (ce=0.3742, kd=0.1118, feat=1.7264) | val_acc=94.86% val_f1=0.9508 val_agree=85.14% | test_acc=89.89% test_agree=89.33%
Epoch 008 | train=0.4709 (ce=0.3892, kd=0.1097, feat=1.7191) | val_acc=94.86% val_f1=0.9508 val_agree=85.14% | test_acc=94.38% test_agree=93.26%
Epoch 009 | train=0.4547 (ce=0.3732, kd=0.1081, feat=1.7375) | val_acc=94.86% val_f1=0.9508 val_agree=85.14% | test_acc=93.82% test_agree=92.70%
Epoch 010 | train=0.4599 (ce=0.3552, kd=0.1275, feat=1.7163) | val_acc=97.14% val_f1=0.9721 val_agree=82.86% | test_acc=87.64% test_agree=87.08%
Epoch 011 | train=0.4493 (ce=0.3468, kd=0.1247, feat=1.7374) | val_acc=96.57% val_f1=0.9667 val_agree=83.43% | test_acc=91.01% test_agree=90.45%
Epoch 012 | train=0.4363 (ce=0.3450, kd=0.1144, feat=1.7497) | val_acc=96.00% val_f1=0.9613 val_agree=84.00% | test_acc=93.26% test_agree=92.70%
Epoch 013 | train=0.4456 (ce=0.3616, kd=0.1092, feat=1.7302) | val_acc=97.14% val_f1=0.9721 val_agree=82.86% | test_acc=93.26% test_agree=92.70%
Epoch 014 | train=0.4379 (ce=0.3385, kd=0.1211, feat=1.7345) | val_acc=97.14% val_f1=0.9721 val_agree=82.86% | test_acc=89.61% test_agree=89.61%
Epoch 015 | train=0.4272 (ce=0.3428, kd=0.1079, feat=1.7660) | val_acc=96.57% val_f1=0.9667 val_agree=83.43% | test_acc=90.45% test_agree=90.45%
Epoch 016 | train=0.4314 (ce=0.3413, kd=0.1129, feat=1.7578) | val_acc=97.14% val_f1=0.9721 val_agree=82.86% | test_acc=92.70% test_agree=92.13%
Epoch 017 | train=0.4330 (ce=0.3440, kd=0.1122, feat=1.7501) | val_acc=97.14% val_f1=0.9721 val_agree=82.86% | test_acc=93.82% test_agree=93.26%
Epoch 018 | train=0.4282 (ce=0.3237, kd=0.1244, feat=1.7606) | val_acc=97.71% val_f1=0.9775 val_agree=82.29% | test_acc=92.98% test_agree=91.85%
Epoch 019 | train=0.4268 (ce=0.3356, kd=0.1134, feat=1.7676) | val_acc=97.14% val_f1=0.9721 val_agree=82.86% | test_acc=92.13% test_agree=91.57%
Early stopping at epoch 19 (best epoch 3, score=0.885714)
================================================================================
Best epoch: 3
Best score (val_teacher_agreement): 0.885714
Final test accuracy: 96.63%
Final test teacher agreement: 94.94%
Saved to: /home/huang_kai/wind_turbine_phm/PHOENIX-main/autoencoder_benchmark/ablation_experiments/h1/results/comparison_18d_baselines/teacher_student_reference/student_h1_sweep/student_h1_scan96_20260326/stage3/s3_s2_s1_l4_o4_c1_r3/distill_tcn_attn_weld_seam_windows_ws5_tf75_pg0_h1_ep80_lr0.0003_bs128_T2.5_lce0.9_lkd1.1_lf0.0_seed14
