================================================================================
Frozen-Teacher Distillation (13D Student)
================================================================================
Dataset: /home/huang_kai/wind_turbine_phm/PHOENIX-main/autoencoder_benchmark/Data/processed_data/weld_seam_windows_ws5_tf75_pg0_h1.npz
Teacher ckpt: /home/huang_kai/wind_turbine_phm/PHOENIX-main/autoencoder_benchmark/outputs/teacher_h1_scan98_gpu1_v2/runs/single_tcn_attn_weld_seam_windows_ws5_tf75_pg0_h1_ep60_lr0.0003_bs128_k3_l3_d0.08_lat64_wd0.00015_seed14/best_single_tcn.pth
Teacher run args: /home/huang_kai/wind_turbine_phm/PHOENIX-main/autoencoder_benchmark/outputs/teacher_h1_scan98_gpu1_v2/runs/single_tcn_attn_weld_seam_windows_ws5_tf75_pg0_h1_ep60_lr0.0003_bs128_k3_l3_d0.08_lat64_wd0.00015_seed14/run_args.json
Device: cuda
Train/Val/Test: 990 / 175 / 356
Input full/subset dims: 18 / 13
Dropped feature indices: [3, 4, 5, 6, 7]
Temperature: 2.0
Loss weights (ce/kd/feat): 0.8 / 1.3 / 0.0
Checkpoint metric: val_teacher_agreement
Class weights: [1.4732142686843872, 1.3807531595230103, 0.626185953617096]
Epoch 001 | train=0.9423 (ce=0.9696, kd=0.1282, feat=1.6394) | val_acc=53.71% val_f1=0.5739 val_agree=69.14% | test_acc=37.36% test_agree=37.92%
Epoch 002 | train=0.6183 (ce=0.6673, kd=0.0650, feat=1.6519) | val_acc=71.43% val_f1=0.7450 val_agree=86.86% | test_acc=67.70% test_agree=66.57%
Epoch 003 | train=0.5085 (ce=0.4971, kd=0.0853, feat=1.7042) | val_acc=86.86% val_f1=0.8706 val_agree=89.14% | test_acc=96.07% test_agree=94.38%
Epoch 004 | train=0.4771 (ce=0.4071, kd=0.1165, feat=1.7317) | val_acc=92.57% val_f1=0.9263 val_agree=86.86% | test_acc=96.91% test_agree=95.79%
Epoch 005 | train=0.4560 (ce=0.3961, kd=0.1070, feat=1.7276) | val_acc=93.14% val_f1=0.9343 val_agree=86.29% | test_acc=94.66% test_agree=93.54%
Epoch 006 | train=0.4510 (ce=0.4099, kd=0.0947, feat=1.7249) | val_acc=94.29% val_f1=0.9456 val_agree=85.71% | test_acc=92.13% test_agree=91.57%
Epoch 007 | train=0.4402 (ce=0.4162, kd=0.0825, feat=1.7146) | val_acc=94.29% val_f1=0.9456 val_agree=85.71% | test_acc=92.13% test_agree=91.57%
Epoch 008 | train=0.4515 (ce=0.4287, kd=0.0835, feat=1.7080) | val_acc=94.29% val_f1=0.9456 val_agree=85.71% | test_acc=94.66% test_agree=94.10%
Epoch 009 | train=0.4367 (ce=0.4138, kd=0.0813, feat=1.7282) | val_acc=94.29% val_f1=0.9456 val_agree=85.71% | test_acc=94.66% test_agree=93.54%
Epoch 010 | train=0.4420 (ce=0.3954, kd=0.0967, feat=1.7082) | val_acc=96.00% val_f1=0.9613 val_agree=84.00% | test_acc=89.33% test_agree=88.76%
Epoch 011 | train=0.4315 (ce=0.3904, kd=0.0917, feat=1.7291) | val_acc=96.00% val_f1=0.9613 val_agree=84.00% | test_acc=92.98% test_agree=92.42%
Epoch 012 | train=0.4197 (ce=0.3886, kd=0.0837, feat=1.7389) | val_acc=95.43% val_f1=0.9560 val_agree=84.57% | test_acc=93.26% test_agree=93.26%
Epoch 013 | train=0.4286 (ce=0.4037, kd=0.0813, feat=1.7208) | val_acc=96.57% val_f1=0.9667 val_agree=83.43% | test_acc=93.82% test_agree=93.82%
Epoch 014 | train=0.4211 (ce=0.3791, kd=0.0906, feat=1.7226) | val_acc=96.00% val_f1=0.9613 val_agree=84.00% | test_acc=89.89% test_agree=89.89%
Epoch 015 | train=0.4105 (ce=0.3856, kd=0.0785, feat=1.7527) | val_acc=96.00% val_f1=0.9613 val_agree=84.00% | test_acc=91.85% test_agree=91.85%
Epoch 016 | train=0.4149 (ce=0.3841, kd=0.0828, feat=1.7449) | val_acc=96.57% val_f1=0.9667 val_agree=83.43% | test_acc=93.82% test_agree=93.26%
Epoch 017 | train=0.4166 (ce=0.3852, kd=0.0834, feat=1.7385) | val_acc=97.14% val_f1=0.9721 val_agree=82.86% | test_acc=94.38% test_agree=93.82%
Epoch 018 | train=0.4121 (ce=0.3651, kd=0.0924, feat=1.7477) | val_acc=97.14% val_f1=0.9721 val_agree=82.86% | test_acc=94.10% test_agree=94.10%
Epoch 019 | train=0.4108 (ce=0.3781, kd=0.0834, feat=1.7540) | val_acc=96.00% val_f1=0.9613 val_agree=84.00% | test_acc=93.54% test_agree=93.54%
Early stopping at epoch 19 (best epoch 3, score=0.891429)
================================================================================
Best epoch: 3
Best score (val_teacher_agreement): 0.891429
Final test accuracy: 96.07%
Final test teacher agreement: 94.38%
Saved to: /home/huang_kai/wind_turbine_phm/PHOENIX-main/autoencoder_benchmark/ablation_experiments/h1/results/comparison_18d_baselines/teacher_student_reference/student_h1_sweep/student_h1_scan96_20260326/stage3/s3_s2_s1_l4_o4_c1_r4/distill_tcn_attn_weld_seam_windows_ws5_tf75_pg0_h1_ep80_lr0.0003_bs128_T2.0_lce0.8_lkd1.3_lf0.0_seed14
