================================================================================
Frozen-Teacher Distillation (13D Student)
================================================================================
Dataset: /home/huang_kai/wind_turbine_phm/PHOENIX-main/autoencoder_benchmark/Data/processed_data/weld_seam_windows_ws5_tf75_pg0_h1.npz
Teacher ckpt: /home/huang_kai/wind_turbine_phm/PHOENIX-main/autoencoder_benchmark/outputs/teacher_h1_scan98_gpu1_v2/runs/single_tcn_attn_weld_seam_windows_ws5_tf75_pg0_h1_ep60_lr0.0003_bs128_k3_l3_d0.08_lat64_wd0.00015_seed14/best_single_tcn.pth
Teacher run args: /home/huang_kai/wind_turbine_phm/PHOENIX-main/autoencoder_benchmark/outputs/teacher_h1_scan98_gpu1_v2/runs/single_tcn_attn_weld_seam_windows_ws5_tf75_pg0_h1_ep60_lr0.0003_bs128_k3_l3_d0.08_lat64_wd0.00015_seed14/run_args.json
Device: cuda
Train/Val/Test: 990 / 175 / 356
Input full/subset dims: 18 / 13
Dropped feature indices: [3, 4, 5, 6, 7]
Temperature: 2.5
Loss weights (ce/kd/feat): 0.9 / 1.1 / 0.0
Checkpoint metric: val_teacher_agreement
Class weights: [1.4732142686843872, 1.3807531595230103, 0.626185953617096]
Epoch 001 | train=0.9713 (ce=0.9486, kd=0.1068, feat=1.5733) | val_acc=82.86% val_f1=0.7695 val_agree=84.00% | test_acc=61.52% test_agree=60.96%
Epoch 002 | train=0.6652 (ce=0.6703, kd=0.0563, feat=1.5991) | val_acc=82.86% val_f1=0.8131 val_agree=89.71% | test_acc=76.97% test_agree=76.40%
Epoch 003 | train=0.5303 (ce=0.4663, kd=0.1006, feat=1.6494) | val_acc=92.57% val_f1=0.9292 val_agree=85.71% | test_acc=82.58% test_agree=81.46%
Epoch 004 | train=0.5191 (ce=0.3986, kd=0.1458, feat=1.6831) | val_acc=93.71% val_f1=0.9395 val_agree=84.57% | test_acc=93.54% test_agree=92.42%
Epoch 005 | train=0.4739 (ce=0.3667, kd=0.1308, feat=1.7023) | val_acc=96.57% val_f1=0.9660 val_agree=81.71% | test_acc=92.98% test_agree=91.85%
Epoch 006 | train=0.4823 (ce=0.4055, kd=0.1067, feat=1.7054) | val_acc=98.29% val_f1=0.9827 val_agree=80.00% | test_acc=90.73% test_agree=89.61%
Epoch 007 | train=0.4606 (ce=0.3741, kd=0.1126, feat=1.7127) | val_acc=98.29% val_f1=0.9827 val_agree=80.00% | test_acc=86.80% test_agree=86.24%
Epoch 008 | train=0.4578 (ce=0.3712, kd=0.1124, feat=1.7239) | val_acc=98.86% val_f1=0.9883 val_agree=79.43% | test_acc=88.20% test_agree=87.64%
Epoch 009 | train=0.4544 (ce=0.3529, kd=0.1243, feat=1.7251) | val_acc=98.86% val_f1=0.9886 val_agree=79.43% | test_acc=88.20% test_agree=88.20%
Epoch 010 | train=0.4413 (ce=0.3579, kd=0.1084, feat=1.7261) | val_acc=100.00% val_f1=1.0000 val_agree=78.29% | test_acc=88.76% test_agree=88.20%
Epoch 011 | train=0.4428 (ce=0.3429, kd=0.1220, feat=1.7284) | val_acc=100.00% val_f1=1.0000 val_agree=78.29% | test_acc=87.08% test_agree=86.52%
Epoch 012 | train=0.4394 (ce=0.3582, kd=0.1063, feat=1.7340) | val_acc=100.00% val_f1=1.0000 val_agree=78.29% | test_acc=89.33% test_agree=88.20%
Epoch 013 | train=0.4331 (ce=0.3330, kd=0.1213, feat=1.7408) | val_acc=100.00% val_f1=1.0000 val_agree=78.29% | test_acc=89.33% test_agree=88.76%
Epoch 014 | train=0.4370 (ce=0.3471, kd=0.1133, feat=1.7489) | val_acc=100.00% val_f1=1.0000 val_agree=78.29% | test_acc=88.76% test_agree=88.20%
Epoch 015 | train=0.4423 (ce=0.3531, kd=0.1132, feat=1.7456) | val_acc=100.00% val_f1=1.0000 val_agree=78.29% | test_acc=87.64% test_agree=87.08%
Epoch 016 | train=0.4263 (ce=0.3364, kd=0.1123, feat=1.7518) | val_acc=100.00% val_f1=1.0000 val_agree=78.29% | test_acc=88.48% test_agree=87.92%
Epoch 017 | train=0.4285 (ce=0.3397, kd=0.1116, feat=1.7483) | val_acc=100.00% val_f1=1.0000 val_agree=78.29% | test_acc=88.76% test_agree=87.64%
Epoch 018 | train=0.4285 (ce=0.3386, kd=0.1126, feat=1.7476) | val_acc=100.00% val_f1=1.0000 val_agree=78.29% | test_acc=89.89% test_agree=89.33%
Early stopping at epoch 18 (best epoch 2, score=0.897143)
================================================================================
Best epoch: 2
Best score (val_teacher_agreement): 0.897143
Final test accuracy: 76.97%
Final test teacher agreement: 76.40%
Saved to: /home/huang_kai/wind_turbine_phm/PHOENIX-main/autoencoder_benchmark/ablation_experiments/h1/results/comparison_18d_baselines/teacher_student_reference/student_h1_sweep/student_h1_scan96_20260326/stage4/stage4_s3_s2_s1_l4_o4_c7_r3/distill_tcn_attn_weld_seam_windows_ws5_tf75_pg0_h1_ep80_lr0.0003_bs128_T2.5_lce0.9_lkd1.1_lf0.0_seed21
