================================================================================
Frozen-Teacher Distillation (13D Student)
================================================================================
Dataset: /home/huang_kai/wind_turbine_phm/PHOENIX-main/autoencoder_benchmark/Data/processed_data/weld_seam_windows_ws5_tf75_pg0_h1.npz
Teacher ckpt: /home/huang_kai/wind_turbine_phm/PHOENIX-main/autoencoder_benchmark/outputs/teacher_h1_scan98_gpu1_v2/runs/single_tcn_attn_weld_seam_windows_ws5_tf75_pg0_h1_ep60_lr0.0003_bs128_k3_l3_d0.08_lat64_wd0.00015_seed14/best_single_tcn.pth
Teacher run args: /home/huang_kai/wind_turbine_phm/PHOENIX-main/autoencoder_benchmark/outputs/teacher_h1_scan98_gpu1_v2/runs/single_tcn_attn_weld_seam_windows_ws5_tf75_pg0_h1_ep60_lr0.0003_bs128_k3_l3_d0.08_lat64_wd0.00015_seed14/run_args.json
Device: cuda
Train/Val/Test: 990 / 175 / 356
Input full/subset dims: 18 / 13
Dropped feature indices: [3, 4, 5, 6, 7]
Temperature: 4.0
Loss weights (ce/kd/feat): 0.7 / 1.4 / 0.3
Checkpoint metric: val_teacher_agreement
Class weights: [1.4732142686843872, 1.3807531595230103, 0.626185953617096]
Epoch 001 | train=1.4798 (ce=1.0755, kd=0.1767, feat=1.5988) | val_acc=58.29% val_f1=0.5477 val_agree=65.14% | test_acc=34.55% test_agree=35.11%
Epoch 002 | train=1.2305 (ce=0.8966, kd=0.1142, feat=1.4766) | val_acc=66.86% val_f1=0.7117 val_agree=82.29% | test_acc=43.54% test_agree=44.66%
Epoch 003 | train=1.0479 (ce=0.7422, kd=0.0842, feat=1.3680) | val_acc=78.29% val_f1=0.8025 val_agree=88.57% | test_acc=82.87% test_agree=81.74%
Epoch 004 | train=0.9243 (ce=0.6376, kd=0.0688, feat=1.2722) | val_acc=88.00% val_f1=0.8834 val_agree=89.14% | test_acc=98.03% test_agree=96.35%
Epoch 005 | train=0.8529 (ce=0.5725, kd=0.0744, feat=1.1601) | val_acc=91.43% val_f1=0.9161 val_agree=88.00% | test_acc=96.63% test_agree=95.51%
Epoch 006 | train=0.8005 (ce=0.5225, kd=0.0858, feat=1.0488) | val_acc=92.00% val_f1=0.9241 val_agree=87.43% | test_acc=96.07% test_agree=95.51%
Epoch 007 | train=0.7637 (ce=0.5168, kd=0.0847, feat=0.9446) | val_acc=91.43% val_f1=0.9147 val_agree=88.00% | test_acc=94.10% test_agree=94.10%
Epoch 008 | train=0.7365 (ce=0.5320, kd=0.0780, feat=0.8498) | val_acc=92.00% val_f1=0.9252 val_agree=88.00% | test_acc=95.22% test_agree=94.66%
Epoch 009 | train=0.7150 (ce=0.5403, kd=0.0716, feat=0.7886) | val_acc=92.57% val_f1=0.9292 val_agree=86.86% | test_acc=94.38% test_agree=93.82%
Epoch 010 | train=0.6866 (ce=0.5112, kd=0.0804, feat=0.7210) | val_acc=92.00% val_f1=0.9208 val_agree=88.00% | test_acc=89.33% test_agree=89.33%
Epoch 011 | train=0.6627 (ce=0.4955, kd=0.0790, feat=0.6841) | val_acc=93.14% val_f1=0.9332 val_agree=86.86% | test_acc=91.85% test_agree=91.29%
Epoch 012 | train=0.6342 (ce=0.4787, kd=0.0769, feat=0.6381) | val_acc=92.57% val_f1=0.9303 val_agree=87.43% | test_acc=92.42% test_agree=91.85%
Epoch 013 | train=0.6301 (ce=0.4885, kd=0.0773, feat=0.5997) | val_acc=92.57% val_f1=0.9303 val_agree=87.43% | test_acc=94.10% test_agree=93.54%
Epoch 014 | train=0.6117 (ce=0.4809, kd=0.0764, feat=0.5606) | val_acc=92.57% val_f1=0.9303 val_agree=87.43% | test_acc=92.13% test_agree=91.57%
Epoch 015 | train=0.5993 (ce=0.4831, kd=0.0703, feat=0.5426) | val_acc=92.57% val_f1=0.9303 val_agree=87.43% | test_acc=93.26% test_agree=92.70%
Epoch 016 | train=0.5947 (ce=0.4762, kd=0.0745, feat=0.5235) | val_acc=92.57% val_f1=0.9303 val_agree=87.43% | test_acc=93.82% test_agree=93.26%
Epoch 017 | train=0.5890 (ce=0.4820, kd=0.0722, feat=0.5020) | val_acc=93.14% val_f1=0.9353 val_agree=86.86% | test_acc=93.26% test_agree=92.70%
Epoch 018 | train=0.5769 (ce=0.4588, kd=0.0786, feat=0.4857) | val_acc=94.29% val_f1=0.9456 val_agree=85.71% | test_acc=92.98% test_agree=92.42%
Epoch 019 | train=0.5727 (ce=0.4500, kd=0.0820, feat=0.4760) | val_acc=93.14% val_f1=0.9353 val_agree=86.86% | test_acc=92.42% test_agree=91.85%
Epoch 020 | train=0.5677 (ce=0.4665, kd=0.0728, feat=0.4640) | val_acc=93.14% val_f1=0.9353 val_agree=86.86% | test_acc=95.22% test_agree=94.10%
Early stopping at epoch 20 (best epoch 4, score=0.891429)
================================================================================
Best epoch: 4
Best score (val_teacher_agreement): 0.891429
Final test accuracy: 98.03%
Final test teacher agreement: 96.35%
Saved to: /home/huang_kai/wind_turbine_phm/PHOENIX-main/autoencoder_benchmark/ablation_experiments/h1/results/comparison_18d_baselines/teacher_student_reference/student_h1_sweep/student_h1_scan96_20260326/stage3/s3_s2_s1_l3_o2_c2_r3/distill_tcn_attn_weld_seam_windows_ws5_tf75_pg0_h1_ep80_lr0.0002_bs128_T4.0_lce0.7_lkd1.4_lf0.3_seed14
