================================================================================
Frozen-Teacher Distillation (13D Student)
================================================================================
Dataset: /home/huang_kai/wind_turbine_phm/PHOENIX-main/autoencoder_benchmark/Data/processed_data/weld_seam_windows_ws5_tf75_pg0_h1.npz
Teacher ckpt: /home/huang_kai/wind_turbine_phm/PHOENIX-main/autoencoder_benchmark/outputs/teacher_h1_scan98_gpu1_v2/runs/single_tcn_attn_weld_seam_windows_ws5_tf75_pg0_h1_ep60_lr0.0003_bs128_k3_l3_d0.08_lat64_wd0.00015_seed14/best_single_tcn.pth
Teacher run args: /home/huang_kai/wind_turbine_phm/PHOENIX-main/autoencoder_benchmark/outputs/teacher_h1_scan98_gpu1_v2/runs/single_tcn_attn_weld_seam_windows_ws5_tf75_pg0_h1_ep60_lr0.0003_bs128_k3_l3_d0.08_lat64_wd0.00015_seed14/run_args.json
Device: cuda
Train/Val/Test: 990 / 175 / 356
Input full/subset dims: 18 / 13
Dropped feature indices: [3, 4, 5, 6, 7]
Temperature: 3.0
Loss weights (ce/kd/feat): 0.8 / 1.2 / 0.2
Checkpoint metric: val_teacher_agreement
Class weights: [1.4732142686843872, 1.3807531595230103, 0.626185953617096]
Epoch 001 | train=1.3253 (ce=1.0216, kd=0.1576, feat=1.5944) | val_acc=53.71% val_f1=0.5646 val_agree=68.57% | test_acc=32.87% test_agree=33.43%
Epoch 002 | train=1.0366 (ce=0.7829, kd=0.0962, feat=1.4738) | val_acc=70.29% val_f1=0.7380 val_agree=84.57% | test_acc=58.71% test_agree=58.71%
Epoch 003 | train=0.8588 (ce=0.5989, kd=0.0860, feat=1.3821) | val_acc=85.14% val_f1=0.8562 val_agree=88.57% | test_acc=94.94% test_agree=93.26%
Epoch 004 | train=0.7730 (ce=0.4942, kd=0.1012, feat=1.2812) | val_acc=91.43% val_f1=0.9161 val_agree=88.00% | test_acc=96.91% test_agree=95.79%
Epoch 005 | train=0.7214 (ce=0.4489, kd=0.1108, feat=1.1469) | val_acc=92.57% val_f1=0.9292 val_agree=86.86% | test_acc=95.22% test_agree=94.66%
Epoch 006 | train=0.6884 (ce=0.4464, kd=0.1074, feat=1.0118) | val_acc=93.14% val_f1=0.9353 val_agree=86.86% | test_acc=92.98% test_agree=92.42%
Epoch 007 | train=0.6571 (ce=0.4543, kd=0.0950, feat=0.8984) | val_acc=93.71% val_f1=0.9405 val_agree=86.29% | test_acc=92.42% test_agree=91.85%
Epoch 008 | train=0.6498 (ce=0.4720, kd=0.0908, feat=0.8160) | val_acc=93.71% val_f1=0.9405 val_agree=86.29% | test_acc=94.38% test_agree=93.82%
Epoch 009 | train=0.6251 (ce=0.4550, kd=0.0903, feat=0.7636) | val_acc=94.29% val_f1=0.9456 val_agree=85.71% | test_acc=92.70% test_agree=92.13%
Epoch 010 | train=0.6138 (ce=0.4259, kd=0.1100, feat=0.7054) | val_acc=96.00% val_f1=0.9613 val_agree=84.00% | test_acc=89.33% test_agree=88.76%
Epoch 011 | train=0.5942 (ce=0.4239, kd=0.1012, feat=0.6683) | val_acc=96.00% val_f1=0.9613 val_agree=84.00% | test_acc=91.57% test_agree=91.01%
Epoch 012 | train=0.5719 (ce=0.4213, kd=0.0924, feat=0.6199) | val_acc=96.00% val_f1=0.9613 val_agree=84.00% | test_acc=91.85% test_agree=91.29%
Epoch 013 | train=0.5729 (ce=0.4254, kd=0.0963, feat=0.5850) | val_acc=96.00% val_f1=0.9613 val_agree=84.00% | test_acc=92.98% test_agree=92.42%
Epoch 014 | train=0.5586 (ce=0.4135, kd=0.0979, feat=0.5515) | val_acc=94.86% val_f1=0.9508 val_agree=85.14% | test_acc=90.45% test_agree=90.45%
Epoch 015 | train=0.5493 (ce=0.4173, kd=0.0902, feat=0.5359) | val_acc=96.57% val_f1=0.9667 val_agree=83.43% | test_acc=91.01% test_agree=91.01%
Epoch 016 | train=0.5474 (ce=0.4102, kd=0.0960, feat=0.5206) | val_acc=96.57% val_f1=0.9667 val_agree=83.43% | test_acc=92.70% test_agree=92.13%
Epoch 017 | train=0.5427 (ce=0.4125, kd=0.0936, feat=0.5017) | val_acc=96.57% val_f1=0.9667 val_agree=83.43% | test_acc=92.98% test_agree=91.85%
Epoch 018 | train=0.5322 (ce=0.3941, kd=0.0997, feat=0.4865) | val_acc=96.57% val_f1=0.9667 val_agree=83.43% | test_acc=92.70% test_agree=92.13%
Epoch 019 | train=0.5346 (ce=0.3962, kd=0.1023, feat=0.4749) | val_acc=96.00% val_f1=0.9613 val_agree=84.00% | test_acc=92.70% test_agree=92.13%
Early stopping at epoch 19 (best epoch 3, score=0.885714)
================================================================================
Best epoch: 3
Best score (val_teacher_agreement): 0.885714
Final test accuracy: 94.94%
Final test teacher agreement: 93.26%
Saved to: /home/huang_kai/wind_turbine_phm/PHOENIX-main/autoencoder_benchmark/ablation_experiments/h1/results/comparison_18d_baselines/teacher_student_reference/student_h1_sweep/student_h1_scan96_20260326/stage1/s1_l2_o4/distill_tcn_attn_weld_seam_windows_ws5_tf75_pg0_h1_ep80_lr0.0003_bs128_T3.0_lce0.8_lkd1.2_lf0.2_seed14
