================================================================================
Frozen-Teacher Distillation (13D Student)
================================================================================
Dataset: /home/huang_kai/wind_turbine_phm/PHOENIX-main/autoencoder_benchmark/Data/processed_data/weld_seam_windows_ws5_tf75_pg0_h1.npz
Teacher ckpt: /home/huang_kai/wind_turbine_phm/PHOENIX-main/autoencoder_benchmark/outputs/teacher_h1_scan98_gpu1_v2/runs/single_tcn_attn_weld_seam_windows_ws5_tf75_pg0_h1_ep60_lr0.0003_bs128_k3_l3_d0.08_lat64_wd0.00015_seed14/best_single_tcn.pth
Teacher run args: /home/huang_kai/wind_turbine_phm/PHOENIX-main/autoencoder_benchmark/outputs/teacher_h1_scan98_gpu1_v2/runs/single_tcn_attn_weld_seam_windows_ws5_tf75_pg0_h1_ep60_lr0.0003_bs128_k3_l3_d0.08_lat64_wd0.00015_seed14/run_args.json
Device: cuda
Train/Val/Test: 990 / 175 / 356
Input full/subset dims: 18 / 13
Dropped feature indices: [3, 4, 5, 6, 7]
Temperature: 3.5
Loss weights (ce/kd/feat): 0.7 / 1.4 / 0.3
Checkpoint metric: val_teacher_agreement
Class weights: [1.4732142686843872, 1.3807531595230103, 0.626185953617096]
Epoch 001 | train=1.4795 (ce=1.0754, kd=0.1765, feat=1.5988) | val_acc=58.29% val_f1=0.5477 val_agree=65.14% | test_acc=34.83% test_agree=35.39%
Epoch 002 | train=1.2302 (ce=0.8964, kd=0.1141, feat=1.4765) | val_acc=66.86% val_f1=0.7117 val_agree=82.29% | test_acc=43.82% test_agree=44.94%
Epoch 003 | train=1.0471 (ce=0.7418, kd=0.0839, feat=1.3680) | val_acc=77.71% val_f1=0.7978 val_agree=88.00% | test_acc=83.15% test_agree=82.02%
Epoch 004 | train=0.9238 (ce=0.6370, kd=0.0687, feat=1.2724) | val_acc=88.00% val_f1=0.8834 val_agree=89.14% | test_acc=98.03% test_agree=96.35%
Epoch 005 | train=0.8525 (ce=0.5715, kd=0.0745, feat=1.1608) | val_acc=91.43% val_f1=0.9161 val_agree=88.00% | test_acc=96.63% test_agree=95.51%
Epoch 006 | train=0.8005 (ce=0.5218, kd=0.0860, feat=1.0496) | val_acc=92.00% val_f1=0.9241 val_agree=87.43% | test_acc=96.07% test_agree=95.51%
Epoch 007 | train=0.7636 (ce=0.5166, kd=0.0846, feat=0.9449) | val_acc=91.43% val_f1=0.9147 val_agree=88.00% | test_acc=94.10% test_agree=94.10%
Epoch 008 | train=0.7367 (ce=0.5326, kd=0.0778, feat=0.8495) | val_acc=92.00% val_f1=0.9252 val_agree=88.00% | test_acc=95.22% test_agree=94.66%
Epoch 009 | train=0.7150 (ce=0.5409, kd=0.0714, feat=0.7883) | val_acc=92.57% val_f1=0.9292 val_agree=86.86% | test_acc=94.38% test_agree=93.82%
Epoch 010 | train=0.6866 (ce=0.5115, kd=0.0803, feat=0.7205) | val_acc=92.00% val_f1=0.9208 val_agree=88.00% | test_acc=89.33% test_agree=89.33%
Epoch 011 | train=0.6629 (ce=0.4961, kd=0.0789, feat=0.6837) | val_acc=93.14% val_f1=0.9332 val_agree=86.86% | test_acc=91.85% test_agree=91.29%
Epoch 012 | train=0.6342 (ce=0.4793, kd=0.0767, feat=0.6375) | val_acc=92.57% val_f1=0.9303 val_agree=87.43% | test_acc=92.42% test_agree=91.85%
Epoch 013 | train=0.6301 (ce=0.4890, kd=0.0772, feat=0.5992) | val_acc=92.57% val_f1=0.9303 val_agree=87.43% | test_acc=93.82% test_agree=93.26%
Epoch 014 | train=0.6118 (ce=0.4815, kd=0.0762, feat=0.5601) | val_acc=92.57% val_f1=0.9303 val_agree=87.43% | test_acc=92.13% test_agree=91.57%
Epoch 015 | train=0.5994 (ce=0.4837, kd=0.0701, feat=0.5421) | val_acc=92.57% val_f1=0.9303 val_agree=87.43% | test_acc=93.26% test_agree=92.70%
Epoch 016 | train=0.5951 (ce=0.4771, kd=0.0745, feat=0.5229) | val_acc=92.57% val_f1=0.9303 val_agree=87.43% | test_acc=93.26% test_agree=92.70%
Epoch 017 | train=0.5892 (ce=0.4825, kd=0.0721, feat=0.5016) | val_acc=92.57% val_f1=0.9303 val_agree=87.43% | test_acc=93.26% test_agree=92.70%
Epoch 018 | train=0.5769 (ce=0.4594, kd=0.0784, feat=0.4853) | val_acc=94.29% val_f1=0.9456 val_agree=85.71% | test_acc=92.98% test_agree=92.42%
Epoch 019 | train=0.5725 (ce=0.4508, kd=0.0817, feat=0.4754) | val_acc=93.14% val_f1=0.9353 val_agree=86.86% | test_acc=92.70% test_agree=92.13%
Epoch 020 | train=0.5679 (ce=0.4673, kd=0.0727, feat=0.4636) | val_acc=93.14% val_f1=0.9353 val_agree=86.86% | test_acc=95.51% test_agree=94.38%
Early stopping at epoch 20 (best epoch 4, score=0.891429)
================================================================================
Best epoch: 4
Best score (val_teacher_agreement): 0.891429
Final test accuracy: 98.03%
Final test teacher agreement: 96.35%
Saved to: /home/huang_kai/wind_turbine_phm/PHOENIX-main/autoencoder_benchmark/ablation_experiments/h1/results/comparison_18d_baselines/teacher_student_reference/student_h1_sweep/student_h1_scan96_20260326/stage2/s2_s1_l3_o2_c2/distill_tcn_attn_weld_seam_windows_ws5_tf75_pg0_h1_ep80_lr0.0002_bs128_T3.5_lce0.7_lkd1.4_lf0.3_seed14
