================================================================================
Frozen-Teacher Distillation (13D Student)
================================================================================
Dataset: /home/huang_kai/wind_turbine_phm/PHOENIX-main/autoencoder_benchmark/Data/processed_data/weld_seam_windows_ws5_tf75_pg0_h1.npz
Teacher ckpt: /home/huang_kai/wind_turbine_phm/PHOENIX-main/autoencoder_benchmark/outputs/teacher_h1_scan98_gpu1_v2/runs/single_tcn_attn_weld_seam_windows_ws5_tf75_pg0_h1_ep60_lr0.0003_bs128_k3_l3_d0.08_lat64_wd0.00015_seed14/best_single_tcn.pth
Teacher run args: /home/huang_kai/wind_turbine_phm/PHOENIX-main/autoencoder_benchmark/outputs/teacher_h1_scan98_gpu1_v2/runs/single_tcn_attn_weld_seam_windows_ws5_tf75_pg0_h1_ep60_lr0.0003_bs128_k3_l3_d0.08_lat64_wd0.00015_seed14/run_args.json
Device: cuda
Train/Val/Test: 990 / 175 / 356
Input full/subset dims: 18 / 13
Dropped feature indices: [3, 4, 5, 6, 7]
Temperature: 2.0
Loss weights (ce/kd/feat): 0.9 / 1.2000000000000002 / 0.1
Checkpoint metric: val_teacher_agreement
Class weights: [1.4732142686843872, 1.3807531595230103, 0.626185953617096]
Epoch 001 | train=1.2314 (ce=1.0022, kd=0.1370, feat=1.6498) | val_acc=60.00% val_f1=0.6397 val_agree=74.29% | test_acc=39.33% test_agree=39.89%
Epoch 002 | train=0.8953 (ce=0.7228, kd=0.0719, feat=1.5857) | val_acc=75.43% val_f1=0.7833 val_agree=86.86% | test_acc=64.89% test_agree=65.45%
Epoch 003 | train=0.7170 (ce=0.5227, kd=0.0740, feat=1.5779) | val_acc=87.43% val_f1=0.8785 val_agree=89.71% | test_acc=98.31% test_agree=97.19%
Epoch 004 | train=0.6566 (ce=0.4020, kd=0.1183, feat=1.5280) | val_acc=93.71% val_f1=0.9395 val_agree=85.71% | test_acc=97.47% test_agree=96.35%
Epoch 005 | train=0.6324 (ce=0.3749, kd=0.1276, feat=1.4193) | val_acc=93.71% val_f1=0.9395 val_agree=85.71% | test_acc=94.38% test_agree=93.26%
Epoch 006 | train=0.6139 (ce=0.3839, kd=0.1149, feat=1.3045) | val_acc=96.00% val_f1=0.9613 val_agree=84.00% | test_acc=90.45% test_agree=89.89%
Epoch 007 | train=0.5928 (ce=0.4014, kd=0.0943, feat=1.1844) | val_acc=96.57% val_f1=0.9667 val_agree=83.43% | test_acc=89.33% test_agree=88.76%
Epoch 008 | train=0.5961 (ce=0.4129, kd=0.0953, feat=1.1009) | val_acc=96.57% val_f1=0.9667 val_agree=83.43% | test_acc=93.54% test_agree=92.42%
Epoch 009 | train=0.5777 (ce=0.3931, kd=0.1000, feat=1.0400) | val_acc=97.14% val_f1=0.9721 val_agree=82.86% | test_acc=92.42% test_agree=91.29%
Epoch 010 | train=0.5726 (ce=0.3799, kd=0.1116, feat=0.9677) | val_acc=98.29% val_f1=0.9830 val_agree=81.71% | test_acc=87.92% test_agree=87.36%
Epoch 011 | train=0.5604 (ce=0.3772, kd=0.1070, feat=0.9256) | val_acc=97.71% val_f1=0.9775 val_agree=82.29% | test_acc=89.89% test_agree=89.33%
Epoch 012 | train=0.5426 (ce=0.3766, kd=0.0977, feat=0.8643) | val_acc=96.57% val_f1=0.9667 val_agree=83.43% | test_acc=91.57% test_agree=91.01%
Epoch 013 | train=0.5489 (ce=0.3827, kd=0.1023, feat=0.8177) | val_acc=97.14% val_f1=0.9721 val_agree=82.86% | test_acc=94.10% test_agree=92.98%
Epoch 014 | train=0.5334 (ce=0.3609, kd=0.1091, feat=0.7766) | val_acc=96.57% val_f1=0.9667 val_agree=83.43% | test_acc=91.01% test_agree=90.45%
Epoch 015 | train=0.5209 (ce=0.3688, kd=0.0952, feat=0.7474) | val_acc=97.71% val_f1=0.9775 val_agree=82.29% | test_acc=89.89% test_agree=89.33%
Epoch 016 | train=0.5209 (ce=0.3649, kd=0.1004, feat=0.7202) | val_acc=97.71% val_f1=0.9775 val_agree=82.29% | test_acc=91.29% test_agree=90.17%
Epoch 017 | train=0.5218 (ce=0.3649, kd=0.1029, feat=0.6989) | val_acc=97.71% val_f1=0.9775 val_agree=82.29% | test_acc=91.85% test_agree=90.73%
Epoch 018 | train=0.5141 (ce=0.3538, kd=0.1069, feat=0.6744) | val_acc=98.86% val_f1=0.9886 val_agree=81.14% | test_acc=90.73% test_agree=89.61%
Epoch 019 | train=0.5136 (ce=0.3611, kd=0.1030, feat=0.6503) | val_acc=97.71% val_f1=0.9775 val_agree=82.29% | test_acc=90.73% test_agree=90.17%
Early stopping at epoch 19 (best epoch 3, score=0.897143)
================================================================================
Best epoch: 3
Best score (val_teacher_agreement): 0.897143
Final test accuracy: 98.31%
Final test teacher agreement: 97.19%
Saved to: /home/huang_kai/wind_turbine_phm/PHOENIX-main/autoencoder_benchmark/ablation_experiments/h1/results/comparison_18d_baselines/teacher_student_reference/student_h1_sweep/student_h1_scan96_20260326/stage3/s3_s2_s1_l4_o4_c7_r5/distill_tcn_attn_weld_seam_windows_ws5_tf75_pg0_h1_ep80_lr0.0003_bs128_T2.0_lce0.9_lkd1.2000000000000002_lf0.1_seed14
