================================================================================
Frozen-Teacher Distillation (13D Student)
================================================================================
Dataset: /home/huang_kai/wind_turbine_phm/PHOENIX-main/autoencoder_benchmark/Data/processed_data/weld_seam_windows_ws5_tf75_pg0_h1.npz
Teacher ckpt: /home/huang_kai/wind_turbine_phm/PHOENIX-main/autoencoder_benchmark/outputs/teacher_h1_scan98_gpu1_v2/runs/single_tcn_attn_weld_seam_windows_ws5_tf75_pg0_h1_ep60_lr0.0003_bs128_k3_l3_d0.08_lat64_wd0.00015_seed14/best_single_tcn.pth
Teacher run args: /home/huang_kai/wind_turbine_phm/PHOENIX-main/autoencoder_benchmark/outputs/teacher_h1_scan98_gpu1_v2/runs/single_tcn_attn_weld_seam_windows_ws5_tf75_pg0_h1_ep60_lr0.0003_bs128_k3_l3_d0.08_lat64_wd0.00015_seed14/run_args.json
Device: cuda
Train/Val/Test: 990 / 175 / 356
Input full/subset dims: 18 / 13
Dropped feature indices: [3, 4, 5, 6, 7]
Temperature: 2.0
Loss weights (ce/kd/feat): 0.9 / 1.1 / 0.0
Checkpoint metric: val_teacher_agreement
Class weights: [1.4732142686843872, 1.3807531595230103, 0.626185953617096]
Epoch 001 | train=1.0847 (ce=1.0277, kd=0.1452, feat=1.6806) | val_acc=62.29% val_f1=0.6456 val_agree=72.57% | test_acc=39.61% test_agree=40.17%
Epoch 002 | train=0.7795 (ce=0.7719, kd=0.0771, feat=1.6778) | val_acc=73.14% val_f1=0.7630 val_agree=85.71% | test_acc=54.78% test_agree=55.90%
Epoch 003 | train=0.5945 (ce=0.5793, kd=0.0665, feat=1.7380) | val_acc=84.00% val_f1=0.8527 val_agree=87.43% | test_acc=92.42% test_agree=91.29%
Epoch 004 | train=0.5038 (ce=0.4349, kd=0.1021, feat=1.7901) | val_acc=93.14% val_f1=0.9315 val_agree=86.29% | test_acc=97.19% test_agree=96.07%
Epoch 005 | train=0.4896 (ce=0.3705, kd=0.1420, feat=1.8093) | val_acc=94.29% val_f1=0.9447 val_agree=85.14% | test_acc=95.51% test_agree=94.38%
Epoch 006 | train=0.4796 (ce=0.3472, kd=0.1519, feat=1.8240) | val_acc=96.57% val_f1=0.9667 val_agree=83.43% | test_acc=92.13% test_agree=91.01%
Epoch 007 | train=0.4664 (ce=0.3576, kd=0.1315, feat=1.8203) | val_acc=96.57% val_f1=0.9667 val_agree=83.43% | test_acc=89.33% test_agree=88.20%
Epoch 008 | train=0.4775 (ce=0.3902, kd=0.1148, feat=1.8099) | val_acc=96.57% val_f1=0.9667 val_agree=83.43% | test_acc=93.26% test_agree=92.13%
Epoch 009 | train=0.4639 (ce=0.3883, kd=0.1041, feat=1.8101) | val_acc=96.57% val_f1=0.9667 val_agree=83.43% | test_acc=91.85% test_agree=90.73%
Epoch 010 | train=0.4665 (ce=0.3676, kd=0.1233, feat=1.7932) | val_acc=98.29% val_f1=0.9830 val_agree=81.71% | test_acc=87.92% test_agree=86.80%
Epoch 011 | train=0.4531 (ce=0.3522, kd=0.1237, feat=1.8204) | val_acc=98.29% val_f1=0.9830 val_agree=81.71% | test_acc=90.45% test_agree=89.33%
Epoch 012 | train=0.4409 (ce=0.3441, kd=0.1193, feat=1.8340) | val_acc=96.00% val_f1=0.9613 val_agree=84.00% | test_acc=92.13% test_agree=91.01%
Epoch 013 | train=0.4513 (ce=0.3617, kd=0.1143, feat=1.8194) | val_acc=97.71% val_f1=0.9775 val_agree=82.29% | test_acc=92.98% test_agree=91.85%
Epoch 014 | train=0.4416 (ce=0.3459, kd=0.1184, feat=1.8173) | val_acc=97.71% val_f1=0.9775 val_agree=82.29% | test_acc=89.33% test_agree=88.76%
Epoch 015 | train=0.4321 (ce=0.3456, kd=0.1101, feat=1.8460) | val_acc=97.14% val_f1=0.9721 val_agree=82.86% | test_acc=90.17% test_agree=89.04%
Epoch 016 | train=0.4347 (ce=0.3419, kd=0.1154, feat=1.8447) | val_acc=97.71% val_f1=0.9775 val_agree=82.29% | test_acc=90.73% test_agree=89.61%
Epoch 017 | train=0.4360 (ce=0.3455, kd=0.1137, feat=1.8498) | val_acc=97.71% val_f1=0.9775 val_agree=82.29% | test_acc=91.85% test_agree=90.73%
Epoch 018 | train=0.4338 (ce=0.3327, kd=0.1222, feat=1.8488) | val_acc=98.86% val_f1=0.9886 val_agree=81.14% | test_acc=90.73% test_agree=89.61%
Epoch 019 | train=0.4324 (ce=0.3401, kd=0.1148, feat=1.8555) | val_acc=97.71% val_f1=0.9775 val_agree=82.29% | test_acc=90.17% test_agree=89.04%
Early stopping at epoch 19 (best epoch 3, score=0.874286)
================================================================================
Best epoch: 3
Best score (val_teacher_agreement): 0.874286
Final test accuracy: 92.42%
Final test teacher agreement: 91.29%
Saved to: /home/huang_kai/wind_turbine_phm/PHOENIX-main/autoencoder_benchmark/ablation_experiments/h1/results/comparison_18d_baselines/teacher_student_reference/student_h1_sweep/student_h1_scan96_20260326/stage3/s3_s2_s1_l4_o4_c7_r1/distill_tcn_attn_weld_seam_windows_ws5_tf75_pg0_h1_ep80_lr0.00024999999999999995_bs128_T2.0_lce0.9_lkd1.1_lf0.0_seed14
