================================================================================
Frozen-Teacher Distillation (13D Student)
================================================================================
Dataset: /home/huang_kai/wind_turbine_phm/PHOENIX-main/autoencoder_benchmark/Data/processed_data/weld_seam_windows_ws5_tf75_pg0_h1.npz
Teacher ckpt: /home/huang_kai/wind_turbine_phm/PHOENIX-main/autoencoder_benchmark/outputs/teacher_h1_scan98_gpu1_v2/runs/single_tcn_attn_weld_seam_windows_ws5_tf75_pg0_h1_ep60_lr0.0003_bs128_k3_l3_d0.08_lat64_wd0.00015_seed14/best_single_tcn.pth
Teacher run args: /home/huang_kai/wind_turbine_phm/PHOENIX-main/autoencoder_benchmark/outputs/teacher_h1_scan98_gpu1_v2/runs/single_tcn_attn_weld_seam_windows_ws5_tf75_pg0_h1_ep60_lr0.0003_bs128_k3_l3_d0.08_lat64_wd0.00015_seed14/run_args.json
Device: cuda
Train/Val/Test: 990 / 175 / 356
Input full/subset dims: 18 / 13
Dropped feature indices: [3, 4, 5, 6, 7]
Temperature: 3.0
Loss weights (ce/kd/feat): 0.8 / 1.2 / 0.2
Checkpoint metric: val_teacher_agreement
Class weights: [1.4732142686843872, 1.3807531595230103, 0.626185953617096]
Epoch 001 | train=1.3141 (ce=1.0180, kd=0.1425, feat=1.6435) | val_acc=51.43% val_f1=0.4903 val_agree=65.14% | test_acc=48.03% test_agree=47.19%
Epoch 002 | train=1.0287 (ce=0.7775, kd=0.0761, feat=1.5771) | val_acc=72.57% val_f1=0.7356 val_agree=85.71% | test_acc=80.34% test_agree=78.65%
Epoch 003 | train=0.8529 (ce=0.6092, kd=0.0545, feat=1.5005) | val_acc=85.71% val_f1=0.8701 val_agree=91.43% | test_acc=93.26% test_agree=92.13%
Epoch 004 | train=0.7494 (ce=0.4752, kd=0.0709, feat=1.4204) | val_acc=89.14% val_f1=0.9006 val_agree=89.71% | test_acc=95.22% test_agree=94.66%
Epoch 005 | train=0.7129 (ce=0.4242, kd=0.0975, feat=1.2832) | val_acc=93.71% val_f1=0.9405 val_agree=86.29% | test_acc=93.82% test_agree=93.26%
Epoch 006 | train=0.6694 (ce=0.4154, kd=0.0931, feat=1.1270) | val_acc=91.43% val_f1=0.9203 val_agree=88.57% | test_acc=94.10% test_agree=94.10%
Epoch 007 | train=0.6350 (ce=0.4430, kd=0.0697, feat=0.9845) | val_acc=93.71% val_f1=0.9405 val_agree=86.29% | test_acc=93.82% test_agree=93.82%
Epoch 008 | train=0.6110 (ce=0.4329, kd=0.0720, feat=0.8913) | val_acc=94.86% val_f1=0.9508 val_agree=85.14% | test_acc=91.57% test_agree=91.57%
Epoch 009 | train=0.5870 (ce=0.3888, kd=0.0922, feat=0.8263) | val_acc=94.29% val_f1=0.9456 val_agree=85.71% | test_acc=90.45% test_agree=91.01%
Epoch 010 | train=0.5758 (ce=0.4046, kd=0.0848, feat=0.7514) | val_acc=93.71% val_f1=0.9405 val_agree=86.29% | test_acc=94.94% test_agree=94.94%
Epoch 011 | train=0.5451 (ce=0.3870, kd=0.0809, feat=0.6923) | val_acc=93.71% val_f1=0.9405 val_agree=86.29% | test_acc=94.66% test_agree=94.66%
Epoch 012 | train=0.5546 (ce=0.4204, kd=0.0757, feat=0.6372) | val_acc=94.29% val_f1=0.9456 val_agree=85.71% | test_acc=92.98% test_agree=92.98%
Epoch 013 | train=0.5424 (ce=0.3886, kd=0.0926, feat=0.6021) | val_acc=93.71% val_f1=0.9382 val_agree=86.29% | test_acc=90.45% test_agree=91.01%
Epoch 014 | train=0.5225 (ce=0.3913, kd=0.0803, feat=0.5655) | val_acc=94.86% val_f1=0.9508 val_agree=85.14% | test_acc=94.66% test_agree=95.22%
Epoch 015 | train=0.5253 (ce=0.3989, kd=0.0830, feat=0.5328) | val_acc=94.29% val_f1=0.9434 val_agree=85.71% | test_acc=92.13% test_agree=92.70%
Epoch 016 | train=0.5196 (ce=0.3915, kd=0.0862, feat=0.5148) | val_acc=97.14% val_f1=0.9721 val_agree=82.86% | test_acc=90.73% test_agree=91.29%
Epoch 017 | train=0.5065 (ce=0.3874, kd=0.0827, feat=0.4868) | val_acc=94.86% val_f1=0.9508 val_agree=85.14% | test_acc=92.98% test_agree=92.98%
Epoch 018 | train=0.4980 (ce=0.3689, kd=0.0908, feat=0.4697) | val_acc=96.57% val_f1=0.9667 val_agree=83.43% | test_acc=92.13% test_agree=92.13%
Epoch 019 | train=0.4902 (ce=0.3752, kd=0.0821, feat=0.4576) | val_acc=93.71% val_f1=0.9405 val_agree=86.29% | test_acc=92.42% test_agree=92.42%
Early stopping at epoch 19 (best epoch 3, score=0.914286)
================================================================================
Best epoch: 3
Best score (val_teacher_agreement): 0.914286
Final test accuracy: 93.26%
Final test teacher agreement: 92.13%
Saved to: /home/huang_kai/wind_turbine_phm/PHOENIX-main/autoencoder_benchmark/ablation_experiments/h1/results/comparison_18d_baselines/teacher_student_reference/student_h1_sweep/student_h1_scan96_20260326/stage2/s2_s1_l2_o2_c6/distill_tcn_attn_weld_seam_windows_ws5_tf75_pg0_h1_ep80_lr0.0002_bs128_T3.0_lce0.8_lkd1.2_lf0.2_seed14
