================================================================================
Frozen-Teacher Distillation (13D Student)
================================================================================
Dataset: /home/huang_kai/wind_turbine_phm/PHOENIX-main/autoencoder_benchmark/Data/processed_data/weld_seam_windows_ws5_tf75_pg0_h1.npz
Teacher ckpt: /home/huang_kai/wind_turbine_phm/PHOENIX-main/autoencoder_benchmark/outputs/teacher_h1_scan98_gpu1_v2/runs/single_tcn_attn_weld_seam_windows_ws5_tf75_pg0_h1_ep60_lr0.0003_bs128_k3_l3_d0.08_lat64_wd0.00015_seed14/best_single_tcn.pth
Teacher run args: /home/huang_kai/wind_turbine_phm/PHOENIX-main/autoencoder_benchmark/outputs/teacher_h1_scan98_gpu1_v2/runs/single_tcn_attn_weld_seam_windows_ws5_tf75_pg0_h1_ep60_lr0.0003_bs128_k3_l3_d0.08_lat64_wd0.00015_seed14/run_args.json
Device: cuda
Train/Val/Test: 990 / 175 / 356
Input full/subset dims: 18 / 13
Dropped feature indices: [3, 4, 5, 6, 7]
Temperature: 2.5
Loss weights (ce/kd/feat): 1.0 / 1.0 / 0.1
Checkpoint metric: val_teacher_agreement
Class weights: [1.4732142686843872, 1.3807531595230103, 0.626185953617096]
Epoch 001 | train=1.4058 (ce=1.0673, kd=0.1759, feat=1.6257) | val_acc=60.57% val_f1=0.5819 val_agree=68.00% | test_acc=35.67% test_agree=36.24%
Epoch 002 | train=1.1291 (ce=0.8597, kd=0.1116, feat=1.5778) | val_acc=69.71% val_f1=0.7340 val_agree=85.14% | test_acc=45.79% test_agree=46.91%
Epoch 003 | train=0.9338 (ce=0.6873, kd=0.0907, feat=1.5576) | val_acc=79.43% val_f1=0.8149 val_agree=88.57% | test_acc=82.87% test_agree=81.74%
Epoch 004 | train=0.7922 (ce=0.5485, kd=0.0890, feat=1.5473) | val_acc=90.29% val_f1=0.9061 val_agree=88.00% | test_acc=96.63% test_agree=94.94%
Epoch 005 | train=0.7349 (ce=0.4640, kd=0.1190, feat=1.5197) | val_acc=94.29% val_f1=0.9447 val_agree=85.14% | test_acc=96.07% test_agree=94.94%
Epoch 006 | train=0.7156 (ce=0.4009, kd=0.1663, feat=1.4839) | val_acc=94.86% val_f1=0.9500 val_agree=84.57% | test_acc=94.10% test_agree=93.54%
Epoch 007 | train=0.7024 (ce=0.3835, kd=0.1770, feat=1.4183) | val_acc=94.86% val_f1=0.9508 val_agree=85.14% | test_acc=91.57% test_agree=91.01%
Epoch 008 | train=0.6851 (ce=0.3912, kd=0.1598, feat=1.3409) | val_acc=93.14% val_f1=0.9353 val_agree=86.86% | test_acc=93.54% test_agree=92.98%
Epoch 009 | train=0.6740 (ce=0.4097, kd=0.1352, feat=1.2912) | val_acc=93.71% val_f1=0.9405 val_agree=86.29% | test_acc=91.57% test_agree=91.01%
Epoch 010 | train=0.6589 (ce=0.3919, kd=0.1457, feat=1.2129) | val_acc=95.43% val_f1=0.9560 val_agree=84.57% | test_acc=86.80% test_agree=86.24%
Epoch 011 | train=0.6401 (ce=0.3700, kd=0.1521, feat=1.1800) | val_acc=96.57% val_f1=0.9667 val_agree=83.43% | test_acc=88.48% test_agree=87.92%
Epoch 012 | train=0.6205 (ce=0.3585, kd=0.1485, feat=1.1343) | val_acc=95.43% val_f1=0.9560 val_agree=84.57% | test_acc=89.61% test_agree=89.04%
Epoch 013 | train=0.6248 (ce=0.3700, kd=0.1466, feat=1.0811) | val_acc=96.00% val_f1=0.9613 val_agree=84.00% | test_acc=92.13% test_agree=91.01%
Epoch 014 | train=0.6115 (ce=0.3625, kd=0.1452, feat=1.0373) | val_acc=96.00% val_f1=0.9613 val_agree=84.00% | test_acc=89.33% test_agree=89.33%
Epoch 015 | train=0.5996 (ce=0.3620, kd=0.1362, feat=1.0136) | val_acc=96.00% val_f1=0.9613 val_agree=84.00% | test_acc=90.17% test_agree=89.61%
Epoch 016 | train=0.5938 (ce=0.3539, kd=0.1423, feat=0.9751) | val_acc=96.00% val_f1=0.9613 val_agree=84.00% | test_acc=90.73% test_agree=90.17%
Epoch 017 | train=0.5929 (ce=0.3632, kd=0.1356, feat=0.9416) | val_acc=96.00% val_f1=0.9613 val_agree=84.00% | test_acc=91.01% test_agree=90.45%
Epoch 018 | train=0.5826 (ce=0.3394, kd=0.1513, feat=0.9193) | val_acc=97.14% val_f1=0.9721 val_agree=82.86% | test_acc=90.73% test_agree=89.61%
Epoch 019 | train=0.5849 (ce=0.3403, kd=0.1545, feat=0.9014) | val_acc=97.14% val_f1=0.9721 val_agree=82.86% | test_acc=90.17% test_agree=89.61%
Early stopping at epoch 19 (best epoch 3, score=0.885714)
================================================================================
Best epoch: 3
Best score (val_teacher_agreement): 0.885714
Final test accuracy: 82.87%
Final test teacher agreement: 81.74%
Saved to: /home/huang_kai/wind_turbine_phm/PHOENIX-main/autoencoder_benchmark/ablation_experiments/h1/results/comparison_18d_baselines/teacher_student_reference/student_h1_sweep/student_h1_scan96_20260326/stage1/s1_l1_o2/distill_tcn_attn_weld_seam_windows_ws5_tf75_pg0_h1_ep80_lr0.0002_bs128_T2.5_lce1.0_lkd1.0_lf0.1_seed14
