================================================================================
Frozen-Teacher Distillation (13D Student)
================================================================================
Dataset: /home/huang_kai/wind_turbine_phm/PHOENIX-main/autoencoder_benchmark/Data/processed_data/weld_seam_windows_ws5_tf75_pg0_h1.npz
Teacher ckpt: /home/huang_kai/wind_turbine_phm/PHOENIX-main/autoencoder_benchmark/outputs/teacher_h1_scan98_gpu1_v2/runs/single_tcn_attn_weld_seam_windows_ws5_tf75_pg0_h1_ep60_lr0.0003_bs128_k3_l3_d0.08_lat64_wd0.00015_seed14/best_single_tcn.pth
Teacher run args: /home/huang_kai/wind_turbine_phm/PHOENIX-main/autoencoder_benchmark/outputs/teacher_h1_scan98_gpu1_v2/runs/single_tcn_attn_weld_seam_windows_ws5_tf75_pg0_h1_ep60_lr0.0003_bs128_k3_l3_d0.08_lat64_wd0.00015_seed14/run_args.json
Device: cuda
Train/Val/Test: 990 / 175 / 356
Input full/subset dims: 18 / 13
Dropped feature indices: [3, 4, 5, 6, 7]
Temperature: 3.0
Loss weights (ce/kd/feat): 0.8 / 1.2 / 0.2
Checkpoint metric: val_teacher_agreement
Class weights: [1.4732142686843872, 1.3807531595230103, 0.626185953617096]
Epoch 001 | train=1.3584 (ce=1.0528, kd=0.1557, feat=1.6469) | val_acc=68.00% val_f1=0.6765 val_agree=70.86% | test_acc=37.36% test_agree=37.92%
Epoch 002 | train=1.0763 (ce=0.8352, kd=0.0855, feat=1.5279) | val_acc=70.86% val_f1=0.7463 val_agree=84.00% | test_acc=47.75% test_agree=48.88%
Epoch 003 | train=0.9054 (ce=0.6758, kd=0.0614, feat=1.4554) | val_acc=77.71% val_f1=0.7993 val_agree=89.14% | test_acc=86.24% test_agree=85.11%
Epoch 004 | train=0.7776 (ce=0.5364, kd=0.0601, feat=1.3819) | val_acc=90.86% val_f1=0.9140 val_agree=87.43% | test_acc=98.31% test_agree=97.19%
Epoch 005 | train=0.7315 (ce=0.4668, kd=0.0841, feat=1.2855) | val_acc=93.71% val_f1=0.9395 val_agree=85.71% | test_acc=97.47% test_agree=96.35%
Epoch 006 | train=0.6957 (ce=0.4217, kd=0.1023, feat=1.1784) | val_acc=92.57% val_f1=0.9270 val_agree=86.86% | test_acc=94.66% test_agree=94.10%
Epoch 007 | train=0.6661 (ce=0.4298, kd=0.0934, feat=1.0510) | val_acc=93.14% val_f1=0.9332 val_agree=86.86% | test_acc=90.17% test_agree=89.61%
Epoch 008 | train=0.6520 (ce=0.4507, kd=0.0852, feat=0.9456) | val_acc=94.29% val_f1=0.9456 val_agree=85.71% | test_acc=92.98% test_agree=92.42%
Epoch 009 | train=0.6299 (ce=0.4499, kd=0.0793, feat=0.8743) | val_acc=94.86% val_f1=0.9508 val_agree=85.14% | test_acc=92.42% test_agree=91.85%
Epoch 010 | train=0.6170 (ce=0.4327, kd=0.0913, feat=0.8066) | val_acc=95.43% val_f1=0.9538 val_agree=84.57% | test_acc=88.48% test_agree=87.92%
Epoch 011 | train=0.5932 (ce=0.4052, kd=0.0958, feat=0.7705) | val_acc=95.43% val_f1=0.9560 val_agree=84.57% | test_acc=91.01% test_agree=90.45%
Epoch 012 | train=0.5743 (ce=0.4047, kd=0.0895, feat=0.7158) | val_acc=95.43% val_f1=0.9560 val_agree=84.57% | test_acc=92.70% test_agree=92.13%
Epoch 013 | train=0.5764 (ce=0.4206, kd=0.0884, feat=0.6693) | val_acc=95.43% val_f1=0.9560 val_agree=84.57% | test_acc=94.38% test_agree=93.26%
Epoch 014 | train=0.5572 (ce=0.3999, kd=0.0929, feat=0.6288) | val_acc=94.86% val_f1=0.9508 val_agree=85.14% | test_acc=92.42% test_agree=91.85%
Epoch 015 | train=0.5449 (ce=0.4055, kd=0.0826, feat=0.6070) | val_acc=96.00% val_f1=0.9613 val_agree=84.00% | test_acc=91.85% test_agree=91.29%
Epoch 016 | train=0.5408 (ce=0.3971, kd=0.0885, feat=0.5847) | val_acc=96.00% val_f1=0.9613 val_agree=84.00% | test_acc=92.42% test_agree=91.29%
Epoch 017 | train=0.5419 (ce=0.3999, kd=0.0910, feat=0.5638) | val_acc=96.57% val_f1=0.9667 val_agree=83.43% | test_acc=92.42% test_agree=91.29%
Epoch 018 | train=0.5319 (ce=0.3873, kd=0.0943, feat=0.5443) | val_acc=97.71% val_f1=0.9775 val_agree=82.29% | test_acc=92.98% test_agree=91.85%
Epoch 019 | train=0.5310 (ce=0.3885, kd=0.0955, feat=0.5282) | val_acc=96.57% val_f1=0.9667 val_agree=83.43% | test_acc=92.70% test_agree=91.57%
Early stopping at epoch 19 (best epoch 3, score=0.891429)
================================================================================
Best epoch: 3
Best score (val_teacher_agreement): 0.891429
Final test accuracy: 86.24%
Final test teacher agreement: 85.11%
Saved to: /home/huang_kai/wind_turbine_phm/PHOENIX-main/autoencoder_benchmark/ablation_experiments/h1/results/comparison_18d_baselines/teacher_student_reference/student_h1_sweep/student_h1_scan96_20260326/stage2/s2_s1_l2_o2_c7/distill_tcn_attn_weld_seam_windows_ws5_tf75_pg0_h1_ep80_lr0.0002_bs128_T3.0_lce0.8_lkd1.2_lf0.2_seed14
