================================================================================
Frozen-Teacher Distillation (13D Student)
================================================================================
Dataset: /home/huang_kai/wind_turbine_phm/PHOENIX-main/autoencoder_benchmark/Data/processed_data/weld_seam_windows_ws5_tf75_pg0_h1.npz
Teacher ckpt: /home/huang_kai/wind_turbine_phm/PHOENIX-main/autoencoder_benchmark/outputs/teacher_h1_scan98_gpu1_v2/runs/single_tcn_attn_weld_seam_windows_ws5_tf75_pg0_h1_ep60_lr0.0003_bs128_k3_l3_d0.08_lat64_wd0.00015_seed14/best_single_tcn.pth
Teacher run args: /home/huang_kai/wind_turbine_phm/PHOENIX-main/autoencoder_benchmark/outputs/teacher_h1_scan98_gpu1_v2/runs/single_tcn_attn_weld_seam_windows_ws5_tf75_pg0_h1_ep60_lr0.0003_bs128_k3_l3_d0.08_lat64_wd0.00015_seed14/run_args.json
Device: cuda
Train/Val/Test: 990 / 175 / 356
Input full/subset dims: 18 / 13
Dropped feature indices: [3, 4, 5, 6, 7]
Temperature: 3.5
Loss weights (ce/kd/feat): 0.7 / 1.4 / 0.3
Checkpoint metric: val_teacher_agreement
Class weights: [1.4732142686843872, 1.3807531595230103, 0.626185953617096]
Epoch 001 | train=1.4023 (ce=1.0240, kd=0.1432, feat=1.6168) | val_acc=49.71% val_f1=0.4740 val_agree=63.43% | test_acc=45.51% test_agree=44.66%
Epoch 002 | train=1.1119 (ce=0.7980, kd=0.0759, feat=1.4900) | val_acc=68.57% val_f1=0.6896 val_agree=84.00% | test_acc=74.44% test_agree=73.31%
Epoch 003 | train=0.9261 (ce=0.6442, kd=0.0487, feat=1.3566) | val_acc=84.00% val_f1=0.8557 val_agree=90.86% | test_acc=93.26% test_agree=92.13%
Epoch 004 | train=0.8100 (ce=0.5240, kd=0.0537, feat=1.2268) | val_acc=88.57% val_f1=0.8942 val_agree=89.71% | test_acc=95.79% test_agree=95.22%
Epoch 005 | train=0.7519 (ce=0.4819, kd=0.0684, feat=1.0628) | val_acc=92.00% val_f1=0.9252 val_agree=88.00% | test_acc=94.10% test_agree=94.10%
Epoch 006 | train=0.6942 (ce=0.4721, kd=0.0658, feat=0.9057) | val_acc=89.71% val_f1=0.9055 val_agree=90.29% | test_acc=93.82% test_agree=94.38%
Epoch 007 | train=0.6508 (ce=0.4969, kd=0.0512, feat=0.7708) | val_acc=92.00% val_f1=0.9252 val_agree=88.00% | test_acc=95.22% test_agree=95.79%
Epoch 008 | train=0.6191 (ce=0.4770, kd=0.0551, feat=0.6932) | val_acc=94.29% val_f1=0.9456 val_agree=85.71% | test_acc=93.54% test_agree=93.54%
Epoch 009 | train=0.5900 (ce=0.4324, kd=0.0698, feat=0.6322) | val_acc=93.14% val_f1=0.9353 val_agree=86.86% | test_acc=92.98% test_agree=93.54%
Epoch 010 | train=0.5757 (ce=0.4537, kd=0.0623, feat=0.5695) | val_acc=92.00% val_f1=0.9252 val_agree=88.00% | test_acc=95.22% test_agree=95.22%
Epoch 011 | train=0.5432 (ce=0.4321, kd=0.0594, feat=0.5251) | val_acc=92.57% val_f1=0.9303 val_agree=87.43% | test_acc=94.94% test_agree=95.51%
Epoch 012 | train=0.5515 (ce=0.4627, kd=0.0574, feat=0.4905) | val_acc=93.14% val_f1=0.9353 val_agree=86.86% | test_acc=94.94% test_agree=95.51%
Epoch 013 | train=0.5382 (ce=0.4271, kd=0.0712, feat=0.4651) | val_acc=92.57% val_f1=0.9281 val_agree=87.43% | test_acc=92.98% test_agree=93.54%
Epoch 014 | train=0.5184 (ce=0.4374, kd=0.0586, feat=0.4341) | val_acc=93.14% val_f1=0.9353 val_agree=86.86% | test_acc=95.51% test_agree=96.07%
Epoch 015 | train=0.5207 (ce=0.4414, kd=0.0620, feat=0.4167) | val_acc=92.57% val_f1=0.9281 val_agree=87.43% | test_acc=93.26% test_agree=93.82%
Epoch 016 | train=0.5165 (ce=0.4353, kd=0.0638, feat=0.4079) | val_acc=93.14% val_f1=0.9353 val_agree=86.86% | test_acc=93.82% test_agree=94.38%
Epoch 017 | train=0.5033 (ce=0.4284, kd=0.0626, feat=0.3861) | val_acc=93.14% val_f1=0.9353 val_agree=86.86% | test_acc=94.94% test_agree=94.94%
Epoch 018 | train=0.4941 (ce=0.4119, kd=0.0670, feat=0.3735) | val_acc=93.14% val_f1=0.9353 val_agree=86.86% | test_acc=94.38% test_agree=94.94%
Epoch 019 | train=0.4876 (ce=0.4181, kd=0.0602, feat=0.3684) | val_acc=92.57% val_f1=0.9303 val_agree=87.43% | test_acc=94.66% test_agree=94.66%
Early stopping at epoch 19 (best epoch 3, score=0.908571)
================================================================================
Best epoch: 3
Best score (val_teacher_agreement): 0.908571
Final test accuracy: 93.26%
Final test teacher agreement: 92.13%
Saved to: /home/huang_kai/wind_turbine_phm/PHOENIX-main/autoencoder_benchmark/ablation_experiments/h1/results/comparison_18d_baselines/teacher_student_reference/student_h1_sweep/student_h1_scan96_20260326/stage2/s2_s1_l3_o2_c6/distill_tcn_attn_weld_seam_windows_ws5_tf75_pg0_h1_ep80_lr0.0002_bs128_T3.5_lce0.7_lkd1.4_lf0.3_seed14
