================================================================================
Frozen-Teacher Distillation (13D Student)
================================================================================
Dataset: /home/huang_kai/wind_turbine_phm/PHOENIX-main/autoencoder_benchmark/Data/processed_data/weld_seam_windows_ws5_tf75_pg0_h1.npz
Teacher ckpt: /home/huang_kai/wind_turbine_phm/PHOENIX-main/autoencoder_benchmark/outputs/teacher_h1_scan98_gpu1_v2/runs/single_tcn_attn_weld_seam_windows_ws5_tf75_pg0_h1_ep60_lr0.0003_bs128_k3_l3_d0.08_lat64_wd0.00015_seed14/best_single_tcn.pth
Teacher run args: /home/huang_kai/wind_turbine_phm/PHOENIX-main/autoencoder_benchmark/outputs/teacher_h1_scan98_gpu1_v2/runs/single_tcn_attn_weld_seam_windows_ws5_tf75_pg0_h1_ep60_lr0.0003_bs128_k3_l3_d0.08_lat64_wd0.00015_seed14/run_args.json
Device: cuda
Train/Val/Test: 990 / 175 / 356
Input full/subset dims: 18 / 13
Dropped feature indices: [3, 4, 5, 6, 7]
Temperature: 2.0
Loss weights (ce/kd/feat): 0.9 / 1.2000000000000002 / 0.1
Checkpoint metric: val_teacher_agreement
Class weights: [1.4732142686843872, 1.3807531595230103, 0.626185953617096]
Epoch 001 | train=1.1749 (ce=0.9595, kd=0.1142, feat=1.7438) | val_acc=58.29% val_f1=0.6007 val_agree=73.71% | test_acc=47.19% test_agree=47.19%
Epoch 002 | train=0.8853 (ce=0.7059, kd=0.0677, feat=1.6876) | val_acc=83.43% val_f1=0.8235 val_agree=85.14% | test_acc=80.34% test_agree=79.78%
Epoch 003 | train=0.7127 (ce=0.4986, kd=0.0835, feat=1.6375) | val_acc=90.29% val_f1=0.8945 val_agree=85.14% | test_acc=90.73% test_agree=90.17%
Epoch 004 | train=0.6637 (ce=0.4267, kd=0.1048, feat=1.5386) | val_acc=93.14% val_f1=0.9287 val_agree=85.71% | test_acc=94.66% test_agree=92.98%
Epoch 005 | train=0.6188 (ce=0.3675, kd=0.1228, feat=1.4081) | val_acc=95.43% val_f1=0.9553 val_agree=84.57% | test_acc=91.57% test_agree=89.89%
Epoch 006 | train=0.6040 (ce=0.3950, kd=0.1011, feat=1.2713) | val_acc=95.43% val_f1=0.9553 val_agree=84.57% | test_acc=91.01% test_agree=89.33%
Epoch 007 | train=0.5891 (ce=0.3991, kd=0.0957, feat=1.1509) | val_acc=95.43% val_f1=0.9553 val_agree=84.57% | test_acc=89.61% test_agree=87.92%
Epoch 008 | train=0.5702 (ce=0.3839, kd=0.0995, feat=1.0532) | val_acc=95.43% val_f1=0.9553 val_agree=84.57% | test_acc=88.48% test_agree=86.80%
Epoch 009 | train=0.5626 (ce=0.3836, kd=0.0996, feat=0.9785) | val_acc=95.43% val_f1=0.9553 val_agree=84.57% | test_acc=90.73% test_agree=89.04%
Epoch 010 | train=0.5520 (ce=0.3802, kd=0.0994, feat=0.9066) | val_acc=95.43% val_f1=0.9553 val_agree=84.57% | test_acc=91.57% test_agree=89.89%
Epoch 011 | train=0.5453 (ce=0.3815, kd=0.0969, feat=0.8574) | val_acc=96.00% val_f1=0.9613 val_agree=84.00% | test_acc=90.45% test_agree=88.76%
Epoch 012 | train=0.5340 (ce=0.3648, kd=0.1044, feat=0.8051) | val_acc=95.43% val_f1=0.9560 val_agree=84.57% | test_acc=90.73% test_agree=89.04%
Epoch 013 | train=0.5266 (ce=0.3744, kd=0.0948, feat=0.7585) | val_acc=96.00% val_f1=0.9613 val_agree=84.00% | test_acc=90.45% test_agree=88.76%
Epoch 014 | train=0.5294 (ce=0.3705, kd=0.1035, feat=0.7166) | val_acc=97.14% val_f1=0.9721 val_agree=82.86% | test_acc=89.89% test_agree=88.20%
Epoch 015 | train=0.5116 (ce=0.3625, kd=0.0974, feat=0.6846) | val_acc=95.43% val_f1=0.9560 val_agree=84.57% | test_acc=90.73% test_agree=89.04%
Epoch 016 | train=0.5175 (ce=0.3642, kd=0.1037, feat=0.6531) | val_acc=97.71% val_f1=0.9771 val_agree=82.29% | test_acc=89.33% test_agree=87.64%
Epoch 017 | train=0.5005 (ce=0.3552, kd=0.0990, feat=0.6208) | val_acc=97.14% val_f1=0.9721 val_agree=82.86% | test_acc=91.29% test_agree=89.61%
Epoch 018 | train=0.5062 (ce=0.3681, kd=0.0959, feat=0.5978) | val_acc=96.00% val_f1=0.9606 val_agree=84.00% | test_acc=91.01% test_agree=89.89%
Epoch 019 | train=0.5184 (ce=0.3762, kd=0.1010, feat=0.5868) | val_acc=96.57% val_f1=0.9667 val_agree=83.43% | test_acc=92.13% test_agree=91.01%
Epoch 020 | train=0.5106 (ce=0.3622, kd=0.1059, feat=0.5749) | val_acc=97.14% val_f1=0.9721 val_agree=82.86% | test_acc=90.17% test_agree=89.04%
Early stopping at epoch 20 (best epoch 4, score=0.857143)
================================================================================
Best epoch: 4
Best score (val_teacher_agreement): 0.857143
Final test accuracy: 94.66%
Final test teacher agreement: 92.98%
Saved to: /home/huang_kai/wind_turbine_phm/PHOENIX-main/autoencoder_benchmark/ablation_experiments/h1/results/comparison_18d_baselines/teacher_student_reference/student_h1_sweep/student_h1_scan96_20260326/stage4/stage4_s3_s2_s1_l4_o4_c7_r5/distill_tcn_attn_weld_seam_windows_ws5_tf75_pg0_h1_ep80_lr0.0003_bs128_T2.0_lce0.9_lkd1.2000000000000002_lf0.1_seed183
