================================================================================
Frozen-Teacher Distillation (13D Student)
================================================================================
Dataset: /home/huang_kai/wind_turbine_phm/PHOENIX-main/autoencoder_benchmark/Data/processed_data/weld_seam_windows_ws5_tf75_pg0_h1.npz
Teacher ckpt: /home/huang_kai/wind_turbine_phm/PHOENIX-main/autoencoder_benchmark/outputs/teacher_h1_scan98_gpu1_v2/runs/single_tcn_attn_weld_seam_windows_ws5_tf75_pg0_h1_ep60_lr0.0003_bs128_k3_l3_d0.08_lat64_wd0.00015_seed14/best_single_tcn.pth
Teacher run args: /home/huang_kai/wind_turbine_phm/PHOENIX-main/autoencoder_benchmark/outputs/teacher_h1_scan98_gpu1_v2/runs/single_tcn_attn_weld_seam_windows_ws5_tf75_pg0_h1_ep60_lr0.0003_bs128_k3_l3_d0.08_lat64_wd0.00015_seed14/run_args.json
Device: cuda
Train/Val/Test: 990 / 175 / 356
Input full/subset dims: 18 / 13
Dropped feature indices: [3, 4, 5, 6, 7]
Temperature: 2.0
Loss weights (ce/kd/feat): 0.8 / 1.3 / 0.0
Checkpoint metric: val_teacher_agreement
Class weights: [1.4732142686843872, 1.3807531595230103, 0.626185953617096]
Epoch 001 | train=0.9787 (ce=1.0024, kd=0.1360, feat=1.6785) | val_acc=61.14% val_f1=0.6523 val_agree=75.43% | test_acc=39.89% test_agree=40.45%
Epoch 002 | train=0.6652 (ce=0.7187, kd=0.0694, feat=1.6894) | val_acc=74.86% val_f1=0.7742 val_agree=87.43% | test_acc=62.92% test_agree=63.48%
Epoch 003 | train=0.5146 (ce=0.5248, kd=0.0729, feat=1.7662) | val_acc=86.86% val_f1=0.8706 val_agree=89.14% | test_acc=97.75% test_agree=96.63%
Epoch 004 | train=0.4751 (ce=0.4127, kd=0.1114, feat=1.8045) | val_acc=93.71% val_f1=0.9395 val_agree=85.71% | test_acc=97.47% test_agree=96.35%
Epoch 005 | train=0.4608 (ce=0.3908, kd=0.1140, feat=1.8034) | val_acc=93.71% val_f1=0.9395 val_agree=85.71% | test_acc=94.94% test_agree=93.82%
Epoch 006 | train=0.4518 (ce=0.4027, kd=0.0997, feat=1.8080) | val_acc=96.00% val_f1=0.9613 val_agree=84.00% | test_acc=92.13% test_agree=91.01%
Epoch 007 | train=0.4399 (ce=0.4138, kd=0.0838, feat=1.7998) | val_acc=96.00% val_f1=0.9613 val_agree=84.00% | test_acc=90.17% test_agree=89.04%
Epoch 008 | train=0.4510 (ce=0.4299, kd=0.0824, feat=1.7974) | val_acc=96.00% val_f1=0.9613 val_agree=84.00% | test_acc=93.82% test_agree=92.70%
Epoch 009 | train=0.4387 (ce=0.4163, kd=0.0813, feat=1.8081) | val_acc=95.43% val_f1=0.9560 val_agree=84.57% | test_acc=92.98% test_agree=91.85%
Epoch 010 | train=0.4416 (ce=0.3918, kd=0.0985, feat=1.7954) | val_acc=98.29% val_f1=0.9830 val_agree=81.71% | test_acc=89.33% test_agree=88.20%
Epoch 011 | train=0.4322 (ce=0.3911, kd=0.0918, feat=1.8207) | val_acc=97.14% val_f1=0.9721 val_agree=82.86% | test_acc=92.13% test_agree=91.01%
Epoch 012 | train=0.4202 (ce=0.3881, kd=0.0844, feat=1.8304) | val_acc=95.43% val_f1=0.9560 val_agree=84.57% | test_acc=92.70% test_agree=91.57%
Epoch 013 | train=0.4295 (ce=0.4007, kd=0.0838, feat=1.8171) | val_acc=96.57% val_f1=0.9667 val_agree=83.43% | test_acc=94.94% test_agree=93.82%
Epoch 014 | train=0.4197 (ce=0.3809, kd=0.0885, feat=1.8209) | val_acc=96.00% val_f1=0.9613 val_agree=84.00% | test_acc=90.73% test_agree=90.17%
Epoch 015 | train=0.4111 (ce=0.3828, kd=0.0807, feat=1.8514) | val_acc=96.57% val_f1=0.9667 val_agree=83.43% | test_acc=90.73% test_agree=89.61%
Epoch 016 | train=0.4142 (ce=0.3810, kd=0.0841, feat=1.8460) | val_acc=97.71% val_f1=0.9775 val_agree=82.29% | test_acc=91.85% test_agree=90.73%
Epoch 017 | train=0.4156 (ce=0.3824, kd=0.0843, feat=1.8515) | val_acc=97.14% val_f1=0.9721 val_agree=82.86% | test_acc=92.42% test_agree=91.29%
Epoch 018 | train=0.4130 (ce=0.3694, kd=0.0904, feat=1.8566) | val_acc=97.71% val_f1=0.9775 val_agree=82.29% | test_acc=92.42% test_agree=91.29%
Epoch 019 | train=0.4115 (ce=0.3802, kd=0.0826, feat=1.8652) | val_acc=97.14% val_f1=0.9721 val_agree=82.86% | test_acc=91.85% test_agree=90.73%
Early stopping at epoch 19 (best epoch 3, score=0.891429)
================================================================================
Best epoch: 3
Best score (val_teacher_agreement): 0.891429
Final test accuracy: 97.75%
Final test teacher agreement: 96.63%
Saved to: /home/huang_kai/wind_turbine_phm/PHOENIX-main/autoencoder_benchmark/ablation_experiments/h1/results/comparison_18d_baselines/teacher_student_reference/student_h1_sweep/student_h1_scan96_20260326/stage3/s3_s2_s1_l4_o4_c7_r4/distill_tcn_attn_weld_seam_windows_ws5_tf75_pg0_h1_ep80_lr0.0003_bs128_T2.0_lce0.8_lkd1.3_lf0.0_seed14
