================================================================================
Frozen-Teacher Distillation (13D Student)
================================================================================
Dataset: /home/huang_kai/wind_turbine_phm/PHOENIX-main/autoencoder_benchmark/Data/processed_data/weld_seam_windows_ws5_tf75_pg0_h1.npz
Teacher ckpt: /home/huang_kai/wind_turbine_phm/PHOENIX-main/autoencoder_benchmark/outputs/teacher_h1_scan98_gpu1_v2/runs/single_tcn_attn_weld_seam_windows_ws5_tf75_pg0_h1_ep60_lr0.0003_bs128_k3_l3_d0.08_lat64_wd0.00015_seed14/best_single_tcn.pth
Teacher run args: /home/huang_kai/wind_turbine_phm/PHOENIX-main/autoencoder_benchmark/outputs/teacher_h1_scan98_gpu1_v2/runs/single_tcn_attn_weld_seam_windows_ws5_tf75_pg0_h1_ep60_lr0.0003_bs128_k3_l3_d0.08_lat64_wd0.00015_seed14/run_args.json
Device: cuda
Train/Val/Test: 990 / 175 / 356
Input full/subset dims: 18 / 13
Dropped feature indices: [3, 4, 5, 6, 7]
Temperature: 3.0
Loss weights (ce/kd/feat): 0.8 / 1.2 / 0.2
Checkpoint metric: val_teacher_agreement
Class weights: [1.4732142686843872, 1.3807531595230103, 0.626185953617096]
Epoch 001 | train=1.3875 (ce=1.0692, kd=0.1756, feat=1.6074) | val_acc=60.00% val_f1=0.5653 val_agree=68.00% | test_acc=35.11% test_agree=35.67%
Epoch 002 | train=1.1308 (ce=0.8691, kd=0.1102, feat=1.5165) | val_acc=68.57% val_f1=0.7258 val_agree=84.00% | test_acc=44.66% test_agree=45.79%
Epoch 003 | train=0.9585 (ce=0.7070, kd=0.0863, feat=1.4470) | val_acc=77.71% val_f1=0.8007 val_agree=88.00% | test_acc=82.58% test_agree=81.46%
Epoch 004 | train=0.8357 (ce=0.5841, kd=0.0767, feat=1.3821) | val_acc=89.71% val_f1=0.9011 val_agree=88.57% | test_acc=96.91% test_agree=95.22%
Epoch 005 | train=0.7808 (ce=0.5145, kd=0.0911, feat=1.2999) | val_acc=92.00% val_f1=0.9241 val_agree=87.43% | test_acc=96.35% test_agree=95.22%
Epoch 006 | train=0.7497 (ce=0.4618, kd=0.1151, feat=1.2104) | val_acc=92.57% val_f1=0.9292 val_agree=86.86% | test_acc=94.66% test_agree=94.10%
Epoch 007 | train=0.7221 (ce=0.4567, kd=0.1133, feat=1.1037) | val_acc=92.00% val_f1=0.9231 val_agree=88.00% | test_acc=93.54% test_agree=92.98%
Epoch 008 | train=0.7010 (ce=0.4771, kd=0.0988, feat=1.0037) | val_acc=92.57% val_f1=0.9303 val_agree=87.43% | test_acc=94.38% test_agree=93.82%
Epoch 009 | train=0.6852 (ce=0.4895, kd=0.0881, feat=0.9392) | val_acc=92.57% val_f1=0.9303 val_agree=87.43% | test_acc=93.26% test_agree=92.70%
Epoch 010 | train=0.6622 (ce=0.4649, kd=0.0978, feat=0.8645) | val_acc=93.71% val_f1=0.9382 val_agree=86.29% | test_acc=87.64% test_agree=87.08%
Epoch 011 | train=0.6407 (ce=0.4420, kd=0.1016, feat=0.8259) | val_acc=95.43% val_f1=0.9560 val_agree=84.57% | test_acc=90.17% test_agree=89.61%
Epoch 012 | train=0.6166 (ce=0.4276, kd=0.0991, feat=0.7783) | val_acc=94.29% val_f1=0.9456 val_agree=85.71% | test_acc=91.57% test_agree=91.01%
Epoch 013 | train=0.6162 (ce=0.4374, kd=0.1002, feat=0.7302) | val_acc=95.43% val_f1=0.9560 val_agree=84.57% | test_acc=94.10% test_agree=92.98%
Epoch 014 | train=0.6007 (ce=0.4335, kd=0.0972, feat=0.6865) | val_acc=94.86% val_f1=0.9508 val_agree=85.14% | test_acc=90.45% test_agree=90.45%
Epoch 015 | train=0.5877 (ce=0.4330, kd=0.0902, feat=0.6646) | val_acc=94.29% val_f1=0.9456 val_agree=85.71% | test_acc=91.29% test_agree=91.29%
Epoch 016 | train=0.5826 (ce=0.4254, kd=0.0957, feat=0.6372) | val_acc=95.43% val_f1=0.9560 val_agree=84.57% | test_acc=92.42% test_agree=91.85%
Epoch 017 | train=0.5777 (ce=0.4305, kd=0.0927, feat=0.6110) | val_acc=95.43% val_f1=0.9560 val_agree=84.57% | test_acc=92.42% test_agree=91.85%
Epoch 018 | train=0.5677 (ce=0.4079, kd=0.1025, feat=0.5922) | val_acc=96.00% val_f1=0.9613 val_agree=84.00% | test_acc=92.42% test_agree=91.85%
Epoch 019 | train=0.5672 (ce=0.4051, kd=0.1060, feat=0.5798) | val_acc=95.43% val_f1=0.9560 val_agree=84.57% | test_acc=91.29% test_agree=91.29%
Epoch 020 | train=0.5596 (ce=0.4130, kd=0.0970, feat=0.5640) | val_acc=95.43% val_f1=0.9560 val_agree=84.57% | test_acc=94.94% test_agree=93.82%
Early stopping at epoch 20 (best epoch 4, score=0.885714)
================================================================================
Best epoch: 4
Best score (val_teacher_agreement): 0.885714
Final test accuracy: 96.91%
Final test teacher agreement: 95.22%
Saved to: /home/huang_kai/wind_turbine_phm/PHOENIX-main/autoencoder_benchmark/ablation_experiments/h1/results/comparison_18d_baselines/teacher_student_reference/student_h1_sweep/student_h1_scan96_20260326/stage1/s1_l2_o2/distill_tcn_attn_weld_seam_windows_ws5_tf75_pg0_h1_ep80_lr0.0002_bs128_T3.0_lce0.8_lkd1.2_lf0.2_seed14
