================================================================================
Frozen-Teacher Distillation (13D Student)
================================================================================
Dataset: /home/huang_kai/wind_turbine_phm/PHOENIX-main/autoencoder_benchmark/Data/processed_data/weld_seam_windows_ws5_tf75_pg0_h1.npz
Teacher ckpt: /home/huang_kai/wind_turbine_phm/PHOENIX-main/autoencoder_benchmark/outputs/teacher_h1_scan98_gpu1_v2/runs/single_tcn_attn_weld_seam_windows_ws5_tf75_pg0_h1_ep60_lr0.0003_bs128_k3_l3_d0.08_lat64_wd0.00015_seed14/best_single_tcn.pth
Teacher run args: /home/huang_kai/wind_turbine_phm/PHOENIX-main/autoencoder_benchmark/outputs/teacher_h1_scan98_gpu1_v2/runs/single_tcn_attn_weld_seam_windows_ws5_tf75_pg0_h1_ep60_lr0.0003_bs128_k3_l3_d0.08_lat64_wd0.00015_seed14/run_args.json
Device: cuda
Train/Val/Test: 990 / 175 / 356
Input full/subset dims: 18 / 13
Dropped feature indices: [3, 4, 5, 6, 7]
Temperature: 3.5
Loss weights (ce/kd/feat): 0.7 / 1.4 / 0.3
Checkpoint metric: val_teacher_agreement
Class weights: [1.4732142686843872, 1.3807531595230103, 0.626185953617096]
Epoch 001 | train=1.4357 (ce=1.0446, kd=0.1651, feat=1.5779) | val_acc=54.86% val_f1=0.5490 val_agree=68.00% | test_acc=31.46% test_agree=32.02%
Epoch 002 | train=1.1435 (ce=0.8257, kd=0.0992, feat=1.4220) | val_acc=68.57% val_f1=0.7267 val_agree=84.00% | test_acc=50.00% test_agree=51.12%
Epoch 003 | train=0.9655 (ce=0.6653, kd=0.0791, feat=1.2969) | val_acc=82.29% val_f1=0.8355 val_agree=91.43% | test_acc=91.85% test_agree=90.73%
Epoch 004 | train=0.8529 (ce=0.5674, kd=0.0749, feat=1.1694) | val_acc=91.43% val_f1=0.9161 val_agree=88.00% | test_acc=97.75% test_agree=96.07%
Epoch 005 | train=0.7847 (ce=0.5210, kd=0.0791, feat=1.0309) | val_acc=92.57% val_f1=0.9292 val_agree=86.86% | test_acc=95.79% test_agree=94.66%
Epoch 006 | train=0.7417 (ce=0.4996, kd=0.0861, feat=0.9047) | val_acc=92.57% val_f1=0.9292 val_agree=86.86% | test_acc=94.66% test_agree=94.10%
Epoch 007 | train=0.7028 (ce=0.5079, kd=0.0781, feat=0.7930) | val_acc=92.57% val_f1=0.9281 val_agree=87.43% | test_acc=93.54% test_agree=92.98%
Epoch 008 | train=0.6848 (ce=0.5273, kd=0.0728, feat=0.7127) | val_acc=92.57% val_f1=0.9303 val_agree=87.43% | test_acc=95.22% test_agree=94.66%
Epoch 009 | train=0.6574 (ce=0.5180, kd=0.0695, feat=0.6582) | val_acc=92.00% val_f1=0.9231 val_agree=88.00% | test_acc=93.26% test_agree=92.70%
Epoch 010 | train=0.6381 (ce=0.4879, kd=0.0822, feat=0.6051) | val_acc=94.86% val_f1=0.9485 val_agree=85.14% | test_acc=88.48% test_agree=88.48%
Epoch 011 | train=0.6183 (ce=0.4768, kd=0.0803, feat=0.5735) | val_acc=93.14% val_f1=0.9353 val_agree=86.86% | test_acc=92.70% test_agree=92.13%
Epoch 012 | train=0.5914 (ce=0.4703, kd=0.0734, feat=0.5313) | val_acc=93.14% val_f1=0.9353 val_agree=86.86% | test_acc=93.82% test_agree=93.26%
Epoch 013 | train=0.5898 (ce=0.4769, kd=0.0757, feat=0.4999) | val_acc=93.14% val_f1=0.9353 val_agree=86.86% | test_acc=94.10% test_agree=92.98%
Epoch 014 | train=0.5756 (ce=0.4713, kd=0.0749, feat=0.4696) | val_acc=92.57% val_f1=0.9303 val_agree=87.43% | test_acc=91.57% test_agree=91.01%
Epoch 015 | train=0.5646 (ce=0.4705, kd=0.0700, feat=0.4577) | val_acc=92.57% val_f1=0.9303 val_agree=87.43% | test_acc=92.42% test_agree=91.29%
Epoch 016 | train=0.5597 (ce=0.4647, kd=0.0724, feat=0.4436) | val_acc=93.14% val_f1=0.9353 val_agree=86.86% | test_acc=92.98% test_agree=91.85%
Epoch 017 | train=0.5543 (ce=0.4647, kd=0.0721, feat=0.4271) | val_acc=93.14% val_f1=0.9353 val_agree=86.86% | test_acc=92.70% test_agree=92.13%
Epoch 018 | train=0.5452 (ce=0.4463, kd=0.0775, feat=0.4144) | val_acc=94.29% val_f1=0.9456 val_agree=85.71% | test_acc=92.70% test_agree=92.13%
Epoch 019 | train=0.5454 (ce=0.4462, kd=0.0796, feat=0.4054) | val_acc=93.14% val_f1=0.9353 val_agree=86.86% | test_acc=92.70% test_agree=92.13%
Early stopping at epoch 19 (best epoch 3, score=0.914286)
================================================================================
Best epoch: 3
Best score (val_teacher_agreement): 0.914286
Final test accuracy: 91.85%
Final test teacher agreement: 90.73%
Saved to: /home/huang_kai/wind_turbine_phm/PHOENIX-main/autoencoder_benchmark/ablation_experiments/h1/results/comparison_18d_baselines/teacher_student_reference/student_h1_sweep/student_h1_scan96_20260326/stage1/s1_l3_o3/distill_tcn_attn_weld_seam_windows_ws5_tf75_pg0_h1_ep80_lr0.00025_bs128_T3.5_lce0.7_lkd1.4_lf0.3_seed14
