================================================================================
Frozen-Teacher Distillation (13D Student)
================================================================================
Dataset: /home/huang_kai/wind_turbine_phm/PHOENIX-main/autoencoder_benchmark/Data/processed_data/weld_seam_windows_ws5_tf75_pg0_h1.npz
Teacher ckpt: /home/huang_kai/wind_turbine_phm/PHOENIX-main/autoencoder_benchmark/outputs/teacher_h1_scan98_gpu1_v2/runs/single_tcn_attn_weld_seam_windows_ws5_tf75_pg0_h1_ep60_lr0.0003_bs128_k3_l3_d0.08_lat64_wd0.00015_seed14/best_single_tcn.pth
Teacher run args: /home/huang_kai/wind_turbine_phm/PHOENIX-main/autoencoder_benchmark/outputs/teacher_h1_scan98_gpu1_v2/runs/single_tcn_attn_weld_seam_windows_ws5_tf75_pg0_h1_ep60_lr0.0003_bs128_k3_l3_d0.08_lat64_wd0.00015_seed14/run_args.json
Device: cuda
Train/Val/Test: 990 / 175 / 356
Input full/subset dims: 18 / 13
Dropped feature indices: [3, 4, 5, 6, 7]
Temperature: 3.0
Loss weights (ce/kd/feat): 0.8 / 1.2 / 0.2
Checkpoint metric: val_teacher_agreement
Class weights: [1.4732142686843872, 1.3807531595230103, 0.626185953617096]
Epoch 001 | train=1.3347 (ce=1.0241, kd=0.1460, feat=1.7008) | val_acc=53.71% val_f1=0.4854 val_agree=58.86% | test_acc=74.16% test_agree=72.47%
Epoch 002 | train=1.0587 (ce=0.8152, kd=0.0656, feat=1.6393) | val_acc=57.71% val_f1=0.6075 val_agree=76.57% | test_acc=84.27% test_agree=83.71%
Epoch 003 | train=0.9158 (ce=0.6740, kd=0.0493, feat=1.5872) | val_acc=77.14% val_f1=0.7917 val_agree=88.57% | test_acc=94.66% test_agree=94.66%
Epoch 004 | train=0.8416 (ce=0.5902, kd=0.0581, feat=1.4986) | val_acc=86.86% val_f1=0.8717 val_agree=88.00% | test_acc=95.79% test_agree=95.79%
Epoch 005 | train=0.7688 (ce=0.4990, kd=0.0746, feat=1.4007) | val_acc=91.43% val_f1=0.9147 val_agree=88.00% | test_acc=94.38% test_agree=94.38%
Epoch 006 | train=0.7330 (ce=0.4754, kd=0.0817, feat=1.2732) | val_acc=90.29% val_f1=0.9070 val_agree=88.00% | test_acc=94.10% test_agree=94.10%
Epoch 007 | train=0.6893 (ce=0.4510, kd=0.0817, feat=1.1523) | val_acc=92.00% val_f1=0.9231 val_agree=88.00% | test_acc=93.26% test_agree=92.70%
Epoch 008 | train=0.6579 (ce=0.4445, kd=0.0784, feat=1.0409) | val_acc=92.57% val_f1=0.9281 val_agree=87.43% | test_acc=92.13% test_agree=91.57%
Epoch 009 | train=0.6436 (ce=0.4498, kd=0.0777, feat=0.9527) | val_acc=92.00% val_f1=0.9219 val_agree=87.43% | test_acc=92.70% test_agree=92.13%
Epoch 010 | train=0.6252 (ce=0.4395, kd=0.0801, feat=0.8874) | val_acc=93.14% val_f1=0.9343 val_agree=86.29% | test_acc=92.98% test_agree=92.42%
Epoch 011 | train=0.6122 (ce=0.4250, kd=0.0901, feat=0.8201) | val_acc=93.14% val_f1=0.9343 val_agree=86.29% | test_acc=94.94% test_agree=94.94%
Epoch 012 | train=0.5880 (ce=0.4290, kd=0.0790, feat=0.7498) | val_acc=93.14% val_f1=0.9343 val_agree=86.29% | test_acc=93.54% test_agree=93.54%
Epoch 013 | train=0.5804 (ce=0.4241, kd=0.0851, feat=0.6950) | val_acc=94.29% val_f1=0.9447 val_agree=85.14% | test_acc=93.26% test_agree=93.26%
Epoch 014 | train=0.5681 (ce=0.4136, kd=0.0871, feat=0.6635) | val_acc=93.14% val_f1=0.9321 val_agree=86.29% | test_acc=92.13% test_agree=92.13%
Epoch 015 | train=0.5611 (ce=0.4080, kd=0.0909, feat=0.6281) | val_acc=93.14% val_f1=0.9332 val_agree=86.86% | test_acc=90.45% test_agree=90.45%
Epoch 016 | train=0.5691 (ce=0.4329, kd=0.0879, feat=0.5867) | val_acc=93.71% val_f1=0.9405 val_agree=86.29% | test_acc=93.54% test_agree=92.98%
Epoch 017 | train=0.5442 (ce=0.4091, kd=0.0858, feat=0.5700) | val_acc=95.43% val_f1=0.9553 val_agree=84.00% | test_acc=93.26% test_agree=92.70%
Epoch 018 | train=0.5382 (ce=0.3967, kd=0.0904, feat=0.5616) | val_acc=93.14% val_f1=0.9343 val_agree=86.29% | test_acc=92.13% test_agree=92.13%
Epoch 019 | train=0.5320 (ce=0.3948, kd=0.0911, feat=0.5342) | val_acc=93.14% val_f1=0.9343 val_agree=86.29% | test_acc=92.98% test_agree=92.42%
Early stopping at epoch 19 (best epoch 3, score=0.885714)
================================================================================
Best epoch: 3
Best score (val_teacher_agreement): 0.885714
Final test accuracy: 94.66%
Final test teacher agreement: 94.66%
Saved to: /home/huang_kai/wind_turbine_phm/PHOENIX-main/autoencoder_benchmark/ablation_experiments/h1/results/comparison_18d_baselines/teacher_student_reference/student_h1_sweep/student_h1_scan96_20260326/stage2/s2_s1_l2_o2_c5/distill_tcn_attn_weld_seam_windows_ws5_tf75_pg0_h1_ep80_lr0.0002_bs128_T3.0_lce0.8_lkd1.2_lf0.2_seed14
