================================================================================
Frozen-Teacher Distillation (13D Student)
================================================================================
Dataset: /home/huang_kai/wind_turbine_phm/PHOENIX-main/autoencoder_benchmark/Data/processed_data/weld_seam_windows_ws5_tf75_pg0_h1.npz
Teacher ckpt: /home/huang_kai/wind_turbine_phm/PHOENIX-main/autoencoder_benchmark/outputs/teacher_h1_scan98_gpu1_v2/runs/single_tcn_attn_weld_seam_windows_ws5_tf75_pg0_h1_ep60_lr0.0003_bs128_k3_l3_d0.08_lat64_wd0.00015_seed14/best_single_tcn.pth
Teacher run args: /home/huang_kai/wind_turbine_phm/PHOENIX-main/autoencoder_benchmark/outputs/teacher_h1_scan98_gpu1_v2/runs/single_tcn_attn_weld_seam_windows_ws5_tf75_pg0_h1_ep60_lr0.0003_bs128_k3_l3_d0.08_lat64_wd0.00015_seed14/run_args.json
Device: cuda
Train/Val/Test: 990 / 175 / 356
Input full/subset dims: 18 / 13
Dropped feature indices: [3, 4, 5, 6, 7]
Temperature: 4.0
Loss weights (ce/kd/feat): 0.7 / 1.4 / 0.3
Checkpoint metric: val_teacher_agreement
Class weights: [1.4732142686843872, 1.3807531595230103, 0.626185953617096]
Epoch 001 | train=1.4552 (ce=1.0548, kd=0.1526, feat=1.6774) | val_acc=68.57% val_f1=0.6365 val_agree=58.86% | test_acc=66.01% test_agree=66.29%
Epoch 002 | train=1.1655 (ce=0.8623, kd=0.0831, feat=1.4853) | val_acc=78.29% val_f1=0.7789 val_agree=81.14% | test_acc=72.47% test_agree=74.16%
Epoch 003 | train=1.0315 (ce=0.7565, kd=0.0710, feat=1.3417) | val_acc=85.71% val_f1=0.8498 val_agree=84.00% | test_acc=80.06% test_agree=81.18%
Epoch 004 | train=0.9147 (ce=0.6457, kd=0.0698, feat=1.2166) | val_acc=93.71% val_f1=0.9302 val_agree=81.71% | test_acc=85.39% test_agree=85.96%
Epoch 005 | train=0.8478 (ce=0.5925, kd=0.0745, feat=1.0959) | val_acc=94.86% val_f1=0.9497 val_agree=81.71% | test_acc=89.61% test_agree=90.17%
Epoch 006 | train=0.7978 (ce=0.5499, kd=0.0842, feat=0.9831) | val_acc=94.29% val_f1=0.9450 val_agree=83.43% | test_acc=87.36% test_agree=88.48%
Epoch 007 | train=0.7322 (ce=0.5291, kd=0.0751, feat=0.8557) | val_acc=94.29% val_f1=0.9450 val_agree=83.43% | test_acc=87.08% test_agree=88.20%
Epoch 008 | train=0.6952 (ce=0.5023, kd=0.0783, feat=0.7796) | val_acc=94.29% val_f1=0.9450 val_agree=83.43% | test_acc=88.20% test_agree=89.33%
Epoch 009 | train=0.6855 (ce=0.5221, kd=0.0757, feat=0.7132) | val_acc=93.71% val_f1=0.9399 val_agree=84.00% | test_acc=89.33% test_agree=90.45%
Epoch 010 | train=0.6542 (ce=0.5014, kd=0.0773, feat=0.6501) | val_acc=93.71% val_f1=0.9399 val_agree=84.00% | test_acc=91.29% test_agree=92.42%
Epoch 011 | train=0.6488 (ce=0.5133, kd=0.0746, feat=0.6166) | val_acc=94.29% val_f1=0.9456 val_agree=84.57% | test_acc=90.45% test_agree=91.57%
Epoch 012 | train=0.6257 (ce=0.5024, kd=0.0720, feat=0.5773) | val_acc=94.86% val_f1=0.9508 val_agree=84.00% | test_acc=91.85% test_agree=91.85%
Epoch 013 | train=0.6165 (ce=0.5021, kd=0.0715, feat=0.5497) | val_acc=95.43% val_f1=0.9560 val_agree=83.43% | test_acc=94.10% test_agree=94.10%
Epoch 014 | train=0.6048 (ce=0.4850, kd=0.0766, feat=0.5269) | val_acc=95.43% val_f1=0.9560 val_agree=83.43% | test_acc=93.26% test_agree=93.82%
Epoch 015 | train=0.5957 (ce=0.4898, kd=0.0736, feat=0.4993) | val_acc=94.86% val_f1=0.9508 val_agree=84.00% | test_acc=92.98% test_agree=93.54%
Epoch 016 | train=0.5825 (ce=0.4742, kd=0.0764, feat=0.4786) | val_acc=95.43% val_f1=0.9560 val_agree=83.43% | test_acc=93.82% test_agree=94.38%
Epoch 017 | train=0.5757 (ce=0.4784, kd=0.0713, feat=0.4699) | val_acc=95.43% val_f1=0.9560 val_agree=83.43% | test_acc=94.10% test_agree=94.10%
Epoch 018 | train=0.5633 (ce=0.4778, kd=0.0676, feat=0.4470) | val_acc=94.86% val_f1=0.9508 val_agree=84.00% | test_acc=94.38% test_agree=94.38%
Epoch 019 | train=0.5604 (ce=0.4594, kd=0.0764, feat=0.4396) | val_acc=95.43% val_f1=0.9560 val_agree=83.43% | test_acc=94.38% test_agree=94.38%
Epoch 020 | train=0.5628 (ce=0.4768, kd=0.0717, feat=0.4287) | val_acc=95.43% val_f1=0.9560 val_agree=83.43% | test_acc=94.66% test_agree=94.66%
Epoch 021 | train=0.5557 (ce=0.4745, kd=0.0709, feat=0.4142) | val_acc=95.43% val_f1=0.9560 val_agree=83.43% | test_acc=94.38% test_agree=94.38%
Epoch 022 | train=0.5534 (ce=0.4656, kd=0.0739, feat=0.4133) | val_acc=95.43% val_f1=0.9560 val_agree=83.43% | test_acc=94.10% test_agree=94.66%
Epoch 023 | train=0.5493 (ce=0.4569, kd=0.0772, feat=0.4045) | val_acc=95.43% val_f1=0.9560 val_agree=83.43% | test_acc=93.82% test_agree=94.38%
Epoch 024 | train=0.5442 (ce=0.4663, kd=0.0713, feat=0.3933) | val_acc=95.43% val_f1=0.9560 val_agree=83.43% | test_acc=92.42% test_agree=92.98%
Epoch 025 | train=0.5270 (ce=0.4569, kd=0.0669, feat=0.3784) | val_acc=95.43% val_f1=0.9560 val_agree=83.43% | test_acc=92.70% test_agree=92.70%
Epoch 026 | train=0.5301 (ce=0.4516, kd=0.0724, feat=0.3753) | val_acc=96.00% val_f1=0.9613 val_agree=82.86% | test_acc=94.38% test_agree=94.38%
Epoch 027 | train=0.5319 (ce=0.4457, kd=0.0764, feat=0.3763) | val_acc=94.86% val_f1=0.9508 val_agree=84.00% | test_acc=94.66% test_agree=94.66%
Early stopping at epoch 27 (best epoch 11, score=0.845714)
================================================================================
Best epoch: 11
Best score (val_teacher_agreement): 0.845714
Final test accuracy: 90.45%
Final test teacher agreement: 91.57%
Saved to: /home/huang_kai/wind_turbine_phm/PHOENIX-main/autoencoder_benchmark/ablation_experiments/h1/results/comparison_18d_baselines/teacher_student_reference/student_h1_sweep/student_h1_scan96_20260326/stage4/stage4_s3_s2_s1_l3_o2_c2_r3/distill_tcn_attn_weld_seam_windows_ws5_tf75_pg0_h1_ep80_lr0.0002_bs128_T4.0_lce0.7_lkd1.4_lf0.3_seed77
