================================================================================
Frozen-Teacher Distillation (13D Student)
================================================================================
Dataset: /home/huang_kai/wind_turbine_phm/PHOENIX-main/autoencoder_benchmark/Data/processed_data/weld_seam_windows_ws5_tf75_pg0_h1.npz
Teacher ckpt: /home/huang_kai/wind_turbine_phm/PHOENIX-main/autoencoder_benchmark/outputs/teacher_h1_scan98_gpu1_v2/runs/single_tcn_attn_weld_seam_windows_ws5_tf75_pg0_h1_ep60_lr0.0003_bs128_k3_l3_d0.08_lat64_wd0.00015_seed14/best_single_tcn.pth
Teacher run args: /home/huang_kai/wind_turbine_phm/PHOENIX-main/autoencoder_benchmark/outputs/teacher_h1_scan98_gpu1_v2/runs/single_tcn_attn_weld_seam_windows_ws5_tf75_pg0_h1_ep60_lr0.0003_bs128_k3_l3_d0.08_lat64_wd0.00015_seed14/run_args.json
Device: cuda
Train/Val/Test: 990 / 175 / 356
Input full/subset dims: 18 / 13
Dropped feature indices: [3, 4, 5, 6, 7]
Temperature: 3.5
Loss weights (ce/kd/feat): 0.7 / 1.4 / 0.3
Checkpoint metric: val_teacher_agreement
Class weights: [1.4732142686843872, 1.3807531595230103, 0.626185953617096]
Epoch 001 | train=1.5124 (ce=1.0967, kd=0.1873, feat=1.6085) | val_acc=64.57% val_f1=0.5690 val_agree=58.29% | test_acc=37.08% test_agree=37.08%
Epoch 002 | train=1.2670 (ce=0.9258, kd=0.1202, feat=1.5021) | val_acc=65.71% val_f1=0.6883 val_agree=78.86% | test_acc=39.33% test_agree=40.45%
Epoch 003 | train=1.1031 (ce=0.7885, kd=0.0912, feat=1.4116) | val_acc=73.14% val_f1=0.7638 val_agree=88.57% | test_acc=67.70% test_agree=66.57%
Epoch 004 | train=0.9742 (ce=0.6825, kd=0.0696, feat=1.3301) | val_acc=82.86% val_f1=0.8432 val_agree=89.71% | test_acc=93.82% test_agree=92.13%
Epoch 005 | train=0.9004 (ce=0.6181, kd=0.0682, feat=1.2409) | val_acc=89.71% val_f1=0.9011 val_agree=88.57% | test_acc=97.47% test_agree=95.79%
Epoch 006 | train=0.8492 (ce=0.5555, kd=0.0809, feat=1.1571) | val_acc=92.00% val_f1=0.9241 val_agree=87.43% | test_acc=96.91% test_agree=95.79%
Epoch 007 | train=0.8100 (ce=0.5326, kd=0.0856, feat=1.0576) | val_acc=90.29% val_f1=0.9048 val_agree=89.14% | test_acc=94.94% test_agree=94.38%
Epoch 008 | train=0.7801 (ce=0.5395, kd=0.0804, feat=0.9665) | val_acc=92.00% val_f1=0.9252 val_agree=88.00% | test_acc=96.35% test_agree=95.22%
Epoch 009 | train=0.7585 (ce=0.5463, kd=0.0748, feat=0.9045) | val_acc=90.86% val_f1=0.9140 val_agree=87.43% | test_acc=95.22% test_agree=94.10%
Epoch 010 | train=0.7257 (ce=0.5265, kd=0.0782, feat=0.8255) | val_acc=91.43% val_f1=0.9159 val_agree=88.57% | test_acc=91.29% test_agree=90.73%
Epoch 011 | train=0.7010 (ce=0.5086, kd=0.0800, feat=0.7766) | val_acc=92.00% val_f1=0.9231 val_agree=88.00% | test_acc=91.57% test_agree=91.01%
Epoch 012 | train=0.6711 (ce=0.4936, kd=0.0765, feat=0.7279) | val_acc=92.57% val_f1=0.9303 val_agree=87.43% | test_acc=92.42% test_agree=91.85%
Epoch 013 | train=0.6657 (ce=0.4984, kd=0.0800, feat=0.6826) | val_acc=92.57% val_f1=0.9303 val_agree=87.43% | test_acc=94.66% test_agree=93.54%
Epoch 014 | train=0.6449 (ce=0.4893, kd=0.0787, feat=0.6405) | val_acc=92.57% val_f1=0.9303 val_agree=87.43% | test_acc=92.13% test_agree=91.57%
Epoch 015 | train=0.6303 (ce=0.4892, kd=0.0727, feat=0.6205) | val_acc=92.57% val_f1=0.9303 val_agree=87.43% | test_acc=93.82% test_agree=93.26%
Epoch 016 | train=0.6233 (ce=0.4885, kd=0.0744, feat=0.5906) | val_acc=92.57% val_f1=0.9303 val_agree=87.43% | test_acc=94.38% test_agree=93.82%
Epoch 017 | train=0.6161 (ce=0.4946, kd=0.0718, feat=0.5644) | val_acc=93.14% val_f1=0.9353 val_agree=86.86% | test_acc=93.26% test_agree=92.13%
Epoch 018 | train=0.6023 (ce=0.4712, kd=0.0784, feat=0.5422) | val_acc=94.29% val_f1=0.9456 val_agree=85.71% | test_acc=92.42% test_agree=91.85%
Epoch 019 | train=0.6006 (ce=0.4625, kd=0.0836, feat=0.5328) | val_acc=93.71% val_f1=0.9405 val_agree=86.29% | test_acc=92.13% test_agree=91.01%
Epoch 020 | train=0.5889 (ce=0.4652, kd=0.0771, feat=0.5175) | val_acc=92.57% val_f1=0.9303 val_agree=87.43% | test_acc=95.22% test_agree=94.10%
Early stopping at epoch 20 (best epoch 4, score=0.897143)
================================================================================
Best epoch: 4
Best score (val_teacher_agreement): 0.897143
Final test accuracy: 93.82%
Final test teacher agreement: 92.13%
Saved to: /home/huang_kai/wind_turbine_phm/PHOENIX-main/autoencoder_benchmark/ablation_experiments/h1/results/comparison_18d_baselines/teacher_student_reference/student_h1_sweep/student_h1_scan96_20260326/stage1/s1_l3_o1/distill_tcn_attn_weld_seam_windows_ws5_tf75_pg0_h1_ep80_lr0.00015_bs128_T3.5_lce0.7_lkd1.4_lf0.3_seed14
