================================================================================
Frozen-Teacher Distillation (13D Student)
================================================================================
Dataset: /home/huang_kai/wind_turbine_phm/PHOENIX-main/autoencoder_benchmark/Data/processed_data/weld_seam_windows_ws5_tf75_pg0_h1.npz
Teacher ckpt: /home/huang_kai/wind_turbine_phm/PHOENIX-main/autoencoder_benchmark/outputs/teacher_h1_scan98_gpu1_v2/runs/single_tcn_attn_weld_seam_windows_ws5_tf75_pg0_h1_ep60_lr0.0003_bs128_k3_l3_d0.08_lat64_wd0.00015_seed14/best_single_tcn.pth
Teacher run args: /home/huang_kai/wind_turbine_phm/PHOENIX-main/autoencoder_benchmark/outputs/teacher_h1_scan98_gpu1_v2/runs/single_tcn_attn_weld_seam_windows_ws5_tf75_pg0_h1_ep60_lr0.0003_bs128_k3_l3_d0.08_lat64_wd0.00015_seed14/run_args.json
Device: cuda
Train/Val/Test: 990 / 175 / 356
Input full/subset dims: 18 / 13
Dropped feature indices: [3, 4, 5, 6, 7]
Temperature: 3.5
Loss weights (ce/kd/feat): 0.7 / 1.5 / 0.3
Checkpoint metric: val_teacher_agreement
Class weights: [1.4732142686843872, 1.3807531595230103, 0.626185953617096]
Epoch 001 | train=1.4709 (ce=1.0549, kd=0.1525, feat=1.6791) | val_acc=68.57% val_f1=0.6365 val_agree=58.86% | test_acc=65.73% test_agree=66.01%
Epoch 002 | train=1.1751 (ce=0.8626, kd=0.0827, feat=1.4911) | val_acc=78.29% val_f1=0.7789 val_agree=81.14% | test_acc=72.19% test_agree=73.88%
Epoch 003 | train=1.0409 (ce=0.7573, kd=0.0704, feat=1.3505) | val_acc=85.14% val_f1=0.8435 val_agree=83.43% | test_acc=80.06% test_agree=81.18%
Epoch 004 | train=0.9243 (ce=0.6478, kd=0.0687, feat=1.2260) | val_acc=93.71% val_f1=0.9302 val_agree=81.71% | test_acc=86.24% test_agree=86.80%
Epoch 005 | train=0.8578 (ce=0.5962, kd=0.0726, feat=1.1053) | val_acc=94.29% val_f1=0.9444 val_agree=82.29% | test_acc=89.89% test_agree=90.45%
Epoch 006 | train=0.8080 (ce=0.5551, kd=0.0812, feat=0.9919) | val_acc=94.29% val_f1=0.9450 val_agree=83.43% | test_acc=87.36% test_agree=88.48%
Epoch 007 | train=0.7427 (ce=0.5365, kd=0.0720, feat=0.8638) | val_acc=94.29% val_f1=0.9450 val_agree=83.43% | test_acc=86.80% test_agree=87.92%
Epoch 008 | train=0.7052 (ce=0.5102, kd=0.0746, feat=0.7870) | val_acc=94.29% val_f1=0.9450 val_agree=83.43% | test_acc=88.20% test_agree=89.33%
Epoch 009 | train=0.6956 (ce=0.5305, kd=0.0721, feat=0.7204) | val_acc=93.71% val_f1=0.9399 val_agree=84.00% | test_acc=89.04% test_agree=90.17%
Epoch 010 | train=0.6643 (ce=0.5101, kd=0.0734, feat=0.6568) | val_acc=93.71% val_f1=0.9399 val_agree=84.00% | test_acc=90.73% test_agree=91.85%
Epoch 011 | train=0.6585 (ce=0.5227, kd=0.0706, feat=0.6224) | val_acc=94.29% val_f1=0.9456 val_agree=84.57% | test_acc=90.45% test_agree=91.57%
Epoch 012 | train=0.6353 (ce=0.5117, kd=0.0682, feat=0.5829) | val_acc=94.86% val_f1=0.9508 val_agree=84.00% | test_acc=92.13% test_agree=92.13%
Epoch 013 | train=0.6258 (ce=0.5117, kd=0.0674, feat=0.5548) | val_acc=95.43% val_f1=0.9560 val_agree=83.43% | test_acc=94.10% test_agree=94.10%
Epoch 014 | train=0.6140 (ce=0.4946, kd=0.0721, feat=0.5319) | val_acc=95.43% val_f1=0.9560 val_agree=83.43% | test_acc=92.98% test_agree=93.54%
Epoch 015 | train=0.6046 (ce=0.4990, kd=0.0694, feat=0.5039) | val_acc=94.86% val_f1=0.9508 val_agree=84.00% | test_acc=92.98% test_agree=93.54%
Epoch 016 | train=0.5916 (ce=0.4837, kd=0.0721, feat=0.4829) | val_acc=95.43% val_f1=0.9560 val_agree=83.43% | test_acc=93.54% test_agree=94.10%
Epoch 017 | train=0.5850 (ce=0.4884, kd=0.0673, feat=0.4739) | val_acc=95.43% val_f1=0.9560 val_agree=83.43% | test_acc=94.10% test_agree=94.10%
Epoch 018 | train=0.5718 (ce=0.4877, kd=0.0635, feat=0.4509) | val_acc=95.43% val_f1=0.9560 val_agree=83.43% | test_acc=94.10% test_agree=94.10%
Epoch 019 | train=0.5689 (ce=0.4693, kd=0.0717, feat=0.4430) | val_acc=95.43% val_f1=0.9560 val_agree=83.43% | test_acc=94.38% test_agree=94.38%
Epoch 020 | train=0.5713 (ce=0.4869, kd=0.0673, feat=0.4319) | val_acc=95.43% val_f1=0.9560 val_agree=83.43% | test_acc=94.94% test_agree=94.94%
Epoch 021 | train=0.5643 (ce=0.4848, kd=0.0666, feat=0.4172) | val_acc=95.43% val_f1=0.9560 val_agree=83.43% | test_acc=94.66% test_agree=94.66%
Epoch 022 | train=0.5619 (ce=0.4755, kd=0.0694, feat=0.4165) | val_acc=95.43% val_f1=0.9560 val_agree=83.43% | test_acc=94.10% test_agree=94.66%
Epoch 023 | train=0.5576 (ce=0.4669, kd=0.0724, feat=0.4071) | val_acc=95.43% val_f1=0.9560 val_agree=83.43% | test_acc=93.82% test_agree=94.38%
Epoch 024 | train=0.5528 (ce=0.4764, kd=0.0670, feat=0.3959) | val_acc=95.43% val_f1=0.9560 val_agree=83.43% | test_acc=92.70% test_agree=93.26%
Epoch 025 | train=0.5353 (ce=0.4669, kd=0.0627, feat=0.3814) | val_acc=95.43% val_f1=0.9560 val_agree=83.43% | test_acc=92.70% test_agree=92.70%
Epoch 026 | train=0.5385 (ce=0.4614, kd=0.0681, feat=0.3780) | val_acc=95.43% val_f1=0.9560 val_agree=83.43% | test_acc=94.38% test_agree=94.38%
Epoch 027 | train=0.5397 (ce=0.4560, kd=0.0713, feat=0.3788) | val_acc=94.86% val_f1=0.9508 val_agree=84.00% | test_acc=94.94% test_agree=94.94%
Early stopping at epoch 27 (best epoch 11, score=0.845714)
================================================================================
Best epoch: 11
Best score (val_teacher_agreement): 0.845714
Final test accuracy: 90.45%
Final test teacher agreement: 91.57%
Saved to: /home/huang_kai/wind_turbine_phm/PHOENIX-main/autoencoder_benchmark/ablation_experiments/h1/results/comparison_18d_baselines/teacher_student_reference/student_h1_sweep/student_h1_scan96_20260326/stage4/stage4_s3_s2_s1_l3_o2_c2_r5/distill_tcn_attn_weld_seam_windows_ws5_tf75_pg0_h1_ep80_lr0.0002_bs128_T3.5_lce0.7_lkd1.5_lf0.3_seed77
