================================================================================
Frozen-Teacher Distillation (13D Student)
================================================================================
Dataset: /home/huang_kai/wind_turbine_phm/PHOENIX-main/autoencoder_benchmark/Data/processed_data/weld_seam_windows_ws5_tf75_pg0_h1.npz
Teacher ckpt: /home/huang_kai/wind_turbine_phm/PHOENIX-main/autoencoder_benchmark/outputs/teacher_h1_forecast_95/runs/single_tcn_attn_weld_seam_windows_ws5_tf75_pg0_h1_ep80_lr0.0003_bs128_k3_l2_d0.1_lat64_wd0.0005_seed183/best_single_tcn.pth
Teacher run args: /home/huang_kai/wind_turbine_phm/PHOENIX-main/autoencoder_benchmark/outputs/teacher_h1_forecast_95/runs/single_tcn_attn_weld_seam_windows_ws5_tf75_pg0_h1_ep80_lr0.0003_bs128_k3_l2_d0.1_lat64_wd0.0005_seed183/run_args.json
Device: cuda
Train/Val/Test: 990 / 175 / 356
Input full/subset dims: 18 / 13
Dropped feature indices: [3, 4, 5, 6, 7]
Temperature: 2.5
Loss weights (ce/kd/feat): 0.9 / 1.1 / 0.0
Checkpoint metric: val_macro_f1
Class weights: [1.4732142686843872, 1.3807531595230103, 0.626185953617096]
Epoch 001 | train=3.0612 (ce=0.9627, kd=1.9952, feat=2.0581) | val_acc=76.57% val_f1=0.6839 val_agree=76.57% | test_acc=82.87% test_agree=73.60%
Epoch 002 | train=2.0477 (ce=0.6046, kd=1.3669, feat=2.1253) | val_acc=88.57% val_f1=0.8787 val_agree=88.57% | test_acc=96.35% test_agree=85.11%
Epoch 003 | train=1.3679 (ce=0.3916, kd=0.9232, feat=2.1780) | val_acc=94.86% val_f1=0.9489 val_agree=94.86% | test_acc=96.63% test_agree=87.08%
Epoch 004 | train=0.7581 (ce=0.2131, kd=0.5149, feat=2.2229) | val_acc=96.00% val_f1=0.9601 val_agree=96.00% | test_acc=95.22% test_agree=86.24%
Epoch 005 | train=0.4752 (ce=0.1434, kd=0.3146, feat=2.2527) | val_acc=98.86% val_f1=0.9882 val_agree=98.86% | test_acc=89.61% test_agree=90.73%
Epoch 006 | train=0.2858 (ce=0.0897, kd=0.1864, feat=2.2551) | val_acc=98.86% val_f1=0.9882 val_agree=98.86% | test_acc=84.83% test_agree=90.45%
Epoch 007 | train=0.1744 (ce=0.0560, kd=0.1128, feat=2.2744) | val_acc=98.86% val_f1=0.9882 val_agree=98.86% | test_acc=83.15% test_agree=88.76%
Epoch 008 | train=0.1535 (ce=0.0472, kd=0.1009, feat=2.2689) | val_acc=98.86% val_f1=0.9882 val_agree=98.86% | test_acc=84.27% test_agree=90.45%
Epoch 009 | train=0.1380 (ce=0.0418, kd=0.0913, feat=2.2840) | val_acc=100.00% val_f1=1.0000 val_agree=100.00% | test_acc=82.58% test_agree=89.89%
Epoch 010 | train=0.1409 (ce=0.0389, kd=0.0962, feat=2.2838) | val_acc=100.00% val_f1=1.0000 val_agree=100.00% | test_acc=81.18% test_agree=87.36%
Epoch 011 | train=0.1286 (ce=0.0379, kd=0.0859, feat=2.2746) | val_acc=100.00% val_f1=1.0000 val_agree=100.00% | test_acc=81.46% test_agree=86.52%
Epoch 012 | train=0.1652 (ce=0.0555, kd=0.1048, feat=2.2823) | val_acc=100.00% val_f1=1.0000 val_agree=100.00% | test_acc=84.55% test_agree=88.48%
Epoch 013 | train=0.1042 (ce=0.0345, kd=0.0665, feat=2.2924) | val_acc=100.00% val_f1=1.0000 val_agree=100.00% | test_acc=81.74% test_agree=88.48%
Epoch 014 | train=0.1019 (ce=0.0313, kd=0.0670, feat=2.2815) | val_acc=100.00% val_f1=1.0000 val_agree=100.00% | test_acc=80.90% test_agree=88.76%
Epoch 015 | train=0.0919 (ce=0.0289, kd=0.0599, feat=2.2826) | val_acc=100.00% val_f1=1.0000 val_agree=100.00% | test_acc=82.58% test_agree=88.76%
Epoch 016 | train=0.0891 (ce=0.0280, kd=0.0581, feat=2.2822) | val_acc=100.00% val_f1=1.0000 val_agree=100.00% | test_acc=82.58% test_agree=88.76%
Epoch 017 | train=0.0894 (ce=0.0308, kd=0.0561, feat=2.2861) | val_acc=100.00% val_f1=1.0000 val_agree=100.00% | test_acc=82.30% test_agree=87.92%
Epoch 018 | train=0.0818 (ce=0.0281, kd=0.0514, feat=2.2875) | val_acc=100.00% val_f1=1.0000 val_agree=100.00% | test_acc=83.15% test_agree=86.52%
Epoch 019 | train=0.0939 (ce=0.0333, kd=0.0581, feat=2.2881) | val_acc=100.00% val_f1=1.0000 val_agree=100.00% | test_acc=83.99% test_agree=86.80%
Epoch 020 | train=0.0859 (ce=0.0304, kd=0.0532, feat=2.2974) | val_acc=100.00% val_f1=1.0000 val_agree=100.00% | test_acc=82.58% test_agree=87.64%
Epoch 021 | train=0.0962 (ce=0.0308, kd=0.0623, feat=2.2918) | val_acc=100.00% val_f1=1.0000 val_agree=100.00% | test_acc=79.78% test_agree=87.08%
Epoch 022 | train=0.0999 (ce=0.0353, kd=0.0620, feat=2.3048) | val_acc=100.00% val_f1=1.0000 val_agree=100.00% | test_acc=82.30% test_agree=87.92%
Epoch 023 | train=0.0909 (ce=0.0285, kd=0.0593, feat=2.2826) | val_acc=100.00% val_f1=1.0000 val_agree=100.00% | test_acc=76.12% test_agree=85.11%
Epoch 024 | train=0.0806 (ce=0.0269, kd=0.0513, feat=2.2870) | val_acc=100.00% val_f1=1.0000 val_agree=100.00% | test_acc=80.34% test_agree=87.64%
Epoch 025 | train=0.0855 (ce=0.0302, kd=0.0530, feat=2.3052) | val_acc=100.00% val_f1=1.0000 val_agree=100.00% | test_acc=85.11% test_agree=87.92%
Early stopping at epoch 25 (best epoch 9, score=1.000000)
================================================================================
Best epoch: 9
Best score (val_macro_f1): 1.000000
Final test accuracy: 82.58%
Final test teacher agreement: 89.89%
Saved to: /home/huang_kai/wind_turbine_phm/PHOENIX-main/autoencoder_benchmark/ablation_experiments/h1/results/comparison_18d_baselines/teacher_student_reference/student_h1_strict_valf1_20260522/extension/extension_s3_s2_s1_l4_o3_c6_r3/distill_tcn_attn_weld_seam_windows_ws5_tf75_pg0_h1_ep80_lr0.00025_bs128_T2.5_lce0.9_lkd1.1_lf0.0_seed777
