================================================================================
Frozen-Teacher Distillation (13D Student)
================================================================================
Dataset: /home/huang_kai/wind_turbine_phm/PHOENIX-main/autoencoder_benchmark/Data/processed_data/weld_seam_windows_ws5_tf75_pg0_h1.npz
Teacher ckpt: /home/huang_kai/wind_turbine_phm/PHOENIX-main/autoencoder_benchmark/outputs/teacher_h1_forecast_95/runs/single_tcn_attn_weld_seam_windows_ws5_tf75_pg0_h1_ep80_lr0.0003_bs128_k3_l2_d0.1_lat64_wd0.0005_seed183/best_single_tcn.pth
Teacher run args: /home/huang_kai/wind_turbine_phm/PHOENIX-main/autoencoder_benchmark/outputs/teacher_h1_forecast_95/runs/single_tcn_attn_weld_seam_windows_ws5_tf75_pg0_h1_ep80_lr0.0003_bs128_k3_l2_d0.1_lat64_wd0.0005_seed183/run_args.json
Device: cuda
Train/Val/Test: 990 / 175 / 356
Input full/subset dims: 18 / 13
Dropped feature indices: [3, 4, 5, 6, 7]
Temperature: 2.0
Loss weights (ce/kd/feat): 0.9 / 1.1 / 0.0
Checkpoint metric: val_macro_f1
Class weights: [1.4732142686843872, 1.3807531595230103, 0.626185953617096]
Epoch 001 | train=3.1121 (ce=1.0894, kd=1.9378, feat=2.0117) | val_acc=82.86% val_f1=0.7684 val_agree=82.86% | test_acc=67.98% test_agree=75.84%
Epoch 002 | train=2.7062 (ce=0.9136, kd=1.7127, feat=2.0024) | val_acc=94.86% val_f1=0.9398 val_agree=94.86% | test_acc=75.28% test_agree=77.53%
Epoch 003 | train=2.4495 (ce=0.8157, kd=1.5595, feat=1.9943) | val_acc=95.43% val_f1=0.9500 val_agree=95.43% | test_acc=87.36% test_agree=86.24%
Epoch 004 | train=2.1322 (ce=0.7015, kd=1.3644, feat=1.9881) | val_acc=96.00% val_f1=0.9595 val_agree=96.00% | test_acc=91.85% test_agree=86.24%
Epoch 005 | train=1.8161 (ce=0.5927, kd=1.1661, feat=2.0016) | val_acc=94.29% val_f1=0.9430 val_agree=94.29% | test_acc=92.13% test_agree=84.83%
Epoch 006 | train=1.5883 (ce=0.5130, kd=1.0242, feat=2.0131) | val_acc=94.86% val_f1=0.9485 val_agree=94.86% | test_acc=92.98% test_agree=85.11%
Epoch 007 | train=1.4017 (ce=0.4549, kd=0.9021, feat=2.0366) | val_acc=94.86% val_f1=0.9489 val_agree=94.86% | test_acc=92.70% test_agree=84.27%
Epoch 008 | train=1.1665 (ce=0.3683, kd=0.7591, feat=2.0456) | val_acc=95.43% val_f1=0.9543 val_agree=95.43% | test_acc=92.98% test_agree=86.24%
Epoch 009 | train=1.0407 (ce=0.3342, kd=0.6726, feat=2.0562) | val_acc=96.00% val_f1=0.9598 val_agree=96.00% | test_acc=91.01% test_agree=89.33%
Epoch 010 | train=0.8917 (ce=0.2901, kd=0.5733, feat=2.0795) | val_acc=94.86% val_f1=0.9489 val_agree=94.86% | test_acc=92.13% test_agree=85.96%
Epoch 011 | train=0.7343 (ce=0.2381, kd=0.4727, feat=2.0996) | val_acc=96.00% val_f1=0.9601 val_agree=96.00% | test_acc=91.01% test_agree=87.08%
Epoch 012 | train=0.6257 (ce=0.1990, kd=0.4060, feat=2.0881) | val_acc=98.86% val_f1=0.9882 val_agree=98.86% | test_acc=88.48% test_agree=90.73%
Epoch 013 | train=0.5268 (ce=0.1708, kd=0.3392, feat=2.1069) | val_acc=100.00% val_f1=1.0000 val_agree=100.00% | test_acc=87.64% test_agree=91.01%
Epoch 014 | train=0.4728 (ce=0.1547, kd=0.3032, feat=2.1267) | val_acc=100.00% val_f1=1.0000 val_agree=100.00% | test_acc=87.08% test_agree=91.57%
Epoch 015 | train=0.4226 (ce=0.1405, kd=0.2692, feat=2.1342) | val_acc=100.00% val_f1=1.0000 val_agree=100.00% | test_acc=87.92% test_agree=90.73%
Epoch 016 | train=0.3993 (ce=0.1343, kd=0.2531, feat=2.1204) | val_acc=99.43% val_f1=0.9941 val_agree=99.43% | test_acc=88.20% test_agree=91.01%
Epoch 017 | train=0.3360 (ce=0.1109, kd=0.2148, feat=2.1398) | val_acc=99.43% val_f1=0.9941 val_agree=99.43% | test_acc=88.48% test_agree=90.73%
Epoch 018 | train=0.3420 (ce=0.1144, kd=0.2173, feat=2.1316) | val_acc=99.43% val_f1=0.9941 val_agree=99.43% | test_acc=88.20% test_agree=90.45%
Epoch 019 | train=0.3020 (ce=0.0963, kd=0.1957, feat=2.1395) | val_acc=100.00% val_f1=1.0000 val_agree=100.00% | test_acc=85.96% test_agree=91.01%
Epoch 020 | train=0.3645 (ce=0.1247, kd=0.2293, feat=2.1443) | val_acc=100.00% val_f1=1.0000 val_agree=100.00% | test_acc=87.08% test_agree=90.45%
Epoch 021 | train=0.2506 (ce=0.0834, kd=0.1596, feat=2.1562) | val_acc=100.00% val_f1=1.0000 val_agree=100.00% | test_acc=85.11% test_agree=91.85%
Epoch 022 | train=0.2660 (ce=0.0856, kd=0.1718, feat=2.1712) | val_acc=100.00% val_f1=1.0000 val_agree=100.00% | test_acc=85.39% test_agree=91.57%
Epoch 023 | train=0.2035 (ce=0.0638, kd=0.1328, feat=2.1689) | val_acc=100.00% val_f1=1.0000 val_agree=100.00% | test_acc=86.52% test_agree=90.45%
Epoch 024 | train=0.2015 (ce=0.0613, kd=0.1330, feat=2.1573) | val_acc=100.00% val_f1=1.0000 val_agree=100.00% | test_acc=85.39% test_agree=91.57%
Epoch 025 | train=0.1908 (ce=0.0551, kd=0.1284, feat=2.1735) | val_acc=100.00% val_f1=1.0000 val_agree=100.00% | test_acc=85.39% test_agree=91.01%
Epoch 026 | train=0.1959 (ce=0.0574, kd=0.1312, feat=2.1677) | val_acc=100.00% val_f1=1.0000 val_agree=100.00% | test_acc=85.39% test_agree=89.33%
Epoch 027 | train=0.1691 (ce=0.0496, kd=0.1132, feat=2.1754) | val_acc=100.00% val_f1=1.0000 val_agree=100.00% | test_acc=85.39% test_agree=89.89%
Epoch 028 | train=0.2575 (ce=0.0853, kd=0.1643, feat=2.1801) | val_acc=100.00% val_f1=1.0000 val_agree=100.00% | test_acc=86.24% test_agree=90.17%
Epoch 029 | train=0.1956 (ce=0.0587, kd=0.1298, feat=2.1943) | val_acc=100.00% val_f1=1.0000 val_agree=100.00% | test_acc=83.99% test_agree=90.73%
Early stopping at epoch 29 (best epoch 13, score=1.000000)
================================================================================
Best epoch: 13
Best score (val_macro_f1): 1.000000
Final test accuracy: 87.64%
Final test teacher agreement: 91.01%
Saved to: /home/huang_kai/wind_turbine_phm/PHOENIX-main/autoencoder_benchmark/ablation_experiments/h1/results/comparison_18d_baselines/teacher_student_reference/student_h1_strict_valf1_20260522/extension/extension_s3_s2_s1_l4_o1_c2_r1/distill_tcn_attn_weld_seam_windows_ws5_tf75_pg0_h1_ep80_lr0.0001_bs128_T2.0_lce0.9_lkd1.1_lf0.0_seed777
