================================================================================
Frozen-Teacher Distillation (13D Student)
================================================================================
Dataset: /home/huang_kai/wind_turbine_phm/PHOENIX-main/autoencoder_benchmark/Data/processed_data/weld_seam_windows_ws5_tf75_pg0_h1.npz
Teacher ckpt: /home/huang_kai/wind_turbine_phm/PHOENIX-main/autoencoder_benchmark/outputs/teacher_h1_forecast_95/runs/single_tcn_attn_weld_seam_windows_ws5_tf75_pg0_h1_ep80_lr0.0003_bs128_k3_l2_d0.1_lat64_wd0.0005_seed183/best_single_tcn.pth
Teacher run args: /home/huang_kai/wind_turbine_phm/PHOENIX-main/autoencoder_benchmark/outputs/teacher_h1_forecast_95/runs/single_tcn_attn_weld_seam_windows_ws5_tf75_pg0_h1_ep80_lr0.0003_bs128_k3_l2_d0.1_lat64_wd0.0005_seed183/run_args.json
Device: cuda
Train/Val/Test: 990 / 175 / 356
Input full/subset dims: 18 / 13
Dropped feature indices: [3, 4, 5, 6, 7]
Temperature: 2.0
Loss weights (ce/kd/feat): 0.9 / 1.1 / 0.0
Checkpoint metric: val_macro_f1
Class weights: [1.4732142686843872, 1.3807531595230103, 0.626185953617096]
Epoch 001 | train=3.0995 (ce=1.0532, kd=1.9560, feat=1.8753) | val_acc=43.43% val_f1=0.4020 val_agree=43.43% | test_acc=53.37% test_agree=44.94%
Epoch 002 | train=2.3879 (ce=0.7870, kd=1.5270, feat=1.8308) | val_acc=86.86% val_f1=0.8237 val_agree=86.86% | test_acc=81.46% test_agree=73.03%
Epoch 003 | train=1.8013 (ce=0.5767, kd=1.1657, feat=1.7807) | val_acc=91.43% val_f1=0.8832 val_agree=91.43% | test_acc=82.30% test_agree=77.81%
Epoch 004 | train=1.3116 (ce=0.4105, kd=0.8565, feat=1.8009) | val_acc=93.14% val_f1=0.9087 val_agree=93.14% | test_acc=83.15% test_agree=79.78%
Epoch 005 | train=0.8567 (ce=0.2771, kd=0.5521, feat=1.8205) | val_acc=95.43% val_f1=0.9418 val_agree=95.43% | test_acc=89.04% test_agree=86.80%
Epoch 006 | train=0.5266 (ce=0.1714, kd=0.3385, feat=1.8478) | val_acc=96.57% val_f1=0.9583 val_agree=96.57% | test_acc=89.04% test_agree=89.04%
Epoch 007 | train=0.3631 (ce=0.1329, kd=0.2214, feat=1.8556) | val_acc=96.57% val_f1=0.9609 val_agree=96.57% | test_acc=88.20% test_agree=89.33%
Epoch 008 | train=0.1883 (ce=0.0687, kd=0.1150, feat=1.8750) | val_acc=97.71% val_f1=0.9747 val_agree=97.71% | test_acc=85.11% test_agree=90.73%
Epoch 009 | train=0.1567 (ce=0.0608, kd=0.0927, feat=1.8880) | val_acc=98.86% val_f1=0.9883 val_agree=98.86% | test_acc=87.08% test_agree=91.01%
Epoch 010 | train=0.1029 (ce=0.0381, kd=0.0624, feat=1.8950) | val_acc=99.43% val_f1=0.9941 val_agree=99.43% | test_acc=83.99% test_agree=89.04%
Epoch 011 | train=0.1123 (ce=0.0429, kd=0.0670, feat=1.8897) | val_acc=98.86% val_f1=0.9862 val_agree=98.86% | test_acc=85.39% test_agree=88.20%
Epoch 012 | train=0.0919 (ce=0.0332, kd=0.0564, feat=1.8883) | val_acc=98.86% val_f1=0.9886 val_agree=98.86% | test_acc=83.71% test_agree=86.52%
Epoch 013 | train=0.1016 (ce=0.0380, kd=0.0613, feat=1.8948) | val_acc=100.00% val_f1=1.0000 val_agree=100.00% | test_acc=88.48% test_agree=89.04%
Epoch 014 | train=0.0828 (ce=0.0292, kd=0.0513, feat=1.9023) | val_acc=100.00% val_f1=1.0000 val_agree=100.00% | test_acc=87.64% test_agree=87.64%
Epoch 015 | train=0.1119 (ce=0.0426, kd=0.0669, feat=1.8750) | val_acc=98.86% val_f1=0.9886 val_agree=98.86% | test_acc=87.64% test_agree=89.89%
Epoch 016 | train=0.0842 (ce=0.0323, kd=0.0502, feat=1.9047) | val_acc=98.86% val_f1=0.9886 val_agree=98.86% | test_acc=89.61% test_agree=89.04%
Epoch 017 | train=0.0759 (ce=0.0301, kd=0.0444, feat=1.8939) | val_acc=100.00% val_f1=1.0000 val_agree=100.00% | test_acc=89.04% test_agree=89.04%
Epoch 018 | train=0.1042 (ce=0.0389, kd=0.0629, feat=1.8800) | val_acc=100.00% val_f1=1.0000 val_agree=100.00% | test_acc=87.36% test_agree=90.17%
Epoch 019 | train=0.0729 (ce=0.0280, kd=0.0434, feat=1.8927) | val_acc=100.00% val_f1=1.0000 val_agree=100.00% | test_acc=84.55% test_agree=89.04%
Epoch 020 | train=0.0816 (ce=0.0326, kd=0.0475, feat=1.8852) | val_acc=99.43% val_f1=0.9943 val_agree=99.43% | test_acc=85.96% test_agree=88.20%
Epoch 021 | train=0.0771 (ce=0.0296, kd=0.0459, feat=1.8885) | val_acc=100.00% val_f1=1.0000 val_agree=100.00% | test_acc=86.52% test_agree=89.33%
Epoch 022 | train=0.0707 (ce=0.0278, kd=0.0415, feat=1.8864) | val_acc=99.43% val_f1=0.9943 val_agree=99.43% | test_acc=84.27% test_agree=87.64%
Epoch 023 | train=0.0852 (ce=0.0324, kd=0.0509, feat=1.8891) | val_acc=100.00% val_f1=1.0000 val_agree=100.00% | test_acc=82.02% test_agree=87.08%
Epoch 024 | train=0.0706 (ce=0.0265, kd=0.0424, feat=1.8912) | val_acc=99.43% val_f1=0.9943 val_agree=99.43% | test_acc=84.55% test_agree=88.48%
Epoch 025 | train=0.0811 (ce=0.0313, kd=0.0481, feat=1.8964) | val_acc=100.00% val_f1=1.0000 val_agree=100.00% | test_acc=87.36% test_agree=89.61%
Epoch 026 | train=0.0927 (ce=0.0361, kd=0.0547, feat=1.9076) | val_acc=100.00% val_f1=1.0000 val_agree=100.00% | test_acc=89.61% test_agree=87.92%
Epoch 027 | train=0.0814 (ce=0.0313, kd=0.0484, feat=1.8840) | val_acc=100.00% val_f1=1.0000 val_agree=100.00% | test_acc=89.04% test_agree=87.36%
Epoch 028 | train=0.0841 (ce=0.0297, kd=0.0522, feat=1.8899) | val_acc=100.00% val_f1=1.0000 val_agree=100.00% | test_acc=84.83% test_agree=87.08%
Epoch 029 | train=0.0712 (ce=0.0283, kd=0.0416, feat=1.8879) | val_acc=99.43% val_f1=0.9943 val_agree=99.43% | test_acc=86.52% test_agree=88.76%
Early stopping at epoch 29 (best epoch 13, score=1.000000)
================================================================================
Best epoch: 13
Best score (val_macro_f1): 1.000000
Final test accuracy: 88.48%
Final test teacher agreement: 89.04%
Saved to: /home/huang_kai/wind_turbine_phm/PHOENIX-main/autoencoder_benchmark/ablation_experiments/h1/results/comparison_18d_baselines/teacher_student_reference/student_h1_strict_valf1_20260522/extension/extension_s3_s2_s1_l4_o3_c6_r1/distill_tcn_attn_weld_seam_windows_ws5_tf75_pg0_h1_ep80_lr0.0002_bs128_T2.0_lce0.9_lkd1.1_lf0.0_seed230
