================================================================================
Frozen-Teacher Distillation (13D Student)
================================================================================
Dataset: /home/huang_kai/wind_turbine_phm/PHOENIX-main/autoencoder_benchmark/Data/processed_data/weld_seam_windows_ws5_tf75_pg0_h1.npz
Teacher ckpt: /home/huang_kai/wind_turbine_phm/PHOENIX-main/autoencoder_benchmark/outputs/teacher_h1_forecast_95/runs/single_tcn_attn_weld_seam_windows_ws5_tf75_pg0_h1_ep80_lr0.0003_bs128_k3_l2_d0.1_lat64_wd0.0005_seed183/best_single_tcn.pth
Teacher run args: /home/huang_kai/wind_turbine_phm/PHOENIX-main/autoencoder_benchmark/outputs/teacher_h1_forecast_95/runs/single_tcn_attn_weld_seam_windows_ws5_tf75_pg0_h1_ep80_lr0.0003_bs128_k3_l2_d0.1_lat64_wd0.0005_seed183/run_args.json
Device: cuda
Train/Val/Test: 990 / 175 / 356
Input full/subset dims: 18 / 13
Dropped feature indices: [3, 4, 5, 6, 7]
Temperature: 2.0
Loss weights (ce/kd/feat): 0.8 / 1.3 / 0.0
Checkpoint metric: val_macro_f1
Class weights: [1.4732142686843872, 1.3807531595230103, 0.626185953617096]
Epoch 001 | train=3.0070 (ce=0.9310, kd=1.7401, feat=2.0465) | val_acc=81.71% val_f1=0.7680 val_agree=81.71% | test_acc=65.45% test_agree=63.76%
Epoch 002 | train=1.9359 (ce=0.5624, kd=1.1430, feat=2.0803) | val_acc=96.57% val_f1=0.9635 val_agree=96.57% | test_acc=80.06% test_agree=79.49%
Epoch 003 | train=1.1479 (ce=0.3281, kd=0.6811, feat=2.1160) | val_acc=98.29% val_f1=0.9804 val_agree=98.29% | test_acc=85.11% test_agree=82.87%
Epoch 004 | train=0.6300 (ce=0.1921, kd=0.3664, feat=2.1280) | val_acc=98.86% val_f1=0.9885 val_agree=98.86% | test_acc=85.39% test_agree=85.96%
Epoch 005 | train=0.3232 (ce=0.1097, kd=0.1811, feat=2.1381) | val_acc=99.43% val_f1=0.9943 val_agree=99.43% | test_acc=85.11% test_agree=89.61%
Epoch 006 | train=0.1980 (ce=0.0678, kd=0.1106, feat=2.1525) | val_acc=99.43% val_f1=0.9943 val_agree=99.43% | test_acc=85.96% test_agree=92.13%
Epoch 007 | train=0.1449 (ce=0.0473, kd=0.0824, feat=2.1483) | val_acc=99.43% val_f1=0.9943 val_agree=99.43% | test_acc=88.76% test_agree=90.45%
Epoch 008 | train=0.1273 (ce=0.0404, kd=0.0731, feat=2.1667) | val_acc=100.00% val_f1=1.0000 val_agree=100.00% | test_acc=81.18% test_agree=87.36%
Epoch 009 | train=0.1248 (ce=0.0415, kd=0.0705, feat=2.1516) | val_acc=100.00% val_f1=1.0000 val_agree=100.00% | test_acc=80.34% test_agree=89.33%
Epoch 010 | train=0.0990 (ce=0.0316, kd=0.0567, feat=2.1544) | val_acc=99.43% val_f1=0.9943 val_agree=99.43% | test_acc=83.43% test_agree=90.73%
Epoch 011 | train=0.0963 (ce=0.0305, kd=0.0553, feat=2.1304) | val_acc=100.00% val_f1=1.0000 val_agree=100.00% | test_acc=79.21% test_agree=88.76%
Epoch 012 | train=0.1000 (ce=0.0362, kd=0.0546, feat=2.1355) | val_acc=100.00% val_f1=1.0000 val_agree=100.00% | test_acc=78.93% test_agree=89.04%
Epoch 013 | train=0.0845 (ce=0.0294, kd=0.0469, feat=2.1318) | val_acc=100.00% val_f1=1.0000 val_agree=100.00% | test_acc=79.49% test_agree=87.64%
Epoch 014 | train=0.0931 (ce=0.0343, kd=0.0505, feat=2.1277) | val_acc=100.00% val_f1=1.0000 val_agree=100.00% | test_acc=80.90% test_agree=90.45%
Epoch 015 | train=0.0911 (ce=0.0331, kd=0.0497, feat=2.1225) | val_acc=100.00% val_f1=1.0000 val_agree=100.00% | test_acc=79.49% test_agree=87.92%
Epoch 016 | train=0.0860 (ce=0.0325, kd=0.0461, feat=2.1474) | val_acc=100.00% val_f1=1.0000 val_agree=100.00% | test_acc=78.93% test_agree=87.36%
Epoch 017 | train=0.0768 (ce=0.0292, kd=0.0412, feat=2.1485) | val_acc=100.00% val_f1=1.0000 val_agree=100.00% | test_acc=78.09% test_agree=87.08%
Epoch 018 | train=0.0791 (ce=0.0292, kd=0.0429, feat=2.1662) | val_acc=100.00% val_f1=1.0000 val_agree=100.00% | test_acc=80.06% test_agree=87.64%
Epoch 019 | train=0.0865 (ce=0.0314, kd=0.0472, feat=2.1395) | val_acc=100.00% val_f1=1.0000 val_agree=100.00% | test_acc=76.69% test_agree=85.67%
Epoch 020 | train=0.0893 (ce=0.0322, kd=0.0489, feat=2.1416) | val_acc=100.00% val_f1=1.0000 val_agree=100.00% | test_acc=76.12% test_agree=87.36%
Epoch 021 | train=0.0886 (ce=0.0321, kd=0.0484, feat=2.1314) | val_acc=100.00% val_f1=1.0000 val_agree=100.00% | test_acc=76.12% test_agree=87.36%
Epoch 022 | train=0.0837 (ce=0.0312, kd=0.0452, feat=2.1501) | val_acc=100.00% val_f1=1.0000 val_agree=100.00% | test_acc=77.81% test_agree=86.24%
Epoch 023 | train=0.0831 (ce=0.0303, kd=0.0453, feat=2.1473) | val_acc=100.00% val_f1=1.0000 val_agree=100.00% | test_acc=73.60% test_agree=84.27%
Epoch 024 | train=0.0823 (ce=0.0297, kd=0.0450, feat=2.1604) | val_acc=100.00% val_f1=1.0000 val_agree=100.00% | test_acc=76.12% test_agree=86.80%
Early stopping at epoch 24 (best epoch 8, score=1.000000)
================================================================================
Best epoch: 8
Best score (val_macro_f1): 1.000000
Final test accuracy: 81.18%
Final test teacher agreement: 87.36%
Saved to: /home/huang_kai/wind_turbine_phm/PHOENIX-main/autoencoder_benchmark/ablation_experiments/h1/results/comparison_18d_baselines/teacher_student_reference/student_h1_strict_valf1_20260522/extension/extension_s3_s2_s1_l4_o3_c6_r4/distill_tcn_attn_weld_seam_windows_ws5_tf75_pg0_h1_ep80_lr0.00025_bs128_T2.0_lce0.8_lkd1.3_lf0.0_seed314
