================================================================================
Frozen-Teacher Distillation (13D Student)
================================================================================
Dataset: /home/huang_kai/wind_turbine_phm/PHOENIX-main/autoencoder_benchmark/Data/processed_data/weld_seam_windows_ws5_tf75_pg0_h1.npz
Teacher ckpt: /home/huang_kai/wind_turbine_phm/PHOENIX-main/autoencoder_benchmark/outputs/teacher_h1_forecast_95/runs/single_tcn_attn_weld_seam_windows_ws5_tf75_pg0_h1_ep80_lr0.0003_bs128_k3_l2_d0.1_lat64_wd0.0005_seed183/best_single_tcn.pth
Teacher run args: /home/huang_kai/wind_turbine_phm/PHOENIX-main/autoencoder_benchmark/outputs/teacher_h1_forecast_95/runs/single_tcn_attn_weld_seam_windows_ws5_tf75_pg0_h1_ep80_lr0.0003_bs128_k3_l2_d0.1_lat64_wd0.0005_seed183/run_args.json
Device: cuda
Train/Val/Test: 990 / 175 / 356
Input full/subset dims: 18 / 13
Dropped feature indices: [3, 4, 5, 6, 7]
Temperature: 2.0
Loss weights (ce/kd/feat): 0.8 / 1.3 / 0.0
Checkpoint metric: val_macro_f1
Class weights: [1.4732142686843872, 1.3807531595230103, 0.626185953617096]
Epoch 001 | train=3.3054 (ce=1.0235, kd=1.9127, feat=1.8708) | val_acc=53.71% val_f1=0.4984 val_agree=53.71% | test_acc=63.48% test_agree=55.06%
Epoch 002 | train=2.3906 (ce=0.7131, kd=1.4001, feat=1.8217) | val_acc=87.43% val_f1=0.8293 val_agree=87.43% | test_acc=81.46% test_agree=74.72%
Epoch 003 | train=1.6448 (ce=0.4770, kd=0.9717, feat=1.7831) | val_acc=92.00% val_f1=0.8918 val_agree=92.00% | test_acc=81.18% test_agree=77.25%
Epoch 004 | train=1.0684 (ce=0.3066, kd=0.6332, feat=1.8199) | val_acc=94.29% val_f1=0.9253 val_agree=94.29% | test_acc=87.64% test_agree=84.27%
Epoch 005 | train=0.6012 (ce=0.1857, kd=0.3482, feat=1.8495) | val_acc=96.57% val_f1=0.9632 val_agree=96.57% | test_acc=89.89% test_agree=87.08%
Epoch 006 | train=0.3336 (ce=0.1081, kd=0.1901, feat=1.8730) | val_acc=97.71% val_f1=0.9747 val_agree=97.71% | test_acc=86.80% test_agree=90.73%
Epoch 007 | train=0.2304 (ce=0.0832, kd=0.1260, feat=1.8774) | val_acc=97.71% val_f1=0.9747 val_agree=97.71% | test_acc=86.24% test_agree=91.29%
Epoch 008 | train=0.1184 (ce=0.0391, kd=0.0670, feat=1.8946) | val_acc=99.43% val_f1=0.9941 val_agree=99.43% | test_acc=84.83% test_agree=89.89%
Epoch 009 | train=0.1215 (ce=0.0413, kd=0.0680, feat=1.9038) | val_acc=99.43% val_f1=0.9941 val_agree=99.43% | test_acc=87.36% test_agree=90.73%
Epoch 010 | train=0.0928 (ce=0.0291, kd=0.0534, feat=1.9074) | val_acc=99.43% val_f1=0.9941 val_agree=99.43% | test_acc=85.39% test_agree=89.89%
Epoch 011 | train=0.1139 (ce=0.0400, kd=0.0630, feat=1.8941) | val_acc=100.00% val_f1=1.0000 val_agree=100.00% | test_acc=84.55% test_agree=87.36%
Epoch 012 | train=0.0900 (ce=0.0308, kd=0.0502, feat=1.8880) | val_acc=98.86% val_f1=0.9886 val_agree=98.86% | test_acc=85.11% test_agree=87.36%
Epoch 013 | train=0.1021 (ce=0.0366, kd=0.0560, feat=1.8917) | val_acc=100.00% val_f1=1.0000 val_agree=100.00% | test_acc=88.20% test_agree=88.20%
Epoch 014 | train=0.0844 (ce=0.0294, kd=0.0468, feat=1.8973) | val_acc=100.00% val_f1=1.0000 val_agree=100.00% | test_acc=86.24% test_agree=87.36%
Epoch 015 | train=0.1116 (ce=0.0410, kd=0.0606, feat=1.8707) | val_acc=100.00% val_f1=1.0000 val_agree=100.00% | test_acc=87.92% test_agree=89.04%
Epoch 016 | train=0.0841 (ce=0.0319, kd=0.0451, feat=1.9006) | val_acc=99.43% val_f1=0.9943 val_agree=99.43% | test_acc=89.61% test_agree=88.48%
Epoch 017 | train=0.0780 (ce=0.0303, kd=0.0413, feat=1.8919) | val_acc=100.00% val_f1=1.0000 val_agree=100.00% | test_acc=89.04% test_agree=89.04%
Epoch 018 | train=0.1049 (ce=0.0375, kd=0.0576, feat=1.8781) | val_acc=100.00% val_f1=1.0000 val_agree=100.00% | test_acc=87.08% test_agree=89.33%
Epoch 019 | train=0.0744 (ce=0.0280, kd=0.0400, feat=1.8905) | val_acc=100.00% val_f1=1.0000 val_agree=100.00% | test_acc=83.43% test_agree=87.92%
Epoch 020 | train=0.0822 (ce=0.0319, kd=0.0436, feat=1.8833) | val_acc=99.43% val_f1=0.9943 val_agree=99.43% | test_acc=85.96% test_agree=88.76%
Epoch 021 | train=0.0778 (ce=0.0292, kd=0.0418, feat=1.8865) | val_acc=100.00% val_f1=1.0000 val_agree=100.00% | test_acc=86.24% test_agree=89.04%
Epoch 022 | train=0.0717 (ce=0.0274, kd=0.0383, feat=1.8854) | val_acc=99.43% val_f1=0.9943 val_agree=99.43% | test_acc=83.15% test_agree=86.52%
Epoch 023 | train=0.0858 (ce=0.0315, kd=0.0466, feat=1.8876) | val_acc=100.00% val_f1=1.0000 val_agree=100.00% | test_acc=81.18% test_agree=86.24%
Epoch 024 | train=0.0725 (ce=0.0266, kd=0.0394, feat=1.8903) | val_acc=99.43% val_f1=0.9943 val_agree=99.43% | test_acc=84.27% test_agree=88.76%
Epoch 025 | train=0.0811 (ce=0.0304, kd=0.0436, feat=1.8948) | val_acc=100.00% val_f1=1.0000 val_agree=100.00% | test_acc=87.36% test_agree=89.04%
Epoch 026 | train=0.0956 (ce=0.0362, kd=0.0512, feat=1.9061) | val_acc=100.00% val_f1=1.0000 val_agree=100.00% | test_acc=88.76% test_agree=87.64%
Epoch 027 | train=0.0865 (ce=0.0324, kd=0.0466, feat=1.8815) | val_acc=100.00% val_f1=1.0000 val_agree=100.00% | test_acc=88.20% test_agree=87.08%
Early stopping at epoch 27 (best epoch 11, score=1.000000)
================================================================================
Best epoch: 11
Best score (val_macro_f1): 1.000000
Final test accuracy: 84.55%
Final test teacher agreement: 87.36%
Saved to: /home/huang_kai/wind_turbine_phm/PHOENIX-main/autoencoder_benchmark/ablation_experiments/h1/results/comparison_18d_baselines/teacher_student_reference/student_h1_strict_valf1_20260522/extension/extension_s3_s2_s1_l4_o3_c6_r4/distill_tcn_attn_weld_seam_windows_ws5_tf75_pg0_h1_ep80_lr0.00025_bs128_T2.0_lce0.8_lkd1.3_lf0.0_seed230
