================================================================================
Frozen-Teacher Distillation (13D Student)
================================================================================
Dataset: /home/huang_kai/wind_turbine_phm/PHOENIX-main/autoencoder_benchmark/Data/processed_data/weld_seam_windows_ws5_tf75_pg0_h1.npz
Teacher ckpt: /home/huang_kai/wind_turbine_phm/PHOENIX-main/autoencoder_benchmark/outputs/teacher_h1_forecast_95/runs/single_tcn_attn_weld_seam_windows_ws5_tf75_pg0_h1_ep80_lr0.0003_bs128_k3_l2_d0.1_lat64_wd0.0005_seed183/best_single_tcn.pth
Teacher run args: /home/huang_kai/wind_turbine_phm/PHOENIX-main/autoencoder_benchmark/outputs/teacher_h1_forecast_95/runs/single_tcn_attn_weld_seam_windows_ws5_tf75_pg0_h1_ep80_lr0.0003_bs128_k3_l2_d0.1_lat64_wd0.0005_seed183/run_args.json
Device: cuda
Train/Val/Test: 990 / 175 / 356
Input full/subset dims: 18 / 13
Dropped feature indices: [3, 4, 5, 6, 7]
Temperature: 2.0
Loss weights (ce/kd/feat): 0.9 / 1.1 / 0.0
Checkpoint metric: val_macro_f1
Class weights: [1.4732142686843872, 1.3807531595230103, 0.626185953617096]
Epoch 001 | train=3.1527 (ce=1.0881, kd=1.9759, feat=2.0199) | val_acc=45.71% val_f1=0.3953 val_agree=45.71% | test_acc=36.52% test_agree=44.94%
Epoch 002 | train=2.8189 (ce=0.9554, kd=1.7810, feat=2.0291) | val_acc=60.00% val_f1=0.6013 val_agree=60.00% | test_acc=50.28% test_agree=58.43%
Epoch 003 | train=2.5210 (ce=0.8258, kd=1.6161, feat=2.0549) | val_acc=78.29% val_f1=0.7990 val_agree=78.29% | test_acc=54.49% test_agree=64.04%
Epoch 004 | train=2.2400 (ce=0.7218, kd=1.4457, feat=2.0763) | val_acc=81.14% val_f1=0.8229 val_agree=81.14% | test_acc=64.33% test_agree=73.88%
Epoch 005 | train=1.9573 (ce=0.6174, kd=1.2743, feat=2.0961) | val_acc=86.86% val_f1=0.8738 val_agree=86.86% | test_acc=74.44% test_agree=81.18%
Epoch 006 | train=1.7550 (ce=0.5563, kd=1.1403, feat=2.0859) | val_acc=90.29% val_f1=0.9062 val_agree=90.29% | test_acc=78.37% test_agree=83.99%
Epoch 007 | train=1.5338 (ce=0.4851, kd=0.9975, feat=2.1096) | val_acc=89.71% val_f1=0.9013 val_agree=89.71% | test_acc=81.18% test_agree=83.43%
Epoch 008 | train=1.2460 (ce=0.3854, kd=0.8175, feat=2.1185) | val_acc=93.14% val_f1=0.9307 val_agree=93.14% | test_acc=82.30% test_agree=83.99%
Epoch 009 | train=1.0783 (ce=0.3380, kd=0.7037, feat=2.1321) | val_acc=93.71% val_f1=0.9344 val_agree=93.71% | test_acc=81.18% test_agree=86.24%
Epoch 010 | train=0.9936 (ce=0.3167, kd=0.6442, feat=2.1503) | val_acc=93.71% val_f1=0.9360 val_agree=93.71% | test_acc=81.18% test_agree=85.67%
Epoch 011 | train=0.7767 (ce=0.2443, kd=0.5062, feat=2.1597) | val_acc=94.86% val_f1=0.9442 val_agree=94.86% | test_acc=80.34% test_agree=85.96%
Epoch 012 | train=0.6715 (ce=0.2183, kd=0.4319, feat=2.1671) | val_acc=96.57% val_f1=0.9634 val_agree=96.57% | test_acc=81.18% test_agree=86.24%
Epoch 013 | train=0.6532 (ce=0.2112, kd=0.4210, feat=2.1743) | val_acc=96.57% val_f1=0.9609 val_agree=96.57% | test_acc=80.90% test_agree=87.08%
Epoch 014 | train=0.5023 (ce=0.1666, kd=0.3204, feat=2.1734) | val_acc=98.86% val_f1=0.9886 val_agree=98.86% | test_acc=80.34% test_agree=87.08%
Epoch 015 | train=0.4782 (ce=0.1630, kd=0.3014, feat=2.1854) | val_acc=98.86% val_f1=0.9886 val_agree=98.86% | test_acc=80.90% test_agree=86.52%
Epoch 016 | train=0.3899 (ce=0.1304, kd=0.2477, feat=2.1855) | val_acc=98.86% val_f1=0.9883 val_agree=98.86% | test_acc=80.06% test_agree=88.48%
Epoch 017 | train=0.4112 (ce=0.1368, kd=0.2620, feat=2.1861) | val_acc=99.43% val_f1=0.9919 val_agree=99.43% | test_acc=76.97% test_agree=88.20%
Epoch 018 | train=0.3655 (ce=0.1253, kd=0.2298, feat=2.1801) | val_acc=99.43% val_f1=0.9943 val_agree=99.43% | test_acc=79.49% test_agree=89.61%
Epoch 019 | train=0.3193 (ce=0.1060, kd=0.2035, feat=2.1869) | val_acc=99.43% val_f1=0.9943 val_agree=99.43% | test_acc=80.06% test_agree=89.61%
Epoch 020 | train=0.2796 (ce=0.0896, kd=0.1809, feat=2.1930) | val_acc=99.43% val_f1=0.9943 val_agree=99.43% | test_acc=80.06% test_agree=91.29%
Epoch 021 | train=0.2981 (ce=0.0985, kd=0.1904, feat=2.1873) | val_acc=98.86% val_f1=0.9883 val_agree=98.86% | test_acc=82.58% test_agree=92.70%
Epoch 022 | train=0.2670 (ce=0.0871, kd=0.1714, feat=2.2000) | val_acc=98.29% val_f1=0.9827 val_agree=98.29% | test_acc=83.71% test_agree=92.70%
Epoch 023 | train=0.2357 (ce=0.0724, kd=0.1550, feat=2.2033) | val_acc=98.29% val_f1=0.9827 val_agree=98.29% | test_acc=83.43% test_agree=92.42%
Epoch 024 | train=0.2534 (ce=0.0846, kd=0.1611, feat=2.2033) | val_acc=98.86% val_f1=0.9883 val_agree=98.86% | test_acc=81.18% test_agree=92.42%
Epoch 025 | train=0.2682 (ce=0.0891, kd=0.1709, feat=2.2039) | val_acc=99.43% val_f1=0.9943 val_agree=99.43% | test_acc=82.02% test_agree=92.70%
Epoch 026 | train=0.2001 (ce=0.0614, kd=0.1317, feat=2.2008) | val_acc=99.43% val_f1=0.9943 val_agree=99.43% | test_acc=83.99% test_agree=94.10%
Epoch 027 | train=0.2514 (ce=0.0802, kd=0.1630, feat=2.1992) | val_acc=98.86% val_f1=0.9886 val_agree=98.86% | test_acc=83.99% test_agree=94.10%
Epoch 028 | train=0.2176 (ce=0.0656, kd=0.1441, feat=2.2015) | val_acc=99.43% val_f1=0.9943 val_agree=99.43% | test_acc=81.74% test_agree=92.42%
Epoch 029 | train=0.2331 (ce=0.0702, kd=0.1544, feat=2.2054) | val_acc=100.00% val_f1=1.0000 val_agree=100.00% | test_acc=80.62% test_agree=92.42%
Epoch 030 | train=0.1955 (ce=0.0539, kd=0.1336, feat=2.2192) | val_acc=100.00% val_f1=1.0000 val_agree=100.00% | test_acc=80.90% test_agree=92.70%
Epoch 031 | train=0.1862 (ce=0.0548, kd=0.1244, feat=2.2152) | val_acc=99.43% val_f1=0.9943 val_agree=99.43% | test_acc=82.02% test_agree=93.26%
Epoch 032 | train=0.1985 (ce=0.0532, kd=0.1369, feat=2.2142) | val_acc=100.00% val_f1=1.0000 val_agree=100.00% | test_acc=80.90% test_agree=92.13%
Epoch 033 | train=0.1706 (ce=0.0444, kd=0.1188, feat=2.2120) | val_acc=100.00% val_f1=1.0000 val_agree=100.00% | test_acc=81.46% test_agree=92.13%
Epoch 034 | train=0.2227 (ce=0.0624, kd=0.1514, feat=2.2124) | val_acc=100.00% val_f1=1.0000 val_agree=100.00% | test_acc=82.87% test_agree=92.98%
Epoch 035 | train=0.2027 (ce=0.0590, kd=0.1361, feat=2.2109) | val_acc=100.00% val_f1=1.0000 val_agree=100.00% | test_acc=82.58% test_agree=92.70%
Epoch 036 | train=0.1907 (ce=0.0546, kd=0.1287, feat=2.2191) | val_acc=99.43% val_f1=0.9943 val_agree=99.43% | test_acc=82.30% test_agree=93.54%
Epoch 037 | train=0.1750 (ce=0.0484, kd=0.1195, feat=2.2251) | val_acc=100.00% val_f1=1.0000 val_agree=100.00% | test_acc=81.74% test_agree=93.54%
Epoch 038 | train=0.1823 (ce=0.0517, kd=0.1234, feat=2.2261) | val_acc=100.00% val_f1=1.0000 val_agree=100.00% | test_acc=82.02% test_agree=93.26%
Epoch 039 | train=0.1755 (ce=0.0501, kd=0.1185, feat=2.2156) | val_acc=99.43% val_f1=0.9943 val_agree=99.43% | test_acc=81.46% test_agree=92.70%
Epoch 040 | train=0.1716 (ce=0.0439, kd=0.1200, feat=2.2214) | val_acc=100.00% val_f1=1.0000 val_agree=100.00% | test_acc=80.90% test_agree=92.70%
Epoch 041 | train=0.1688 (ce=0.0416, kd=0.1194, feat=2.2284) | val_acc=100.00% val_f1=1.0000 val_agree=100.00% | test_acc=76.97% test_agree=89.33%
Epoch 042 | train=0.1809 (ce=0.0515, kd=0.1223, feat=2.2146) | val_acc=100.00% val_f1=1.0000 val_agree=100.00% | test_acc=81.18% test_agree=91.85%
Epoch 043 | train=0.1707 (ce=0.0464, kd=0.1172, feat=2.2221) | val_acc=100.00% val_f1=1.0000 val_agree=100.00% | test_acc=81.18% test_agree=91.29%
Epoch 044 | train=0.1597 (ce=0.0402, kd=0.1122, feat=2.2234) | val_acc=100.00% val_f1=1.0000 val_agree=100.00% | test_acc=79.78% test_agree=90.45%
Epoch 045 | train=0.2085 (ce=0.0628, kd=0.1382, feat=2.2132) | val_acc=99.43% val_f1=0.9943 val_agree=99.43% | test_acc=83.15% test_agree=92.13%
Early stopping at epoch 45 (best epoch 29, score=1.000000)
================================================================================
Best epoch: 29
Best score (val_macro_f1): 1.000000
Final test accuracy: 80.62%
Final test teacher agreement: 92.42%
Saved to: /home/huang_kai/wind_turbine_phm/PHOENIX-main/autoencoder_benchmark/ablation_experiments/h1/results/comparison_18d_baselines/teacher_student_reference/student_h1_strict_valf1_20260522/extension/extension_s3_s2_s1_l4_o1_c2_r1/distill_tcn_attn_weld_seam_windows_ws5_tf75_pg0_h1_ep80_lr0.0001_bs128_T2.0_lce0.9_lkd1.1_lf0.0_seed512
