================================================================================
Frozen-Teacher Distillation (13D Student)
================================================================================
Dataset: /home/huang_kai/wind_turbine_phm/PHOENIX-main/autoencoder_benchmark/Data/processed_data/weld_seam_windows_ws5_tf75_pg0_h1.npz
Teacher ckpt: /home/huang_kai/wind_turbine_phm/PHOENIX-main/autoencoder_benchmark/outputs/teacher_h1_forecast_95/runs/single_tcn_attn_weld_seam_windows_ws5_tf75_pg0_h1_ep80_lr0.0003_bs128_k3_l2_d0.1_lat64_wd0.0005_seed183/best_single_tcn.pth
Teacher run args: /home/huang_kai/wind_turbine_phm/PHOENIX-main/autoencoder_benchmark/outputs/teacher_h1_forecast_95/runs/single_tcn_attn_weld_seam_windows_ws5_tf75_pg0_h1_ep80_lr0.0003_bs128_k3_l2_d0.1_lat64_wd0.0005_seed183/run_args.json
Device: cuda
Train/Val/Test: 990 / 175 / 356
Input full/subset dims: 18 / 13
Dropped feature indices: [3, 4, 5, 6, 7]
Temperature: 2.0
Loss weights (ce/kd/feat): 0.9 / 1.1 / 0.0
Checkpoint metric: val_macro_f1
Class weights: [1.4732142686843872, 1.3807531595230103, 0.626185953617096]
Epoch 001 | train=2.9003 (ce=0.9991, kd=1.8192, feat=2.0535) | val_acc=75.43% val_f1=0.6627 val_agree=75.43% | test_acc=78.09% test_agree=69.94%
Epoch 002 | train=2.0814 (ce=0.6856, kd=1.3313, feat=2.1083) | val_acc=88.57% val_f1=0.8787 val_agree=88.57% | test_acc=95.79% test_agree=85.11%
Epoch 003 | train=1.5197 (ce=0.4865, kd=0.9835, feat=2.1518) | val_acc=93.71% val_f1=0.9355 val_agree=93.71% | test_acc=96.07% test_agree=86.52%
Epoch 004 | train=0.9714 (ce=0.3034, kd=0.6348, feat=2.1958) | val_acc=95.43% val_f1=0.9543 val_agree=95.43% | test_acc=95.22% test_agree=86.24%
Epoch 005 | train=0.6569 (ce=0.2112, kd=0.4244, feat=2.2288) | val_acc=97.71% val_f1=0.9768 val_agree=97.71% | test_acc=91.85% test_agree=89.04%
Epoch 006 | train=0.4202 (ce=0.1407, kd=0.2669, feat=2.2319) | val_acc=98.86% val_f1=0.9882 val_agree=98.86% | test_acc=87.36% test_agree=91.85%
Epoch 007 | train=0.2488 (ce=0.0897, kd=0.1527, feat=2.2516) | val_acc=98.86% val_f1=0.9882 val_agree=98.86% | test_acc=85.67% test_agree=89.04%
Epoch 008 | train=0.1872 (ce=0.0683, kd=0.1143, feat=2.2473) | val_acc=98.86% val_f1=0.9882 val_agree=98.86% | test_acc=85.11% test_agree=89.61%
Epoch 009 | train=0.1530 (ce=0.0565, kd=0.0928, feat=2.2656) | val_acc=98.86% val_f1=0.9882 val_agree=98.86% | test_acc=83.71% test_agree=89.89%
Epoch 010 | train=0.1403 (ce=0.0483, kd=0.0880, feat=2.2699) | val_acc=100.00% val_f1=1.0000 val_agree=100.00% | test_acc=81.18% test_agree=87.36%
Epoch 011 | train=0.1253 (ce=0.0421, kd=0.0795, feat=2.2646) | val_acc=100.00% val_f1=1.0000 val_agree=100.00% | test_acc=82.02% test_agree=87.08%
Epoch 012 | train=0.1671 (ce=0.0615, kd=0.1016, feat=2.2748) | val_acc=99.43% val_f1=0.9943 val_agree=99.43% | test_acc=84.83% test_agree=88.76%
Epoch 013 | train=0.0988 (ce=0.0349, kd=0.0613, feat=2.2872) | val_acc=100.00% val_f1=1.0000 val_agree=100.00% | test_acc=82.87% test_agree=89.04%
Epoch 014 | train=0.0955 (ce=0.0317, kd=0.0609, feat=2.2782) | val_acc=100.00% val_f1=1.0000 val_agree=100.00% | test_acc=80.06% test_agree=87.36%
Epoch 015 | train=0.0844 (ce=0.0292, kd=0.0528, feat=2.2790) | val_acc=100.00% val_f1=1.0000 val_agree=100.00% | test_acc=82.30% test_agree=88.48%
Epoch 016 | train=0.0814 (ce=0.0279, kd=0.0511, feat=2.2778) | val_acc=100.00% val_f1=1.0000 val_agree=100.00% | test_acc=82.87% test_agree=88.48%
Epoch 017 | train=0.0814 (ce=0.0303, kd=0.0492, feat=2.2810) | val_acc=100.00% val_f1=1.0000 val_agree=100.00% | test_acc=82.87% test_agree=88.48%
Epoch 018 | train=0.0728 (ce=0.0274, kd=0.0438, feat=2.2822) | val_acc=100.00% val_f1=1.0000 val_agree=100.00% | test_acc=83.43% test_agree=86.80%
Epoch 019 | train=0.0868 (ce=0.0337, kd=0.0514, feat=2.2823) | val_acc=100.00% val_f1=1.0000 val_agree=100.00% | test_acc=83.99% test_agree=86.80%
Epoch 020 | train=0.0781 (ce=0.0305, kd=0.0460, feat=2.2918) | val_acc=100.00% val_f1=1.0000 val_agree=100.00% | test_acc=83.43% test_agree=87.36%
Epoch 021 | train=0.0891 (ce=0.0320, kd=0.0548, feat=2.2872) | val_acc=100.00% val_f1=1.0000 val_agree=100.00% | test_acc=79.78% test_agree=87.08%
Epoch 022 | train=0.0889 (ce=0.0349, kd=0.0523, feat=2.3002) | val_acc=100.00% val_f1=1.0000 val_agree=100.00% | test_acc=83.15% test_agree=86.52%
Epoch 023 | train=0.0820 (ce=0.0288, kd=0.0510, feat=2.2783) | val_acc=100.00% val_f1=1.0000 val_agree=100.00% | test_acc=77.53% test_agree=85.39%
Epoch 024 | train=0.0710 (ce=0.0265, kd=0.0429, feat=2.2803) | val_acc=100.00% val_f1=1.0000 val_agree=100.00% | test_acc=80.90% test_agree=87.64%
Epoch 025 | train=0.0769 (ce=0.0299, kd=0.0455, feat=2.2989) | val_acc=100.00% val_f1=1.0000 val_agree=100.00% | test_acc=84.27% test_agree=87.64%
Epoch 026 | train=0.0788 (ce=0.0314, kd=0.0459, feat=2.2934) | val_acc=100.00% val_f1=1.0000 val_agree=100.00% | test_acc=85.11% test_agree=87.92%
Early stopping at epoch 26 (best epoch 10, score=1.000000)
================================================================================
Best epoch: 10
Best score (val_macro_f1): 1.000000
Final test accuracy: 81.18%
Final test teacher agreement: 87.36%
Saved to: /home/huang_kai/wind_turbine_phm/PHOENIX-main/autoencoder_benchmark/ablation_experiments/h1/results/comparison_18d_baselines/teacher_student_reference/student_h1_strict_valf1_20260522/extension/extension_s3_s2_s1_l4_o3_c6_r1/distill_tcn_attn_weld_seam_windows_ws5_tf75_pg0_h1_ep80_lr0.0002_bs128_T2.0_lce0.9_lkd1.1_lf0.0_seed777
