================================================================================
Frozen-Teacher Distillation (13D Student)
================================================================================
Dataset: /home/huang_kai/wind_turbine_phm/PHOENIX-main/autoencoder_benchmark/Data/processed_data/weld_seam_windows_ws5_tf75_pg0_h1.npz
Teacher ckpt: /home/huang_kai/wind_turbine_phm/PHOENIX-main/autoencoder_benchmark/outputs/teacher_h1_forecast_95/runs/single_tcn_attn_weld_seam_windows_ws5_tf75_pg0_h1_ep80_lr0.0003_bs128_k3_l2_d0.1_lat64_wd0.0005_seed183/best_single_tcn.pth
Teacher run args: /home/huang_kai/wind_turbine_phm/PHOENIX-main/autoencoder_benchmark/outputs/teacher_h1_forecast_95/runs/single_tcn_attn_weld_seam_windows_ws5_tf75_pg0_h1_ep80_lr0.0003_bs128_k3_l2_d0.1_lat64_wd0.0005_seed183/run_args.json
Device: cuda
Train/Val/Test: 990 / 175 / 356
Input full/subset dims: 18 / 13
Dropped feature indices: [3, 4, 5, 6, 7]
Temperature: 2.0
Loss weights (ce/kd/feat): 0.9 / 1.1 / 0.0
Checkpoint metric: val_macro_f1
Class weights: [1.4732142686843872, 1.3807531595230103, 0.626185953617096]
Epoch 001 | train=3.1106 (ce=1.0711, kd=1.9514, feat=1.9835) | val_acc=50.29% val_f1=0.5128 val_agree=50.29% | test_acc=29.49% test_agree=20.79%
Epoch 002 | train=2.3803 (ce=0.7797, kd=1.5260, feat=1.9646) | val_acc=81.71% val_f1=0.8258 val_agree=81.71% | test_acc=77.25% test_agree=76.69%
Epoch 003 | train=1.7087 (ce=0.5264, kd=1.1227, feat=1.9689) | val_acc=91.43% val_f1=0.9143 val_agree=91.43% | test_acc=89.33% test_agree=88.20%
Epoch 004 | train=1.2011 (ce=0.3729, kd=0.7869, feat=1.9881) | val_acc=94.29% val_f1=0.9398 val_agree=94.29% | test_acc=92.42% test_agree=87.08%
Epoch 005 | train=0.7939 (ce=0.2579, kd=0.5108, feat=2.0064) | val_acc=96.00% val_f1=0.9586 val_agree=96.00% | test_acc=89.61% test_agree=87.64%
Epoch 006 | train=0.4735 (ce=0.1596, kd=0.2998, feat=2.0006) | val_acc=96.00% val_f1=0.9586 val_agree=96.00% | test_acc=89.61% test_agree=89.04%
Epoch 007 | train=0.3115 (ce=0.1135, kd=0.1903, feat=2.0065) | val_acc=96.00% val_f1=0.9586 val_agree=96.00% | test_acc=90.73% test_agree=89.61%
Epoch 008 | train=0.2126 (ce=0.0835, kd=0.1249, feat=1.9964) | val_acc=96.57% val_f1=0.9639 val_agree=96.57% | test_acc=89.61% test_agree=89.04%
Epoch 009 | train=0.1809 (ce=0.0689, kd=0.1081, feat=1.9974) | val_acc=97.71% val_f1=0.9775 val_agree=97.71% | test_acc=88.76% test_agree=88.76%
Epoch 010 | train=0.1317 (ce=0.0471, kd=0.0812, feat=1.9880) | val_acc=98.86% val_f1=0.9886 val_agree=98.86% | test_acc=88.48% test_agree=90.17%
Epoch 011 | train=0.1326 (ce=0.0498, kd=0.0799, feat=1.9821) | val_acc=100.00% val_f1=1.0000 val_agree=100.00% | test_acc=85.96% test_agree=91.57%
Epoch 012 | train=0.1486 (ce=0.0563, kd=0.0890, feat=1.9689) | val_acc=100.00% val_f1=1.0000 val_agree=100.00% | test_acc=85.39% test_agree=93.26%
Epoch 013 | train=0.1209 (ce=0.0440, kd=0.0739, feat=1.9676) | val_acc=100.00% val_f1=1.0000 val_agree=100.00% | test_acc=84.27% test_agree=93.26%
Epoch 014 | train=0.0922 (ce=0.0331, kd=0.0567, feat=1.9610) | val_acc=100.00% val_f1=1.0000 val_agree=100.00% | test_acc=85.96% test_agree=92.70%
Epoch 015 | train=0.0985 (ce=0.0355, kd=0.0605, feat=1.9595) | val_acc=100.00% val_f1=1.0000 val_agree=100.00% | test_acc=87.08% test_agree=92.13%
Epoch 016 | train=0.1093 (ce=0.0408, kd=0.0660, feat=1.9601) | val_acc=100.00% val_f1=1.0000 val_agree=100.00% | test_acc=80.62% test_agree=90.17%
Epoch 017 | train=0.0890 (ce=0.0308, kd=0.0557, feat=1.9571) | val_acc=99.43% val_f1=0.9919 val_agree=99.43% | test_acc=74.72% test_agree=85.96%
Epoch 018 | train=0.0900 (ce=0.0307, kd=0.0567, feat=1.9453) | val_acc=100.00% val_f1=1.0000 val_agree=100.00% | test_acc=78.09% test_agree=88.76%
Epoch 019 | train=0.0729 (ce=0.0281, kd=0.0433, feat=1.9381) | val_acc=100.00% val_f1=1.0000 val_agree=100.00% | test_acc=81.74% test_agree=90.17%
Epoch 020 | train=0.0788 (ce=0.0282, kd=0.0486, feat=1.9381) | val_acc=100.00% val_f1=1.0000 val_agree=100.00% | test_acc=83.99% test_agree=91.29%
Epoch 021 | train=0.0821 (ce=0.0315, kd=0.0489, feat=1.9395) | val_acc=100.00% val_f1=1.0000 val_agree=100.00% | test_acc=84.27% test_agree=91.01%
Epoch 022 | train=0.0751 (ce=0.0293, kd=0.0443, feat=1.9318) | val_acc=100.00% val_f1=1.0000 val_agree=100.00% | test_acc=83.15% test_agree=90.45%
Epoch 023 | train=0.0766 (ce=0.0286, kd=0.0462, feat=1.9411) | val_acc=100.00% val_f1=1.0000 val_agree=100.00% | test_acc=82.30% test_agree=91.29%
Epoch 024 | train=0.0736 (ce=0.0272, kd=0.0447, feat=1.9474) | val_acc=100.00% val_f1=1.0000 val_agree=100.00% | test_acc=81.74% test_agree=90.17%
Epoch 025 | train=0.0729 (ce=0.0286, kd=0.0428, feat=1.9449) | val_acc=100.00% val_f1=1.0000 val_agree=100.00% | test_acc=82.87% test_agree=91.85%
Epoch 026 | train=0.0723 (ce=0.0276, kd=0.0431, feat=1.9320) | val_acc=100.00% val_f1=1.0000 val_agree=100.00% | test_acc=82.87% test_agree=90.17%
Epoch 027 | train=0.0800 (ce=0.0309, kd=0.0474, feat=1.9343) | val_acc=100.00% val_f1=1.0000 val_agree=100.00% | test_acc=82.87% test_agree=89.61%
Early stopping at epoch 27 (best epoch 11, score=1.000000)
================================================================================
Best epoch: 11
Best score (val_macro_f1): 1.000000
Final test accuracy: 85.96%
Final test teacher agreement: 91.57%
Saved to: /home/huang_kai/wind_turbine_phm/PHOENIX-main/autoencoder_benchmark/ablation_experiments/h1/results/comparison_18d_baselines/teacher_student_reference/student_h1_strict_valf1_20260522/extension/extension_s3_s2_s1_l4_o3_c6_r1/distill_tcn_attn_weld_seam_windows_ws5_tf75_pg0_h1_ep80_lr0.0002_bs128_T2.0_lce0.9_lkd1.1_lf0.0_seed132
