================================================================================
Frozen-Teacher Distillation (13D Student)
================================================================================
Dataset: /home/huang_kai/wind_turbine_phm/PHOENIX-main/autoencoder_benchmark/Data/processed_data/weld_seam_windows_ws5_tf75_pg0_h1.npz
Teacher ckpt: /home/huang_kai/wind_turbine_phm/PHOENIX-main/autoencoder_benchmark/outputs/teacher_h1_forecast_95/runs/single_tcn_attn_weld_seam_windows_ws5_tf75_pg0_h1_ep80_lr0.0003_bs128_k3_l2_d0.1_lat64_wd0.0005_seed183/best_single_tcn.pth
Teacher run args: /home/huang_kai/wind_turbine_phm/PHOENIX-main/autoencoder_benchmark/outputs/teacher_h1_forecast_95/runs/single_tcn_attn_weld_seam_windows_ws5_tf75_pg0_h1_ep80_lr0.0003_bs128_k3_l2_d0.1_lat64_wd0.0005_seed183/run_args.json
Device: cuda
Train/Val/Test: 990 / 175 / 356
Input full/subset dims: 18 / 13
Dropped feature indices: [3, 4, 5, 6, 7]
Temperature: 2.5
Loss weights (ce/kd/feat): 0.9 / 1.1 / 0.0
Checkpoint metric: val_macro_f1
Class weights: [1.4732142686843872, 1.3807531595230103, 0.626185953617096]
Epoch 001 | train=3.2902 (ce=1.0237, kd=2.1535, feat=1.8712) | val_acc=50.86% val_f1=0.4776 val_agree=50.86% | test_acc=57.58% test_agree=49.16%
Epoch 002 | train=2.3963 (ce=0.7141, kd=1.5942, feat=1.8229) | val_acc=87.43% val_f1=0.8320 val_agree=87.43% | test_acc=83.15% test_agree=75.28%
Epoch 003 | train=1.6644 (ce=0.4770, kd=1.1228, feat=1.7846) | val_acc=92.00% val_f1=0.8918 val_agree=92.00% | test_acc=81.18% test_agree=77.25%
Epoch 004 | train=1.0891 (ce=0.3053, kd=0.7403, feat=1.8210) | val_acc=94.29% val_f1=0.9253 val_agree=94.29% | test_acc=88.76% test_agree=85.39%
Epoch 005 | train=0.6180 (ce=0.1859, kd=0.4098, feat=1.8494) | val_acc=96.00% val_f1=0.9576 val_agree=96.00% | test_acc=89.61% test_agree=86.80%
Epoch 006 | train=0.3444 (ce=0.1080, kd=0.2247, feat=1.8726) | val_acc=97.14% val_f1=0.9689 val_agree=97.14% | test_acc=87.08% test_agree=89.89%
Epoch 007 | train=0.2387 (ce=0.0837, kd=0.1485, feat=1.8778) | val_acc=97.71% val_f1=0.9747 val_agree=97.71% | test_acc=85.39% test_agree=91.01%
Epoch 008 | train=0.1263 (ce=0.0385, kd=0.0834, feat=1.8961) | val_acc=99.43% val_f1=0.9941 val_agree=99.43% | test_acc=84.83% test_agree=89.89%
Epoch 009 | train=0.1316 (ce=0.0413, kd=0.0859, feat=1.9055) | val_acc=99.43% val_f1=0.9941 val_agree=99.43% | test_acc=87.36% test_agree=90.73%
Epoch 010 | train=0.1027 (ce=0.0292, kd=0.0694, feat=1.9083) | val_acc=99.43% val_f1=0.9941 val_agree=99.43% | test_acc=85.11% test_agree=89.61%
Epoch 011 | train=0.1234 (ce=0.0407, kd=0.0788, feat=1.8938) | val_acc=100.00% val_f1=1.0000 val_agree=100.00% | test_acc=84.27% test_agree=87.08%
Epoch 012 | train=0.0991 (ce=0.0314, kd=0.0644, feat=1.8869) | val_acc=98.86% val_f1=0.9886 val_agree=98.86% | test_acc=85.11% test_agree=87.36%
Epoch 013 | train=0.1117 (ce=0.0373, kd=0.0710, feat=1.8902) | val_acc=100.00% val_f1=1.0000 val_agree=100.00% | test_acc=87.64% test_agree=88.20%
Epoch 014 | train=0.0932 (ce=0.0299, kd=0.0603, feat=1.8956) | val_acc=100.00% val_f1=1.0000 val_agree=100.00% | test_acc=86.24% test_agree=87.36%
Epoch 015 | train=0.1212 (ce=0.0417, kd=0.0760, feat=1.8688) | val_acc=100.00% val_f1=1.0000 val_agree=100.00% | test_acc=87.36% test_agree=88.48%
Epoch 016 | train=0.0922 (ce=0.0323, kd=0.0574, feat=1.8994) | val_acc=99.43% val_f1=0.9943 val_agree=99.43% | test_acc=89.33% test_agree=88.76%
Epoch 017 | train=0.0864 (ce=0.0308, kd=0.0534, feat=1.8917) | val_acc=100.00% val_f1=1.0000 val_agree=100.00% | test_acc=89.04% test_agree=89.04%
Epoch 018 | train=0.1133 (ce=0.0378, kd=0.0721, feat=1.8772) | val_acc=100.00% val_f1=1.0000 val_agree=100.00% | test_acc=87.36% test_agree=89.61%
Epoch 019 | train=0.0819 (ce=0.0283, kd=0.0513, feat=1.8903) | val_acc=100.00% val_f1=1.0000 val_agree=100.00% | test_acc=83.99% test_agree=88.48%
Epoch 020 | train=0.0900 (ce=0.0323, kd=0.0554, feat=1.8832) | val_acc=99.43% val_f1=0.9943 val_agree=99.43% | test_acc=85.96% test_agree=88.76%
Epoch 021 | train=0.0858 (ce=0.0295, kd=0.0539, feat=1.8863) | val_acc=100.00% val_f1=1.0000 val_agree=100.00% | test_acc=86.52% test_agree=89.33%
Epoch 022 | train=0.0795 (ce=0.0277, kd=0.0496, feat=1.8859) | val_acc=99.43% val_f1=0.9943 val_agree=99.43% | test_acc=83.43% test_agree=87.36%
Epoch 023 | train=0.0936 (ce=0.0318, kd=0.0591, feat=1.8879) | val_acc=100.00% val_f1=1.0000 val_agree=100.00% | test_acc=81.18% test_agree=86.80%
Epoch 024 | train=0.0802 (ce=0.0269, kd=0.0509, feat=1.8911) | val_acc=99.43% val_f1=0.9943 val_agree=99.43% | test_acc=84.27% test_agree=88.76%
Epoch 025 | train=0.0890 (ce=0.0310, kd=0.0556, feat=1.8954) | val_acc=100.00% val_f1=1.0000 val_agree=100.00% | test_acc=87.36% test_agree=89.04%
Epoch 026 | train=0.1020 (ce=0.0362, kd=0.0631, feat=1.9064) | val_acc=100.00% val_f1=1.0000 val_agree=100.00% | test_acc=88.76% test_agree=87.64%
Epoch 027 | train=0.0943 (ce=0.0327, kd=0.0590, feat=1.8815) | val_acc=100.00% val_f1=1.0000 val_agree=100.00% | test_acc=88.20% test_agree=87.08%
Early stopping at epoch 27 (best epoch 11, score=1.000000)
================================================================================
Best epoch: 11
Best score (val_macro_f1): 1.000000
Final test accuracy: 84.27%
Final test teacher agreement: 87.08%
Saved to: /home/huang_kai/wind_turbine_phm/PHOENIX-main/autoencoder_benchmark/ablation_experiments/h1/results/comparison_18d_baselines/teacher_student_reference/student_h1_strict_valf1_20260522/extension/extension_s3_s2_s1_l4_o3_c6_r3/distill_tcn_attn_weld_seam_windows_ws5_tf75_pg0_h1_ep80_lr0.00025_bs128_T2.5_lce0.9_lkd1.1_lf0.0_seed230
