================================================================================
Frozen-Teacher Distillation (13D Student)
================================================================================
Dataset: /home/huang_kai/wind_turbine_phm/PHOENIX-main/autoencoder_benchmark/Data/processed_data/weld_seam_windows_ws5_tf75_pg0_h1.npz
Teacher ckpt: /home/huang_kai/wind_turbine_phm/PHOENIX-main/autoencoder_benchmark/outputs/teacher_h1_forecast_95/runs/single_tcn_attn_weld_seam_windows_ws5_tf75_pg0_h1_ep80_lr0.0003_bs128_k3_l2_d0.1_lat64_wd0.0005_seed183/best_single_tcn.pth
Teacher run args: /home/huang_kai/wind_turbine_phm/PHOENIX-main/autoencoder_benchmark/outputs/teacher_h1_forecast_95/runs/single_tcn_attn_weld_seam_windows_ws5_tf75_pg0_h1_ep80_lr0.0003_bs128_k3_l2_d0.1_lat64_wd0.0005_seed183/run_args.json
Device: cuda
Train/Val/Test: 990 / 175 / 356
Input full/subset dims: 18 / 13
Dropped feature indices: [3, 4, 5, 6, 7]
Temperature: 2.5
Loss weights (ce/kd/feat): 0.9 / 1.1 / 0.0
Checkpoint metric: val_macro_f1
Class weights: [1.4732142686843872, 1.3807531595230103, 0.626185953617096]
Epoch 001 | train=3.2941 (ce=1.0361, kd=2.1469, feat=1.9810) | val_acc=54.29% val_f1=0.5562 val_agree=54.29% | test_acc=45.22% test_agree=33.71%
Epoch 002 | train=2.3814 (ce=0.7006, kd=1.5917, feat=1.9641) | val_acc=84.57% val_f1=0.8513 val_agree=84.57% | test_acc=83.15% test_agree=81.46%
Epoch 003 | train=1.5339 (ce=0.4167, kd=1.0535, feat=1.9757) | val_acc=92.00% val_f1=0.9193 val_agree=92.00% | test_acc=91.85% test_agree=87.36%
Epoch 004 | train=0.9584 (ce=0.2722, kd=0.6485, feat=1.9990) | val_acc=94.29% val_f1=0.9398 val_agree=94.29% | test_acc=91.85% test_agree=86.24%
Epoch 005 | train=0.5764 (ce=0.1853, kd=0.3724, feat=2.0120) | val_acc=96.00% val_f1=0.9586 val_agree=96.00% | test_acc=88.48% test_agree=88.48%
Epoch 006 | train=0.3108 (ce=0.1028, kd=0.1984, feat=1.9973) | val_acc=96.00% val_f1=0.9586 val_agree=96.00% | test_acc=91.85% test_agree=89.61%
Epoch 007 | train=0.2120 (ce=0.0720, kd=0.1338, feat=1.9970) | val_acc=96.57% val_f1=0.9639 val_agree=96.57% | test_acc=89.33% test_agree=89.33%
Epoch 008 | train=0.1635 (ce=0.0511, kd=0.1068, feat=1.9859) | val_acc=97.71% val_f1=0.9752 val_agree=97.71% | test_acc=86.80% test_agree=89.61%
Epoch 009 | train=0.1408 (ce=0.0435, kd=0.0924, feat=1.9836) | val_acc=100.00% val_f1=1.0000 val_agree=100.00% | test_acc=85.11% test_agree=91.29%
Epoch 010 | train=0.1301 (ce=0.0377, kd=0.0875, feat=1.9752) | val_acc=100.00% val_f1=1.0000 val_agree=100.00% | test_acc=86.52% test_agree=92.13%
Epoch 011 | train=0.1256 (ce=0.0418, kd=0.0800, feat=1.9669) | val_acc=100.00% val_f1=1.0000 val_agree=100.00% | test_acc=85.96% test_agree=92.70%
Epoch 012 | train=0.1402 (ce=0.0488, kd=0.0875, feat=1.9546) | val_acc=100.00% val_f1=1.0000 val_agree=100.00% | test_acc=83.71% test_agree=92.70%
Epoch 013 | train=0.1194 (ce=0.0397, kd=0.0760, feat=1.9523) | val_acc=100.00% val_f1=1.0000 val_agree=100.00% | test_acc=80.62% test_agree=91.29%
Epoch 014 | train=0.1007 (ce=0.0329, kd=0.0646, feat=1.9458) | val_acc=100.00% val_f1=1.0000 val_agree=100.00% | test_acc=83.71% test_agree=92.13%
Epoch 015 | train=0.1055 (ce=0.0342, kd=0.0680, feat=1.9460) | val_acc=100.00% val_f1=1.0000 val_agree=100.00% | test_acc=85.39% test_agree=92.13%
Epoch 016 | train=0.1104 (ce=0.0377, kd=0.0695, feat=1.9462) | val_acc=100.00% val_f1=1.0000 val_agree=100.00% | test_acc=79.78% test_agree=90.45%
Epoch 017 | train=0.0973 (ce=0.0302, kd=0.0638, feat=1.9427) | val_acc=100.00% val_f1=1.0000 val_agree=100.00% | test_acc=74.16% test_agree=85.39%
Epoch 018 | train=0.0972 (ce=0.0300, kd=0.0638, feat=1.9297) | val_acc=100.00% val_f1=1.0000 val_agree=100.00% | test_acc=76.97% test_agree=88.20%
Epoch 019 | train=0.0812 (ce=0.0284, kd=0.0506, feat=1.9237) | val_acc=100.00% val_f1=1.0000 val_agree=100.00% | test_acc=80.34% test_agree=89.33%
Epoch 020 | train=0.0878 (ce=0.0287, kd=0.0563, feat=1.9250) | val_acc=100.00% val_f1=1.0000 val_agree=100.00% | test_acc=82.87% test_agree=90.17%
Epoch 021 | train=0.0898 (ce=0.0318, kd=0.0556, feat=1.9277) | val_acc=100.00% val_f1=1.0000 val_agree=100.00% | test_acc=83.43% test_agree=90.73%
Epoch 022 | train=0.0836 (ce=0.0294, kd=0.0519, feat=1.9188) | val_acc=100.00% val_f1=1.0000 val_agree=100.00% | test_acc=80.90% test_agree=89.89%
Epoch 023 | train=0.0847 (ce=0.0284, kd=0.0538, feat=1.9320) | val_acc=100.00% val_f1=1.0000 val_agree=100.00% | test_acc=80.62% test_agree=91.29%
Epoch 024 | train=0.0823 (ce=0.0272, kd=0.0526, feat=1.9379) | val_acc=100.00% val_f1=1.0000 val_agree=100.00% | test_acc=80.62% test_agree=90.17%
Epoch 025 | train=0.0799 (ce=0.0286, kd=0.0492, feat=1.9370) | val_acc=100.00% val_f1=1.0000 val_agree=100.00% | test_acc=82.02% test_agree=91.57%
Early stopping at epoch 25 (best epoch 9, score=1.000000)
================================================================================
Best epoch: 9
Best score (val_macro_f1): 1.000000
Final test accuracy: 85.11%
Final test teacher agreement: 91.29%
Saved to: /home/huang_kai/wind_turbine_phm/PHOENIX-main/autoencoder_benchmark/ablation_experiments/h1/results/comparison_18d_baselines/teacher_student_reference/student_h1_strict_valf1_20260522/extension/extension_s3_s2_s1_l4_o3_c6_r3/distill_tcn_attn_weld_seam_windows_ws5_tf75_pg0_h1_ep80_lr0.00025_bs128_T2.5_lce0.9_lkd1.1_lf0.0_seed132
