================================================================================
Frozen-Teacher Distillation (13D Student)
================================================================================
Dataset: /home/huang_kai/wind_turbine_phm/PHOENIX-main/autoencoder_benchmark/Data/processed_data/weld_seam_windows_ws5_tf75_pg0_h1.npz
Teacher ckpt: /home/huang_kai/wind_turbine_phm/PHOENIX-main/autoencoder_benchmark/outputs/teacher_h1_forecast_95/runs/single_tcn_attn_weld_seam_windows_ws5_tf75_pg0_h1_ep80_lr0.0003_bs128_k3_l2_d0.1_lat64_wd0.0005_seed183/best_single_tcn.pth
Teacher run args: /home/huang_kai/wind_turbine_phm/PHOENIX-main/autoencoder_benchmark/outputs/teacher_h1_forecast_95/runs/single_tcn_attn_weld_seam_windows_ws5_tf75_pg0_h1_ep80_lr0.0003_bs128_k3_l2_d0.1_lat64_wd0.0005_seed183/run_args.json
Device: cuda
Train/Val/Test: 990 / 175 / 356
Input full/subset dims: 18 / 13
Dropped feature indices: [3, 4, 5, 6, 7]
Temperature: 2.0
Loss weights (ce/kd/feat): 0.9 / 1.1 / 0.0
Checkpoint metric: val_macro_f1
Class weights: [1.4732142686843872, 1.3807531595230103, 0.626185953617096]
Epoch 001 | train=2.9251 (ce=1.0059, kd=1.8361, feat=2.0474) | val_acc=85.14% val_f1=0.8005 val_agree=85.14% | test_acc=59.55% test_agree=68.82%
Epoch 002 | train=2.1276 (ce=0.6884, kd=1.3709, feat=2.1144) | val_acc=92.57% val_f1=0.9134 val_agree=92.57% | test_acc=79.49% test_agree=83.43%
Epoch 003 | train=1.4195 (ce=0.4362, kd=0.9335, feat=2.1590) | val_acc=95.43% val_f1=0.9454 val_agree=95.43% | test_acc=86.80% test_agree=87.92%
Epoch 004 | train=0.8847 (ce=0.2763, kd=0.5783, feat=2.2101) | val_acc=96.57% val_f1=0.9615 val_agree=96.57% | test_acc=87.92% test_agree=89.61%
Epoch 005 | train=0.5536 (ce=0.1815, kd=0.3547, feat=2.2364) | val_acc=96.57% val_f1=0.9615 val_agree=96.57% | test_acc=88.20% test_agree=89.33%
Epoch 006 | train=0.3604 (ce=0.1276, kd=0.2233, feat=2.2676) | val_acc=97.14% val_f1=0.9673 val_agree=97.14% | test_acc=86.52% test_agree=91.01%
Epoch 007 | train=0.2810 (ce=0.1071, kd=0.1678, feat=2.2391) | val_acc=99.43% val_f1=0.9919 val_agree=99.43% | test_acc=83.15% test_agree=92.13%
Epoch 008 | train=0.1678 (ce=0.0655, kd=0.0990, feat=2.2553) | val_acc=98.29% val_f1=0.9807 val_agree=98.29% | test_acc=83.99% test_agree=94.10%
Epoch 009 | train=0.1488 (ce=0.0560, kd=0.0895, feat=2.2471) | val_acc=98.86% val_f1=0.9862 val_agree=98.86% | test_acc=85.11% test_agree=94.10%
Epoch 010 | train=0.1693 (ce=0.0632, kd=0.1022, feat=2.2339) | val_acc=99.43% val_f1=0.9943 val_agree=99.43% | test_acc=85.67% test_agree=93.54%
Epoch 011 | train=0.1212 (ce=0.0450, kd=0.0733, feat=2.2461) | val_acc=100.00% val_f1=1.0000 val_agree=100.00% | test_acc=81.74% test_agree=91.85%
Epoch 012 | train=0.0966 (ce=0.0348, kd=0.0594, feat=2.2361) | val_acc=100.00% val_f1=1.0000 val_agree=100.00% | test_acc=84.83% test_agree=94.38%
Epoch 013 | train=0.1115 (ce=0.0413, kd=0.0676, feat=2.2356) | val_acc=99.43% val_f1=0.9943 val_agree=99.43% | test_acc=85.39% test_agree=94.10%
Epoch 014 | train=0.0985 (ce=0.0341, kd=0.0616, feat=2.2417) | val_acc=99.43% val_f1=0.9943 val_agree=99.43% | test_acc=85.11% test_agree=93.82%
Epoch 015 | train=0.1078 (ce=0.0399, kd=0.0653, feat=2.2393) | val_acc=99.43% val_f1=0.9943 val_agree=99.43% | test_acc=83.71% test_agree=92.70%
Epoch 016 | train=0.0914 (ce=0.0327, kd=0.0564, feat=2.2437) | val_acc=100.00% val_f1=1.0000 val_agree=100.00% | test_acc=81.18% test_agree=91.85%
Epoch 017 | train=0.1069 (ce=0.0400, kd=0.0645, feat=2.2220) | val_acc=100.00% val_f1=1.0000 val_agree=100.00% | test_acc=82.87% test_agree=92.42%
Epoch 018 | train=0.0884 (ce=0.0323, kd=0.0540, feat=2.2413) | val_acc=100.00% val_f1=1.0000 val_agree=100.00% | test_acc=79.78% test_agree=90.45%
Epoch 019 | train=0.1065 (ce=0.0407, kd=0.0635, feat=2.2340) | val_acc=100.00% val_f1=1.0000 val_agree=100.00% | test_acc=77.53% test_agree=89.04%
Epoch 020 | train=0.0860 (ce=0.0330, kd=0.0512, feat=2.2331) | val_acc=100.00% val_f1=1.0000 val_agree=100.00% | test_acc=79.49% test_agree=89.89%
Epoch 021 | train=0.1060 (ce=0.0371, kd=0.0661, feat=2.2482) | val_acc=100.00% val_f1=1.0000 val_agree=100.00% | test_acc=80.34% test_agree=90.45%
Epoch 022 | train=0.0847 (ce=0.0338, kd=0.0494, feat=2.2389) | val_acc=100.00% val_f1=1.0000 val_agree=100.00% | test_acc=83.43% test_agree=92.42%
Epoch 023 | train=0.0831 (ce=0.0319, kd=0.0494, feat=2.2320) | val_acc=100.00% val_f1=1.0000 val_agree=100.00% | test_acc=83.43% test_agree=90.17%
Epoch 024 | train=0.0746 (ce=0.0279, kd=0.0450, feat=2.2401) | val_acc=100.00% val_f1=1.0000 val_agree=100.00% | test_acc=79.21% test_agree=89.89%
Epoch 025 | train=0.0706 (ce=0.0278, kd=0.0415, feat=2.2362) | val_acc=100.00% val_f1=1.0000 val_agree=100.00% | test_acc=80.62% test_agree=90.73%
Epoch 026 | train=0.0843 (ce=0.0326, kd=0.0500, feat=2.2279) | val_acc=100.00% val_f1=1.0000 val_agree=100.00% | test_acc=82.02% test_agree=91.57%
Epoch 027 | train=0.0916 (ce=0.0345, kd=0.0550, feat=2.2468) | val_acc=100.00% val_f1=1.0000 val_agree=100.00% | test_acc=77.81% test_agree=90.17%
Early stopping at epoch 27 (best epoch 11, score=1.000000)
================================================================================
Best epoch: 11
Best score (val_macro_f1): 1.000000
Final test accuracy: 81.74%
Final test teacher agreement: 91.85%
Saved to: /home/huang_kai/wind_turbine_phm/PHOENIX-main/autoencoder_benchmark/ablation_experiments/h1/results/comparison_18d_baselines/teacher_student_reference/student_h1_strict_valf1_20260522/extension/extension_s3_s2_s1_l4_o3_c6_r1/distill_tcn_attn_weld_seam_windows_ws5_tf75_pg0_h1_ep80_lr0.0002_bs128_T2.0_lce0.9_lkd1.1_lf0.0_seed512
