================================================================================
Frozen-Teacher Distillation (13D Student)
================================================================================
Dataset: /home/huang_kai/wind_turbine_phm/PHOENIX-main/autoencoder_benchmark/Data/processed_data/weld_seam_windows_ws5_tf75_pg0_h1.npz
Teacher ckpt: /home/huang_kai/wind_turbine_phm/PHOENIX-main/autoencoder_benchmark/outputs/teacher_h1_forecast_95/runs/single_tcn_attn_weld_seam_windows_ws5_tf75_pg0_h1_ep80_lr0.0003_bs128_k3_l2_d0.1_lat64_wd0.0005_seed183/best_single_tcn.pth
Teacher run args: /home/huang_kai/wind_turbine_phm/PHOENIX-main/autoencoder_benchmark/outputs/teacher_h1_forecast_95/runs/single_tcn_attn_weld_seam_windows_ws5_tf75_pg0_h1_ep80_lr0.0003_bs128_k3_l2_d0.1_lat64_wd0.0005_seed183/run_args.json
Device: cuda
Train/Val/Test: 990 / 175 / 356
Input full/subset dims: 18 / 13
Dropped feature indices: [3, 4, 5, 6, 7]
Temperature: 2.0
Loss weights (ce/kd/feat): 0.9 / 1.1 / 0.0
Checkpoint metric: val_macro_f1
Class weights: [1.4732142686843872, 1.3807531595230103, 0.626185953617096]
Epoch 001 | train=3.1256 (ce=1.0884, kd=1.9510, feat=2.0754) | val_acc=75.43% val_f1=0.6924 val_agree=75.43% | test_acc=90.73% test_agree=79.78%
Epoch 002 | train=2.3732 (ce=0.7840, kd=1.5160, feat=2.0980) | val_acc=92.57% val_f1=0.9179 val_agree=92.57% | test_acc=96.35% test_agree=86.24%
Epoch 003 | train=1.7887 (ce=0.5681, kd=1.1612, feat=2.1151) | val_acc=96.00% val_f1=0.9603 val_agree=96.00% | test_acc=96.07% test_agree=87.08%
Epoch 004 | train=1.1787 (ce=0.3618, kd=0.7756, feat=2.1140) | val_acc=97.14% val_f1=0.9713 val_agree=97.14% | test_acc=95.51% test_agree=87.08%
Epoch 005 | train=0.7280 (ce=0.2229, kd=0.4795, feat=2.0963) | val_acc=99.43% val_f1=0.9941 val_agree=99.43% | test_acc=90.45% test_agree=89.89%
Epoch 006 | train=0.4323 (ce=0.1377, kd=0.2803, feat=2.0746) | val_acc=99.43% val_f1=0.9941 val_agree=99.43% | test_acc=87.08% test_agree=92.13%
Epoch 007 | train=0.2430 (ce=0.0820, kd=0.1538, feat=2.0487) | val_acc=98.86% val_f1=0.9883 val_agree=98.86% | test_acc=85.96% test_agree=91.01%
Epoch 008 | train=0.1693 (ce=0.0608, kd=0.1041, feat=2.0585) | val_acc=99.43% val_f1=0.9941 val_agree=99.43% | test_acc=87.36% test_agree=90.73%
Epoch 009 | train=0.1269 (ce=0.0460, kd=0.0777, feat=2.0551) | val_acc=99.43% val_f1=0.9941 val_agree=99.43% | test_acc=84.55% test_agree=91.85%
Epoch 010 | train=0.1084 (ce=0.0384, kd=0.0671, feat=2.0379) | val_acc=99.43% val_f1=0.9941 val_agree=99.43% | test_acc=82.58% test_agree=92.70%
Epoch 011 | train=0.1042 (ce=0.0359, kd=0.0654, feat=2.0485) | val_acc=99.43% val_f1=0.9941 val_agree=99.43% | test_acc=83.15% test_agree=93.26%
Epoch 012 | train=0.1063 (ce=0.0357, kd=0.0674, feat=2.0432) | val_acc=100.00% val_f1=1.0000 val_agree=100.00% | test_acc=80.06% test_agree=90.73%
Epoch 013 | train=0.1003 (ce=0.0349, kd=0.0626, feat=2.0519) | val_acc=100.00% val_f1=1.0000 val_agree=100.00% | test_acc=82.30% test_agree=92.42%
Epoch 014 | train=0.0821 (ce=0.0283, kd=0.0515, feat=2.0568) | val_acc=100.00% val_f1=1.0000 val_agree=100.00% | test_acc=85.11% test_agree=93.54%
Epoch 015 | train=0.0895 (ce=0.0323, kd=0.0549, feat=2.0572) | val_acc=100.00% val_f1=1.0000 val_agree=100.00% | test_acc=82.30% test_agree=91.85%
Epoch 016 | train=0.0838 (ce=0.0287, kd=0.0527, feat=2.0436) | val_acc=100.00% val_f1=1.0000 val_agree=100.00% | test_acc=80.06% test_agree=90.17%
Epoch 017 | train=0.0782 (ce=0.0286, kd=0.0477, feat=2.0547) | val_acc=100.00% val_f1=1.0000 val_agree=100.00% | test_acc=79.78% test_agree=89.89%
Epoch 018 | train=0.0898 (ce=0.0334, kd=0.0543, feat=2.0512) | val_acc=100.00% val_f1=1.0000 val_agree=100.00% | test_acc=79.49% test_agree=89.61%
Epoch 019 | train=0.0796 (ce=0.0298, kd=0.0480, feat=2.0513) | val_acc=100.00% val_f1=1.0000 val_agree=100.00% | test_acc=81.74% test_agree=91.29%
Epoch 020 | train=0.1180 (ce=0.0426, kd=0.0724, feat=2.0446) | val_acc=100.00% val_f1=1.0000 val_agree=100.00% | test_acc=81.46% test_agree=91.01%
Epoch 021 | train=0.0825 (ce=0.0304, kd=0.0501, feat=2.0614) | val_acc=100.00% val_f1=1.0000 val_agree=100.00% | test_acc=84.27% test_agree=91.01%
Epoch 022 | train=0.0898 (ce=0.0341, kd=0.0537, feat=2.0560) | val_acc=100.00% val_f1=1.0000 val_agree=100.00% | test_acc=86.80% test_agree=90.73%
Epoch 023 | train=0.0822 (ce=0.0317, kd=0.0488, feat=2.0506) | val_acc=100.00% val_f1=1.0000 val_agree=100.00% | test_acc=83.15% test_agree=92.13%
Epoch 024 | train=0.0760 (ce=0.0283, kd=0.0459, feat=2.0456) | val_acc=100.00% val_f1=1.0000 val_agree=100.00% | test_acc=82.30% test_agree=91.29%
Epoch 025 | train=0.0873 (ce=0.0304, kd=0.0545, feat=2.0325) | val_acc=100.00% val_f1=1.0000 val_agree=100.00% | test_acc=76.69% test_agree=86.80%
Epoch 026 | train=0.0755 (ce=0.0275, kd=0.0461, feat=2.0487) | val_acc=100.00% val_f1=1.0000 val_agree=100.00% | test_acc=81.46% test_agree=91.57%
Epoch 027 | train=0.0768 (ce=0.0295, kd=0.0457, feat=2.0423) | val_acc=100.00% val_f1=1.0000 val_agree=100.00% | test_acc=82.30% test_agree=92.42%
Epoch 028 | train=0.0706 (ce=0.0267, kd=0.0424, feat=2.0397) | val_acc=100.00% val_f1=1.0000 val_agree=100.00% | test_acc=80.34% test_agree=90.45%
Early stopping at epoch 28 (best epoch 12, score=1.000000)
================================================================================
Best epoch: 12
Best score (val_macro_f1): 1.000000
Final test accuracy: 80.06%
Final test teacher agreement: 90.73%
Saved to: /home/huang_kai/wind_turbine_phm/PHOENIX-main/autoencoder_benchmark/ablation_experiments/h1/results/comparison_18d_baselines/teacher_student_reference/student_h1_strict_valf1_20260522/extension/extension_s3_s2_s1_l4_o3_c6_r1/distill_tcn_attn_weld_seam_windows_ws5_tf75_pg0_h1_ep80_lr0.0002_bs128_T2.0_lce0.9_lkd1.1_lf0.0_seed1001
