================================================================================
Frozen-Teacher Distillation (13D Student)
================================================================================
Dataset: /home/huang_kai/wind_turbine_phm/PHOENIX-main/autoencoder_benchmark/Data/processed_data/weld_seam_windows_ws5_tf75_pg0_h1.npz
Teacher ckpt: /home/huang_kai/wind_turbine_phm/PHOENIX-main/autoencoder_benchmark/outputs/teacher_h1_forecast_95/runs/single_tcn_attn_weld_seam_windows_ws5_tf75_pg0_h1_ep80_lr0.0003_bs128_k3_l2_d0.1_lat64_wd0.0005_seed183/best_single_tcn.pth
Teacher run args: /home/huang_kai/wind_turbine_phm/PHOENIX-main/autoencoder_benchmark/outputs/teacher_h1_forecast_95/runs/single_tcn_attn_weld_seam_windows_ws5_tf75_pg0_h1_ep80_lr0.0003_bs128_k3_l2_d0.1_lat64_wd0.0005_seed183/run_args.json
Device: cuda
Train/Val/Test: 990 / 175 / 356
Input full/subset dims: 18 / 13
Dropped feature indices: [3, 4, 5, 6, 7]
Temperature: 2.0
Loss weights (ce/kd/feat): 0.9 / 1.1 / 0.0
Checkpoint metric: val_macro_f1
Class weights: [1.4732142686843872, 1.3807531595230103, 0.626185953617096]
Epoch 001 | train=3.1253 (ce=1.0636, kd=1.9710, feat=2.0630) | val_acc=30.29% val_f1=0.2757 val_agree=30.29% | test_acc=38.20% test_agree=25.84%
Epoch 002 | train=2.8707 (ce=0.9603, kd=1.8240, feat=2.0742) | val_acc=40.57% val_f1=0.4175 val_agree=40.57% | test_acc=52.53% test_agree=39.33%
Epoch 003 | train=2.5827 (ce=0.8533, kd=1.6498, feat=2.1242) | val_acc=70.86% val_f1=0.7238 val_agree=70.86% | test_acc=69.94% test_agree=57.58%
Epoch 004 | train=2.3473 (ce=0.7644, kd=1.5085, feat=2.1544) | val_acc=84.00% val_f1=0.8463 val_agree=84.00% | test_acc=77.53% test_agree=67.42%
Epoch 005 | train=2.1604 (ce=0.6948, kd=1.3955, feat=2.1786) | val_acc=90.29% val_f1=0.9035 val_agree=90.29% | test_acc=83.43% test_agree=74.44%
Epoch 006 | train=1.9183 (ce=0.6168, kd=1.2393, feat=2.2177) | val_acc=90.86% val_f1=0.9087 val_agree=90.86% | test_acc=86.80% test_agree=77.81%
Epoch 007 | train=1.6739 (ce=0.5250, kd=1.0922, feat=2.2483) | val_acc=94.29% val_f1=0.9437 val_agree=94.29% | test_acc=88.76% test_agree=81.46%
Epoch 008 | train=1.4744 (ce=0.4612, kd=0.9630, feat=2.2784) | val_acc=95.43% val_f1=0.9544 val_agree=95.43% | test_acc=89.61% test_agree=83.43%
Epoch 009 | train=1.3210 (ce=0.4123, kd=0.8636, feat=2.2809) | val_acc=95.43% val_f1=0.9544 val_agree=95.43% | test_acc=90.45% test_agree=84.27%
Epoch 010 | train=1.2098 (ce=0.3773, kd=0.7911, feat=2.3103) | val_acc=95.43% val_f1=0.9544 val_agree=95.43% | test_acc=91.85% test_agree=85.67%
Epoch 011 | train=0.9612 (ce=0.2957, kd=0.6319, feat=2.3006) | val_acc=96.00% val_f1=0.9603 val_agree=96.00% | test_acc=90.17% test_agree=87.92%
Epoch 012 | train=0.8480 (ce=0.2638, kd=0.5551, feat=2.3426) | val_acc=97.14% val_f1=0.9715 val_agree=97.14% | test_acc=88.76% test_agree=88.20%
Epoch 013 | train=0.6887 (ce=0.2119, kd=0.4527, feat=2.3625) | val_acc=97.14% val_f1=0.9715 val_agree=97.14% | test_acc=89.33% test_agree=88.76%
Epoch 014 | train=0.6025 (ce=0.1904, kd=0.3919, feat=2.3780) | val_acc=97.14% val_f1=0.9715 val_agree=97.14% | test_acc=90.45% test_agree=89.89%
Epoch 015 | train=0.5225 (ce=0.1637, kd=0.3411, feat=2.3537) | val_acc=98.29% val_f1=0.9827 val_agree=98.29% | test_acc=89.89% test_agree=90.45%
Epoch 016 | train=0.4697 (ce=0.1521, kd=0.3026, feat=2.3894) | val_acc=97.71% val_f1=0.9771 val_agree=97.71% | test_acc=89.89% test_agree=89.89%
Epoch 017 | train=0.3947 (ce=0.1258, kd=0.2559, feat=2.4012) | val_acc=98.29% val_f1=0.9827 val_agree=98.29% | test_acc=90.45% test_agree=90.45%
Epoch 018 | train=0.3308 (ce=0.1079, kd=0.2124, feat=2.4103) | val_acc=98.86% val_f1=0.9883 val_agree=98.86% | test_acc=89.33% test_agree=91.01%
Epoch 019 | train=0.3130 (ce=0.1034, kd=0.2000, feat=2.4061) | val_acc=98.86% val_f1=0.9883 val_agree=98.86% | test_acc=89.61% test_agree=90.73%
Epoch 020 | train=0.2910 (ce=0.0988, kd=0.1838, feat=2.4005) | val_acc=99.43% val_f1=0.9941 val_agree=99.43% | test_acc=88.20% test_agree=90.45%
Epoch 021 | train=0.2903 (ce=0.0976, kd=0.1841, feat=2.4099) | val_acc=99.43% val_f1=0.9941 val_agree=99.43% | test_acc=87.08% test_agree=89.89%
Epoch 022 | train=0.2364 (ce=0.0776, kd=0.1514, feat=2.4096) | val_acc=100.00% val_f1=1.0000 val_agree=100.00% | test_acc=88.76% test_agree=91.57%
Epoch 023 | train=0.2558 (ce=0.0859, kd=0.1622, feat=2.4368) | val_acc=100.00% val_f1=1.0000 val_agree=100.00% | test_acc=89.61% test_agree=91.29%
Epoch 024 | train=0.2200 (ce=0.0718, kd=0.1412, feat=2.4087) | val_acc=100.00% val_f1=1.0000 val_agree=100.00% | test_acc=87.64% test_agree=91.57%
Epoch 025 | train=0.1867 (ce=0.0571, kd=0.1230, feat=2.4280) | val_acc=100.00% val_f1=1.0000 val_agree=100.00% | test_acc=88.20% test_agree=92.13%
Epoch 026 | train=0.2106 (ce=0.0659, kd=0.1376, feat=2.4347) | val_acc=100.00% val_f1=1.0000 val_agree=100.00% | test_acc=89.33% test_agree=91.57%
Epoch 027 | train=0.1925 (ce=0.0600, kd=0.1259, feat=2.4051) | val_acc=100.00% val_f1=1.0000 val_agree=100.00% | test_acc=85.96% test_agree=91.01%
Epoch 028 | train=0.2083 (ce=0.0647, kd=0.1364, feat=2.3968) | val_acc=100.00% val_f1=1.0000 val_agree=100.00% | test_acc=84.83% test_agree=90.45%
Epoch 029 | train=0.1812 (ce=0.0525, kd=0.1218, feat=2.4241) | val_acc=100.00% val_f1=1.0000 val_agree=100.00% | test_acc=87.64% test_agree=91.57%
Epoch 030 | train=0.1825 (ce=0.0527, kd=0.1228, feat=2.4446) | val_acc=100.00% val_f1=1.0000 val_agree=100.00% | test_acc=87.92% test_agree=91.85%
Epoch 031 | train=0.1861 (ce=0.0546, kd=0.1245, feat=2.4362) | val_acc=100.00% val_f1=1.0000 val_agree=100.00% | test_acc=88.48% test_agree=91.85%
Epoch 032 | train=0.1819 (ce=0.0526, kd=0.1223, feat=2.4359) | val_acc=100.00% val_f1=1.0000 val_agree=100.00% | test_acc=87.08% test_agree=91.01%
Epoch 033 | train=0.1731 (ce=0.0492, kd=0.1172, feat=2.4169) | val_acc=100.00% val_f1=1.0000 val_agree=100.00% | test_acc=83.99% test_agree=89.61%
Epoch 034 | train=0.1636 (ce=0.0430, kd=0.1136, feat=2.4161) | val_acc=100.00% val_f1=1.0000 val_agree=100.00% | test_acc=84.27% test_agree=90.45%
Epoch 035 | train=0.1774 (ce=0.0488, kd=0.1213, feat=2.4151) | val_acc=100.00% val_f1=1.0000 val_agree=100.00% | test_acc=83.71% test_agree=89.89%
Epoch 036 | train=0.1701 (ce=0.0461, kd=0.1169, feat=2.4315) | val_acc=100.00% val_f1=1.0000 val_agree=100.00% | test_acc=87.36% test_agree=91.29%
Epoch 037 | train=0.1689 (ce=0.0473, kd=0.1148, feat=2.4044) | val_acc=100.00% val_f1=1.0000 val_agree=100.00% | test_acc=86.52% test_agree=91.01%
Epoch 038 | train=0.1603 (ce=0.0435, kd=0.1102, feat=2.4196) | val_acc=100.00% val_f1=1.0000 val_agree=100.00% | test_acc=83.71% test_agree=89.89%
Early stopping at epoch 38 (best epoch 22, score=1.000000)
================================================================================
Best epoch: 22
Best score (val_macro_f1): 1.000000
Final test accuracy: 88.76%
Final test teacher agreement: 91.57%
Saved to: /home/huang_kai/wind_turbine_phm/PHOENIX-main/autoencoder_benchmark/ablation_experiments/h1/results/comparison_18d_baselines/teacher_student_reference/student_h1_strict_valf1_20260522/extension/extension_s3_s2_s1_l4_o1_c2_r1/distill_tcn_attn_weld_seam_windows_ws5_tf75_pg0_h1_ep80_lr0.0001_bs128_T2.0_lce0.9_lkd1.1_lf0.0_seed1001
