================================================================================
Frozen-Teacher Distillation (13D Student)
================================================================================
Dataset: /home/huang_kai/wind_turbine_phm/PHOENIX-main/autoencoder_benchmark/Data/processed_data/weld_seam_windows_ws5_tf75_pg0_h1.npz
Teacher ckpt: /home/huang_kai/wind_turbine_phm/PHOENIX-main/autoencoder_benchmark/outputs/teacher_h1_forecast_95/runs/single_tcn_attn_weld_seam_windows_ws5_tf75_pg0_h1_ep80_lr0.0003_bs128_k3_l2_d0.1_lat64_wd0.0005_seed183/best_single_tcn.pth
Teacher run args: /home/huang_kai/wind_turbine_phm/PHOENIX-main/autoencoder_benchmark/outputs/teacher_h1_forecast_95/runs/single_tcn_attn_weld_seam_windows_ws5_tf75_pg0_h1_ep80_lr0.0003_bs128_k3_l2_d0.1_lat64_wd0.0005_seed183/run_args.json
Device: cuda
Train/Val/Test: 990 / 175 / 356
Input full/subset dims: 18 / 13
Dropped feature indices: [3, 4, 5, 6, 7]
Temperature: 2.0
Loss weights (ce/kd/feat): 0.8 / 1.3 / 0.0
Checkpoint metric: val_macro_f1
Class weights: [1.4732142686843872, 1.3807531595230103, 0.626185953617096]
Epoch 001 | train=3.3045 (ce=1.0367, kd=1.9039, feat=1.9806) | val_acc=56.57% val_f1=0.5814 val_agree=56.57% | test_acc=45.79% test_agree=33.99%
Epoch 002 | train=2.3742 (ce=0.7001, kd=1.3955, feat=1.9634) | val_acc=86.29% val_f1=0.8685 val_agree=86.29% | test_acc=86.24% test_agree=85.11%
Epoch 003 | train=1.5098 (ce=0.4158, kd=0.9055, feat=1.9758) | val_acc=93.71% val_f1=0.9346 val_agree=93.71% | test_acc=91.85% test_agree=87.92%
Epoch 004 | train=0.9300 (ce=0.2687, kd=0.5500, feat=1.9983) | val_acc=94.29% val_f1=0.9398 val_agree=94.29% | test_acc=91.85% test_agree=86.24%
Epoch 005 | train=0.5648 (ce=0.1858, kd=0.3201, feat=2.0124) | val_acc=96.57% val_f1=0.9639 val_agree=96.57% | test_acc=86.80% test_agree=87.92%
Epoch 006 | train=0.3037 (ce=0.1033, kd=0.1700, feat=1.9973) | val_acc=96.57% val_f1=0.9639 val_agree=96.57% | test_acc=91.29% test_agree=90.17%
Epoch 007 | train=0.2059 (ce=0.0720, kd=0.1141, feat=1.9978) | val_acc=96.57% val_f1=0.9639 val_agree=96.57% | test_acc=89.33% test_agree=89.33%
Epoch 008 | train=0.1536 (ce=0.0514, kd=0.0865, feat=1.9881) | val_acc=97.71% val_f1=0.9752 val_agree=97.71% | test_acc=87.08% test_agree=89.33%
Epoch 009 | train=0.1316 (ce=0.0435, kd=0.0745, feat=1.9876) | val_acc=100.00% val_f1=1.0000 val_agree=100.00% | test_acc=84.83% test_agree=91.01%
Epoch 010 | train=0.1207 (ce=0.0373, kd=0.0698, feat=1.9807) | val_acc=100.00% val_f1=1.0000 val_agree=100.00% | test_acc=86.24% test_agree=91.85%
Epoch 011 | train=0.1175 (ce=0.0411, kd=0.0651, feat=1.9733) | val_acc=100.00% val_f1=1.0000 val_agree=100.00% | test_acc=85.39% test_agree=92.70%
Epoch 012 | train=0.1321 (ce=0.0477, kd=0.0723, feat=1.9615) | val_acc=100.00% val_f1=1.0000 val_agree=100.00% | test_acc=83.43% test_agree=92.98%
Epoch 013 | train=0.1110 (ce=0.0389, kd=0.0615, feat=1.9595) | val_acc=100.00% val_f1=1.0000 val_agree=100.00% | test_acc=80.62% test_agree=91.29%
Epoch 014 | train=0.0922 (ce=0.0323, kd=0.0511, feat=1.9527) | val_acc=100.00% val_f1=1.0000 val_agree=100.00% | test_acc=83.43% test_agree=92.42%
Epoch 015 | train=0.0980 (ce=0.0339, kd=0.0545, feat=1.9521) | val_acc=100.00% val_f1=1.0000 val_agree=100.00% | test_acc=85.39% test_agree=92.13%
Epoch 016 | train=0.1027 (ce=0.0372, kd=0.0561, feat=1.9532) | val_acc=100.00% val_f1=1.0000 val_agree=100.00% | test_acc=79.21% test_agree=89.89%
Epoch 017 | train=0.0897 (ce=0.0299, kd=0.0506, feat=1.9504) | val_acc=100.00% val_f1=1.0000 val_agree=100.00% | test_acc=73.31% test_agree=84.55%
Epoch 018 | train=0.0895 (ce=0.0298, kd=0.0505, feat=1.9384) | val_acc=100.00% val_f1=1.0000 val_agree=100.00% | test_acc=76.69% test_agree=87.92%
Epoch 019 | train=0.0737 (ce=0.0280, kd=0.0394, feat=1.9322) | val_acc=100.00% val_f1=1.0000 val_agree=100.00% | test_acc=80.34% test_agree=88.76%
Epoch 020 | train=0.0804 (ce=0.0283, kd=0.0444, feat=1.9330) | val_acc=100.00% val_f1=1.0000 val_agree=100.00% | test_acc=82.87% test_agree=90.17%
Epoch 021 | train=0.0827 (ce=0.0313, kd=0.0444, feat=1.9359) | val_acc=100.00% val_f1=1.0000 val_agree=100.00% | test_acc=83.71% test_agree=91.01%
Epoch 022 | train=0.0760 (ce=0.0291, kd=0.0405, feat=1.9274) | val_acc=100.00% val_f1=1.0000 val_agree=100.00% | test_acc=81.46% test_agree=89.89%
Epoch 023 | train=0.0771 (ce=0.0281, kd=0.0420, feat=1.9397) | val_acc=100.00% val_f1=1.0000 val_agree=100.00% | test_acc=80.06% test_agree=91.29%
Epoch 024 | train=0.0748 (ce=0.0269, kd=0.0410, feat=1.9459) | val_acc=100.00% val_f1=1.0000 val_agree=100.00% | test_acc=80.34% test_agree=89.89%
Epoch 025 | train=0.0736 (ce=0.0284, kd=0.0392, feat=1.9446) | val_acc=100.00% val_f1=1.0000 val_agree=100.00% | test_acc=82.02% test_agree=92.13%
Early stopping at epoch 25 (best epoch 9, score=1.000000)
================================================================================
Best epoch: 9
Best score (val_macro_f1): 1.000000
Final test accuracy: 84.83%
Final test teacher agreement: 91.01%
Saved to: /home/huang_kai/wind_turbine_phm/PHOENIX-main/autoencoder_benchmark/ablation_experiments/h1/results/comparison_18d_baselines/teacher_student_reference/student_h1_strict_valf1_20260522/extension/extension_s3_s2_s1_l4_o3_c6_r4/distill_tcn_attn_weld_seam_windows_ws5_tf75_pg0_h1_ep80_lr0.00025_bs128_T2.0_lce0.8_lkd1.3_lf0.0_seed132
