================================================================================
Frozen-Teacher Distillation (13D Student)
================================================================================
Dataset: /home/huang_kai/wind_turbine_phm/PHOENIX-main/autoencoder_benchmark/Data/processed_data/weld_seam_windows_ws5_tf75_pg0_h1.npz
Teacher ckpt: /home/huang_kai/wind_turbine_phm/PHOENIX-main/autoencoder_benchmark/outputs/teacher_h1_forecast_95/runs/single_tcn_attn_weld_seam_windows_ws5_tf75_pg0_h1_ep80_lr0.0003_bs128_k3_l2_d0.1_lat64_wd0.0005_seed183/best_single_tcn.pth
Teacher run args: /home/huang_kai/wind_turbine_phm/PHOENIX-main/autoencoder_benchmark/outputs/teacher_h1_forecast_95/runs/single_tcn_attn_weld_seam_windows_ws5_tf75_pg0_h1_ep80_lr0.0003_bs128_k3_l2_d0.1_lat64_wd0.0005_seed183/run_args.json
Device: cuda
Train/Val/Test: 990 / 175 / 356
Input full/subset dims: 18 / 13
Dropped feature indices: [3, 4, 5, 6, 7]
Temperature: 2.0
Loss weights (ce/kd/feat): 0.9 / 1.1 / 0.0
Checkpoint metric: val_macro_f1
Class weights: [1.4732142686843872, 1.3807531595230103, 0.626185953617096]
Epoch 001 | train=3.0553 (ce=1.0361, kd=1.9299, feat=1.9730) | val_acc=36.57% val_f1=0.3723 val_agree=36.57% | test_acc=45.51% test_agree=35.67%
Epoch 002 | train=2.3036 (ce=0.7435, kd=1.4858, feat=1.9859) | val_acc=76.57% val_f1=0.7518 val_agree=76.57% | test_acc=80.06% test_agree=68.26%
Epoch 003 | train=1.6045 (ce=0.5024, kd=1.0475, feat=2.0380) | val_acc=90.29% val_f1=0.8940 val_agree=90.29% | test_acc=97.19% test_agree=85.11%
Epoch 004 | train=0.9781 (ce=0.2982, kd=0.6453, feat=2.0643) | val_acc=93.14% val_f1=0.9265 val_agree=93.14% | test_acc=95.51% test_agree=87.08%
Epoch 005 | train=0.6053 (ce=0.1981, kd=0.3882, feat=2.0840) | val_acc=96.57% val_f1=0.9663 val_agree=96.57% | test_acc=92.70% test_agree=87.64%
Epoch 006 | train=0.3617 (ce=0.1311, kd=0.2216, feat=2.0853) | val_acc=99.43% val_f1=0.9943 val_agree=99.43% | test_acc=90.17% test_agree=89.61%
Epoch 007 | train=0.2136 (ce=0.0798, kd=0.1290, feat=2.1022) | val_acc=98.86% val_f1=0.9862 val_agree=98.86% | test_acc=82.02% test_agree=91.01%
Epoch 008 | train=0.1337 (ce=0.0501, kd=0.0806, feat=2.1165) | val_acc=98.86% val_f1=0.9862 val_agree=98.86% | test_acc=79.78% test_agree=91.01%
Epoch 009 | train=0.1108 (ce=0.0402, kd=0.0678, feat=2.1075) | val_acc=100.00% val_f1=1.0000 val_agree=100.00% | test_acc=80.90% test_agree=91.01%
Epoch 010 | train=0.1158 (ce=0.0400, kd=0.0726, feat=2.1123) | val_acc=100.00% val_f1=1.0000 val_agree=100.00% | test_acc=80.34% test_agree=89.33%
Epoch 011 | train=0.1007 (ce=0.0327, kd=0.0648, feat=2.1199) | val_acc=100.00% val_f1=1.0000 val_agree=100.00% | test_acc=78.93% test_agree=90.17%
Epoch 012 | train=0.0970 (ce=0.0324, kd=0.0616, feat=2.1146) | val_acc=100.00% val_f1=1.0000 val_agree=100.00% | test_acc=80.62% test_agree=90.73%
Epoch 013 | train=0.0878 (ce=0.0296, kd=0.0557, feat=2.0993) | val_acc=100.00% val_f1=1.0000 val_agree=100.00% | test_acc=80.06% test_agree=90.73%
Epoch 014 | train=0.1083 (ce=0.0388, kd=0.0667, feat=2.1070) | val_acc=100.00% val_f1=1.0000 val_agree=100.00% | test_acc=76.69% test_agree=89.04%
Epoch 015 | train=0.0831 (ce=0.0305, kd=0.0505, feat=2.1048) | val_acc=100.00% val_f1=1.0000 val_agree=100.00% | test_acc=74.72% test_agree=87.64%
Epoch 016 | train=0.0927 (ce=0.0346, kd=0.0559, feat=2.0985) | val_acc=100.00% val_f1=1.0000 val_agree=100.00% | test_acc=74.16% test_agree=87.08%
Epoch 017 | train=0.0893 (ce=0.0315, kd=0.0554, feat=2.1018) | val_acc=100.00% val_f1=1.0000 val_agree=100.00% | test_acc=74.44% test_agree=87.36%
Epoch 018 | train=0.0955 (ce=0.0358, kd=0.0575, feat=2.0942) | val_acc=100.00% val_f1=1.0000 val_agree=100.00% | test_acc=74.16% test_agree=87.08%
Epoch 019 | train=0.0824 (ce=0.0317, kd=0.0490, feat=2.0945) | val_acc=100.00% val_f1=1.0000 val_agree=100.00% | test_acc=74.72% test_agree=87.64%
Epoch 020 | train=0.0831 (ce=0.0329, kd=0.0487, feat=2.0951) | val_acc=100.00% val_f1=1.0000 val_agree=100.00% | test_acc=75.56% test_agree=88.48%
Epoch 021 | train=0.0761 (ce=0.0284, kd=0.0459, feat=2.0911) | val_acc=100.00% val_f1=1.0000 val_agree=100.00% | test_acc=73.31% test_agree=85.11%
Epoch 022 | train=0.0740 (ce=0.0276, kd=0.0447, feat=2.0929) | val_acc=100.00% val_f1=1.0000 val_agree=100.00% | test_acc=73.03% test_agree=84.83%
Epoch 023 | train=0.0748 (ce=0.0282, kd=0.0449, feat=2.0901) | val_acc=100.00% val_f1=1.0000 val_agree=100.00% | test_acc=71.63% test_agree=84.55%
Epoch 024 | train=0.0785 (ce=0.0282, kd=0.0483, feat=2.0888) | val_acc=100.00% val_f1=1.0000 val_agree=100.00% | test_acc=76.97% test_agree=87.64%
Epoch 025 | train=0.0726 (ce=0.0278, kd=0.0432, feat=2.0882) | val_acc=100.00% val_f1=1.0000 val_agree=100.00% | test_acc=75.28% test_agree=87.08%
Early stopping at epoch 25 (best epoch 9, score=1.000000)
================================================================================
Best epoch: 9
Best score (val_macro_f1): 1.000000
Final test accuracy: 80.90%
Final test teacher agreement: 91.01%
Saved to: /home/huang_kai/wind_turbine_phm/PHOENIX-main/autoencoder_benchmark/ablation_experiments/h1/results/comparison_18d_baselines/teacher_student_reference/student_h1_strict_valf1_20260522/stage4/stage4_s3_s2_s1_l4_o3_c6_r1/distill_tcn_attn_weld_seam_windows_ws5_tf75_pg0_h1_ep80_lr0.0002_bs128_T2.0_lce0.9_lkd1.1_lf0.0_seed7
