================================================================================
Frozen-Teacher Distillation (13D Student)
================================================================================
Dataset: /home/huang_kai/wind_turbine_phm/PHOENIX-main/autoencoder_benchmark/Data/processed_data/weld_seam_windows_ws5_tf75_pg0_h1.npz
Teacher ckpt: /home/huang_kai/wind_turbine_phm/PHOENIX-main/autoencoder_benchmark/outputs/teacher_h1_forecast_95/runs/single_tcn_attn_weld_seam_windows_ws5_tf75_pg0_h1_ep80_lr0.0003_bs128_k3_l2_d0.1_lat64_wd0.0005_seed183/best_single_tcn.pth
Teacher run args: /home/huang_kai/wind_turbine_phm/PHOENIX-main/autoencoder_benchmark/outputs/teacher_h1_forecast_95/runs/single_tcn_attn_weld_seam_windows_ws5_tf75_pg0_h1_ep80_lr0.0003_bs128_k3_l2_d0.1_lat64_wd0.0005_seed183/run_args.json
Device: cuda
Train/Val/Test: 990 / 175 / 356
Input full/subset dims: 18 / 13
Dropped feature indices: [3, 4, 5, 6, 7]
Temperature: 3.5
Loss weights (ce/kd/feat): 0.7 / 1.4 / 0.3
Checkpoint metric: val_macro_f1
Class weights: [1.4732142686843872, 1.3807531595230103, 0.626185953617096]
Epoch 001 | train=4.7538 (ce=1.1154, kd=2.4225, feat=1.9384) | val_acc=83.43% val_f1=0.7898 val_agree=83.43% | test_acc=60.11% test_agree=69.66%
Epoch 002 | train=4.0494 (ce=0.8974, kd=2.0377, feat=1.8946) | val_acc=93.14% val_f1=0.9159 val_agree=93.14% | test_acc=62.92% test_agree=75.28%
Epoch 003 | train=3.3376 (ce=0.6671, kd=1.6463, feat=1.8863) | val_acc=96.00% val_f1=0.9550 val_agree=96.00% | test_acc=72.19% test_agree=82.30%
Epoch 004 | train=2.6514 (ce=0.4949, kd=1.2396, feat=1.8986) | val_acc=97.14% val_f1=0.9713 val_agree=97.14% | test_acc=80.90% test_agree=83.71%
Epoch 005 | train=2.0949 (ce=0.3413, kd=0.9209, feat=1.8891) | val_acc=98.29% val_f1=0.9830 val_agree=98.29% | test_acc=83.99% test_agree=87.92%
Epoch 006 | train=1.6194 (ce=0.2477, kd=0.6303, feat=1.8786) | val_acc=98.29% val_f1=0.9830 val_agree=98.29% | test_acc=88.48% test_agree=89.61%
Epoch 007 | train=1.3180 (ce=0.1708, kd=0.4688, feat=1.8070) | val_acc=98.86% val_f1=0.9886 val_agree=98.86% | test_acc=86.80% test_agree=91.85%
Epoch 008 | train=1.1458 (ce=0.1342, kd=0.3803, feat=1.7316) | val_acc=98.86% val_f1=0.9886 val_agree=98.86% | test_acc=82.58% test_agree=91.01%
Epoch 009 | train=0.9190 (ce=0.0839, kd=0.2618, feat=1.6459) | val_acc=98.86% val_f1=0.9886 val_agree=98.86% | test_acc=82.30% test_agree=89.61%
Epoch 010 | train=0.8716 (ce=0.0791, kd=0.2496, feat=1.5562) | val_acc=98.86% val_f1=0.9886 val_agree=98.86% | test_acc=80.90% test_agree=89.33%
Epoch 011 | train=0.7857 (ce=0.0698, kd=0.2178, feat=1.4399) | val_acc=98.86% val_f1=0.9886 val_agree=98.86% | test_acc=79.21% test_agree=89.33%
Epoch 012 | train=0.7469 (ce=0.0692, kd=0.2156, feat=1.3221) | val_acc=98.86% val_f1=0.9886 val_agree=98.86% | test_acc=78.93% test_agree=89.61%
Epoch 013 | train=0.6945 (ce=0.0603, kd=0.1993, feat=1.2441) | val_acc=100.00% val_f1=1.0000 val_agree=100.00% | test_acc=75.84% test_agree=89.33%
Epoch 014 | train=0.6544 (ce=0.0553, kd=0.1898, feat=1.1662) | val_acc=99.43% val_f1=0.9943 val_agree=99.43% | test_acc=77.53% test_agree=89.33%
Epoch 015 | train=0.6383 (ce=0.0592, kd=0.1940, feat=1.0844) | val_acc=98.86% val_f1=0.9886 val_agree=98.86% | test_acc=81.46% test_agree=89.89%
Epoch 016 | train=0.6214 (ce=0.0633, kd=0.1952, feat=1.0127) | val_acc=98.86% val_f1=0.9886 val_agree=98.86% | test_acc=83.71% test_agree=90.45%
Epoch 017 | train=0.5604 (ce=0.0521, kd=0.1759, feat=0.9251) | val_acc=100.00% val_f1=1.0000 val_agree=100.00% | test_acc=79.78% test_agree=88.20%
Epoch 018 | train=0.5460 (ce=0.0543, kd=0.1775, feat=0.8648) | val_acc=100.00% val_f1=1.0000 val_agree=100.00% | test_acc=79.49% test_agree=89.04%
Epoch 019 | train=0.5054 (ce=0.0491, kd=0.1608, feat=0.8200) | val_acc=99.43% val_f1=0.9943 val_agree=99.43% | test_acc=81.46% test_agree=90.45%
Epoch 020 | train=0.4867 (ce=0.0486, kd=0.1546, feat=0.7874) | val_acc=100.00% val_f1=1.0000 val_agree=100.00% | test_acc=80.34% test_agree=89.89%
Epoch 021 | train=0.4717 (ce=0.0451, kd=0.1552, feat=0.7428) | val_acc=100.00% val_f1=1.0000 val_agree=100.00% | test_acc=81.18% test_agree=90.73%
Epoch 022 | train=0.4719 (ce=0.0505, kd=0.1635, feat=0.6923) | val_acc=100.00% val_f1=1.0000 val_agree=100.00% | test_acc=82.02% test_agree=90.45%
Epoch 023 | train=0.4509 (ce=0.0474, kd=0.1575, feat=0.6573) | val_acc=100.00% val_f1=1.0000 val_agree=100.00% | test_acc=80.06% test_agree=89.61%
Epoch 024 | train=0.4491 (ce=0.0519, kd=0.1619, feat=0.6202) | val_acc=100.00% val_f1=1.0000 val_agree=100.00% | test_acc=75.56% test_agree=86.80%
Epoch 025 | train=0.4593 (ce=0.0528, kd=0.1740, feat=0.5956) | val_acc=100.00% val_f1=1.0000 val_agree=100.00% | test_acc=77.81% test_agree=88.48%
Epoch 026 | train=0.4457 (ce=0.0542, kd=0.1685, feat=0.5731) | val_acc=100.00% val_f1=1.0000 val_agree=100.00% | test_acc=75.84% test_agree=88.20%
Epoch 027 | train=0.4482 (ce=0.0534, kd=0.1731, feat=0.5615) | val_acc=100.00% val_f1=1.0000 val_agree=100.00% | test_acc=73.03% test_agree=86.52%
Epoch 028 | train=0.4118 (ce=0.0445, kd=0.1586, feat=0.5287) | val_acc=98.86% val_f1=0.9886 val_agree=98.86% | test_acc=77.25% test_agree=86.24%
Epoch 029 | train=0.4371 (ce=0.0531, kd=0.1757, feat=0.5132) | val_acc=99.43% val_f1=0.9943 val_agree=99.43% | test_acc=80.90% test_agree=88.76%
Early stopping at epoch 29 (best epoch 13, score=1.000000)
================================================================================
Best epoch: 13
Best score (val_macro_f1): 1.000000
Final test accuracy: 75.84%
Final test teacher agreement: 89.33%
Saved to: /home/huang_kai/wind_turbine_phm/PHOENIX-main/autoencoder_benchmark/ablation_experiments/h1/results/comparison_18d_baselines/teacher_student_reference/student_h1_strict_valf1_20260522/stage1/s1_l3_o3/distill_tcn_attn_weld_seam_windows_ws5_tf75_pg0_h1_ep80_lr0.00025_bs128_T3.5_lce0.7_lkd1.4_lf0.3_seed14
