================================================================================
Frozen-Teacher Distillation (13D Student)
================================================================================
Dataset: /home/huang_kai/wind_turbine_phm/PHOENIX-main/autoencoder_benchmark/Data/processed_data/weld_seam_windows_ws5_tf75_pg0_h1.npz
Teacher ckpt: /home/huang_kai/wind_turbine_phm/PHOENIX-main/autoencoder_benchmark/outputs/teacher_h1_forecast_95/runs/single_tcn_attn_weld_seam_windows_ws5_tf75_pg0_h1_ep80_lr0.0003_bs128_k3_l2_d0.1_lat64_wd0.0005_seed183/best_single_tcn.pth
Teacher run args: /home/huang_kai/wind_turbine_phm/PHOENIX-main/autoencoder_benchmark/outputs/teacher_h1_forecast_95/runs/single_tcn_attn_weld_seam_windows_ws5_tf75_pg0_h1_ep80_lr0.0003_bs128_k3_l2_d0.1_lat64_wd0.0005_seed183/run_args.json
Device: cuda
Train/Val/Test: 990 / 175 / 356
Input full/subset dims: 18 / 13
Dropped feature indices: [3, 4, 5, 6, 7]
Temperature: 2.0
Loss weights (ce/kd/feat): 0.8 / 1.3 / 0.0
Checkpoint metric: val_macro_f1
Class weights: [1.4732142686843872, 1.3807531595230103, 0.626185953617096]
Epoch 001 | train=3.5926 (ce=1.1679, kd=2.0448, feat=1.9623) | val_acc=61.71% val_f1=0.4859 val_agree=61.71% | test_acc=60.39% test_agree=64.61%
Epoch 002 | train=3.2140 (ce=1.0291, kd=1.8390, feat=1.9756) | val_acc=89.14% val_f1=0.8587 val_agree=89.14% | test_acc=60.39% test_agree=74.44%
Epoch 003 | train=2.7989 (ce=0.8604, kd=1.6235, feat=2.0146) | val_acc=94.29% val_f1=0.9338 val_agree=94.29% | test_acc=62.36% test_agree=75.28%
Epoch 004 | train=2.4471 (ce=0.7466, kd=1.4230, feat=2.0604) | val_acc=96.00% val_f1=0.9572 val_agree=96.00% | test_acc=66.29% test_agree=75.28%
Epoch 005 | train=2.0921 (ce=0.6190, kd=1.2284, feat=2.0941) | val_acc=97.71% val_f1=0.9772 val_agree=97.71% | test_acc=73.03% test_agree=82.02%
Epoch 006 | train=1.6606 (ce=0.5059, kd=0.9661, feat=2.1516) | val_acc=97.71% val_f1=0.9772 val_agree=97.71% | test_acc=79.78% test_agree=83.15%
Epoch 007 | train=1.3712 (ce=0.4083, kd=0.8035, feat=2.1868) | val_acc=97.71% val_f1=0.9772 val_agree=97.71% | test_acc=82.58% test_agree=85.39%
Epoch 008 | train=1.1279 (ce=0.3379, kd=0.6597, feat=2.2205) | val_acc=98.29% val_f1=0.9828 val_agree=98.29% | test_acc=81.74% test_agree=86.24%
Epoch 009 | train=0.8484 (ce=0.2462, kd=0.5011, feat=2.2537) | val_acc=98.86% val_f1=0.9886 val_agree=98.86% | test_acc=83.43% test_agree=89.04%
Epoch 010 | train=0.7307 (ce=0.2100, kd=0.4328, feat=2.2754) | val_acc=98.86% val_f1=0.9886 val_agree=98.86% | test_acc=85.39% test_agree=92.70%
Epoch 011 | train=0.5751 (ce=0.1654, kd=0.3406, feat=2.2911) | val_acc=98.86% val_f1=0.9886 val_agree=98.86% | test_acc=85.96% test_agree=92.13%
Epoch 012 | train=0.4952 (ce=0.1440, kd=0.2923, feat=2.2922) | val_acc=98.86% val_f1=0.9886 val_agree=98.86% | test_acc=86.24% test_agree=91.29%
Epoch 013 | train=0.4232 (ce=0.1201, kd=0.2516, feat=2.2914) | val_acc=98.86% val_f1=0.9886 val_agree=98.86% | test_acc=82.58% test_agree=91.57%
Epoch 014 | train=0.3724 (ce=0.1041, kd=0.2224, feat=2.2973) | val_acc=100.00% val_f1=1.0000 val_agree=100.00% | test_acc=80.90% test_agree=91.01%
Epoch 015 | train=0.3485 (ce=0.0971, kd=0.2083, feat=2.3107) | val_acc=98.86% val_f1=0.9886 val_agree=98.86% | test_acc=83.43% test_agree=90.73%
Epoch 016 | train=0.3245 (ce=0.0923, kd=0.1928, feat=2.3119) | val_acc=98.86% val_f1=0.9886 val_agree=98.86% | test_acc=85.96% test_agree=90.45%
Epoch 017 | train=0.2539 (ce=0.0675, kd=0.1538, feat=2.3124) | val_acc=98.86% val_f1=0.9886 val_agree=98.86% | test_acc=84.55% test_agree=90.73%
Epoch 018 | train=0.2659 (ce=0.0746, kd=0.1586, feat=2.2965) | val_acc=98.86% val_f1=0.9886 val_agree=98.86% | test_acc=82.30% test_agree=90.73%
Epoch 019 | train=0.2120 (ce=0.0567, kd=0.1282, feat=2.2988) | val_acc=98.86% val_f1=0.9886 val_agree=98.86% | test_acc=82.30% test_agree=90.17%
Epoch 020 | train=0.2108 (ce=0.0568, kd=0.1271, feat=2.3013) | val_acc=98.86% val_f1=0.9886 val_agree=98.86% | test_acc=81.74% test_agree=89.61%
Epoch 021 | train=0.1996 (ce=0.0498, kd=0.1229, feat=2.3006) | val_acc=99.43% val_f1=0.9943 val_agree=99.43% | test_acc=82.02% test_agree=89.33%
Epoch 022 | train=0.2120 (ce=0.0537, kd=0.1300, feat=2.3000) | val_acc=99.43% val_f1=0.9943 val_agree=99.43% | test_acc=84.55% test_agree=90.17%
Epoch 023 | train=0.1901 (ce=0.0464, kd=0.1177, feat=2.3041) | val_acc=99.43% val_f1=0.9943 val_agree=99.43% | test_acc=85.11% test_agree=90.73%
Epoch 024 | train=0.1992 (ce=0.0525, kd=0.1209, feat=2.2952) | val_acc=99.43% val_f1=0.9943 val_agree=99.43% | test_acc=81.18% test_agree=90.17%
Epoch 025 | train=0.2106 (ce=0.0548, kd=0.1283, feat=2.3042) | val_acc=99.43% val_f1=0.9943 val_agree=99.43% | test_acc=81.46% test_agree=91.01%
Epoch 026 | train=0.2108 (ce=0.0572, kd=0.1269, feat=2.2933) | val_acc=100.00% val_f1=1.0000 val_agree=100.00% | test_acc=78.65% test_agree=89.89%
Epoch 027 | train=0.2376 (ce=0.0639, kd=0.1434, feat=2.2959) | val_acc=100.00% val_f1=1.0000 val_agree=100.00% | test_acc=74.44% test_agree=86.80%
Epoch 028 | train=0.1804 (ce=0.0434, kd=0.1120, feat=2.3027) | val_acc=98.86% val_f1=0.9886 val_agree=98.86% | test_acc=78.09% test_agree=86.52%
Epoch 029 | train=0.2077 (ce=0.0529, kd=0.1272, feat=2.3107) | val_acc=98.86% val_f1=0.9886 val_agree=98.86% | test_acc=81.74% test_agree=88.48%
Epoch 030 | train=0.1938 (ce=0.0509, kd=0.1177, feat=2.2993) | val_acc=98.86% val_f1=0.9886 val_agree=98.86% | test_acc=85.96% test_agree=89.89%
Early stopping at epoch 30 (best epoch 14, score=1.000000)
================================================================================
Best epoch: 14
Best score (val_macro_f1): 1.000000
Final test accuracy: 80.90%
Final test teacher agreement: 91.01%
Saved to: /home/huang_kai/wind_turbine_phm/PHOENIX-main/autoencoder_benchmark/ablation_experiments/h1/results/comparison_18d_baselines/teacher_student_reference/student_h1_strict_valf1_20260522/stage3/s3_s2_s1_l4_o1_c2_r4/distill_tcn_attn_weld_seam_windows_ws5_tf75_pg0_h1_ep80_lr0.00015_bs128_T2.0_lce0.8_lkd1.3_lf0.0_seed14
