================================================================================
Frozen-Teacher Distillation (13D Student)
================================================================================
Dataset: /home/huang_kai/wind_turbine_phm/PHOENIX-main/autoencoder_benchmark/Data/processed_data/weld_seam_windows_ws5_tf75_pg0_h1.npz
Teacher ckpt: /home/huang_kai/wind_turbine_phm/PHOENIX-main/autoencoder_benchmark/outputs/teacher_h1_forecast_95/runs/single_tcn_attn_weld_seam_windows_ws5_tf75_pg0_h1_ep80_lr0.0003_bs128_k3_l2_d0.1_lat64_wd0.0005_seed183/best_single_tcn.pth
Teacher run args: /home/huang_kai/wind_turbine_phm/PHOENIX-main/autoencoder_benchmark/outputs/teacher_h1_forecast_95/runs/single_tcn_attn_weld_seam_windows_ws5_tf75_pg0_h1_ep80_lr0.0003_bs128_k3_l2_d0.1_lat64_wd0.0005_seed183/run_args.json
Device: cuda
Train/Val/Test: 990 / 175 / 356
Input full/subset dims: 18 / 13
Dropped feature indices: [3, 4, 5, 6, 7]
Temperature: 2.5
Loss weights (ce/kd/feat): 0.9 / 1.1 / 0.0
Checkpoint metric: val_macro_f1
Class weights: [1.4732142686843872, 1.3807531595230103, 0.626185953617096]
Epoch 001 | train=3.0888 (ce=0.9657, kd=2.0179, feat=1.9205) | val_acc=44.57% val_f1=0.4737 val_agree=44.57% | test_acc=37.08% test_agree=26.97%
Epoch 002 | train=2.0743 (ce=0.5885, kd=1.4042, feat=1.9379) | val_acc=84.00% val_f1=0.8355 val_agree=84.00% | test_acc=75.28% test_agree=68.54%
Epoch 003 | train=1.2216 (ce=0.3348, kd=0.8366, feat=1.9257) | val_acc=97.14% val_f1=0.9642 val_agree=97.14% | test_acc=87.64% test_agree=88.20%
Epoch 004 | train=0.6726 (ce=0.1854, kd=0.4598, feat=1.9191) | val_acc=98.29% val_f1=0.9827 val_agree=98.29% | test_acc=88.48% test_agree=91.29%
Epoch 005 | train=0.3496 (ce=0.1033, kd=0.2333, feat=1.9306) | val_acc=98.86% val_f1=0.9886 val_agree=98.86% | test_acc=88.76% test_agree=91.01%
Epoch 006 | train=0.2847 (ce=0.0934, kd=0.1824, feat=1.9341) | val_acc=98.86% val_f1=0.9886 val_agree=98.86% | test_acc=87.36% test_agree=91.85%
Epoch 007 | train=0.1875 (ce=0.0591, kd=0.1221, feat=1.9479) | val_acc=100.00% val_f1=1.0000 val_agree=100.00% | test_acc=80.34% test_agree=91.01%
Epoch 008 | train=0.1488 (ce=0.0453, kd=0.0982, feat=1.9166) | val_acc=100.00% val_f1=1.0000 val_agree=100.00% | test_acc=81.74% test_agree=90.73%
Epoch 009 | train=0.1269 (ce=0.0355, kd=0.0863, feat=1.9342) | val_acc=100.00% val_f1=1.0000 val_agree=100.00% | test_acc=82.02% test_agree=89.33%
Epoch 010 | train=0.1600 (ce=0.0462, kd=0.1076, feat=1.9287) | val_acc=100.00% val_f1=1.0000 val_agree=100.00% | test_acc=80.62% test_agree=89.04%
Epoch 011 | train=0.1137 (ce=0.0349, kd=0.0748, feat=1.9295) | val_acc=100.00% val_f1=1.0000 val_agree=100.00% | test_acc=77.25% test_agree=89.04%
Epoch 012 | train=0.1087 (ce=0.0328, kd=0.0720, feat=1.9293) | val_acc=100.00% val_f1=1.0000 val_agree=100.00% | test_acc=80.34% test_agree=89.33%
Epoch 013 | train=0.1058 (ce=0.0337, kd=0.0686, feat=1.9457) | val_acc=100.00% val_f1=1.0000 val_agree=100.00% | test_acc=79.78% test_agree=89.33%
Epoch 014 | train=0.1085 (ce=0.0324, kd=0.0721, feat=1.9290) | val_acc=100.00% val_f1=1.0000 val_agree=100.00% | test_acc=79.78% test_agree=88.76%
Epoch 015 | train=0.0918 (ce=0.0291, kd=0.0596, feat=1.9206) | val_acc=100.00% val_f1=1.0000 val_agree=100.00% | test_acc=80.06% test_agree=89.04%
Epoch 016 | train=0.1025 (ce=0.0341, kd=0.0653, feat=1.9097) | val_acc=100.00% val_f1=1.0000 val_agree=100.00% | test_acc=80.62% test_agree=87.92%
Epoch 017 | train=0.0869 (ce=0.0290, kd=0.0552, feat=1.9008) | val_acc=100.00% val_f1=1.0000 val_agree=100.00% | test_acc=78.93% test_agree=89.04%
Epoch 018 | train=0.0848 (ce=0.0277, kd=0.0544, feat=1.9117) | val_acc=100.00% val_f1=1.0000 val_agree=100.00% | test_acc=79.21% test_agree=88.76%
Epoch 019 | train=0.0866 (ce=0.0294, kd=0.0547, feat=1.9061) | val_acc=100.00% val_f1=1.0000 val_agree=100.00% | test_acc=79.21% test_agree=88.76%
Epoch 020 | train=0.0853 (ce=0.0272, kd=0.0553, feat=1.9066) | val_acc=100.00% val_f1=1.0000 val_agree=100.00% | test_acc=79.78% test_agree=88.76%
Epoch 021 | train=0.0945 (ce=0.0294, kd=0.0618, feat=1.9126) | val_acc=100.00% val_f1=1.0000 val_agree=100.00% | test_acc=80.06% test_agree=89.04%
Epoch 022 | train=0.0854 (ce=0.0296, kd=0.0534, feat=1.8828) | val_acc=100.00% val_f1=1.0000 val_agree=100.00% | test_acc=80.06% test_agree=89.61%
Epoch 023 | train=0.0862 (ce=0.0284, kd=0.0551, feat=1.8958) | val_acc=100.00% val_f1=1.0000 val_agree=100.00% | test_acc=76.12% test_agree=86.80%
Early stopping at epoch 23 (best epoch 7, score=1.000000)
================================================================================
Best epoch: 7
Best score (val_macro_f1): 1.000000
Final test accuracy: 80.34%
Final test teacher agreement: 91.01%
Saved to: /home/huang_kai/wind_turbine_phm/PHOENIX-main/autoencoder_benchmark/ablation_experiments/h1/results/comparison_18d_baselines/teacher_student_reference/student_h1_strict_valf1_20260522/stage4/stage4_s3_s2_s1_l4_o3_c6_r3/distill_tcn_attn_weld_seam_windows_ws5_tf75_pg0_h1_ep80_lr0.00025_bs128_T2.5_lce0.9_lkd1.1_lf0.0_seed183
