================================================================================
Frozen-Teacher Distillation (13D Student)
================================================================================
Dataset: /home/huang_kai/wind_turbine_phm/PHOENIX-main/autoencoder_benchmark/Data/processed_data/weld_seam_windows_ws5_tf75_pg0_h1.npz
Teacher ckpt: /home/huang_kai/wind_turbine_phm/PHOENIX-main/autoencoder_benchmark/outputs/teacher_h1_forecast_95/runs/single_tcn_attn_weld_seam_windows_ws5_tf75_pg0_h1_ep80_lr0.0003_bs128_k3_l2_d0.1_lat64_wd0.0005_seed183/best_single_tcn.pth
Teacher run args: /home/huang_kai/wind_turbine_phm/PHOENIX-main/autoencoder_benchmark/outputs/teacher_h1_forecast_95/runs/single_tcn_attn_weld_seam_windows_ws5_tf75_pg0_h1_ep80_lr0.0003_bs128_k3_l2_d0.1_lat64_wd0.0005_seed183/run_args.json
Device: cuda
Train/Val/Test: 990 / 175 / 356
Input full/subset dims: 18 / 13
Dropped feature indices: [3, 4, 5, 6, 7]
Temperature: 2.0
Loss weights (ce/kd/feat): 0.9 / 1.1 / 0.0
Checkpoint metric: val_macro_f1
Class weights: [1.4732142686843872, 1.3807531595230103, 0.626185953617096]
Epoch 001 | train=2.9904 (ce=1.0175, kd=1.8860, feat=2.1053) | val_acc=64.00% val_f1=0.6197 val_agree=64.00% | test_acc=35.11% test_agree=39.04%
Epoch 002 | train=2.3236 (ce=0.7608, kd=1.4899, feat=2.0700) | val_acc=82.86% val_f1=0.8375 val_agree=82.86% | test_acc=57.58% test_agree=53.65%
Epoch 003 | train=1.7293 (ce=0.5465, kd=1.1250, feat=2.0797) | val_acc=96.57% val_f1=0.9637 val_agree=96.57% | test_acc=76.97% test_agree=74.72%
Epoch 004 | train=1.1281 (ce=0.3512, kd=0.7382, feat=2.0746) | val_acc=97.14% val_f1=0.9666 val_agree=97.14% | test_acc=85.96% test_agree=84.27%
Epoch 005 | train=0.7196 (ce=0.2299, kd=0.4661, feat=2.1041) | val_acc=97.71% val_f1=0.9746 val_agree=97.71% | test_acc=84.27% test_agree=88.20%
Epoch 006 | train=0.4536 (ce=0.1560, kd=0.2847, feat=2.1001) | val_acc=98.86% val_f1=0.9883 val_agree=98.86% | test_acc=80.34% test_agree=90.45%
Epoch 007 | train=0.2942 (ce=0.1067, kd=0.1802, feat=2.0902) | val_acc=99.43% val_f1=0.9941 val_agree=99.43% | test_acc=78.93% test_agree=91.29%
Epoch 008 | train=0.1727 (ce=0.0647, kd=0.1040, feat=2.0966) | val_acc=98.86% val_f1=0.9883 val_agree=98.86% | test_acc=80.62% test_agree=91.85%
Epoch 009 | train=0.1361 (ce=0.0501, kd=0.0827, feat=2.1069) | val_acc=99.43% val_f1=0.9941 val_agree=99.43% | test_acc=77.25% test_agree=89.61%
Epoch 010 | train=0.1331 (ce=0.0483, kd=0.0815, feat=2.1071) | val_acc=99.43% val_f1=0.9941 val_agree=99.43% | test_acc=76.12% test_agree=89.04%
Epoch 011 | train=0.1020 (ce=0.0344, kd=0.0645, feat=2.1021) | val_acc=100.00% val_f1=1.0000 val_agree=100.00% | test_acc=76.12% test_agree=89.61%
Epoch 012 | train=0.1120 (ce=0.0381, kd=0.0706, feat=2.1037) | val_acc=100.00% val_f1=1.0000 val_agree=100.00% | test_acc=77.25% test_agree=89.61%
Epoch 013 | train=0.0869 (ce=0.0293, kd=0.0550, feat=2.0997) | val_acc=100.00% val_f1=1.0000 val_agree=100.00% | test_acc=74.16% test_agree=87.64%
Epoch 014 | train=0.1008 (ce=0.0391, kd=0.0596, feat=2.1075) | val_acc=100.00% val_f1=1.0000 val_agree=100.00% | test_acc=73.31% test_agree=87.92%
Epoch 015 | train=0.0850 (ce=0.0318, kd=0.0513, feat=2.1135) | val_acc=100.00% val_f1=1.0000 val_agree=100.00% | test_acc=73.88% test_agree=88.48%
Epoch 016 | train=0.0993 (ce=0.0378, kd=0.0593, feat=2.1075) | val_acc=100.00% val_f1=1.0000 val_agree=100.00% | test_acc=75.84% test_agree=88.76%
Epoch 017 | train=0.0790 (ce=0.0293, kd=0.0478, feat=2.1112) | val_acc=100.00% val_f1=1.0000 val_agree=100.00% | test_acc=74.16% test_agree=87.64%
Epoch 018 | train=0.0948 (ce=0.0359, kd=0.0569, feat=2.1060) | val_acc=100.00% val_f1=1.0000 val_agree=100.00% | test_acc=75.00% test_agree=87.92%
Epoch 019 | train=0.0742 (ce=0.0268, kd=0.0455, feat=2.1164) | val_acc=100.00% val_f1=1.0000 val_agree=100.00% | test_acc=75.56% test_agree=88.48%
Epoch 020 | train=0.0812 (ce=0.0317, kd=0.0479, feat=2.1095) | val_acc=99.43% val_f1=0.9943 val_agree=99.43% | test_acc=76.40% test_agree=89.33%
Epoch 021 | train=0.0798 (ce=0.0289, kd=0.0489, feat=2.1224) | val_acc=100.00% val_f1=1.0000 val_agree=100.00% | test_acc=74.44% test_agree=88.48%
Epoch 022 | train=0.0846 (ce=0.0333, kd=0.0497, feat=2.1179) | val_acc=100.00% val_f1=1.0000 val_agree=100.00% | test_acc=75.00% test_agree=88.48%
Epoch 023 | train=0.0829 (ce=0.0326, kd=0.0487, feat=2.1180) | val_acc=100.00% val_f1=1.0000 val_agree=100.00% | test_acc=73.03% test_agree=87.08%
Epoch 024 | train=0.0739 (ce=0.0277, kd=0.0444, feat=2.1137) | val_acc=100.00% val_f1=1.0000 val_agree=100.00% | test_acc=73.03% test_agree=86.52%
Epoch 025 | train=0.0989 (ce=0.0374, kd=0.0593, feat=2.1210) | val_acc=100.00% val_f1=1.0000 val_agree=100.00% | test_acc=70.51% test_agree=85.11%
Epoch 026 | train=0.0760 (ce=0.0302, kd=0.0444, feat=2.1224) | val_acc=100.00% val_f1=1.0000 val_agree=100.00% | test_acc=76.69% test_agree=89.61%
Epoch 027 | train=0.0744 (ce=0.0288, kd=0.0441, feat=2.1170) | val_acc=100.00% val_f1=1.0000 val_agree=100.00% | test_acc=75.28% test_agree=88.20%
Early stopping at epoch 27 (best epoch 11, score=1.000000)
================================================================================
Best epoch: 11
Best score (val_macro_f1): 1.000000
Final test accuracy: 76.12%
Final test teacher agreement: 89.61%
Saved to: /home/huang_kai/wind_turbine_phm/PHOENIX-main/autoencoder_benchmark/ablation_experiments/h1/results/comparison_18d_baselines/teacher_student_reference/student_h1_strict_valf1_20260522/stage4/stage4_s3_s2_s1_l4_o3_c6_r1/distill_tcn_attn_weld_seam_windows_ws5_tf75_pg0_h1_ep80_lr0.0002_bs128_T2.0_lce0.9_lkd1.1_lf0.0_seed21
