================================================================================
Frozen-Teacher Distillation (13D Student)
================================================================================
Dataset: /home/huang_kai/wind_turbine_phm/PHOENIX-main/autoencoder_benchmark/Data/processed_data/weld_seam_windows_ws5_tf75_pg0_h1.npz
Teacher ckpt: /home/huang_kai/wind_turbine_phm/PHOENIX-main/autoencoder_benchmark/outputs/teacher_h1_forecast_95/runs/single_tcn_attn_weld_seam_windows_ws5_tf75_pg0_h1_ep80_lr0.0003_bs128_k3_l2_d0.1_lat64_wd0.0005_seed183/best_single_tcn.pth
Teacher run args: /home/huang_kai/wind_turbine_phm/PHOENIX-main/autoencoder_benchmark/outputs/teacher_h1_forecast_95/runs/single_tcn_attn_weld_seam_windows_ws5_tf75_pg0_h1_ep80_lr0.0003_bs128_k3_l2_d0.1_lat64_wd0.0005_seed183/run_args.json
Device: cuda
Train/Val/Test: 990 / 175 / 356
Input full/subset dims: 18 / 13
Dropped feature indices: [3, 4, 5, 6, 7]
Temperature: 2.0
Loss weights (ce/kd/feat): 0.9 / 1.1 / 0.0
Checkpoint metric: val_macro_f1
Class weights: [1.4732142686843872, 1.3807531595230103, 0.626185953617096]
Epoch 001 | train=3.1935 (ce=1.1088, kd=1.9960, feat=1.9935) | val_acc=42.29% val_f1=0.3119 val_agree=42.29% | test_acc=39.33% test_agree=34.27%
Epoch 002 | train=3.0104 (ce=1.0390, kd=1.8866, feat=2.0088) | val_acc=65.71% val_f1=0.5181 val_agree=65.71% | test_acc=72.75% test_agree=64.33%
Epoch 003 | train=2.6923 (ce=0.9088, kd=1.7040, feat=2.0230) | val_acc=78.29% val_f1=0.6592 val_agree=78.29% | test_acc=85.96% test_agree=80.34%
Epoch 004 | train=2.5042 (ce=0.8460, kd=1.5844, feat=2.0473) | val_acc=84.57% val_f1=0.7666 val_agree=84.57% | test_acc=88.48% test_agree=83.71%
Epoch 005 | train=2.2426 (ce=0.7535, kd=1.4222, feat=2.0602) | val_acc=88.00% val_f1=0.8275 val_agree=88.00% | test_acc=89.04% test_agree=85.11%
Epoch 006 | train=2.0521 (ce=0.6807, kd=1.3086, feat=2.1101) | val_acc=90.86% val_f1=0.8738 val_agree=90.86% | test_acc=87.92% test_agree=84.55%
Epoch 007 | train=1.8134 (ce=0.6040, kd=1.1543, feat=2.1214) | val_acc=91.43% val_f1=0.8836 val_agree=91.43% | test_acc=88.76% test_agree=84.83%
Epoch 008 | train=1.6777 (ce=0.5707, kd=1.0583, feat=2.1357) | val_acc=90.86% val_f1=0.8781 val_agree=90.86% | test_acc=91.29% test_agree=86.80%
Epoch 009 | train=1.4263 (ce=0.4799, kd=0.9040, feat=2.1498) | val_acc=93.71% val_f1=0.9191 val_agree=93.71% | test_acc=92.70% test_agree=87.64%
Epoch 010 | train=1.3432 (ce=0.4443, kd=0.8575, feat=2.1722) | val_acc=95.43% val_f1=0.9439 val_agree=95.43% | test_acc=92.42% test_agree=86.80%
Epoch 011 | train=1.1442 (ce=0.3695, kd=0.7379, feat=2.2077) | val_acc=97.71% val_f1=0.9723 val_agree=97.71% | test_acc=92.98% test_agree=85.67%
Epoch 012 | train=1.0224 (ce=0.3368, kd=0.6539, feat=2.1980) | val_acc=98.29% val_f1=0.9803 val_agree=98.29% | test_acc=91.01% test_agree=87.08%
Epoch 013 | train=0.9033 (ce=0.2894, kd=0.5844, feat=2.2084) | val_acc=98.86% val_f1=0.9859 val_agree=98.86% | test_acc=88.76% test_agree=88.20%
Epoch 014 | train=0.8205 (ce=0.2608, kd=0.5325, feat=2.2312) | val_acc=98.29% val_f1=0.9803 val_agree=98.29% | test_acc=90.73% test_agree=89.61%
Epoch 015 | train=0.6769 (ce=0.2117, kd=0.4422, feat=2.2271) | val_acc=98.29% val_f1=0.9803 val_agree=98.29% | test_acc=91.01% test_agree=91.01%
Epoch 016 | train=0.6141 (ce=0.1955, kd=0.3983, feat=2.2474) | val_acc=98.29% val_f1=0.9803 val_agree=98.29% | test_acc=89.04% test_agree=94.10%
Epoch 017 | train=0.5274 (ce=0.1623, kd=0.3466, feat=2.2494) | val_acc=97.71% val_f1=0.9747 val_agree=97.71% | test_acc=86.80% test_agree=92.42%
Epoch 018 | train=0.4535 (ce=0.1394, kd=0.2982, feat=2.2686) | val_acc=98.29% val_f1=0.9803 val_agree=98.29% | test_acc=89.04% test_agree=94.66%
Epoch 019 | train=0.4350 (ce=0.1324, kd=0.2872, feat=2.2821) | val_acc=98.86% val_f1=0.9859 val_agree=98.86% | test_acc=87.08% test_agree=93.26%
Epoch 020 | train=0.4025 (ce=0.1244, kd=0.2641, feat=2.2811) | val_acc=98.29% val_f1=0.9803 val_agree=98.29% | test_acc=87.08% test_agree=92.70%
Epoch 021 | train=0.3862 (ce=0.1216, kd=0.2516, feat=2.2977) | val_acc=97.71% val_f1=0.9747 val_agree=97.71% | test_acc=87.92% test_agree=92.98%
Epoch 022 | train=0.3143 (ce=0.0962, kd=0.2070, feat=2.2945) | val_acc=97.71% val_f1=0.9747 val_agree=97.71% | test_acc=85.67% test_agree=91.85%
Epoch 023 | train=0.3327 (ce=0.1044, kd=0.2171, feat=2.3157) | val_acc=97.71% val_f1=0.9747 val_agree=97.71% | test_acc=88.20% test_agree=93.26%
Epoch 024 | train=0.2850 (ce=0.0875, kd=0.1875, feat=2.3128) | val_acc=98.29% val_f1=0.9807 val_agree=98.29% | test_acc=85.96% test_agree=92.13%
Epoch 025 | train=0.3004 (ce=0.0938, kd=0.1963, feat=2.3263) | val_acc=99.43% val_f1=0.9919 val_agree=99.43% | test_acc=84.83% test_agree=92.70%
Epoch 026 | train=0.2566 (ce=0.0785, kd=0.1691, feat=2.3227) | val_acc=98.29% val_f1=0.9807 val_agree=98.29% | test_acc=85.67% test_agree=92.42%
Epoch 027 | train=0.2325 (ce=0.0690, kd=0.1549, feat=2.3337) | val_acc=98.86% val_f1=0.9862 val_agree=98.86% | test_acc=83.71% test_agree=94.38%
Epoch 028 | train=0.2417 (ce=0.0687, kd=0.1635, feat=2.3333) | val_acc=99.43% val_f1=0.9919 val_agree=99.43% | test_acc=83.99% test_agree=93.54%
Epoch 029 | train=0.2072 (ce=0.0605, kd=0.1389, feat=2.3300) | val_acc=98.86% val_f1=0.9862 val_agree=98.86% | test_acc=85.67% test_agree=91.85%
Epoch 030 | train=0.1989 (ce=0.0598, kd=0.1318, feat=2.3279) | val_acc=99.43% val_f1=0.9919 val_agree=99.43% | test_acc=85.39% test_agree=92.70%
Epoch 031 | train=0.2095 (ce=0.0610, kd=0.1405, feat=2.3317) | val_acc=98.86% val_f1=0.9862 val_agree=98.86% | test_acc=85.96% test_agree=92.13%
Epoch 032 | train=0.2044 (ce=0.0617, kd=0.1354, feat=2.3384) | val_acc=99.43% val_f1=0.9919 val_agree=99.43% | test_acc=83.43% test_agree=93.54%
Epoch 033 | train=0.1947 (ce=0.0594, kd=0.1284, feat=2.3372) | val_acc=98.86% val_f1=0.9862 val_agree=98.86% | test_acc=83.99% test_agree=92.42%
Epoch 034 | train=0.1879 (ce=0.0530, kd=0.1275, feat=2.3352) | val_acc=99.43% val_f1=0.9919 val_agree=99.43% | test_acc=82.58% test_agree=93.82%
Epoch 035 | train=0.1963 (ce=0.0583, kd=0.1308, feat=2.3528) | val_acc=99.43% val_f1=0.9919 val_agree=99.43% | test_acc=83.15% test_agree=93.82%
Epoch 036 | train=0.2017 (ce=0.0581, kd=0.1358, feat=2.3342) | val_acc=99.43% val_f1=0.9919 val_agree=99.43% | test_acc=82.58% test_agree=93.82%
Epoch 037 | train=0.1715 (ce=0.0491, kd=0.1158, feat=2.3555) | val_acc=99.43% val_f1=0.9919 val_agree=99.43% | test_acc=82.58% test_agree=93.82%
Epoch 038 | train=0.1696 (ce=0.0512, kd=0.1123, feat=2.3262) | val_acc=99.43% val_f1=0.9919 val_agree=99.43% | test_acc=80.90% test_agree=92.70%
Epoch 039 | train=0.1716 (ce=0.0512, kd=0.1141, feat=2.3511) | val_acc=99.43% val_f1=0.9919 val_agree=99.43% | test_acc=82.58% test_agree=93.26%
Epoch 040 | train=0.1849 (ce=0.0525, kd=0.1251, feat=2.3625) | val_acc=99.43% val_f1=0.9919 val_agree=99.43% | test_acc=84.55% test_agree=94.10%
Epoch 041 | train=0.1752 (ce=0.0507, kd=0.1178, feat=2.3463) | val_acc=98.86% val_f1=0.9862 val_agree=98.86% | test_acc=82.87% test_agree=91.85%
Early stopping at epoch 41 (best epoch 25, score=0.991859)
================================================================================
Best epoch: 25
Best score (val_macro_f1): 0.991859
Final test accuracy: 84.83%
Final test teacher agreement: 92.70%
Saved to: /home/huang_kai/wind_turbine_phm/PHOENIX-main/autoencoder_benchmark/ablation_experiments/h1/results/comparison_18d_baselines/teacher_student_reference/student_h1_strict_valf1_20260522/stage4/stage4_s3_s2_s1_l4_o1_c2_r1/distill_tcn_attn_weld_seam_windows_ws5_tf75_pg0_h1_ep80_lr0.0001_bs128_T2.0_lce0.9_lkd1.1_lf0.0_seed122
