================================================================================
Frozen-Teacher Distillation (13D Student)
================================================================================
Dataset: /home/huang_kai/wind_turbine_phm/PHOENIX-main/autoencoder_benchmark/Data/processed_data/weld_seam_windows_ws5_tf75_pg0_h1.npz
Teacher ckpt: /home/huang_kai/wind_turbine_phm/PHOENIX-main/autoencoder_benchmark/outputs/teacher_h1_forecast_95/runs/single_tcn_attn_weld_seam_windows_ws5_tf75_pg0_h1_ep80_lr0.0003_bs128_k3_l2_d0.1_lat64_wd0.0005_seed183/best_single_tcn.pth
Teacher run args: /home/huang_kai/wind_turbine_phm/PHOENIX-main/autoencoder_benchmark/outputs/teacher_h1_forecast_95/runs/single_tcn_attn_weld_seam_windows_ws5_tf75_pg0_h1_ep80_lr0.0003_bs128_k3_l2_d0.1_lat64_wd0.0005_seed183/run_args.json
Device: cuda
Train/Val/Test: 990 / 175 / 356
Input full/subset dims: 18 / 13
Dropped feature indices: [3, 4, 5, 6, 7]
Temperature: 2.5
Loss weights (ce/kd/feat): 1.0 / 1.0 / 0.1
Checkpoint metric: val_macro_f1
Class weights: [1.4732142686843872, 1.3807531595230103, 0.626185953617096]
Epoch 001 | train=3.6549 (ce=1.1677, kd=2.2917, feat=1.9544) | val_acc=59.43% val_f1=0.4802 val_agree=59.43% | test_acc=60.39% test_agree=64.33%
Epoch 002 | train=3.2938 (ce=1.0287, kd=2.0704, feat=1.9483) | val_acc=89.14% val_f1=0.8587 val_agree=89.14% | test_acc=61.52% test_agree=75.28%
Epoch 003 | train=2.9034 (ce=0.8616, kd=1.8454, feat=1.9647) | val_acc=94.29% val_f1=0.9345 val_agree=94.29% | test_acc=60.67% test_agree=73.60%
Epoch 004 | train=2.5791 (ce=0.7499, kd=1.6304, feat=1.9877) | val_acc=96.00% val_f1=0.9572 val_agree=96.00% | test_acc=67.98% test_agree=76.97%
Epoch 005 | train=2.2463 (ce=0.6225, kd=1.4235, feat=2.0037) | val_acc=97.14% val_f1=0.9713 val_agree=97.14% | test_acc=72.47% test_agree=82.02%
Epoch 006 | train=1.8383 (ce=0.5097, kd=1.1244, feat=2.0417) | val_acc=97.14% val_f1=0.9713 val_agree=97.14% | test_acc=79.21% test_agree=83.15%
Epoch 007 | train=1.5561 (ce=0.4098, kd=0.9403, feat=2.0605) | val_acc=97.71% val_f1=0.9772 val_agree=97.71% | test_acc=82.02% test_agree=84.83%
Epoch 008 | train=1.3213 (ce=0.3392, kd=0.7743, feat=2.0776) | val_acc=97.71% val_f1=0.9772 val_agree=97.71% | test_acc=81.74% test_agree=86.24%
Epoch 009 | train=1.0489 (ce=0.2471, kd=0.5924, feat=2.0940) | val_acc=98.86% val_f1=0.9886 val_agree=98.86% | test_acc=83.99% test_agree=89.61%
Epoch 010 | train=0.9310 (ce=0.2098, kd=0.5115, feat=2.0970) | val_acc=98.86% val_f1=0.9886 val_agree=98.86% | test_acc=86.52% test_agree=92.70%
Epoch 011 | train=0.7787 (ce=0.1660, kd=0.4037, feat=2.0894) | val_acc=98.86% val_f1=0.9886 val_agree=98.86% | test_acc=86.80% test_agree=92.42%
Epoch 012 | train=0.6952 (ce=0.1433, kd=0.3453, feat=2.0662) | val_acc=98.29% val_f1=0.9830 val_agree=98.29% | test_acc=86.24% test_agree=91.29%
Epoch 013 | train=0.6228 (ce=0.1190, kd=0.2993, feat=2.0448) | val_acc=98.86% val_f1=0.9886 val_agree=98.86% | test_acc=81.74% test_agree=90.73%
Epoch 014 | train=0.5725 (ce=0.1034, kd=0.2666, feat=2.0256) | val_acc=100.00% val_f1=1.0000 val_agree=100.00% | test_acc=81.18% test_agree=90.73%
Epoch 015 | train=0.5470 (ce=0.0962, kd=0.2502, feat=2.0068) | val_acc=98.29% val_f1=0.9830 val_agree=98.29% | test_acc=83.43% test_agree=89.61%
Epoch 016 | train=0.5185 (ce=0.0909, kd=0.2292, feat=1.9838) | val_acc=98.86% val_f1=0.9886 val_agree=98.86% | test_acc=85.39% test_agree=90.45%
Epoch 017 | train=0.4510 (ce=0.0670, kd=0.1890, feat=1.9502) | val_acc=98.86% val_f1=0.9886 val_agree=98.86% | test_acc=84.27% test_agree=91.57%
Epoch 018 | train=0.4551 (ce=0.0727, kd=0.1919, feat=1.9045) | val_acc=98.86% val_f1=0.9886 val_agree=98.86% | test_acc=82.58% test_agree=90.45%
Epoch 019 | train=0.4053 (ce=0.0578, kd=0.1601, feat=1.8741) | val_acc=98.86% val_f1=0.9886 val_agree=98.86% | test_acc=82.58% test_agree=90.45%
Epoch 020 | train=0.4005 (ce=0.0576, kd=0.1579, feat=1.8492) | val_acc=98.86% val_f1=0.9886 val_agree=98.86% | test_acc=81.46% test_agree=89.89%
Epoch 021 | train=0.3878 (ce=0.0508, kd=0.1549, feat=1.8199) | val_acc=99.43% val_f1=0.9943 val_agree=99.43% | test_acc=81.46% test_agree=89.89%
Epoch 022 | train=0.3977 (ce=0.0550, kd=0.1643, feat=1.7841) | val_acc=99.43% val_f1=0.9943 val_agree=99.43% | test_acc=85.39% test_agree=90.45%
Epoch 023 | train=0.3731 (ce=0.0481, kd=0.1491, feat=1.7590) | val_acc=99.43% val_f1=0.9943 val_agree=99.43% | test_acc=84.27% test_agree=90.45%
Epoch 024 | train=0.3781 (ce=0.0546, kd=0.1517, feat=1.7172) | val_acc=99.43% val_f1=0.9943 val_agree=99.43% | test_acc=80.06% test_agree=89.61%
Epoch 025 | train=0.3878 (ce=0.0563, kd=0.1618, feat=1.6979) | val_acc=99.43% val_f1=0.9943 val_agree=99.43% | test_acc=80.90% test_agree=90.45%
Epoch 026 | train=0.3877 (ce=0.0598, kd=0.1617, feat=1.6625) | val_acc=100.00% val_f1=1.0000 val_agree=100.00% | test_acc=78.65% test_agree=90.45%
Epoch 027 | train=0.4082 (ce=0.0650, kd=0.1789, feat=1.6434) | val_acc=100.00% val_f1=1.0000 val_agree=100.00% | test_acc=74.44% test_agree=86.80%
Epoch 028 | train=0.3490 (ce=0.0454, kd=0.1421, feat=1.6145) | val_acc=98.86% val_f1=0.9886 val_agree=98.86% | test_acc=78.09% test_agree=86.52%
Epoch 029 | train=0.3765 (ce=0.0551, kd=0.1614, feat=1.6006) | val_acc=98.86% val_f1=0.9886 val_agree=98.86% | test_acc=81.74% test_agree=88.48%
Epoch 030 | train=0.3547 (ce=0.0520, kd=0.1463, feat=1.5632) | val_acc=98.86% val_f1=0.9886 val_agree=98.86% | test_acc=84.83% test_agree=89.89%
Early stopping at epoch 30 (best epoch 14, score=1.000000)
================================================================================
Best epoch: 14
Best score (val_macro_f1): 1.000000
Final test accuracy: 81.18%
Final test teacher agreement: 90.73%
Saved to: /home/huang_kai/wind_turbine_phm/PHOENIX-main/autoencoder_benchmark/ablation_experiments/h1/results/comparison_18d_baselines/teacher_student_reference/student_h1_strict_valf1_20260522/stage2/s2_s1_l1_o1_c2/distill_tcn_attn_weld_seam_windows_ws5_tf75_pg0_h1_ep80_lr0.00015_bs128_T2.5_lce1.0_lkd1.0_lf0.1_seed14
