================================================================================
Frozen-Teacher Distillation (13D Student)
================================================================================
Dataset: /home/huang_kai/wind_turbine_phm/PHOENIX-main/autoencoder_benchmark/Data/processed_data/weld_seam_windows_ws5_tf75_pg0_h1.npz
Teacher ckpt: /home/huang_kai/wind_turbine_phm/PHOENIX-main/autoencoder_benchmark/outputs/teacher_h1_forecast_95/runs/single_tcn_attn_weld_seam_windows_ws5_tf75_pg0_h1_ep80_lr0.0003_bs128_k3_l2_d0.1_lat64_wd0.0005_seed183/best_single_tcn.pth
Teacher run args: /home/huang_kai/wind_turbine_phm/PHOENIX-main/autoencoder_benchmark/outputs/teacher_h1_forecast_95/runs/single_tcn_attn_weld_seam_windows_ws5_tf75_pg0_h1_ep80_lr0.0003_bs128_k3_l2_d0.1_lat64_wd0.0005_seed183/run_args.json
Device: cuda
Train/Val/Test: 990 / 175 / 356
Input full/subset dims: 18 / 13
Dropped feature indices: [3, 4, 5, 6, 7]
Temperature: 3.5
Loss weights (ce/kd/feat): 0.7 / 1.4 / 0.3
Checkpoint metric: val_macro_f1
Class weights: [1.4732142686843872, 1.3807531595230103, 0.626185953617096]
Epoch 001 | train=4.8249 (ce=1.1394, kd=2.4604, feat=1.9423) | val_acc=74.29% val_f1=0.6732 val_agree=74.29% | test_acc=60.67% test_agree=67.70%
Epoch 002 | train=4.2468 (ce=0.9591, kd=2.1467, feat=1.8999) | val_acc=91.43% val_f1=0.8925 val_agree=91.43% | test_acc=63.20% test_agree=77.25%
Epoch 003 | train=3.6546 (ce=0.7552, kd=1.8285, feat=1.8869) | val_acc=95.43% val_f1=0.9469 val_agree=95.43% | test_acc=68.26% test_agree=80.06%
Epoch 004 | train=3.0814 (ce=0.6062, kd=1.4931, feat=1.8892) | val_acc=96.57% val_f1=0.9632 val_agree=96.57% | test_acc=78.09% test_agree=80.90%
Epoch 005 | train=2.5577 (ce=0.4528, kd=1.1969, feat=1.8838) | val_acc=97.71% val_f1=0.9772 val_agree=97.71% | test_acc=82.58% test_agree=87.08%
Epoch 006 | train=2.0204 (ce=0.3447, kd=0.8656, feat=1.8909) | val_acc=98.29% val_f1=0.9830 val_agree=98.29% | test_acc=85.39% test_agree=87.64%
Epoch 007 | train=1.6882 (ce=0.2569, kd=0.6803, feat=1.8534) | val_acc=98.86% val_f1=0.9886 val_agree=98.86% | test_acc=86.52% test_agree=89.33%
Epoch 008 | train=1.4429 (ce=0.2022, kd=0.5404, feat=1.8165) | val_acc=98.86% val_f1=0.9886 val_agree=98.86% | test_acc=85.67% test_agree=91.29%
Epoch 009 | train=1.1599 (ce=0.1332, kd=0.3827, feat=1.7694) | val_acc=98.86% val_f1=0.9886 val_agree=98.86% | test_acc=84.83% test_agree=92.13%
Epoch 010 | train=1.0641 (ce=0.1145, kd=0.3362, feat=1.7112) | val_acc=98.29% val_f1=0.9830 val_agree=98.29% | test_acc=82.58% test_agree=90.45%
Epoch 011 | train=0.9366 (ce=0.0933, kd=0.2737, feat=1.6270) | val_acc=98.29% val_f1=0.9830 val_agree=98.29% | test_acc=81.74% test_agree=89.61%
Epoch 012 | train=0.8730 (ce=0.0863, kd=0.2527, feat=1.5294) | val_acc=98.86% val_f1=0.9886 val_agree=98.86% | test_acc=81.18% test_agree=89.04%
Epoch 013 | train=0.8071 (ce=0.0725, kd=0.2276, feat=1.4590) | val_acc=100.00% val_f1=1.0000 val_agree=100.00% | test_acc=77.25% test_agree=89.61%
Epoch 014 | train=0.7568 (ce=0.0641, kd=0.2110, feat=1.3886) | val_acc=98.86% val_f1=0.9886 val_agree=98.86% | test_acc=78.37% test_agree=89.61%
Epoch 015 | train=0.7427 (ce=0.0667, kd=0.2160, feat=1.3122) | val_acc=98.86% val_f1=0.9886 val_agree=98.86% | test_acc=82.02% test_agree=89.89%
Epoch 016 | train=0.7175 (ce=0.0693, kd=0.2115, feat=1.2429) | val_acc=98.86% val_f1=0.9886 val_agree=98.86% | test_acc=83.99% test_agree=90.73%
Epoch 017 | train=0.6438 (ce=0.0546, kd=0.1851, feat=1.1549) | val_acc=100.00% val_f1=1.0000 val_agree=100.00% | test_acc=82.58% test_agree=90.45%
Epoch 018 | train=0.6310 (ce=0.0583, kd=0.1897, feat=1.0819) | val_acc=100.00% val_f1=1.0000 val_agree=100.00% | test_acc=82.30% test_agree=90.73%
Epoch 019 | train=0.5822 (ce=0.0530, kd=0.1695, feat=1.0258) | val_acc=98.86% val_f1=0.9886 val_agree=98.86% | test_acc=82.30% test_agree=90.73%
Epoch 020 | train=0.5654 (ce=0.0533, kd=0.1652, feat=0.9891) | val_acc=99.43% val_f1=0.9943 val_agree=99.43% | test_acc=81.46% test_agree=89.89%
Epoch 021 | train=0.5466 (ce=0.0481, kd=0.1642, feat=0.9434) | val_acc=100.00% val_f1=1.0000 val_agree=100.00% | test_acc=82.58% test_agree=91.01%
Epoch 022 | train=0.5506 (ce=0.0540, kd=0.1758, feat=0.8889) | val_acc=100.00% val_f1=1.0000 val_agree=100.00% | test_acc=83.43% test_agree=91.29%
Epoch 023 | train=0.5179 (ce=0.0495, kd=0.1635, feat=0.8481) | val_acc=100.00% val_f1=1.0000 val_agree=100.00% | test_acc=81.46% test_agree=89.89%
Epoch 024 | train=0.5171 (ce=0.0559, kd=0.1696, feat=0.8018) | val_acc=100.00% val_f1=1.0000 val_agree=100.00% | test_acc=77.81% test_agree=87.92%
Epoch 025 | train=0.5250 (ce=0.0559, kd=0.1812, feat=0.7739) | val_acc=100.00% val_f1=1.0000 val_agree=100.00% | test_acc=78.65% test_agree=88.76%
Epoch 026 | train=0.5141 (ce=0.0578, kd=0.1785, feat=0.7459) | val_acc=100.00% val_f1=1.0000 val_agree=100.00% | test_acc=76.12% test_agree=88.48%
Epoch 027 | train=0.5185 (ce=0.0575, kd=0.1852, feat=0.7298) | val_acc=100.00% val_f1=1.0000 val_agree=100.00% | test_acc=73.60% test_agree=86.52%
Epoch 028 | train=0.4683 (ce=0.0468, kd=0.1630, feat=0.6911) | val_acc=98.86% val_f1=0.9886 val_agree=98.86% | test_acc=77.81% test_agree=86.24%
Epoch 029 | train=0.4952 (ce=0.0553, kd=0.1817, feat=0.6737) | val_acc=98.86% val_f1=0.9886 val_agree=98.86% | test_acc=81.46% test_agree=87.64%
Early stopping at epoch 29 (best epoch 13, score=1.000000)
================================================================================
Best epoch: 13
Best score (val_macro_f1): 1.000000
Final test accuracy: 77.25%
Final test teacher agreement: 89.61%
Saved to: /home/huang_kai/wind_turbine_phm/PHOENIX-main/autoencoder_benchmark/ablation_experiments/h1/results/comparison_18d_baselines/teacher_student_reference/student_h1_strict_valf1_20260522/stage1/s1_l3_o2/distill_tcn_attn_weld_seam_windows_ws5_tf75_pg0_h1_ep80_lr0.0002_bs128_T3.5_lce0.7_lkd1.4_lf0.3_seed14
