================================================================================
Frozen-Teacher Distillation (13D Student)
================================================================================
Dataset: /home/huang_kai/wind_turbine_phm/PHOENIX-main/autoencoder_benchmark/Data/processed_data/weld_seam_windows_ws5_tf75_pg0_h1.npz
Teacher ckpt: /home/huang_kai/wind_turbine_phm/PHOENIX-main/autoencoder_benchmark/outputs/teacher_h1_forecast_95/runs/single_tcn_attn_weld_seam_windows_ws5_tf75_pg0_h1_ep80_lr0.0003_bs128_k3_l2_d0.1_lat64_wd0.0005_seed183/best_single_tcn.pth
Teacher run args: /home/huang_kai/wind_turbine_phm/PHOENIX-main/autoencoder_benchmark/outputs/teacher_h1_forecast_95/runs/single_tcn_attn_weld_seam_windows_ws5_tf75_pg0_h1_ep80_lr0.0003_bs128_k3_l2_d0.1_lat64_wd0.0005_seed183/run_args.json
Device: cuda
Train/Val/Test: 990 / 175 / 356
Input full/subset dims: 18 / 13
Dropped feature indices: [3, 4, 5, 6, 7]
Temperature: 2.5
Loss weights (ce/kd/feat): 1.0 / 1.1 / 0.2
Checkpoint metric: val_macro_f1
Class weights: [1.4732142686843872, 1.3807531595230103, 0.626185953617096]
Epoch 001 | train=4.0723 (ce=1.1658, kd=2.2878, feat=1.9496) | val_acc=58.86% val_f1=0.4699 val_agree=58.86% | test_acc=60.11% test_agree=64.33%
Epoch 002 | train=3.6821 (ce=1.0271, kd=2.0637, feat=1.9245) | val_acc=89.14% val_f1=0.8587 val_agree=89.14% | test_acc=60.67% test_agree=74.16%
Epoch 003 | train=3.2444 (ce=0.8513, kd=1.8260, feat=1.9222) | val_acc=94.29% val_f1=0.9345 val_agree=94.29% | test_acc=62.92% test_agree=75.84%
Epoch 004 | train=2.8701 (ce=0.7309, kd=1.5941, feat=1.9285) | val_acc=96.00% val_f1=0.9572 val_agree=96.00% | test_acc=69.94% test_agree=77.81%
Epoch 005 | train=2.5094 (ce=0.6018, kd=1.3835, feat=1.9287) | val_acc=97.14% val_f1=0.9713 val_agree=97.14% | test_acc=76.12% test_agree=83.43%
Epoch 006 | train=2.0692 (ce=0.4875, kd=1.0837, feat=1.9480) | val_acc=98.29% val_f1=0.9830 val_agree=98.29% | test_acc=80.62% test_agree=84.55%
Epoch 007 | train=1.7758 (ce=0.3917, kd=0.9050, feat=1.9433) | val_acc=98.29% val_f1=0.9830 val_agree=98.29% | test_acc=84.27% test_agree=85.96%
Epoch 008 | train=1.5336 (ce=0.3245, kd=0.7460, feat=1.9425) | val_acc=98.29% val_f1=0.9830 val_agree=98.29% | test_acc=84.55% test_agree=88.48%
Epoch 009 | train=1.2461 (ce=0.2342, kd=0.5673, feat=1.9393) | val_acc=98.86% val_f1=0.9886 val_agree=98.86% | test_acc=86.24% test_agree=90.73%
Epoch 010 | train=1.1159 (ce=0.1971, kd=0.4855, feat=1.9238) | val_acc=98.86% val_f1=0.9886 val_agree=98.86% | test_acc=86.52% test_agree=92.70%
Epoch 011 | train=0.9540 (ce=0.1556, kd=0.3817, feat=1.8926) | val_acc=98.29% val_f1=0.9830 val_agree=98.29% | test_acc=87.08% test_agree=91.57%
Epoch 012 | train=0.8650 (ce=0.1356, kd=0.3271, feat=1.8476) | val_acc=97.71% val_f1=0.9775 val_agree=97.71% | test_acc=86.80% test_agree=90.73%
Epoch 013 | train=0.7856 (ce=0.1122, kd=0.2832, feat=1.8097) | val_acc=98.86% val_f1=0.9886 val_agree=98.86% | test_acc=81.46% test_agree=90.45%
Epoch 014 | train=0.7296 (ce=0.0978, kd=0.2525, feat=1.7707) | val_acc=100.00% val_f1=1.0000 val_agree=100.00% | test_acc=81.46% test_agree=90.45%
Epoch 015 | train=0.6873 (ce=0.0884, kd=0.2305, feat=1.7268) | val_acc=98.29% val_f1=0.9830 val_agree=98.29% | test_acc=83.15% test_agree=89.89%
Epoch 016 | train=0.6551 (ce=0.0845, kd=0.2126, feat=1.6840) | val_acc=98.86% val_f1=0.9886 val_agree=98.86% | test_acc=85.39% test_agree=90.45%
Epoch 017 | train=0.5843 (ce=0.0637, kd=0.1781, feat=1.6230) | val_acc=98.86% val_f1=0.9886 val_agree=98.86% | test_acc=84.27% test_agree=91.01%
Epoch 018 | train=0.5753 (ce=0.0665, kd=0.1791, feat=1.5589) | val_acc=98.86% val_f1=0.9886 val_agree=98.86% | test_acc=81.18% test_agree=90.17%
Epoch 019 | train=0.5261 (ce=0.0564, kd=0.1534, feat=1.5051) | val_acc=98.86% val_f1=0.9886 val_agree=98.86% | test_acc=81.46% test_agree=89.89%
Epoch 020 | train=0.5223 (ce=0.0586, kd=0.1550, feat=1.4658) | val_acc=98.86% val_f1=0.9886 val_agree=98.86% | test_acc=81.46% test_agree=89.89%
Epoch 021 | train=0.4950 (ce=0.0498, kd=0.1460, feat=1.4232) | val_acc=98.86% val_f1=0.9886 val_agree=98.86% | test_acc=81.74% test_agree=89.61%
Epoch 022 | train=0.5024 (ce=0.0550, kd=0.1577, feat=1.3696) | val_acc=98.86% val_f1=0.9886 val_agree=98.86% | test_acc=84.27% test_agree=90.45%
Epoch 023 | train=0.4729 (ce=0.0490, kd=0.1435, feat=1.3300) | val_acc=99.43% val_f1=0.9943 val_agree=99.43% | test_acc=83.43% test_agree=90.17%
Epoch 024 | train=0.4756 (ce=0.0565, kd=0.1494, feat=1.2739) | val_acc=100.00% val_f1=1.0000 val_agree=100.00% | test_acc=79.78% test_agree=88.20%
Epoch 025 | train=0.4814 (ce=0.0570, kd=0.1592, feat=1.2462) | val_acc=100.00% val_f1=1.0000 val_agree=100.00% | test_acc=80.90% test_agree=89.33%
Epoch 026 | train=0.4718 (ce=0.0580, kd=0.1571, feat=1.2047) | val_acc=100.00% val_f1=1.0000 val_agree=100.00% | test_acc=78.09% test_agree=89.33%
Epoch 027 | train=0.4834 (ce=0.0607, kd=0.1702, feat=1.1779) | val_acc=100.00% val_f1=1.0000 val_agree=100.00% | test_acc=74.16% test_agree=87.08%
Epoch 028 | train=0.4268 (ce=0.0455, kd=0.1390, feat=1.1419) | val_acc=98.86% val_f1=0.9886 val_agree=98.86% | test_acc=78.09% test_agree=86.52%
Epoch 029 | train=0.4536 (ce=0.0551, kd=0.1583, feat=1.1215) | val_acc=98.86% val_f1=0.9886 val_agree=98.86% | test_acc=82.30% test_agree=87.36%
Epoch 030 | train=0.4227 (ce=0.0512, kd=0.1415, feat=1.0790) | val_acc=99.43% val_f1=0.9943 val_agree=99.43% | test_acc=84.55% test_agree=90.73%
Early stopping at epoch 30 (best epoch 14, score=1.000000)
================================================================================
Best epoch: 14
Best score (val_macro_f1): 1.000000
Final test accuracy: 81.46%
Final test teacher agreement: 90.45%
Saved to: /home/huang_kai/wind_turbine_phm/PHOENIX-main/autoencoder_benchmark/ablation_experiments/h1/results/comparison_18d_baselines/teacher_student_reference/student_h1_strict_valf1_20260522/stage3/s3_s2_s1_l1_o1_c0_r5/distill_tcn_attn_weld_seam_windows_ws5_tf75_pg0_h1_ep80_lr0.00015_bs128_T2.5_lce1.0_lkd1.1_lf0.2_seed14
