================================================================================
Frozen-Teacher Distillation (13D Student)
================================================================================
Dataset: /home/huang_kai/wind_turbine_phm/PHOENIX-main/autoencoder_benchmark/Data/processed_data/weld_seam_windows_ws5_tf75_pg0_h1.npz
Teacher ckpt: /home/huang_kai/wind_turbine_phm/PHOENIX-main/autoencoder_benchmark/outputs/teacher_h1_forecast_95/runs/single_tcn_attn_weld_seam_windows_ws5_tf75_pg0_h1_ep80_lr0.0003_bs128_k3_l2_d0.1_lat64_wd0.0005_seed183/best_single_tcn.pth
Teacher run args: /home/huang_kai/wind_turbine_phm/PHOENIX-main/autoencoder_benchmark/outputs/teacher_h1_forecast_95/runs/single_tcn_attn_weld_seam_windows_ws5_tf75_pg0_h1_ep80_lr0.0003_bs128_k3_l2_d0.1_lat64_wd0.0005_seed183/run_args.json
Device: cuda
Train/Val/Test: 990 / 175 / 356
Input full/subset dims: 18 / 13
Dropped feature indices: [3, 4, 5, 6, 7]
Temperature: 2.0
Loss weights (ce/kd/feat): 0.8 / 1.3 / 0.0
Checkpoint metric: val_macro_f1
Class weights: [1.4732142686843872, 1.3807531595230103, 0.626185953617096]
Epoch 001 | train=3.0784 (ce=0.9370, kd=1.7914, feat=1.9839) | val_acc=75.43% val_f1=0.7190 val_agree=75.43% | test_acc=53.93% test_agree=61.80%
Epoch 002 | train=2.2773 (ce=0.6828, kd=1.3316, feat=2.0178) | val_acc=95.43% val_f1=0.9479 val_agree=95.43% | test_acc=72.19% test_agree=82.87%
Epoch 003 | train=1.5385 (ce=0.4568, kd=0.9023, feat=2.0595) | val_acc=97.71% val_f1=0.9772 val_agree=97.71% | test_acc=82.58% test_agree=84.83%
Epoch 004 | train=0.9456 (ce=0.2815, kd=0.5542, feat=2.0781) | val_acc=98.86% val_f1=0.9886 val_agree=98.86% | test_acc=87.64% test_agree=88.76%
Epoch 005 | train=0.5689 (ce=0.1709, kd=0.3325, feat=2.1158) | val_acc=97.71% val_f1=0.9775 val_agree=97.71% | test_acc=86.52% test_agree=92.13%
Epoch 006 | train=0.2846 (ce=0.0892, kd=0.1641, feat=2.1229) | val_acc=98.29% val_f1=0.9830 val_agree=98.29% | test_acc=84.55% test_agree=90.73%
Epoch 007 | train=0.2545 (ce=0.0865, kd=0.1425, feat=2.1236) | val_acc=98.86% val_f1=0.9886 val_agree=98.86% | test_acc=83.71% test_agree=91.57%
Epoch 008 | train=0.1255 (ce=0.0407, kd=0.0715, feat=2.1330) | val_acc=99.43% val_f1=0.9943 val_agree=99.43% | test_acc=82.30% test_agree=91.29%
Epoch 009 | train=0.1283 (ce=0.0424, kd=0.0726, feat=2.1394) | val_acc=99.43% val_f1=0.9943 val_agree=99.43% | test_acc=79.21% test_agree=89.89%
Epoch 010 | train=0.1097 (ce=0.0386, kd=0.0606, feat=2.1085) | val_acc=98.86% val_f1=0.9886 val_agree=98.86% | test_acc=80.90% test_agree=90.45%
Epoch 011 | train=0.1012 (ce=0.0346, kd=0.0566, feat=2.1068) | val_acc=99.43% val_f1=0.9943 val_agree=99.43% | test_acc=81.46% test_agree=91.01%
Epoch 012 | train=0.0951 (ce=0.0352, kd=0.0515, feat=2.1034) | val_acc=99.43% val_f1=0.9943 val_agree=99.43% | test_acc=84.55% test_agree=91.29%
Epoch 013 | train=0.0812 (ce=0.0291, kd=0.0446, feat=2.1277) | val_acc=98.86% val_f1=0.9886 val_agree=98.86% | test_acc=83.99% test_agree=91.29%
Epoch 014 | train=0.0955 (ce=0.0333, kd=0.0529, feat=2.1330) | val_acc=98.86% val_f1=0.9886 val_agree=98.86% | test_acc=79.78% test_agree=89.89%
Epoch 015 | train=0.0877 (ce=0.0322, kd=0.0477, feat=2.1229) | val_acc=98.86% val_f1=0.9886 val_agree=98.86% | test_acc=84.27% test_agree=91.01%
Epoch 016 | train=0.0834 (ce=0.0307, kd=0.0453, feat=2.1196) | val_acc=100.00% val_f1=1.0000 val_agree=100.00% | test_acc=83.71% test_agree=91.01%
Epoch 017 | train=0.1015 (ce=0.0385, kd=0.0544, feat=2.1293) | val_acc=100.00% val_f1=1.0000 val_agree=100.00% | test_acc=83.15% test_agree=91.57%
Epoch 018 | train=0.0892 (ce=0.0343, kd=0.0475, feat=2.1182) | val_acc=100.00% val_f1=1.0000 val_agree=100.00% | test_acc=75.28% test_agree=87.08%
Epoch 019 | train=0.1002 (ce=0.0372, kd=0.0542, feat=2.1391) | val_acc=99.43% val_f1=0.9943 val_agree=99.43% | test_acc=75.84% test_agree=87.08%
Epoch 020 | train=0.0882 (ce=0.0331, kd=0.0475, feat=2.1273) | val_acc=99.43% val_f1=0.9943 val_agree=99.43% | test_acc=80.62% test_agree=90.17%
Epoch 021 | train=0.0847 (ce=0.0319, kd=0.0455, feat=2.1311) | val_acc=99.43% val_f1=0.9943 val_agree=99.43% | test_acc=86.52% test_agree=90.45%
Epoch 022 | train=0.0731 (ce=0.0270, kd=0.0396, feat=2.1358) | val_acc=100.00% val_f1=1.0000 val_agree=100.00% | test_acc=86.24% test_agree=90.17%
Epoch 023 | train=0.1029 (ce=0.0399, kd=0.0546, feat=2.1244) | val_acc=100.00% val_f1=1.0000 val_agree=100.00% | test_acc=84.83% test_agree=91.57%
Epoch 024 | train=0.0791 (ce=0.0301, kd=0.0423, feat=2.1357) | val_acc=99.43% val_f1=0.9943 val_agree=99.43% | test_acc=78.65% test_agree=89.33%
Epoch 025 | train=0.0834 (ce=0.0328, kd=0.0440, feat=2.1258) | val_acc=99.43% val_f1=0.9943 val_agree=99.43% | test_acc=75.84% test_agree=87.08%
Epoch 026 | train=0.0910 (ce=0.0350, kd=0.0484, feat=2.1244) | val_acc=100.00% val_f1=1.0000 val_agree=100.00% | test_acc=75.56% test_agree=87.36%
Epoch 027 | train=0.0770 (ce=0.0287, kd=0.0415, feat=2.1431) | val_acc=100.00% val_f1=1.0000 val_agree=100.00% | test_acc=72.75% test_agree=84.55%
Epoch 028 | train=0.0688 (ce=0.0266, kd=0.0365, feat=2.1421) | val_acc=100.00% val_f1=1.0000 val_agree=100.00% | test_acc=81.74% test_agree=90.73%
Epoch 029 | train=0.0702 (ce=0.0290, kd=0.0362, feat=2.1364) | val_acc=100.00% val_f1=1.0000 val_agree=100.00% | test_acc=81.74% test_agree=90.73%
Epoch 030 | train=0.0781 (ce=0.0304, kd=0.0414, feat=2.1529) | val_acc=100.00% val_f1=1.0000 val_agree=100.00% | test_acc=78.09% test_agree=87.64%
Epoch 031 | train=0.0733 (ce=0.0290, kd=0.0386, feat=2.1410) | val_acc=100.00% val_f1=1.0000 val_agree=100.00% | test_acc=77.25% test_agree=87.92%
Epoch 032 | train=0.0799 (ce=0.0323, kd=0.0416, feat=2.1267) | val_acc=100.00% val_f1=1.0000 val_agree=100.00% | test_acc=78.09% test_agree=88.20%
Early stopping at epoch 32 (best epoch 16, score=1.000000)
================================================================================
Best epoch: 16
Best score (val_macro_f1): 1.000000
Final test accuracy: 83.71%
Final test teacher agreement: 91.01%
Saved to: /home/huang_kai/wind_turbine_phm/PHOENIX-main/autoencoder_benchmark/ablation_experiments/h1/results/comparison_18d_baselines/teacher_student_reference/student_h1_strict_valf1_20260522/stage3/s3_s2_s1_l4_o3_c6_r4/distill_tcn_attn_weld_seam_windows_ws5_tf75_pg0_h1_ep80_lr0.00025_bs128_T2.0_lce0.8_lkd1.3_lf0.0_seed14
