================================================================================
Frozen-Teacher Distillation (13D Student)
================================================================================
Dataset: /home/huang_kai/wind_turbine_phm/PHOENIX-main/autoencoder_benchmark/Data/processed_data/weld_seam_windows_ws5_tf75_pg0_h1.npz
Teacher ckpt: /home/huang_kai/wind_turbine_phm/PHOENIX-main/autoencoder_benchmark/outputs/teacher_h1_forecast_95/runs/single_tcn_attn_weld_seam_windows_ws5_tf75_pg0_h1_ep80_lr0.0003_bs128_k3_l2_d0.1_lat64_wd0.0005_seed183/best_single_tcn.pth
Teacher run args: /home/huang_kai/wind_turbine_phm/PHOENIX-main/autoencoder_benchmark/outputs/teacher_h1_forecast_95/runs/single_tcn_attn_weld_seam_windows_ws5_tf75_pg0_h1_ep80_lr0.0003_bs128_k3_l2_d0.1_lat64_wd0.0005_seed183/run_args.json
Device: cuda
Train/Val/Test: 990 / 175 / 356
Input full/subset dims: 18 / 13
Dropped feature indices: [3, 4, 5, 6, 7]
Temperature: 2.0
Loss weights (ce/kd/feat): 0.8 / 1.3 / 0.0
Checkpoint metric: val_macro_f1
Class weights: [1.4732142686843872, 1.3807531595230103, 0.626185953617096]
Epoch 001 | train=3.0607 (ce=0.9489, kd=1.7704, feat=1.9897) | val_acc=69.71% val_f1=0.6498 val_agree=69.71% | test_acc=77.25% test_agree=63.48%
Epoch 002 | train=2.1693 (ce=0.6424, kd=1.2733, feat=2.0444) | val_acc=84.57% val_f1=0.8249 val_agree=84.57% | test_acc=98.03% test_agree=85.11%
Epoch 003 | train=1.3495 (ce=0.3922, kd=0.7967, feat=2.0975) | val_acc=90.86% val_f1=0.8970 val_agree=90.86% | test_acc=97.75% test_agree=85.96%
Epoch 004 | train=0.8153 (ce=0.2406, kd=0.4791, feat=2.1391) | val_acc=97.14% val_f1=0.9667 val_agree=97.14% | test_acc=97.47% test_agree=86.24%
Epoch 005 | train=0.4288 (ce=0.1341, kd=0.2473, feat=2.1562) | val_acc=97.71% val_f1=0.9747 val_agree=97.71% | test_acc=95.22% test_agree=88.48%
Epoch 006 | train=0.2624 (ce=0.0899, kd=0.1465, feat=2.1512) | val_acc=97.71% val_f1=0.9747 val_agree=97.71% | test_acc=92.42% test_agree=91.29%
Epoch 007 | train=0.1493 (ce=0.0524, kd=0.0826, feat=2.1608) | val_acc=98.29% val_f1=0.9803 val_agree=98.29% | test_acc=84.55% test_agree=91.29%
Epoch 008 | train=0.1493 (ce=0.0492, kd=0.0846, feat=2.1623) | val_acc=98.86% val_f1=0.9862 val_agree=98.86% | test_acc=82.87% test_agree=91.85%
Epoch 009 | train=0.1062 (ce=0.0325, kd=0.0617, feat=2.1639) | val_acc=99.43% val_f1=0.9943 val_agree=99.43% | test_acc=84.83% test_agree=92.70%
Epoch 010 | train=0.0926 (ce=0.0280, kd=0.0539, feat=2.1464) | val_acc=100.00% val_f1=1.0000 val_agree=100.00% | test_acc=82.02% test_agree=92.13%
Epoch 011 | train=0.1097 (ce=0.0351, kd=0.0628, feat=2.1530) | val_acc=100.00% val_f1=1.0000 val_agree=100.00% | test_acc=84.27% test_agree=92.13%
Epoch 012 | train=0.0927 (ce=0.0303, kd=0.0526, feat=2.1289) | val_acc=100.00% val_f1=1.0000 val_agree=100.00% | test_acc=86.52% test_agree=92.13%
Epoch 013 | train=0.0948 (ce=0.0329, kd=0.0527, feat=2.1561) | val_acc=100.00% val_f1=1.0000 val_agree=100.00% | test_acc=83.71% test_agree=90.45%
Epoch 014 | train=0.0914 (ce=0.0335, kd=0.0497, feat=2.1458) | val_acc=100.00% val_f1=1.0000 val_agree=100.00% | test_acc=80.90% test_agree=91.57%
Epoch 015 | train=0.0933 (ce=0.0337, kd=0.0510, feat=2.1259) | val_acc=100.00% val_f1=1.0000 val_agree=100.00% | test_acc=83.71% test_agree=92.13%
Epoch 016 | train=0.0825 (ce=0.0281, kd=0.0462, feat=2.1403) | val_acc=100.00% val_f1=1.0000 val_agree=100.00% | test_acc=81.46% test_agree=91.57%
Epoch 017 | train=0.0917 (ce=0.0318, kd=0.0510, feat=2.1448) | val_acc=100.00% val_f1=1.0000 val_agree=100.00% | test_acc=80.62% test_agree=91.85%
Epoch 018 | train=0.0944 (ce=0.0343, kd=0.0515, feat=2.1385) | val_acc=100.00% val_f1=1.0000 val_agree=100.00% | test_acc=79.78% test_agree=91.57%
Epoch 019 | train=0.0939 (ce=0.0318, kd=0.0526, feat=2.1509) | val_acc=99.43% val_f1=0.9919 val_agree=99.43% | test_acc=80.06% test_agree=90.73%
Epoch 020 | train=0.0797 (ce=0.0286, kd=0.0437, feat=2.1346) | val_acc=100.00% val_f1=1.0000 val_agree=100.00% | test_acc=84.55% test_agree=90.17%
Epoch 021 | train=0.0777 (ce=0.0280, kd=0.0426, feat=2.1504) | val_acc=99.43% val_f1=0.9919 val_agree=99.43% | test_acc=83.99% test_agree=89.61%
Epoch 022 | train=0.0868 (ce=0.0296, kd=0.0485, feat=2.1319) | val_acc=100.00% val_f1=1.0000 val_agree=100.00% | test_acc=81.18% test_agree=90.17%
Epoch 023 | train=0.0809 (ce=0.0286, kd=0.0446, feat=2.1453) | val_acc=100.00% val_f1=1.0000 val_agree=100.00% | test_acc=77.81% test_agree=89.61%
Epoch 024 | train=0.0769 (ce=0.0291, kd=0.0413, feat=2.1382) | val_acc=100.00% val_f1=1.0000 val_agree=100.00% | test_acc=79.49% test_agree=89.61%
Epoch 025 | train=0.0712 (ce=0.0277, kd=0.0378, feat=2.1373) | val_acc=100.00% val_f1=1.0000 val_agree=100.00% | test_acc=82.30% test_agree=89.04%
Epoch 026 | train=0.0742 (ce=0.0265, kd=0.0407, feat=2.1391) | val_acc=100.00% val_f1=1.0000 val_agree=100.00% | test_acc=83.15% test_agree=89.33%
Early stopping at epoch 26 (best epoch 10, score=1.000000)
================================================================================
Best epoch: 10
Best score (val_macro_f1): 1.000000
Final test accuracy: 82.02%
Final test teacher agreement: 92.13%
Saved to: /home/huang_kai/wind_turbine_phm/PHOENIX-main/autoencoder_benchmark/ablation_experiments/h1/results/comparison_18d_baselines/teacher_student_reference/student_h1_strict_valf1_20260522/stage4/stage4_s3_s2_s1_l4_o3_c6_r4/distill_tcn_attn_weld_seam_windows_ws5_tf75_pg0_h1_ep80_lr0.00025_bs128_T2.0_lce0.8_lkd1.3_lf0.0_seed122
