================================================================================
Frozen-Teacher Distillation (13D Student)
================================================================================
Dataset: /home/huang_kai/wind_turbine_phm/PHOENIX-main/autoencoder_benchmark/Data/processed_data/weld_seam_windows_ws5_tf75_pg0_h1.npz
Teacher ckpt: /home/huang_kai/wind_turbine_phm/PHOENIX-main/autoencoder_benchmark/outputs/teacher_h1_forecast_95/runs/single_tcn_attn_weld_seam_windows_ws5_tf75_pg0_h1_ep80_lr0.0003_bs128_k3_l2_d0.1_lat64_wd0.0005_seed183/best_single_tcn.pth
Teacher run args: /home/huang_kai/wind_turbine_phm/PHOENIX-main/autoencoder_benchmark/outputs/teacher_h1_forecast_95/runs/single_tcn_attn_weld_seam_windows_ws5_tf75_pg0_h1_ep80_lr0.0003_bs128_k3_l2_d0.1_lat64_wd0.0005_seed183/run_args.json
Device: cuda
Train/Val/Test: 990 / 175 / 356
Input full/subset dims: 18 / 13
Dropped feature indices: [3, 4, 5, 6, 7]
Temperature: 3.0
Loss weights (ce/kd/feat): 0.8 / 1.2 / 0.2
Checkpoint metric: val_macro_f1
Class weights: [1.4732142686843872, 1.3807531595230103, 0.626185953617096]
Epoch 001 | train=4.1639 (ce=1.1392, kd=2.3856, feat=1.9492) | val_acc=74.86% val_f1=0.6774 val_agree=74.86% | test_acc=60.96% test_agree=67.98%
Epoch 002 | train=3.6457 (ce=0.9584, kd=2.0786, feat=1.9234) | val_acc=91.43% val_f1=0.8925 val_agree=91.43% | test_acc=62.64% test_agree=76.69%
Epoch 003 | train=3.1084 (ce=0.7543, kd=1.7659, feat=1.9296) | val_acc=96.00% val_f1=0.9550 val_agree=96.00% | test_acc=67.13% test_agree=78.93%
Epoch 004 | train=2.6033 (ce=0.6054, kd=1.4409, feat=1.9496) | val_acc=96.57% val_f1=0.9632 val_agree=96.57% | test_acc=76.40% test_agree=80.34%
Epoch 005 | train=2.1337 (ce=0.4521, kd=1.1504, feat=1.9573) | val_acc=97.71% val_f1=0.9772 val_agree=97.71% | test_acc=82.30% test_agree=87.36%
Epoch 006 | train=1.6704 (ce=0.3436, kd=0.8330, feat=1.9797) | val_acc=98.29% val_f1=0.9830 val_agree=98.29% | test_acc=85.39% test_agree=87.64%
Epoch 007 | train=1.3803 (ce=0.2567, kd=0.6532, feat=1.9558) | val_acc=98.86% val_f1=0.9886 val_agree=98.86% | test_acc=86.52% test_agree=89.33%
Epoch 008 | train=1.1680 (ce=0.2015, kd=0.5167, feat=1.9337) | val_acc=98.86% val_f1=0.9886 val_agree=98.86% | test_acc=85.67% test_agree=91.29%
Epoch 009 | train=0.9270 (ce=0.1337, kd=0.3661, feat=1.9039) | val_acc=98.86% val_f1=0.9886 val_agree=98.86% | test_acc=85.39% test_agree=92.13%
Epoch 010 | train=0.8462 (ce=0.1140, kd=0.3189, feat=1.8615) | val_acc=98.29% val_f1=0.9830 val_agree=98.29% | test_acc=82.87% test_agree=90.17%
Epoch 011 | train=0.7450 (ce=0.0926, kd=0.2596, feat=1.7965) | val_acc=98.29% val_f1=0.9830 val_agree=98.29% | test_acc=81.46% test_agree=89.33%
Epoch 012 | train=0.6959 (ce=0.0846, kd=0.2375, feat=1.7160) | val_acc=98.86% val_f1=0.9886 val_agree=98.86% | test_acc=81.18% test_agree=89.04%
Epoch 013 | train=0.6434 (ce=0.0707, kd=0.2130, feat=1.6561) | val_acc=100.00% val_f1=1.0000 val_agree=100.00% | test_acc=77.25% test_agree=89.61%
Epoch 014 | train=0.6042 (ce=0.0619, kd=0.1964, feat=1.5950) | val_acc=98.86% val_f1=0.9886 val_agree=98.86% | test_acc=78.65% test_agree=89.33%
Epoch 015 | train=0.6001 (ce=0.0647, kd=0.2023, feat=1.5279) | val_acc=98.86% val_f1=0.9886 val_agree=98.86% | test_acc=82.02% test_agree=90.45%
Epoch 016 | train=0.5838 (ce=0.0667, kd=0.1979, feat=1.4644) | val_acc=98.86% val_f1=0.9886 val_agree=98.86% | test_acc=83.99% test_agree=90.73%
Epoch 017 | train=0.5221 (ce=0.0519, kd=0.1701, feat=1.3820) | val_acc=100.00% val_f1=1.0000 val_agree=100.00% | test_acc=81.74% test_agree=89.61%
Epoch 018 | train=0.5160 (ce=0.0557, kd=0.1746, feat=1.3095) | val_acc=100.00% val_f1=1.0000 val_agree=100.00% | test_acc=81.46% test_agree=89.89%
Epoch 019 | train=0.4790 (ce=0.0504, kd=0.1566, feat=1.2536) | val_acc=98.86% val_f1=0.9886 val_agree=98.86% | test_acc=82.58% test_agree=90.45%
Epoch 020 | train=0.4678 (ce=0.0512, kd=0.1530, feat=1.2161) | val_acc=99.43% val_f1=0.9943 val_agree=99.43% | test_acc=81.74% test_agree=90.17%
Epoch 021 | train=0.4512 (ce=0.0457, kd=0.1507, feat=1.1692) | val_acc=100.00% val_f1=1.0000 val_agree=100.00% | test_acc=83.43% test_agree=91.29%
Epoch 022 | train=0.4603 (ce=0.0519, kd=0.1637, feat=1.1119) | val_acc=100.00% val_f1=1.0000 val_agree=100.00% | test_acc=83.43% test_agree=90.73%
Epoch 023 | train=0.4323 (ce=0.0471, kd=0.1507, feat=1.0689) | val_acc=100.00% val_f1=1.0000 val_agree=100.00% | test_acc=81.46% test_agree=89.89%
Epoch 024 | train=0.4314 (ce=0.0531, kd=0.1547, feat=1.0162) | val_acc=100.00% val_f1=1.0000 val_agree=100.00% | test_acc=77.81% test_agree=87.92%
Epoch 025 | train=0.4404 (ce=0.0537, kd=0.1666, feat=0.9875) | val_acc=100.00% val_f1=1.0000 val_agree=100.00% | test_acc=78.93% test_agree=89.04%
Epoch 026 | train=0.4341 (ce=0.0563, kd=0.1651, feat=0.9548) | val_acc=100.00% val_f1=1.0000 val_agree=100.00% | test_acc=76.12% test_agree=88.48%
Epoch 027 | train=0.4422 (ce=0.0570, kd=0.1744, feat=0.9366) | val_acc=100.00% val_f1=1.0000 val_agree=100.00% | test_acc=73.60% test_agree=86.52%
Epoch 028 | train=0.3947 (ce=0.0444, kd=0.1498, feat=0.8970) | val_acc=98.86% val_f1=0.9886 val_agree=98.86% | test_acc=77.53% test_agree=85.96%
Epoch 029 | train=0.4206 (ce=0.0536, kd=0.1688, feat=0.8761) | val_acc=98.86% val_f1=0.9886 val_agree=98.86% | test_acc=82.30% test_agree=88.48%
Early stopping at epoch 29 (best epoch 13, score=1.000000)
================================================================================
Best epoch: 13
Best score (val_macro_f1): 1.000000
Final test accuracy: 77.25%
Final test teacher agreement: 89.61%
Saved to: /home/huang_kai/wind_turbine_phm/PHOENIX-main/autoencoder_benchmark/ablation_experiments/h1/results/comparison_18d_baselines/teacher_student_reference/student_h1_strict_valf1_20260522/stage1/s1_l2_o2/distill_tcn_attn_weld_seam_windows_ws5_tf75_pg0_h1_ep80_lr0.0002_bs128_T3.0_lce0.8_lkd1.2_lf0.2_seed14
