================================================================================
Frozen-Teacher Distillation (13D Student)
================================================================================
Dataset: /home/huang_kai/wind_turbine_phm/PHOENIX-main/autoencoder_benchmark/Data/processed_data/weld_seam_windows_ws5_tf75_pg0_h1.npz
Teacher ckpt: /home/huang_kai/wind_turbine_phm/PHOENIX-main/autoencoder_benchmark/outputs/teacher_h1_forecast_95/runs/single_tcn_attn_weld_seam_windows_ws5_tf75_pg0_h1_ep80_lr0.0003_bs128_k3_l2_d0.1_lat64_wd0.0005_seed183/best_single_tcn.pth
Teacher run args: /home/huang_kai/wind_turbine_phm/PHOENIX-main/autoencoder_benchmark/outputs/teacher_h1_forecast_95/runs/single_tcn_attn_weld_seam_windows_ws5_tf75_pg0_h1_ep80_lr0.0003_bs128_k3_l2_d0.1_lat64_wd0.0005_seed183/run_args.json
Device: cuda
Train/Val/Test: 990 / 175 / 356
Input full/subset dims: 18 / 13
Dropped feature indices: [3, 4, 5, 6, 7]
Temperature: 2.5
Loss weights (ce/kd/feat): 0.9 / 1.1 / 0.0
Checkpoint metric: val_macro_f1
Class weights: [1.4732142686843872, 1.3807531595230103, 0.626185953617096]
Epoch 001 | train=3.2341 (ce=1.0028, kd=2.1196, feat=1.9724) | val_acc=41.14% val_f1=0.4107 val_agree=41.14% | test_acc=56.18% test_agree=45.22%
Epoch 002 | train=2.2770 (ce=0.6596, kd=1.5303, feat=1.9951) | val_acc=81.14% val_f1=0.7950 val_agree=81.14% | test_acc=87.08% test_agree=75.00%
Epoch 003 | train=1.4019 (ce=0.3915, kd=0.9541, feat=2.0551) | val_acc=90.86% val_f1=0.9021 val_agree=90.86% | test_acc=96.63% test_agree=85.11%
Epoch 004 | train=0.7280 (ce=0.2030, kd=0.4958, feat=2.0785) | val_acc=94.86% val_f1=0.9474 val_agree=94.86% | test_acc=94.94% test_agree=86.52%
Epoch 005 | train=0.3954 (ce=0.1263, kd=0.2561, feat=2.0978) | val_acc=99.43% val_f1=0.9943 val_agree=99.43% | test_acc=90.17% test_agree=89.61%
Epoch 006 | train=0.2374 (ce=0.0828, kd=0.1480, feat=2.0976) | val_acc=100.00% val_f1=1.0000 val_agree=100.00% | test_acc=84.83% test_agree=90.45%
Epoch 007 | train=0.1591 (ce=0.0473, kd=0.1059, feat=2.1122) | val_acc=100.00% val_f1=1.0000 val_agree=100.00% | test_acc=76.40% test_agree=88.20%
Epoch 008 | train=0.1295 (ce=0.0347, kd=0.0894, feat=2.1218) | val_acc=100.00% val_f1=1.0000 val_agree=100.00% | test_acc=76.40% test_agree=88.20%
Epoch 009 | train=0.1122 (ce=0.0310, kd=0.0767, feat=2.1090) | val_acc=100.00% val_f1=1.0000 val_agree=100.00% | test_acc=80.62% test_agree=91.29%
Epoch 010 | train=0.1210 (ce=0.0356, kd=0.0809, feat=2.1097) | val_acc=100.00% val_f1=1.0000 val_agree=100.00% | test_acc=80.34% test_agree=89.33%
Epoch 011 | train=0.1060 (ce=0.0316, kd=0.0705, feat=2.1115) | val_acc=100.00% val_f1=1.0000 val_agree=100.00% | test_acc=78.65% test_agree=89.89%
Epoch 012 | train=0.1045 (ce=0.0339, kd=0.0673, feat=2.1045) | val_acc=100.00% val_f1=1.0000 val_agree=100.00% | test_acc=80.34% test_agree=91.01%
Epoch 013 | train=0.0981 (ce=0.0310, kd=0.0637, feat=2.0869) | val_acc=100.00% val_f1=1.0000 val_agree=100.00% | test_acc=78.93% test_agree=90.17%
Epoch 014 | train=0.1181 (ce=0.0389, kd=0.0755, feat=2.0942) | val_acc=100.00% val_f1=1.0000 val_agree=100.00% | test_acc=75.28% test_agree=88.20%
Epoch 015 | train=0.0932 (ce=0.0310, kd=0.0593, feat=2.0925) | val_acc=100.00% val_f1=1.0000 val_agree=100.00% | test_acc=73.88% test_agree=86.80%
Epoch 016 | train=0.0997 (ce=0.0335, kd=0.0633, feat=2.0893) | val_acc=100.00% val_f1=1.0000 val_agree=100.00% | test_acc=72.75% test_agree=85.67%
Epoch 017 | train=0.0982 (ce=0.0310, kd=0.0639, feat=2.0918) | val_acc=100.00% val_f1=1.0000 val_agree=100.00% | test_acc=74.16% test_agree=87.08%
Epoch 018 | train=0.1022 (ce=0.0352, kd=0.0641, feat=2.0854) | val_acc=100.00% val_f1=1.0000 val_agree=100.00% | test_acc=73.88% test_agree=86.80%
Epoch 019 | train=0.0902 (ce=0.0314, kd=0.0563, feat=2.0862) | val_acc=100.00% val_f1=1.0000 val_agree=100.00% | test_acc=73.88% test_agree=86.80%
Epoch 020 | train=0.0920 (ce=0.0329, kd=0.0567, feat=2.0859) | val_acc=100.00% val_f1=1.0000 val_agree=100.00% | test_acc=74.44% test_agree=86.80%
Epoch 021 | train=0.0858 (ce=0.0285, kd=0.0547, feat=2.0810) | val_acc=100.00% val_f1=1.0000 val_agree=100.00% | test_acc=72.75% test_agree=84.55%
Epoch 022 | train=0.0825 (ce=0.0278, kd=0.0523, feat=2.0825) | val_acc=100.00% val_f1=1.0000 val_agree=100.00% | test_acc=73.03% test_agree=84.83%
Early stopping at epoch 22 (best epoch 6, score=1.000000)
================================================================================
Best epoch: 6
Best score (val_macro_f1): 1.000000
Final test accuracy: 84.83%
Final test teacher agreement: 90.45%
Saved to: /home/huang_kai/wind_turbine_phm/PHOENIX-main/autoencoder_benchmark/ablation_experiments/h1/results/comparison_18d_baselines/teacher_student_reference/student_h1_strict_valf1_20260522/stage4/stage4_s3_s2_s1_l4_o3_c6_r3/distill_tcn_attn_weld_seam_windows_ws5_tf75_pg0_h1_ep80_lr0.00025_bs128_T2.5_lce0.9_lkd1.1_lf0.0_seed7
