================================================================================
Frozen-Teacher Distillation (13D Student)
================================================================================
Dataset: /home/huang_kai/wind_turbine_phm/PHOENIX-main/autoencoder_benchmark/Data/processed_data/weld_seam_windows_ws5_tf75_pg0_h1.npz
Teacher ckpt: /home/huang_kai/wind_turbine_phm/PHOENIX-main/autoencoder_benchmark/outputs/teacher_h1_forecast_95/runs/single_tcn_attn_weld_seam_windows_ws5_tf75_pg0_h1_ep80_lr0.0003_bs128_k3_l2_d0.1_lat64_wd0.0005_seed183/best_single_tcn.pth
Teacher run args: /home/huang_kai/wind_turbine_phm/PHOENIX-main/autoencoder_benchmark/outputs/teacher_h1_forecast_95/runs/single_tcn_attn_weld_seam_windows_ws5_tf75_pg0_h1_ep80_lr0.0003_bs128_k3_l2_d0.1_lat64_wd0.0005_seed183/run_args.json
Device: cuda
Train/Val/Test: 990 / 175 / 356
Input full/subset dims: 18 / 13
Dropped feature indices: [3, 4, 5, 6, 7]
Temperature: 2.0
Loss weights (ce/kd/feat): 0.8 / 1.3 / 0.0
Checkpoint metric: val_macro_f1
Class weights: [1.4732142686843872, 1.3807531595230103, 0.626185953617096]
Epoch 001 | train=3.2479 (ce=1.0038, kd=1.8807, feat=1.9717) | val_acc=41.14% val_f1=0.4115 val_agree=41.14% | test_acc=58.99% test_agree=48.31%
Epoch 002 | train=2.2686 (ce=0.6598, kd=1.3391, feat=1.9938) | val_acc=83.43% val_f1=0.8178 val_agree=83.43% | test_acc=89.61% test_agree=77.53%
Epoch 003 | train=1.3803 (ce=0.3908, kd=0.8213, feat=2.0541) | val_acc=91.43% val_f1=0.9072 val_agree=91.43% | test_acc=96.63% test_agree=85.39%
Epoch 004 | train=0.7096 (ce=0.2036, kd=0.4206, feat=2.0782) | val_acc=94.86% val_f1=0.9474 val_agree=94.86% | test_acc=94.94% test_agree=86.52%
Epoch 005 | train=0.3847 (ce=0.1265, kd=0.2181, feat=2.0974) | val_acc=99.43% val_f1=0.9943 val_agree=99.43% | test_acc=89.89% test_agree=89.89%
Epoch 006 | train=0.2309 (ce=0.0830, kd=0.1265, feat=2.0966) | val_acc=100.00% val_f1=1.0000 val_agree=100.00% | test_acc=84.83% test_agree=90.45%
Epoch 007 | train=0.1510 (ce=0.0480, kd=0.0866, feat=2.1117) | val_acc=100.00% val_f1=1.0000 val_agree=100.00% | test_acc=76.12% test_agree=87.92%
Epoch 008 | train=0.1191 (ce=0.0350, kd=0.0701, feat=2.1221) | val_acc=100.00% val_f1=1.0000 val_agree=100.00% | test_acc=76.40% test_agree=88.20%
Epoch 009 | train=0.1015 (ce=0.0307, kd=0.0592, feat=2.1103) | val_acc=100.00% val_f1=1.0000 val_agree=100.00% | test_acc=80.06% test_agree=91.29%
Epoch 010 | train=0.1119 (ce=0.0350, kd=0.0646, feat=2.1113) | val_acc=100.00% val_f1=1.0000 val_agree=100.00% | test_acc=80.62% test_agree=89.61%
Epoch 011 | train=0.0960 (ce=0.0305, kd=0.0551, feat=2.1136) | val_acc=100.00% val_f1=1.0000 val_agree=100.00% | test_acc=78.65% test_agree=89.89%
Epoch 012 | train=0.0962 (ce=0.0329, kd=0.0538, feat=2.1066) | val_acc=100.00% val_f1=1.0000 val_agree=100.00% | test_acc=80.34% test_agree=91.01%
Epoch 013 | train=0.0892 (ce=0.0303, kd=0.0499, feat=2.0894) | val_acc=100.00% val_f1=1.0000 val_agree=100.00% | test_acc=78.65% test_agree=89.89%
Epoch 014 | train=0.1090 (ce=0.0381, kd=0.0604, feat=2.0960) | val_acc=100.00% val_f1=1.0000 val_agree=100.00% | test_acc=75.28% test_agree=88.20%
Epoch 015 | train=0.0847 (ce=0.0306, kd=0.0463, feat=2.0940) | val_acc=100.00% val_f1=1.0000 val_agree=100.00% | test_acc=73.88% test_agree=86.80%
Epoch 016 | train=0.0919 (ce=0.0331, kd=0.0503, feat=2.0903) | val_acc=100.00% val_f1=1.0000 val_agree=100.00% | test_acc=72.75% test_agree=85.67%
Epoch 017 | train=0.0906 (ce=0.0308, kd=0.0507, feat=2.0923) | val_acc=100.00% val_f1=1.0000 val_agree=100.00% | test_acc=74.16% test_agree=87.08%
Epoch 018 | train=0.0952 (ce=0.0348, kd=0.0518, feat=2.0855) | val_acc=100.00% val_f1=1.0000 val_agree=100.00% | test_acc=73.60% test_agree=86.52%
Epoch 019 | train=0.0825 (ce=0.0312, kd=0.0442, feat=2.0866) | val_acc=100.00% val_f1=1.0000 val_agree=100.00% | test_acc=73.88% test_agree=86.80%
Epoch 020 | train=0.0845 (ce=0.0326, kd=0.0449, feat=2.0864) | val_acc=100.00% val_f1=1.0000 val_agree=100.00% | test_acc=74.16% test_agree=86.52%
Epoch 021 | train=0.0783 (ce=0.0282, kd=0.0429, feat=2.0807) | val_acc=100.00% val_f1=1.0000 val_agree=100.00% | test_acc=72.75% test_agree=84.55%
Epoch 022 | train=0.0752 (ce=0.0275, kd=0.0409, feat=2.0820) | val_acc=100.00% val_f1=1.0000 val_agree=100.00% | test_acc=73.03% test_agree=84.83%
Early stopping at epoch 22 (best epoch 6, score=1.000000)
================================================================================
Best epoch: 6
Best score (val_macro_f1): 1.000000
Final test accuracy: 84.83%
Final test teacher agreement: 90.45%
Saved to: /home/huang_kai/wind_turbine_phm/PHOENIX-main/autoencoder_benchmark/ablation_experiments/h1/results/comparison_18d_baselines/teacher_student_reference/student_h1_strict_valf1_20260522/stage4/stage4_s3_s2_s1_l4_o3_c6_r4/distill_tcn_attn_weld_seam_windows_ws5_tf75_pg0_h1_ep80_lr0.00025_bs128_T2.0_lce0.8_lkd1.3_lf0.0_seed7
