================================================================================
Frozen-Teacher Distillation (13D Student)
================================================================================
Dataset: /home/huang_kai/wind_turbine_phm/PHOENIX-main/autoencoder_benchmark/Data/processed_data/weld_seam_windows_ws5_tf75_pg0_h1.npz
Teacher ckpt: /home/huang_kai/wind_turbine_phm/PHOENIX-main/autoencoder_benchmark/outputs/teacher_h1_forecast_95/runs/single_tcn_attn_weld_seam_windows_ws5_tf75_pg0_h1_ep80_lr0.0003_bs128_k3_l2_d0.1_lat64_wd0.0005_seed183/best_single_tcn.pth
Teacher run args: /home/huang_kai/wind_turbine_phm/PHOENIX-main/autoencoder_benchmark/outputs/teacher_h1_forecast_95/runs/single_tcn_attn_weld_seam_windows_ws5_tf75_pg0_h1_ep80_lr0.0003_bs128_k3_l2_d0.1_lat64_wd0.0005_seed183/run_args.json
Device: cuda
Train/Val/Test: 990 / 175 / 356
Input full/subset dims: 18 / 13
Dropped feature indices: [3, 4, 5, 6, 7]
Temperature: 2.0
Loss weights (ce/kd/feat): 0.9 / 1.1 / 0.0
Checkpoint metric: val_macro_f1
Class weights: [1.4732142686843872, 1.3807531595230103, 0.626185953617096]
Epoch 001 | train=3.2889 (ce=1.1446, kd=2.0534, feat=2.0802) | val_acc=50.86% val_f1=0.4263 val_agree=50.86% | test_acc=37.36% test_agree=43.26%
Epoch 002 | train=3.0331 (ce=1.0335, kd=1.9118, feat=2.0747) | val_acc=73.14% val_f1=0.6821 val_agree=73.14% | test_acc=48.03% test_agree=52.25%
Epoch 003 | train=2.8255 (ce=0.9553, kd=1.7870, feat=2.0630) | val_acc=85.71% val_f1=0.7961 val_agree=85.71% | test_acc=62.36% test_agree=58.71%
Epoch 004 | train=2.5576 (ce=0.8548, kd=1.6256, feat=2.0627) | val_acc=90.29% val_f1=0.8617 val_agree=90.29% | test_acc=67.98% test_agree=63.48%
Epoch 005 | train=2.3314 (ce=0.7687, kd=1.4906, feat=2.0909) | val_acc=90.86% val_f1=0.8713 val_agree=90.86% | test_acc=70.79% test_agree=66.29%
Epoch 006 | train=2.0670 (ce=0.6710, kd=1.3301, feat=2.1015) | val_acc=92.00% val_f1=0.8888 val_agree=92.00% | test_acc=72.19% test_agree=69.38%
Epoch 007 | train=1.8138 (ce=0.5833, kd=1.1716, feat=2.1229) | val_acc=92.00% val_f1=0.8888 val_agree=92.00% | test_acc=76.69% test_agree=73.88%
Epoch 008 | train=1.6652 (ce=0.5286, kd=1.0813, feat=2.1166) | val_acc=93.71% val_f1=0.9143 val_agree=93.71% | test_acc=80.90% test_agree=78.65%
Epoch 009 | train=1.4537 (ce=0.4694, kd=0.9375, feat=2.1448) | val_acc=97.71% val_f1=0.9700 val_agree=97.71% | test_acc=84.27% test_agree=83.71%
Epoch 010 | train=1.2450 (ce=0.3953, kd=0.8084, feat=2.1633) | val_acc=97.71% val_f1=0.9723 val_agree=97.71% | test_acc=84.83% test_agree=84.83%
Epoch 011 | train=1.0506 (ce=0.3321, kd=0.6834, feat=2.1600) | val_acc=98.86% val_f1=0.9883 val_agree=98.86% | test_acc=85.96% test_agree=86.52%
Epoch 012 | train=0.9931 (ce=0.3143, kd=0.6457, feat=2.1806) | val_acc=99.43% val_f1=0.9941 val_agree=99.43% | test_acc=86.52% test_agree=89.89%
Epoch 013 | train=0.7959 (ce=0.2492, kd=0.5196, feat=2.1975) | val_acc=98.29% val_f1=0.9827 val_agree=98.29% | test_acc=84.27% test_agree=88.76%
Epoch 014 | train=0.6938 (ce=0.2217, kd=0.4494, feat=2.2063) | val_acc=98.29% val_f1=0.9827 val_agree=98.29% | test_acc=83.71% test_agree=88.20%
Epoch 015 | train=0.6052 (ce=0.1905, kd=0.3943, feat=2.2143) | val_acc=99.43% val_f1=0.9941 val_agree=99.43% | test_acc=82.58% test_agree=91.01%
Epoch 016 | train=0.4995 (ce=0.1549, kd=0.3273, feat=2.2323) | val_acc=99.43% val_f1=0.9941 val_agree=99.43% | test_acc=80.90% test_agree=90.45%
Epoch 017 | train=0.4884 (ce=0.1605, kd=0.3127, feat=2.2300) | val_acc=98.86% val_f1=0.9883 val_agree=98.86% | test_acc=82.87% test_agree=90.73%
Epoch 018 | train=0.4074 (ce=0.1306, kd=0.2636, feat=2.2424) | val_acc=99.43% val_f1=0.9941 val_agree=99.43% | test_acc=80.06% test_agree=90.73%
Epoch 019 | train=0.3944 (ce=0.1261, kd=0.2553, feat=2.2591) | val_acc=99.43% val_f1=0.9941 val_agree=99.43% | test_acc=77.25% test_agree=89.61%
Epoch 020 | train=0.3413 (ce=0.1090, kd=0.2211, feat=2.2438) | val_acc=99.43% val_f1=0.9941 val_agree=99.43% | test_acc=80.34% test_agree=90.45%
Epoch 021 | train=0.2968 (ce=0.0930, kd=0.1937, feat=2.2687) | val_acc=99.43% val_f1=0.9941 val_agree=99.43% | test_acc=81.18% test_agree=90.73%
Epoch 022 | train=0.3143 (ce=0.1022, kd=0.2021, feat=2.2516) | val_acc=99.43% val_f1=0.9941 val_agree=99.43% | test_acc=82.02% test_agree=91.01%
Epoch 023 | train=0.2511 (ce=0.0760, kd=0.1661, feat=2.2503) | val_acc=100.00% val_f1=1.0000 val_agree=100.00% | test_acc=79.49% test_agree=89.61%
Epoch 024 | train=0.2373 (ce=0.0746, kd=0.1547, feat=2.2549) | val_acc=100.00% val_f1=1.0000 val_agree=100.00% | test_acc=81.46% test_agree=91.01%
Epoch 025 | train=0.2241 (ce=0.0688, kd=0.1474, feat=2.2779) | val_acc=100.00% val_f1=1.0000 val_agree=100.00% | test_acc=78.93% test_agree=90.17%
Epoch 026 | train=0.2134 (ce=0.0636, kd=0.1420, feat=2.2740) | val_acc=100.00% val_f1=1.0000 val_agree=100.00% | test_acc=78.65% test_agree=89.89%
Epoch 027 | train=0.2122 (ce=0.0622, kd=0.1420, feat=2.2683) | val_acc=100.00% val_f1=1.0000 val_agree=100.00% | test_acc=76.12% test_agree=87.92%
Epoch 028 | train=0.2125 (ce=0.0626, kd=0.1419, feat=2.2600) | val_acc=100.00% val_f1=1.0000 val_agree=100.00% | test_acc=76.69% test_agree=87.92%
Epoch 029 | train=0.1862 (ce=0.0548, kd=0.1244, feat=2.2768) | val_acc=100.00% val_f1=1.0000 val_agree=100.00% | test_acc=78.65% test_agree=89.33%
Epoch 030 | train=0.1837 (ce=0.0549, kd=0.1220, feat=2.2620) | val_acc=100.00% val_f1=1.0000 val_agree=100.00% | test_acc=77.81% test_agree=89.61%
Epoch 031 | train=0.1977 (ce=0.0581, kd=0.1322, feat=2.2794) | val_acc=100.00% val_f1=1.0000 val_agree=100.00% | test_acc=80.06% test_agree=89.61%
Epoch 032 | train=0.2039 (ce=0.0610, kd=0.1354, feat=2.2890) | val_acc=100.00% val_f1=1.0000 val_agree=100.00% | test_acc=78.93% test_agree=89.61%
Epoch 033 | train=0.2075 (ce=0.0624, kd=0.1375, feat=2.2847) | val_acc=100.00% val_f1=1.0000 val_agree=100.00% | test_acc=78.09% test_agree=89.33%
Epoch 034 | train=0.1806 (ce=0.0551, kd=0.1191, feat=2.2848) | val_acc=100.00% val_f1=1.0000 val_agree=100.00% | test_acc=76.40% test_agree=89.33%
Epoch 035 | train=0.1730 (ce=0.0487, kd=0.1174, feat=2.2888) | val_acc=100.00% val_f1=1.0000 val_agree=100.00% | test_acc=76.69% test_agree=89.04%
Epoch 036 | train=0.1706 (ce=0.0468, kd=0.1168, feat=2.2876) | val_acc=100.00% val_f1=1.0000 val_agree=100.00% | test_acc=74.16% test_agree=87.08%
Epoch 037 | train=0.1850 (ce=0.0535, kd=0.1244, feat=2.2793) | val_acc=100.00% val_f1=1.0000 val_agree=100.00% | test_acc=76.12% test_agree=87.92%
Epoch 038 | train=0.1546 (ce=0.0401, kd=0.1078, feat=2.2713) | val_acc=100.00% val_f1=1.0000 val_agree=100.00% | test_acc=76.97% test_agree=88.20%
Epoch 039 | train=0.1561 (ce=0.0450, kd=0.1051, feat=2.2831) | val_acc=100.00% val_f1=1.0000 val_agree=100.00% | test_acc=77.25% test_agree=88.48%
Early stopping at epoch 39 (best epoch 23, score=1.000000)
================================================================================
Best epoch: 23
Best score (val_macro_f1): 1.000000
Final test accuracy: 79.49%
Final test teacher agreement: 89.61%
Saved to: /home/huang_kai/wind_turbine_phm/PHOENIX-main/autoencoder_benchmark/ablation_experiments/h1/results/comparison_18d_baselines/teacher_student_reference/student_h1_strict_valf1_20260522/stage4/stage4_s3_s2_s1_l4_o1_c2_r1/distill_tcn_attn_weld_seam_windows_ws5_tf75_pg0_h1_ep80_lr0.0001_bs128_T2.0_lce0.9_lkd1.1_lf0.0_seed21
