================================================================================
Frozen-Teacher Distillation (13D Student)
================================================================================
Dataset: /home/huang_kai/wind_turbine_phm/PHOENIX-main/autoencoder_benchmark/Data/processed_data/weld_seam_windows_ws5_tf75_pg0_h1.npz
Teacher ckpt: /home/huang_kai/wind_turbine_phm/PHOENIX-main/autoencoder_benchmark/outputs/teacher_h1_forecast_95/runs/single_tcn_attn_weld_seam_windows_ws5_tf75_pg0_h1_ep80_lr0.0003_bs128_k3_l2_d0.1_lat64_wd0.0005_seed183/best_single_tcn.pth
Teacher run args: /home/huang_kai/wind_turbine_phm/PHOENIX-main/autoencoder_benchmark/outputs/teacher_h1_forecast_95/runs/single_tcn_attn_weld_seam_windows_ws5_tf75_pg0_h1_ep80_lr0.0003_bs128_k3_l2_d0.1_lat64_wd0.0005_seed183/run_args.json
Device: cuda
Train/Val/Test: 990 / 175 / 356
Input full/subset dims: 18 / 13
Dropped feature indices: [3, 4, 5, 6, 7]
Temperature: 2.5
Loss weights (ce/kd/feat): 1.0 / 1.0 / 0.1
Checkpoint metric: val_macro_f1
Class weights: [1.4732142686843872, 1.3807531595230103, 0.626185953617096]
Epoch 001 | train=3.5855 (ce=1.1401, kd=2.2498, feat=1.9554) | val_acc=73.14% val_f1=0.6587 val_agree=73.14% | test_acc=60.67% test_agree=67.98%
Epoch 002 | train=3.1058 (ce=0.9573, kd=1.9534, feat=1.9510) | val_acc=90.29% val_f1=0.8769 val_agree=90.29% | test_acc=63.20% test_agree=77.25%
Epoch 003 | train=2.5960 (ce=0.7508, kd=1.6473, feat=1.9791) | val_acc=95.43% val_f1=0.9490 val_agree=95.43% | test_acc=65.17% test_agree=76.40%
Epoch 004 | train=2.1404 (ce=0.6002, kd=1.3379, feat=2.0226) | val_acc=96.57% val_f1=0.9632 val_agree=96.57% | test_acc=74.44% test_agree=80.06%
Epoch 005 | train=1.7152 (ce=0.4485, kd=1.0617, feat=2.0501) | val_acc=97.71% val_f1=0.9772 val_agree=97.71% | test_acc=80.90% test_agree=86.52%
Epoch 006 | train=1.3156 (ce=0.3390, kd=0.7675, feat=2.0901) | val_acc=98.29% val_f1=0.9830 val_agree=98.29% | test_acc=85.11% test_agree=87.92%
Epoch 007 | train=1.0557 (ce=0.2516, kd=0.5955, feat=2.0867) | val_acc=98.86% val_f1=0.9886 val_agree=98.86% | test_acc=86.80% test_agree=89.61%
Epoch 008 | train=0.8796 (ce=0.1994, kd=0.4719, feat=2.0828) | val_acc=98.86% val_f1=0.9886 val_agree=98.86% | test_acc=85.67% test_agree=92.98%
Epoch 009 | train=0.6695 (ce=0.1311, kd=0.3309, feat=2.0746) | val_acc=98.86% val_f1=0.9886 val_agree=98.86% | test_acc=84.55% test_agree=91.85%
Epoch 010 | train=0.6004 (ce=0.1104, kd=0.2843, feat=2.0563) | val_acc=98.29% val_f1=0.9830 val_agree=98.29% | test_acc=83.43% test_agree=89.61%
Epoch 011 | train=0.5250 (ce=0.0899, kd=0.2331, feat=2.0207) | val_acc=98.29% val_f1=0.9830 val_agree=98.29% | test_acc=81.74% test_agree=89.61%
Epoch 012 | train=0.4885 (ce=0.0808, kd=0.2107, feat=1.9691) | val_acc=98.86% val_f1=0.9886 val_agree=98.86% | test_acc=81.18% test_agree=89.61%
Epoch 013 | train=0.4515 (ce=0.0679, kd=0.1905, feat=1.9302) | val_acc=100.00% val_f1=1.0000 val_agree=100.00% | test_acc=77.53% test_agree=89.33%
Epoch 014 | train=0.4231 (ce=0.0586, kd=0.1753, feat=1.8931) | val_acc=98.86% val_f1=0.9886 val_agree=98.86% | test_acc=79.21% test_agree=88.76%
Epoch 015 | train=0.4219 (ce=0.0595, kd=0.1772, feat=1.8515) | val_acc=98.86% val_f1=0.9886 val_agree=98.86% | test_acc=81.74% test_agree=89.04%
Epoch 016 | train=0.4171 (ce=0.0605, kd=0.1758, feat=1.8072) | val_acc=98.86% val_f1=0.9886 val_agree=98.86% | test_acc=84.83% test_agree=89.89%
Epoch 017 | train=0.3684 (ce=0.0464, kd=0.1473, feat=1.7469) | val_acc=99.43% val_f1=0.9943 val_agree=99.43% | test_acc=81.74% test_agree=90.17%
Epoch 018 | train=0.3718 (ce=0.0506, kd=0.1525, feat=1.6867) | val_acc=100.00% val_f1=1.0000 val_agree=100.00% | test_acc=79.49% test_agree=89.04%
Epoch 019 | train=0.3464 (ce=0.0450, kd=0.1374, feat=1.6404) | val_acc=98.86% val_f1=0.9886 val_agree=98.86% | test_acc=80.34% test_agree=89.33%
Epoch 020 | train=0.3444 (ce=0.0474, kd=0.1364, feat=1.6060) | val_acc=99.43% val_f1=0.9943 val_agree=99.43% | test_acc=80.34% test_agree=89.33%
Epoch 021 | train=0.3300 (ce=0.0412, kd=0.1320, feat=1.5686) | val_acc=100.00% val_f1=1.0000 val_agree=100.00% | test_acc=82.87% test_agree=89.61%
Epoch 022 | train=0.3424 (ce=0.0468, kd=0.1436, feat=1.5200) | val_acc=100.00% val_f1=1.0000 val_agree=100.00% | test_acc=84.55% test_agree=90.17%
Epoch 023 | train=0.3224 (ce=0.0419, kd=0.1322, feat=1.4833) | val_acc=100.00% val_f1=1.0000 val_agree=100.00% | test_acc=83.15% test_agree=90.45%
Epoch 024 | train=0.3257 (ce=0.0480, kd=0.1348, feat=1.4285) | val_acc=100.00% val_f1=1.0000 val_agree=100.00% | test_acc=79.21% test_agree=88.76%
Epoch 025 | train=0.3336 (ce=0.0489, kd=0.1443, feat=1.4036) | val_acc=100.00% val_f1=1.0000 val_agree=100.00% | test_acc=80.90% test_agree=89.89%
Epoch 026 | train=0.3294 (ce=0.0509, kd=0.1420, feat=1.3647) | val_acc=100.00% val_f1=1.0000 val_agree=100.00% | test_acc=77.53% test_agree=89.33%
Epoch 027 | train=0.3419 (ce=0.0531, kd=0.1539, feat=1.3479) | val_acc=100.00% val_f1=1.0000 val_agree=100.00% | test_acc=73.88% test_agree=86.80%
Epoch 028 | train=0.3017 (ce=0.0393, kd=0.1309, feat=1.3147) | val_acc=98.86% val_f1=0.9886 val_agree=98.86% | test_acc=77.25% test_agree=85.67%
Epoch 029 | train=0.3256 (ce=0.0488, kd=0.1474, feat=1.2943) | val_acc=98.86% val_f1=0.9886 val_agree=98.86% | test_acc=82.30% test_agree=88.48%
Early stopping at epoch 29 (best epoch 13, score=1.000000)
================================================================================
Best epoch: 13
Best score (val_macro_f1): 1.000000
Final test accuracy: 77.53%
Final test teacher agreement: 89.33%
Saved to: /home/huang_kai/wind_turbine_phm/PHOENIX-main/autoencoder_benchmark/ablation_experiments/h1/results/comparison_18d_baselines/teacher_student_reference/student_h1_strict_valf1_20260522/stage3/s3_s2_s1_l1_o1_c0_r2/distill_tcn_attn_weld_seam_windows_ws5_tf75_pg0_h1_ep80_lr0.00019999999999999998_bs128_T2.5_lce1.0_lkd1.0_lf0.1_seed14
