================================================================================
Frozen-Teacher Distillation (13D Student)
================================================================================
Dataset: /home/huang_kai/wind_turbine_phm/PHOENIX-main/autoencoder_benchmark/Data/processed_data/weld_seam_windows_ws5_tf75_pg0_h1.npz
Teacher ckpt: /home/huang_kai/wind_turbine_phm/PHOENIX-main/autoencoder_benchmark/outputs/teacher_h1_forecast_95/runs/single_tcn_attn_weld_seam_windows_ws5_tf75_pg0_h1_ep80_lr0.0003_bs128_k3_l2_d0.1_lat64_wd0.0005_seed183/best_single_tcn.pth
Teacher run args: /home/huang_kai/wind_turbine_phm/PHOENIX-main/autoencoder_benchmark/outputs/teacher_h1_forecast_95/runs/single_tcn_attn_weld_seam_windows_ws5_tf75_pg0_h1_ep80_lr0.0003_bs128_k3_l2_d0.1_lat64_wd0.0005_seed183/run_args.json
Device: cuda
Train/Val/Test: 990 / 175 / 356
Input full/subset dims: 18 / 13
Dropped feature indices: [3, 4, 5, 6, 7]
Temperature: 2.0
Loss weights (ce/kd/feat): 0.8 / 1.3 / 0.0
Checkpoint metric: val_macro_f1
Class weights: [1.4732142686843872, 1.3807531595230103, 0.626185953617096]
Epoch 001 | train=3.4556 (ce=1.1149, kd=1.9721, feat=1.9706) | val_acc=84.57% val_f1=0.7972 val_agree=84.57% | test_acc=60.67% test_agree=69.94%
Epoch 002 | train=2.8457 (ce=0.8957, kd=1.6378, feat=2.0047) | val_acc=92.57% val_f1=0.9076 val_agree=92.57% | test_acc=62.08% test_agree=75.56%
Epoch 003 | train=2.2008 (ce=0.6598, kd=1.2869, feat=2.0835) | val_acc=97.14% val_f1=0.9690 val_agree=97.14% | test_acc=69.66% test_agree=82.58%
Epoch 004 | train=1.6287 (ce=0.4878, kd=0.9527, feat=2.1737) | val_acc=97.71% val_f1=0.9772 val_agree=97.71% | test_acc=80.34% test_agree=85.39%
Epoch 005 | train=1.1707 (ce=0.3383, kd=0.6924, feat=2.2205) | val_acc=98.29% val_f1=0.9830 val_agree=98.29% | test_acc=82.87% test_agree=88.48%
Epoch 006 | train=0.8207 (ce=0.2451, kd=0.4805, feat=2.2820) | val_acc=98.86% val_f1=0.9886 val_agree=98.86% | test_acc=88.20% test_agree=90.45%
Epoch 007 | train=0.5911 (ce=0.1704, kd=0.3498, feat=2.2890) | val_acc=98.86% val_f1=0.9886 val_agree=98.86% | test_acc=86.80% test_agree=92.98%
Epoch 008 | train=0.4701 (ce=0.1335, kd=0.2794, feat=2.2987) | val_acc=98.86% val_f1=0.9886 val_agree=98.86% | test_acc=82.30% test_agree=91.85%
Epoch 009 | train=0.3121 (ce=0.0846, kd=0.1881, feat=2.3107) | val_acc=100.00% val_f1=1.0000 val_agree=100.00% | test_acc=82.30% test_agree=90.17%
Epoch 010 | train=0.2829 (ce=0.0759, kd=0.1709, feat=2.3219) | val_acc=99.43% val_f1=0.9943 val_agree=99.43% | test_acc=81.46% test_agree=90.45%
Epoch 011 | train=0.2466 (ce=0.0646, kd=0.1500, feat=2.3211) | val_acc=98.86% val_f1=0.9886 val_agree=98.86% | test_acc=79.49% test_agree=90.17%
Epoch 012 | train=0.2301 (ce=0.0603, kd=0.1399, feat=2.3062) | val_acc=98.86% val_f1=0.9886 val_agree=98.86% | test_acc=78.93% test_agree=89.04%
Epoch 013 | train=0.2169 (ce=0.0546, kd=0.1333, feat=2.3058) | val_acc=100.00% val_f1=1.0000 val_agree=100.00% | test_acc=76.12% test_agree=89.04%
Epoch 014 | train=0.1923 (ce=0.0449, kd=0.1203, feat=2.3110) | val_acc=99.43% val_f1=0.9943 val_agree=99.43% | test_acc=77.53% test_agree=89.89%
Epoch 015 | train=0.2108 (ce=0.0512, kd=0.1307, feat=2.3200) | val_acc=98.86% val_f1=0.9886 val_agree=98.86% | test_acc=80.06% test_agree=90.17%
Epoch 016 | train=0.2214 (ce=0.0554, kd=0.1362, feat=2.3134) | val_acc=98.86% val_f1=0.9886 val_agree=98.86% | test_acc=83.15% test_agree=91.01%
Epoch 017 | train=0.1741 (ce=0.0417, kd=0.1083, feat=2.3012) | val_acc=100.00% val_f1=1.0000 val_agree=100.00% | test_acc=80.34% test_agree=88.20%
Epoch 018 | train=0.1847 (ce=0.0467, kd=0.1133, feat=2.2869) | val_acc=100.00% val_f1=1.0000 val_agree=100.00% | test_acc=78.37% test_agree=88.48%
Epoch 019 | train=0.1654 (ce=0.0402, kd=0.1025, feat=2.2854) | val_acc=99.43% val_f1=0.9943 val_agree=99.43% | test_acc=78.93% test_agree=89.61%
Epoch 020 | train=0.1654 (ce=0.0422, kd=0.1012, feat=2.2931) | val_acc=99.43% val_f1=0.9943 val_agree=99.43% | test_acc=79.78% test_agree=89.89%
Epoch 021 | train=0.1565 (ce=0.0374, kd=0.0974, feat=2.2949) | val_acc=99.43% val_f1=0.9943 val_agree=99.43% | test_acc=80.62% test_agree=90.17%
Epoch 022 | train=0.1714 (ce=0.0421, kd=0.1059, feat=2.2907) | val_acc=99.43% val_f1=0.9943 val_agree=99.43% | test_acc=82.87% test_agree=90.17%
Epoch 023 | train=0.1593 (ce=0.0377, kd=0.0994, feat=2.2949) | val_acc=100.00% val_f1=1.0000 val_agree=100.00% | test_acc=82.02% test_agree=89.33%
Epoch 024 | train=0.1602 (ce=0.0419, kd=0.0974, feat=2.2777) | val_acc=100.00% val_f1=1.0000 val_agree=100.00% | test_acc=78.09% test_agree=88.76%
Epoch 025 | train=0.1698 (ce=0.0431, kd=0.1041, feat=2.2867) | val_acc=100.00% val_f1=1.0000 val_agree=100.00% | test_acc=79.78% test_agree=89.33%
Early stopping at epoch 25 (best epoch 9, score=1.000000)
================================================================================
Best epoch: 9
Best score (val_macro_f1): 1.000000
Final test accuracy: 82.30%
Final test teacher agreement: 90.17%
Saved to: /home/huang_kai/wind_turbine_phm/PHOENIX-main/autoencoder_benchmark/ablation_experiments/h1/results/comparison_18d_baselines/teacher_student_reference/student_h1_strict_valf1_20260522/stage3/s3_s2_s1_l4_o3_c0_r4/distill_tcn_attn_weld_seam_windows_ws5_tf75_pg0_h1_ep80_lr0.00025_bs128_T2.0_lce0.8_lkd1.3_lf0.0_seed14
