================================================================================
Frozen-Teacher Distillation (13D Student)
================================================================================
Dataset: /home/huang_kai/wind_turbine_phm/PHOENIX-main/autoencoder_benchmark/Data/processed_data/weld_seam_windows_ws5_tf75_pg0_h1.npz
Teacher ckpt: /home/huang_kai/wind_turbine_phm/PHOENIX-main/autoencoder_benchmark/outputs/teacher_h1_forecast_95/runs/single_tcn_attn_weld_seam_windows_ws5_tf75_pg0_h1_ep80_lr0.0003_bs128_k3_l2_d0.1_lat64_wd0.0005_seed183/best_single_tcn.pth
Teacher run args: /home/huang_kai/wind_turbine_phm/PHOENIX-main/autoencoder_benchmark/outputs/teacher_h1_forecast_95/runs/single_tcn_attn_weld_seam_windows_ws5_tf75_pg0_h1_ep80_lr0.0003_bs128_k3_l2_d0.1_lat64_wd0.0005_seed183/run_args.json
Device: cuda
Train/Val/Test: 990 / 175 / 356
Input full/subset dims: 18 / 13
Dropped feature indices: [3, 4, 5, 6, 7]
Temperature: 2.5
Loss weights (ce/kd/feat): 1.0 / 1.0 / 0.1
Checkpoint metric: val_macro_f1
Class weights: [1.4732142686843872, 1.3807531595230103, 0.626185953617096]
Epoch 001 | train=3.5735 (ce=1.1301, kd=2.2468, feat=1.9654) | val_acc=69.71% val_f1=0.5995 val_agree=69.71% | test_acc=62.08% test_agree=66.85%
Epoch 002 | train=3.1445 (ce=0.9658, kd=1.9827, feat=1.9599) | val_acc=92.57% val_f1=0.9056 val_agree=92.57% | test_acc=60.96% test_agree=74.44%
Epoch 003 | train=2.7139 (ce=0.7894, kd=1.7253, feat=1.9916) | val_acc=96.00% val_f1=0.9547 val_agree=96.00% | test_acc=64.61% test_agree=76.40%
Epoch 004 | train=2.2907 (ce=0.6459, kd=1.4413, feat=2.0353) | val_acc=96.57% val_f1=0.9608 val_agree=96.57% | test_acc=72.47% test_agree=77.53%
Epoch 005 | train=1.9334 (ce=0.5145, kd=1.2130, feat=2.0594) | val_acc=97.71% val_f1=0.9772 val_agree=97.71% | test_acc=78.93% test_agree=84.55%
Epoch 006 | train=1.5358 (ce=0.4064, kd=0.9198, feat=2.0966) | val_acc=98.29% val_f1=0.9830 val_agree=98.29% | test_acc=82.87% test_agree=86.80%
Epoch 007 | train=1.2615 (ce=0.3135, kd=0.7375, feat=2.1053) | val_acc=98.86% val_f1=0.9886 val_agree=98.86% | test_acc=84.83% test_agree=89.33%
Epoch 008 | train=1.0424 (ce=0.2482, kd=0.5833, feat=2.1093) | val_acc=98.86% val_f1=0.9886 val_agree=98.86% | test_acc=84.83% test_agree=91.57%
Epoch 009 | train=0.8174 (ce=0.1771, kd=0.4293, feat=2.1096) | val_acc=98.86% val_f1=0.9886 val_agree=98.86% | test_acc=86.52% test_agree=92.70%
Epoch 010 | train=0.6945 (ce=0.1408, kd=0.3430, feat=2.1066) | val_acc=99.43% val_f1=0.9943 val_agree=99.43% | test_acc=85.39% test_agree=91.57%
Epoch 011 | train=0.5905 (ce=0.1125, kd=0.2690, feat=2.0903) | val_acc=98.29% val_f1=0.9830 val_agree=98.29% | test_acc=84.27% test_agree=91.57%
Epoch 012 | train=0.5135 (ce=0.0928, kd=0.2158, feat=2.0497) | val_acc=99.43% val_f1=0.9943 val_agree=99.43% | test_acc=82.87% test_agree=90.73%
Epoch 013 | train=0.4782 (ce=0.0811, kd=0.1940, feat=2.0321) | val_acc=100.00% val_f1=1.0000 val_agree=100.00% | test_acc=79.21% test_agree=90.45%
Epoch 014 | train=0.4359 (ce=0.0678, kd=0.1673, feat=2.0082) | val_acc=99.43% val_f1=0.9943 val_agree=99.43% | test_acc=80.34% test_agree=89.89%
Epoch 015 | train=0.4085 (ce=0.0615, kd=0.1488, feat=1.9814) | val_acc=98.86% val_f1=0.9886 val_agree=98.86% | test_acc=81.74% test_agree=89.61%
Epoch 016 | train=0.4053 (ce=0.0638, kd=0.1470, feat=1.9451) | val_acc=98.86% val_f1=0.9886 val_agree=98.86% | test_acc=83.99% test_agree=90.17%
Epoch 017 | train=0.3405 (ce=0.0435, kd=0.1065, feat=1.9039) | val_acc=99.43% val_f1=0.9943 val_agree=99.43% | test_acc=83.15% test_agree=91.57%
Epoch 018 | train=0.3567 (ce=0.0499, kd=0.1217, feat=1.8509) | val_acc=99.43% val_f1=0.9943 val_agree=99.43% | test_acc=80.34% test_agree=89.33%
Epoch 019 | train=0.3253 (ce=0.0415, kd=0.1030, feat=1.8084) | val_acc=98.86% val_f1=0.9886 val_agree=98.86% | test_acc=80.34% test_agree=88.76%
Epoch 020 | train=0.3207 (ce=0.0429, kd=0.1001, feat=1.7766) | val_acc=99.43% val_f1=0.9943 val_agree=99.43% | test_acc=80.62% test_agree=89.04%
Epoch 021 | train=0.3132 (ce=0.0384, kd=0.1003, feat=1.7451) | val_acc=100.00% val_f1=1.0000 val_agree=100.00% | test_acc=82.02% test_agree=90.45%
Epoch 022 | train=0.3155 (ce=0.0414, kd=0.1039, feat=1.7019) | val_acc=99.43% val_f1=0.9943 val_agree=99.43% | test_acc=83.99% test_agree=90.73%
Epoch 023 | train=0.3002 (ce=0.0375, kd=0.0956, feat=1.6708) | val_acc=100.00% val_f1=1.0000 val_agree=100.00% | test_acc=81.46% test_agree=89.89%
Epoch 024 | train=0.3080 (ce=0.0442, kd=0.1025, feat=1.6136) | val_acc=100.00% val_f1=1.0000 val_agree=100.00% | test_acc=79.21% test_agree=89.33%
Epoch 025 | train=0.3030 (ce=0.0428, kd=0.1007, feat=1.5954) | val_acc=100.00% val_f1=1.0000 val_agree=100.00% | test_acc=80.62% test_agree=90.17%
Epoch 026 | train=0.2988 (ce=0.0416, kd=0.1020, feat=1.5518) | val_acc=100.00% val_f1=1.0000 val_agree=100.00% | test_acc=79.49% test_agree=90.17%
Epoch 027 | train=0.3283 (ce=0.0508, kd=0.1248, feat=1.5268) | val_acc=100.00% val_f1=1.0000 val_agree=100.00% | test_acc=73.88% test_agree=87.36%
Epoch 028 | train=0.2808 (ce=0.0353, kd=0.0956, feat=1.4990) | val_acc=100.00% val_f1=1.0000 val_agree=100.00% | test_acc=76.97% test_agree=85.96%
Epoch 029 | train=0.2955 (ce=0.0431, kd=0.1045, feat=1.4787) | val_acc=99.43% val_f1=0.9943 val_agree=99.43% | test_acc=82.58% test_agree=89.33%
Early stopping at epoch 29 (best epoch 13, score=1.000000)
================================================================================
Best epoch: 13
Best score (val_macro_f1): 1.000000
Final test accuracy: 79.21%
Final test teacher agreement: 90.45%
Saved to: /home/huang_kai/wind_turbine_phm/PHOENIX-main/autoencoder_benchmark/ablation_experiments/h1/results/comparison_18d_baselines/teacher_student_reference/student_h1_strict_valf1_20260522/stage2/s2_s1_l1_o1_c7/distill_tcn_attn_weld_seam_windows_ws5_tf75_pg0_h1_ep80_lr0.00015_bs128_T2.5_lce1.0_lkd1.0_lf0.1_seed14
