================================================================================
Frozen-Teacher Distillation (13D Student)
================================================================================
Dataset: /home/huang_kai/wind_turbine_phm/PHOENIX-main/autoencoder_benchmark/Data/processed_data/weld_seam_windows_ws5_tf75_pg0_h1.npz
Teacher ckpt: /home/huang_kai/wind_turbine_phm/PHOENIX-main/autoencoder_benchmark/outputs/teacher_h1_forecast_95/runs/single_tcn_attn_weld_seam_windows_ws5_tf75_pg0_h1_ep80_lr0.0003_bs128_k3_l2_d0.1_lat64_wd0.0005_seed183/best_single_tcn.pth
Teacher run args: /home/huang_kai/wind_turbine_phm/PHOENIX-main/autoencoder_benchmark/outputs/teacher_h1_forecast_95/runs/single_tcn_attn_weld_seam_windows_ws5_tf75_pg0_h1_ep80_lr0.0003_bs128_k3_l2_d0.1_lat64_wd0.0005_seed183/run_args.json
Device: cuda
Train/Val/Test: 990 / 175 / 356
Input full/subset dims: 18 / 13
Dropped feature indices: [3, 4, 5, 6, 7]
Temperature: 2.0
Loss weights (ce/kd/feat): 0.9 / 1.1 / 0.0
Checkpoint metric: val_macro_f1
Class weights: [1.4732142686843872, 1.3807531595230103, 0.626185953617096]
Epoch 001 | train=3.0823 (ce=1.0745, kd=1.9230, feat=1.9720) | val_acc=86.86% val_f1=0.8279 val_agree=86.86% | test_acc=62.08% test_agree=71.35%
Epoch 002 | train=2.4691 (ce=0.8385, kd=1.5586, feat=2.0137) | val_acc=94.86% val_f1=0.9381 val_agree=94.86% | test_acc=64.04% test_agree=77.53%
Epoch 003 | train=1.8471 (ce=0.5999, kd=1.1883, feat=2.1060) | val_acc=97.14% val_f1=0.9690 val_agree=97.14% | test_acc=73.88% test_agree=83.99%
Epoch 004 | train=1.2798 (ce=0.4148, kd=0.8241, feat=2.2024) | val_acc=97.71% val_f1=0.9772 val_agree=97.71% | test_acc=81.46% test_agree=85.39%
Epoch 005 | train=0.8942 (ce=0.2821, kd=0.5821, feat=2.2462) | val_acc=98.86% val_f1=0.9886 val_agree=98.86% | test_acc=86.52% test_agree=89.89%
Epoch 006 | train=0.6040 (ce=0.1992, kd=0.3861, feat=2.2966) | val_acc=98.86% val_f1=0.9886 val_agree=98.86% | test_acc=86.80% test_agree=91.85%
Epoch 007 | train=0.4083 (ce=0.1296, kd=0.2652, feat=2.2973) | val_acc=98.86% val_f1=0.9886 val_agree=98.86% | test_acc=84.55% test_agree=91.29%
Epoch 008 | train=0.3067 (ce=0.0976, kd=0.1990, feat=2.3046) | val_acc=100.00% val_f1=1.0000 val_agree=100.00% | test_acc=80.90% test_agree=89.89%
Epoch 009 | train=0.1988 (ce=0.0610, kd=0.1308, feat=2.3218) | val_acc=99.43% val_f1=0.9943 val_agree=99.43% | test_acc=82.87% test_agree=89.04%
Epoch 010 | train=0.1698 (ce=0.0526, kd=0.1114, feat=2.3358) | val_acc=98.86% val_f1=0.9886 val_agree=98.86% | test_acc=80.34% test_agree=87.64%
Epoch 011 | train=0.1574 (ce=0.0491, kd=0.1030, feat=2.3340) | val_acc=98.86% val_f1=0.9886 val_agree=98.86% | test_acc=79.49% test_agree=89.04%
Epoch 012 | train=0.1400 (ce=0.0448, kd=0.0906, feat=2.3209) | val_acc=99.43% val_f1=0.9943 val_agree=99.43% | test_acc=78.09% test_agree=89.33%
Epoch 013 | train=0.1490 (ce=0.0452, kd=0.0985, feat=2.3226) | val_acc=100.00% val_f1=1.0000 val_agree=100.00% | test_acc=75.28% test_agree=88.76%
Epoch 014 | train=0.1310 (ce=0.0380, kd=0.0880, feat=2.3297) | val_acc=100.00% val_f1=1.0000 val_agree=100.00% | test_acc=78.09% test_agree=89.89%
Epoch 015 | train=0.1272 (ce=0.0380, kd=0.0846, feat=2.3380) | val_acc=98.86% val_f1=0.9886 val_agree=98.86% | test_acc=79.49% test_agree=89.04%
Epoch 016 | train=0.1402 (ce=0.0421, kd=0.0930, feat=2.3353) | val_acc=99.43% val_f1=0.9943 val_agree=99.43% | test_acc=82.87% test_agree=90.73%
Epoch 017 | train=0.1075 (ce=0.0330, kd=0.0707, feat=2.3283) | val_acc=100.00% val_f1=1.0000 val_agree=100.00% | test_acc=80.06% test_agree=89.04%
Epoch 018 | train=0.1187 (ce=0.0356, kd=0.0788, feat=2.3160) | val_acc=100.00% val_f1=1.0000 val_agree=100.00% | test_acc=75.28% test_agree=85.96%
Epoch 019 | train=0.1094 (ce=0.0326, kd=0.0728, feat=2.3134) | val_acc=100.00% val_f1=1.0000 val_agree=100.00% | test_acc=76.12% test_agree=87.92%
Epoch 020 | train=0.1065 (ce=0.0344, kd=0.0687, feat=2.3141) | val_acc=100.00% val_f1=1.0000 val_agree=100.00% | test_acc=77.25% test_agree=87.92%
Epoch 021 | train=0.1041 (ce=0.0310, kd=0.0693, feat=2.3193) | val_acc=100.00% val_f1=1.0000 val_agree=100.00% | test_acc=80.06% test_agree=89.61%
Epoch 022 | train=0.1137 (ce=0.0348, kd=0.0748, feat=2.3178) | val_acc=100.00% val_f1=1.0000 val_agree=100.00% | test_acc=82.02% test_agree=90.45%
Epoch 023 | train=0.1042 (ce=0.0318, kd=0.0687, feat=2.3218) | val_acc=100.00% val_f1=1.0000 val_agree=100.00% | test_acc=80.34% test_agree=89.89%
Epoch 024 | train=0.1135 (ce=0.0367, kd=0.0731, feat=2.3013) | val_acc=100.00% val_f1=1.0000 val_agree=100.00% | test_acc=74.72% test_agree=85.96%
Early stopping at epoch 24 (best epoch 8, score=1.000000)
================================================================================
Best epoch: 8
Best score (val_macro_f1): 1.000000
Final test accuracy: 80.90%
Final test teacher agreement: 89.89%
Saved to: /home/huang_kai/wind_turbine_phm/PHOENIX-main/autoencoder_benchmark/ablation_experiments/h1/results/comparison_18d_baselines/teacher_student_reference/student_h1_strict_valf1_20260522/stage2/s2_s1_l4_o3_c1/distill_tcn_attn_weld_seam_windows_ws5_tf75_pg0_h1_ep80_lr0.00025_bs128_T2.0_lce0.9_lkd1.1_lf0.0_seed14
