================================================================================
Frozen-Teacher Distillation (13D Student)
================================================================================
Dataset: /home/huang_kai/wind_turbine_phm/PHOENIX-main/autoencoder_benchmark/Data/processed_data/weld_seam_windows_ws5_tf75_pg0_h1.npz
Teacher ckpt: /home/huang_kai/wind_turbine_phm/PHOENIX-main/autoencoder_benchmark/outputs/teacher_h1_forecast_95/runs/single_tcn_attn_weld_seam_windows_ws5_tf75_pg0_h1_ep80_lr0.0003_bs128_k3_l2_d0.1_lat64_wd0.0005_seed183/best_single_tcn.pth
Teacher run args: /home/huang_kai/wind_turbine_phm/PHOENIX-main/autoencoder_benchmark/outputs/teacher_h1_forecast_95/runs/single_tcn_attn_weld_seam_windows_ws5_tf75_pg0_h1_ep80_lr0.0003_bs128_k3_l2_d0.1_lat64_wd0.0005_seed183/run_args.json
Device: cuda
Train/Val/Test: 990 / 175 / 356
Input full/subset dims: 18 / 13
Dropped feature indices: [3, 4, 5, 6, 7]
Temperature: 2.0
Loss weights (ce/kd/feat): 0.8 / 1.3 / 0.0
Checkpoint metric: val_macro_f1
Class weights: [1.4732142686843872, 1.3807531595230103, 0.626185953617096]
Epoch 001 | train=3.0973 (ce=0.9674, kd=1.7872, feat=1.9201) | val_acc=46.86% val_f1=0.4955 val_agree=46.86% | test_acc=36.80% test_agree=27.25%
Epoch 002 | train=2.0591 (ce=0.5897, kd=1.2210, feat=1.9375) | val_acc=85.14% val_f1=0.8450 val_agree=85.14% | test_acc=74.16% test_agree=69.66%
Epoch 003 | train=1.1981 (ce=0.3346, kd=0.7157, feat=1.9255) | val_acc=97.14% val_f1=0.9642 val_agree=97.14% | test_acc=87.08% test_agree=88.76%
Epoch 004 | train=0.6540 (ce=0.1866, kd=0.3882, feat=1.9192) | val_acc=98.86% val_f1=0.9886 val_agree=98.86% | test_acc=87.92% test_agree=91.29%
Epoch 005 | train=0.3387 (ce=0.1039, kd=0.1966, feat=1.9310) | val_acc=98.86% val_f1=0.9886 val_agree=98.86% | test_acc=88.48% test_agree=91.29%
Epoch 006 | train=0.2789 (ce=0.0937, kd=0.1569, feat=1.9341) | val_acc=98.86% val_f1=0.9886 val_agree=98.86% | test_acc=87.36% test_agree=91.85%
Epoch 007 | train=0.1799 (ce=0.0599, kd=0.1015, feat=1.9478) | val_acc=100.00% val_f1=1.0000 val_agree=100.00% | test_acc=80.06% test_agree=90.73%
Epoch 008 | train=0.1394 (ce=0.0456, kd=0.0792, feat=1.9171) | val_acc=100.00% val_f1=1.0000 val_agree=100.00% | test_acc=81.46% test_agree=90.45%
Epoch 009 | train=0.1173 (ce=0.0355, kd=0.0683, feat=1.9349) | val_acc=100.00% val_f1=1.0000 val_agree=100.00% | test_acc=82.30% test_agree=89.61%
Epoch 010 | train=0.1503 (ce=0.0461, kd=0.0873, feat=1.9296) | val_acc=100.00% val_f1=1.0000 val_agree=100.00% | test_acc=80.62% test_agree=89.04%
Epoch 011 | train=0.1044 (ce=0.0342, kd=0.0592, feat=1.9304) | val_acc=100.00% val_f1=1.0000 val_agree=100.00% | test_acc=77.53% test_agree=89.33%
Epoch 012 | train=0.1000 (ce=0.0321, kd=0.0572, feat=1.9301) | val_acc=100.00% val_f1=1.0000 val_agree=100.00% | test_acc=80.06% test_agree=89.04%
Epoch 013 | train=0.0965 (ce=0.0327, kd=0.0541, feat=1.9462) | val_acc=100.00% val_f1=1.0000 val_agree=100.00% | test_acc=79.49% test_agree=89.61%
Epoch 014 | train=0.0995 (ce=0.0317, kd=0.0570, feat=1.9300) | val_acc=100.00% val_f1=1.0000 val_agree=100.00% | test_acc=79.78% test_agree=88.76%
Epoch 015 | train=0.0832 (ce=0.0286, kd=0.0464, feat=1.9216) | val_acc=100.00% val_f1=1.0000 val_agree=100.00% | test_acc=80.06% test_agree=89.04%
Epoch 016 | train=0.0943 (ce=0.0336, kd=0.0518, feat=1.9105) | val_acc=100.00% val_f1=1.0000 val_agree=100.00% | test_acc=80.34% test_agree=88.20%
Epoch 017 | train=0.0790 (ce=0.0288, kd=0.0430, feat=1.9014) | val_acc=100.00% val_f1=1.0000 val_agree=100.00% | test_acc=78.93% test_agree=89.04%
Epoch 018 | train=0.0770 (ce=0.0274, kd=0.0424, feat=1.9119) | val_acc=100.00% val_f1=1.0000 val_agree=100.00% | test_acc=79.21% test_agree=88.76%
Epoch 019 | train=0.0786 (ce=0.0290, kd=0.0427, feat=1.9066) | val_acc=100.00% val_f1=1.0000 val_agree=100.00% | test_acc=79.49% test_agree=89.04%
Epoch 020 | train=0.0780 (ce=0.0269, kd=0.0435, feat=1.9069) | val_acc=100.00% val_f1=1.0000 val_agree=100.00% | test_acc=79.49% test_agree=88.48%
Epoch 021 | train=0.0863 (ce=0.0291, kd=0.0485, feat=1.9129) | val_acc=100.00% val_f1=1.0000 val_agree=100.00% | test_acc=80.06% test_agree=89.04%
Epoch 022 | train=0.0777 (ce=0.0291, kd=0.0419, feat=1.8837) | val_acc=100.00% val_f1=1.0000 val_agree=100.00% | test_acc=80.06% test_agree=89.61%
Epoch 023 | train=0.0785 (ce=0.0281, kd=0.0431, feat=1.8963) | val_acc=100.00% val_f1=1.0000 val_agree=100.00% | test_acc=75.28% test_agree=86.52%
Early stopping at epoch 23 (best epoch 7, score=1.000000)
================================================================================
Best epoch: 7
Best score (val_macro_f1): 1.000000
Final test accuracy: 80.06%
Final test teacher agreement: 90.73%
Saved to: /home/huang_kai/wind_turbine_phm/PHOENIX-main/autoencoder_benchmark/ablation_experiments/h1/results/comparison_18d_baselines/teacher_student_reference/student_h1_strict_valf1_20260522/stage4/stage4_s3_s2_s1_l4_o3_c6_r4/distill_tcn_attn_weld_seam_windows_ws5_tf75_pg0_h1_ep80_lr0.00025_bs128_T2.0_lce0.8_lkd1.3_lf0.0_seed183
