================================================================================
Frozen-Teacher Distillation (13D Student)
================================================================================
Dataset: /home/huang_kai/wind_turbine_phm/PHOENIX-main/autoencoder_benchmark/Data/processed_data/weld_seam_windows_ws5_tf75_pg0_h1.npz
Teacher ckpt: /home/huang_kai/wind_turbine_phm/PHOENIX-main/autoencoder_benchmark/outputs/teacher_h1_forecast_95/runs/single_tcn_attn_weld_seam_windows_ws5_tf75_pg0_h1_ep80_lr0.0003_bs128_k3_l2_d0.1_lat64_wd0.0005_seed183/best_single_tcn.pth
Teacher run args: /home/huang_kai/wind_turbine_phm/PHOENIX-main/autoencoder_benchmark/outputs/teacher_h1_forecast_95/runs/single_tcn_attn_weld_seam_windows_ws5_tf75_pg0_h1_ep80_lr0.0003_bs128_k3_l2_d0.1_lat64_wd0.0005_seed183/run_args.json
Device: cuda
Train/Val/Test: 990 / 175 / 356
Input full/subset dims: 18 / 13
Dropped feature indices: [3, 4, 5, 6, 7]
Temperature: 2.5
Loss weights (ce/kd/feat): 0.9 / 1.1 / 0.0
Checkpoint metric: val_macro_f1
Class weights: [1.4732142686843872, 1.3807531595230103, 0.626185953617096]
Epoch 001 | train=3.4366 (ce=1.1143, kd=2.2125, feat=1.9703) | val_acc=83.43% val_f1=0.7908 val_agree=83.43% | test_acc=60.39% test_agree=69.38%
Epoch 002 | train=2.8399 (ce=0.8945, kd=1.8498, feat=2.0039) | val_acc=93.14% val_f1=0.9135 val_agree=93.14% | test_acc=61.80% test_agree=75.28%
Epoch 003 | train=2.2142 (ce=0.6602, kd=1.4727, feat=2.0813) | val_acc=96.00% val_f1=0.9550 val_agree=96.00% | test_acc=70.22% test_agree=81.46%
Epoch 004 | train=1.6498 (ce=0.4883, kd=1.1003, feat=2.1712) | val_acc=97.14% val_f1=0.9713 val_agree=97.14% | test_acc=80.90% test_agree=85.96%
Epoch 005 | train=1.1878 (ce=0.3359, kd=0.8050, feat=2.2189) | val_acc=98.29% val_f1=0.9830 val_agree=98.29% | test_acc=83.15% test_agree=88.20%
Epoch 006 | train=0.8335 (ce=0.2443, kd=0.5578, feat=2.2808) | val_acc=98.29% val_f1=0.9830 val_agree=98.29% | test_acc=88.48% test_agree=90.17%
Epoch 007 | train=0.6045 (ce=0.1690, kd=0.4112, feat=2.2884) | val_acc=98.86% val_f1=0.9886 val_agree=98.86% | test_acc=86.80% test_agree=92.98%
Epoch 008 | train=0.4827 (ce=0.1324, kd=0.3304, feat=2.2982) | val_acc=98.86% val_f1=0.9886 val_agree=98.86% | test_acc=82.87% test_agree=91.85%
Epoch 009 | train=0.3255 (ce=0.0835, kd=0.2276, feat=2.3105) | val_acc=98.86% val_f1=0.9886 val_agree=98.86% | test_acc=82.30% test_agree=90.17%
Epoch 010 | train=0.2988 (ce=0.0753, kd=0.2100, feat=2.3218) | val_acc=99.43% val_f1=0.9943 val_agree=99.43% | test_acc=81.46% test_agree=90.45%
Epoch 011 | train=0.2626 (ce=0.0650, kd=0.1855, feat=2.3208) | val_acc=98.86% val_f1=0.9886 val_agree=98.86% | test_acc=79.21% test_agree=89.89%
Epoch 012 | train=0.2490 (ce=0.0611, kd=0.1763, feat=2.3060) | val_acc=98.86% val_f1=0.9886 val_agree=98.86% | test_acc=78.93% test_agree=89.04%
Epoch 013 | train=0.2350 (ce=0.0552, kd=0.1685, feat=2.3058) | val_acc=100.00% val_f1=1.0000 val_agree=100.00% | test_acc=75.84% test_agree=88.76%
Epoch 014 | train=0.2097 (ce=0.0461, kd=0.1529, feat=2.3096) | val_acc=98.86% val_f1=0.9886 val_agree=98.86% | test_acc=77.53% test_agree=89.89%
Epoch 015 | train=0.2283 (ce=0.0523, kd=0.1647, feat=2.3183) | val_acc=98.86% val_f1=0.9886 val_agree=98.86% | test_acc=80.06% test_agree=90.17%
Epoch 016 | train=0.2363 (ce=0.0567, kd=0.1684, feat=2.3110) | val_acc=98.86% val_f1=0.9886 val_agree=98.86% | test_acc=83.15% test_agree=91.01%
Epoch 017 | train=0.1912 (ce=0.0436, kd=0.1381, feat=2.2976) | val_acc=100.00% val_f1=1.0000 val_agree=100.00% | test_acc=80.62% test_agree=87.92%
Epoch 018 | train=0.2016 (ce=0.0482, kd=0.1438, feat=2.2837) | val_acc=100.00% val_f1=1.0000 val_agree=100.00% | test_acc=78.93% test_agree=88.48%
Epoch 019 | train=0.1806 (ce=0.0417, kd=0.1301, feat=2.2830) | val_acc=99.43% val_f1=0.9943 val_agree=99.43% | test_acc=79.21% test_agree=89.33%
Epoch 020 | train=0.1800 (ce=0.0438, kd=0.1279, feat=2.2912) | val_acc=99.43% val_f1=0.9943 val_agree=99.43% | test_acc=79.78% test_agree=89.89%
Epoch 021 | train=0.1729 (ce=0.0387, kd=0.1255, feat=2.2928) | val_acc=99.43% val_f1=0.9943 val_agree=99.43% | test_acc=81.18% test_agree=90.73%
Epoch 022 | train=0.1874 (ce=0.0436, kd=0.1347, feat=2.2876) | val_acc=99.43% val_f1=0.9943 val_agree=99.43% | test_acc=83.43% test_agree=90.17%
Epoch 023 | train=0.1743 (ce=0.0390, kd=0.1266, feat=2.2905) | val_acc=100.00% val_f1=1.0000 val_agree=100.00% | test_acc=81.74% test_agree=89.04%
Epoch 024 | train=0.1752 (ce=0.0434, kd=0.1237, feat=2.2730) | val_acc=100.00% val_f1=1.0000 val_agree=100.00% | test_acc=78.09% test_agree=88.20%
Epoch 025 | train=0.1863 (ce=0.0449, kd=0.1327, feat=2.2819) | val_acc=100.00% val_f1=1.0000 val_agree=100.00% | test_acc=79.78% test_agree=89.33%
Epoch 026 | train=0.1866 (ce=0.0478, kd=0.1306, feat=2.2732) | val_acc=100.00% val_f1=1.0000 val_agree=100.00% | test_acc=75.84% test_agree=88.20%
Epoch 027 | train=0.2128 (ce=0.0544, kd=0.1489, feat=2.2816) | val_acc=100.00% val_f1=1.0000 val_agree=100.00% | test_acc=73.31% test_agree=86.24%
Epoch 028 | train=0.1695 (ce=0.0372, kd=0.1237, feat=2.2874) | val_acc=98.86% val_f1=0.9886 val_agree=98.86% | test_acc=77.53% test_agree=86.52%
Epoch 029 | train=0.1933 (ce=0.0468, kd=0.1374, feat=2.2933) | val_acc=98.86% val_f1=0.9886 val_agree=98.86% | test_acc=81.74% test_agree=87.92%
Early stopping at epoch 29 (best epoch 13, score=1.000000)
================================================================================
Best epoch: 13
Best score (val_macro_f1): 1.000000
Final test accuracy: 75.84%
Final test teacher agreement: 88.76%
Saved to: /home/huang_kai/wind_turbine_phm/PHOENIX-main/autoencoder_benchmark/ablation_experiments/h1/results/comparison_18d_baselines/teacher_student_reference/student_h1_strict_valf1_20260522/stage3/s3_s2_s1_l4_o3_c0_r3/distill_tcn_attn_weld_seam_windows_ws5_tf75_pg0_h1_ep80_lr0.00025_bs128_T2.5_lce0.9_lkd1.1_lf0.0_seed14
